# Step   Epot       Ekin       Total      Temp   Pressure(GPa)  Volume(Å³)  
0.0      -439.837110 0.361928   -439.475182 350.00 0.200060       1728.0000   
200.0    -440.469805 0.432404   -440.037401 418.15 -0.030111      1728.0000   
400.0    -440.659819 0.646001   -440.013819 624.71 0.074889       1728.0000   
600.0    -440.365762 0.407920   -439.957843 394.48 0.056680       1728.0000   
800.0    -440.271622 0.222557   -440.049065 215.22 0.021161       1728.0000   
1000.0   -440.236647 0.585719   -439.650928 566.42 -0.118380      1728.0000   
1200.0   -440.279219 0.151397   -440.127822 146.41 -0.232826      1728.0000   
1400.0   -440.157394 0.428130   -439.729264 414.02 -0.088112      1728.0000   
1600.0   -440.385196 0.407097   -439.978099 393.68 0.241709       1728.0000   
1800.0   -440.370432 0.298496   -440.071936 288.66 0.041693       1728.0000   
2000.0   -440.349762 0.532598   -439.817164 515.05 0.081082       1728.0000   
2200.0   -440.458568 0.302076   -440.156492 292.12 -0.048445      1728.0000   
2400.0   -440.515031 0.502270   -440.012761 485.72 -0.211994      1728.0000   
2600.0   -440.448458 0.401822   -440.046637 388.58 0.104247       1728.0000   
2800.0   -440.385147 0.284361   -440.100786 274.99 -0.091925      1728.0000   
3000.0   -440.313851 0.272068   -440.041784 263.10 -0.197695      1728.0000   
3200.0   -440.382436 0.427790   -439.954646 413.69 -0.233582      1728.0000   
3400.0   -440.390409 0.364418   -440.025991 352.41 -0.187816      1728.0000   
3600.0   -440.328698 0.282870   -440.045828 273.55 0.063078       1728.0000   
3800.0   -440.452809 0.338147   -440.114662 327.00 0.044079       1728.0000   
4000.0   -440.358733 0.345981   -440.012751 334.58 -0.169169      1728.0000   
4200.0   -440.491458 0.232958   -440.258500 225.28 -0.189703      1728.0000   
4400.0   -440.419985 0.378282   -440.041703 365.81 0.263432       1728.0000   
4600.0   -440.625327 0.299057   -440.326270 289.20 -0.080800      1728.0000   
4800.0   -440.549043 0.232219   -440.316825 224.57 -0.133506      1728.0000   
5000.0   -440.438703 0.350297   -440.088406 338.75 0.143316       1728.0000   
# Step   Epot       Ekin       Total      Temp   Pressure(GPa)  Volume(Å³)  
0.0      -439.837110 0.361928   -439.475182 350.00 0.200060       1728.0000   
200.0    -440.432723 0.381559   -440.051164 368.98 -0.034750      1728.0000   
400.0    -440.291472 0.283973   -440.007499 274.61 0.148223       1728.0000   
600.0    -440.162682 0.133863   -440.028819 129.45 0.371259       1728.0000   
800.0    -440.379780 0.353066   -440.026714 341.43 0.055290       1728.0000   
1000.0   -440.173689 0.385708   -439.787981 373.00 0.201549       1728.0000   
1200.0   -440.353239 0.196176   -440.157063 189.71 0.213804       1728.0000   
1400.0   -440.163259 0.332049   -439.831210 321.11 -0.102629      1728.0000   
1600.0   -440.564862 0.512733   -440.052130 495.83 -0.134833      1728.0000   
1800.0   -440.537224 0.485500   -440.051724 469.50 0.007093       1728.0000   
2000.0   -440.464163 0.566221   -439.897942 547.56 0.025302       1728.0000   
2200.0   -440.606741 0.435308   -440.171433 420.96 0.140348       1728.0000   
2400.0   -440.560862 0.563568   -439.997294 544.99 0.064355       1728.0000   
2600.0   -440.396269 0.240214   -440.156055 232.30 -0.158332      1728.0000   
2800.0   -440.205968 0.173629   -440.032339 167.91 -0.278971      1728.0000   
3000.0   -440.266699 0.227737   -440.038961 220.23 -0.245327      1728.0000   
3200.0   -440.501055 0.112139   -440.388916 108.44 -0.024303      1728.0000   
3400.0   -440.512791 0.372963   -440.139828 360.67 -0.013581      1728.0000   
3600.0   -440.534099 0.626014   -439.908086 605.38 -0.066665      1728.0000   
3800.0   -440.568849 0.356749   -440.212101 344.99 -0.142518      1728.0000   
4000.0   -440.517497 0.493862   -440.023635 477.59 -0.043096      1728.0000   
4200.0   -440.366251 0.357298   -440.008953 345.52 0.085165       1728.0000   
4400.0   -440.447020 0.277083   -440.169937 267.95 0.058865       1728.0000   
4600.0   -440.493248 0.620451   -439.872797 600.00 -0.120775      1728.0000   
4800.0   -440.364219 0.288182   -440.076038 278.68 -0.055923      1728.0000   
5000.0   -440.252405 0.377661   -439.874744 365.21 -0.075215      1728.0000   
