# Step   Epot       Ekin       Total      Temp   Pressure(GPa)  Volume(Å³)  
0.0      -439.686704 0.310224   -439.376480 300.00 0.307815       1728.0000   
2.0      -439.952788 0.479279   -439.473510 463.48 0.254174       1728.0000   
4.0      -440.226722 0.793647   -439.433075 767.49 0.151707       1728.0000   
6.0      -440.284501 0.696144   -439.588357 673.20 0.123633       1728.0000   
8.0      -440.399909 0.804030   -439.595879 777.53 0.103598       1728.0000   
10.0     -440.329124 0.459113   -439.870011 443.98 -0.044109      1728.0000   
12.0     -440.247313 0.387413   -439.859900 374.64 -0.271702      1728.0000   
14.0     -440.367229 0.381363   -439.985866 368.79 -0.250787      1728.0000   
16.0     -440.471368 0.489853   -439.981515 473.71 -0.054929      1728.0000   
18.0     -440.423889 0.423349   -440.000540 409.40 0.079269       1728.0000   
20.0     -440.259379 0.250908   -440.008471 242.64 0.072092       1728.0000   
22.0     -440.388666 0.321879   -440.066788 311.27 -0.178464      1728.0000   
24.0     -440.277929 0.206422   -440.071507 199.62 -0.263301      1728.0000   
26.0     -440.363087 0.307546   -440.055541 297.41 -0.110364      1728.0000   
28.0     -440.422264 0.479300   -439.942965 463.50 0.015708       1728.0000   
30.0     -440.346177 0.313779   -440.032398 303.44 0.055275       1728.0000   
32.0     -440.436437 0.408218   -440.028218 394.76 -0.029130      1728.0000   
34.0     -440.349930 0.289690   -440.060240 280.14 -0.054927      1728.0000   
36.0     -440.267556 0.420947   -439.846609 407.07 -0.010528      1728.0000   
38.0     -440.330045 0.548855   -439.781190 530.77 0.017854       1728.0000   
40.0     -440.262949 0.458400   -439.804548 443.29 -0.004085      1728.0000   
42.0     -440.165670 0.323242   -439.842428 312.59 0.016716       1728.0000   
44.0     -440.280321 0.574607   -439.705714 555.67 0.108611       1728.0000   
46.0     -440.439793 0.711375   -439.728418 687.93 0.056857       1728.0000   
48.0     -440.366782 0.519572   -439.847210 502.45 -0.092708      1728.0000   
50.0     -440.355040 0.410291   -439.944749 396.77 -0.092305      1728.0000   
52.0     -440.312840 0.333202   -439.979638 322.22 -0.051291      1728.0000   
54.0     -440.343043 0.312294   -440.030749 302.00 0.034414       1728.0000   
56.0     -440.470455 0.478079   -439.992376 462.32 -0.029481      1728.0000   
58.0     -440.489484 0.481733   -440.007751 465.86 -0.098006      1728.0000   
60.0     -440.454974 0.451239   -440.003736 436.37 -0.040492      1728.0000   
62.0     -440.399975 0.438150   -439.961824 423.71 0.009714       1728.0000   
64.0     -440.151984 0.250954   -439.901029 242.68 0.013882       1728.0000   
66.0     -440.274094 0.333903   -439.940191 322.90 -0.017287      1728.0000   
68.0     -440.462280 0.429313   -440.032967 415.16 -0.034760      1728.0000   
70.0     -440.392756 0.435057   -439.957700 420.72 0.022226       1728.0000   
72.0     -440.467798 0.564888   -439.902910 546.27 -0.020852      1728.0000   
74.0     -440.221364 0.441591   -439.779773 427.04 -0.036686      1728.0000   
76.0     -440.068328 0.202763   -439.865564 196.08 -0.017828      1728.0000   
78.0     -440.215962 0.445822   -439.770140 431.13 0.058089       1728.0000   
80.0     -440.368901 0.411796   -439.957105 398.22 0.124215       1728.0000   
82.0     -440.372751 0.353486   -440.019265 341.84 0.197687       1728.0000   
84.0     -440.414657 0.373517   -440.041140 361.21 0.080150       1728.0000   
86.0     -440.272704 0.288572   -439.984132 279.06 -0.103329      1728.0000   
88.0     -440.268432 0.210952   -440.057481 204.00 -0.125317      1728.0000   
90.0     -440.434331 0.373782   -440.060549 361.46 0.048271       1728.0000   
92.0     -440.474237 0.357136   -440.117101 345.37 0.192302       1728.0000   
94.0     -440.337113 0.270414   -440.066699 261.50 0.110719       1728.0000   
96.0     -440.433068 0.381717   -440.051351 369.14 -0.065971      1728.0000   
98.0     -440.431400 0.292972   -440.138428 283.32 -0.114373      1728.0000   
100.0    -440.306501 0.306151   -440.000350 296.06 -0.038813      1728.0000   
102.0    -440.366453 0.300009   -440.066444 290.12 -0.022982      1728.0000   
104.0    -440.286419 0.301026   -439.985393 291.11 0.030745       1728.0000   
106.0    -440.411236 0.448489   -439.962747 433.71 0.005887       1728.0000   
108.0    -440.251030 0.376674   -439.874356 364.26 -0.061916      1728.0000   
110.0    -440.472259 0.519208   -439.953051 502.10 -0.105077      1728.0000   
112.0    -440.319872 0.594851   -439.725021 575.25 -0.015083      1728.0000   
114.0    -440.228451 0.347379   -439.881072 335.93 0.024745       1728.0000   
116.0    -440.334986 0.398830   -439.936156 385.69 -0.028738      1728.0000   
118.0    -440.245076 0.316042   -439.929034 305.63 0.036043       1728.0000   
120.0    -440.394284 0.423692   -439.970592 409.73 0.037581       1728.0000   
122.0    -440.342388 0.332202   -440.010186 321.25 -0.031138      1728.0000   
124.0    -440.373172 0.336964   -440.036208 325.86 -0.049025      1728.0000   
126.0    -440.456773 0.282205   -440.174568 272.90 -0.009475      1728.0000   
128.0    -440.455717 0.329123   -440.126594 318.28 0.088278       1728.0000   
130.0    -440.442801 0.413411   -440.029390 399.79 0.151177       1728.0000   
132.0    -440.429694 0.279032   -440.150662 269.84 0.153843       1728.0000   
134.0    -440.436314 0.191918   -440.244396 185.59 0.031147       1728.0000   
136.0    -440.424113 0.267382   -440.156730 258.57 -0.068750      1728.0000   
138.0    -440.422022 0.312990   -440.109032 302.68 -0.035632      1728.0000   
140.0    -440.489432 0.331382   -440.158050 320.46 0.031322       1728.0000   
142.0    -440.449224 0.194793   -440.254431 188.37 0.038796       1728.0000   
144.0    -440.562829 0.371904   -440.190925 359.65 -0.042853      1728.0000   
146.0    -440.487547 0.416205   -440.071343 402.49 -0.147407      1728.0000   
148.0    -440.449690 0.326227   -440.123463 315.48 -0.099206      1728.0000   
150.0    -440.369673 0.330071   -440.039602 319.19 0.022151       1728.0000   
152.0    -440.373403 0.268752   -440.104651 259.89 0.041295       1728.0000   
154.0    -440.464568 0.354691   -440.109877 343.00 -0.045184      1728.0000   
156.0    -440.415751 0.355547   -440.060204 343.83 -0.148743      1728.0000   
158.0    -440.535268 0.492503   -440.042765 476.27 -0.066018      1728.0000   
160.0    -440.403871 0.455474   -439.948397 440.46 0.048823       1728.0000   
162.0    -440.403351 0.449916   -439.953435 435.09 -0.006105      1728.0000   
164.0    -440.329720 0.347302   -439.982418 335.86 -0.048538      1728.0000   
166.0    -440.326868 0.475214   -439.851655 459.55 0.001782       1728.0000   
168.0    -440.260321 0.274920   -439.985401 265.86 -0.014329      1728.0000   
170.0    -440.266496 0.251024   -440.015473 242.75 -0.112234      1728.0000   
172.0    -440.270011 0.345369   -439.924641 333.99 -0.123294      1728.0000   
174.0    -440.380562 0.332221   -440.048340 321.27 -0.065485      1728.0000   
176.0    -440.509492 0.342425   -440.167066 331.14 0.078202       1728.0000   
178.0    -440.384765 0.214529   -440.170236 207.46 0.137285       1728.0000   
180.0    -440.566599 0.326968   -440.239631 316.19 0.016846       1728.0000   
182.0    -440.479448 0.236459   -440.242989 228.67 -0.022016      1728.0000   
184.0    -440.452283 0.213494   -440.238789 206.46 -0.094653      1728.0000   
186.0    -440.498440 0.397964   -440.100476 384.85 -0.096652      1728.0000   
188.0    -440.358815 0.258970   -440.099846 250.43 -0.083355      1728.0000   
190.0    -440.419153 0.414787   -440.004367 401.12 -0.130478      1728.0000   
192.0    -440.435405 0.476400   -439.959004 460.70 -0.130211      1728.0000   
194.0    -440.312112 0.338249   -439.973863 327.10 -0.046236      1728.0000   
196.0    -440.378770 0.592368   -439.786401 572.85 -0.086350      1728.0000   
198.0    -440.298906 0.470887   -439.828020 455.37 -0.124785      1728.0000   
200.0    -440.008238 0.320262   -439.687976 309.71 -0.104468      1728.0000   
202.0    -440.296120 0.423640   -439.872479 409.68 -0.015531      1728.0000   
204.0    -440.293303 0.396070   -439.897233 383.02 0.083761       1728.0000   
206.0    -440.213108 0.226494   -439.986614 219.03 0.050404       1728.0000   
208.0    -440.348461 0.388769   -439.959692 375.96 -0.065866      1728.0000   
210.0    -440.382885 0.605757   -439.777128 585.79 0.030076       1728.0000   
212.0    -440.255409 0.474541   -439.780867 458.90 0.165452       1728.0000   
214.0    -440.267090 0.317507   -439.949583 307.04 0.066812       1728.0000   
216.0    -440.383895 0.365859   -440.018036 353.80 -0.112545      1728.0000   
218.0    -440.505322 0.298145   -440.207177 288.32 -0.106958      1728.0000   
220.0    -440.602917 0.395251   -440.207666 382.22 0.057193       1728.0000   
222.0    -440.557904 0.277231   -440.280673 268.09 0.160620       1728.0000   
224.0    -440.471736 0.218817   -440.252919 211.61 0.102992       1728.0000   
226.0    -440.476069 0.322199   -440.153870 311.58 -0.044460      1728.0000   
228.0    -440.443205 0.235711   -440.207494 227.94 -0.101037      1728.0000   
230.0    -440.485987 0.289513   -440.196474 279.97 0.058870       1728.0000   
232.0    -440.479866 0.336952   -440.142914 325.85 0.207054       1728.0000   
234.0    -440.495755 0.355896   -440.139860 344.17 0.136523       1728.0000   
236.0    -440.506603 0.378874   -440.127729 366.39 -0.105007      1728.0000   
238.0    -440.285296 0.213486   -440.071810 206.45 -0.119549      1728.0000   
240.0    -440.312889 0.257988   -440.054901 249.49 0.003817       1728.0000   
242.0    -440.510057 0.429187   -440.080870 415.04 0.114760       1728.0000   
244.0    -440.515865 0.265878   -440.249987 257.12 0.154025       1728.0000   
246.0    -440.497830 0.306591   -440.191239 296.49 -0.025551      1728.0000   
248.0    -440.509873 0.294957   -440.214915 285.24 -0.129064      1728.0000   
250.0    -440.555343 0.327232   -440.228111 316.45 -0.028368      1728.0000   
252.0    -440.490873 0.273760   -440.217113 264.74 0.097759       1728.0000   
254.0    -440.610007 0.279442   -440.330565 270.23 -0.001459      1728.0000   
256.0    -440.540074 0.216212   -440.323862 209.09 -0.130493      1728.0000   
258.0    -440.509443 0.223838   -440.285605 216.46 -0.226049      1728.0000   
260.0    -440.505448 0.225363   -440.280085 217.94 -0.150248      1728.0000   
262.0    -440.502130 0.249881   -440.252249 241.65 0.051625       1728.0000   
264.0    -440.634855 0.375120   -440.259735 362.76 0.077873       1728.0000   
266.0    -440.534417 0.206019   -440.328398 199.23 0.005283       1728.0000   
268.0    -440.514633 0.200461   -440.314172 193.85 -0.044630      1728.0000   
270.0    -440.536126 0.297551   -440.238575 287.74 -0.015075      1728.0000   
272.0    -440.412413 0.259959   -440.152454 251.39 0.070696       1728.0000   
274.0    -440.595227 0.374809   -440.220417 362.46 -0.063621      1728.0000   
276.0    -440.576812 0.381165   -440.195647 368.60 -0.059791      1728.0000   
278.0    -440.440204 0.284808   -440.155396 275.42 -0.028891      1728.0000   
280.0    -440.574451 0.355410   -440.219042 343.70 -0.005599      1728.0000   
282.0    -440.533276 0.261901   -440.271375 253.27 0.008606       1728.0000   
284.0    -440.557043 0.234305   -440.322738 226.58 0.000693       1728.0000   
286.0    -440.533303 0.277666   -440.255638 268.51 -0.011294      1728.0000   
288.0    -440.475936 0.145895   -440.330041 141.09 -0.079404      1728.0000   
290.0    -440.484773 0.192590   -440.292183 186.24 -0.117888      1728.0000   
292.0    -440.393908 0.204763   -440.189145 198.02 -0.004008      1728.0000   
294.0    -440.539583 0.393626   -440.145957 380.65 -0.005156      1728.0000   
296.0    -440.478519 0.276018   -440.202500 266.92 -0.073333      1728.0000   
298.0    -440.454798 0.222164   -440.232635 214.84 -0.194196      1728.0000   
300.0    -440.428648 0.247412   -440.181236 239.26 -0.105870      1728.0000   
302.0    -440.466906 0.445047   -440.021859 430.38 0.041954       1728.0000   
304.0    -440.515346 0.433923   -440.081423 419.62 0.031708       1728.0000   
306.0    -440.534117 0.524021   -440.010097 506.75 -0.060805      1728.0000   
308.0    -440.605323 0.720687   -439.884636 696.94 -0.104788      1728.0000   
310.0    -440.405507 0.441705   -439.963802 427.15 0.047192       1728.0000   
312.0    -440.388015 0.309740   -440.078274 299.53 0.039313       1728.0000   
314.0    -440.375945 0.254230   -440.121715 245.85 0.029756       1728.0000   
316.0    -440.401223 0.232667   -440.168556 225.00 0.048837       1728.0000   
318.0    -440.436497 0.311076   -440.125422 300.82 0.087217       1728.0000   
320.0    -440.391433 0.363541   -440.027892 351.56 0.060061       1728.0000   
322.0    -440.423691 0.298576   -440.125115 288.74 -0.097338      1728.0000   
324.0    -440.440625 0.294002   -440.146623 284.31 -0.168612      1728.0000   
326.0    -440.500360 0.346025   -440.154335 334.62 -0.104698      1728.0000   
328.0    -440.573262 0.348269   -440.224993 336.79 0.032639       1728.0000   
330.0    -440.457642 0.254584   -440.203059 246.19 -0.014264      1728.0000   
332.0    -440.479389 0.261686   -440.217703 253.06 -0.114347      1728.0000   
334.0    -440.522109 0.262993   -440.259116 254.33 -0.086371      1728.0000   
336.0    -440.435702 0.316658   -440.119044 306.22 -0.051782      1728.0000   
338.0    -440.356417 0.257784   -440.098633 249.29 -0.006891      1728.0000   
340.0    -440.403056 0.293400   -440.109656 283.73 -0.037211      1728.0000   
342.0    -440.455470 0.314841   -440.140628 304.47 -0.115600      1728.0000   
344.0    -440.506987 0.373995   -440.132993 361.67 -0.049562      1728.0000   
346.0    -440.543367 0.372441   -440.170926 360.17 0.070114       1728.0000   
348.0    -440.523997 0.239599   -440.284398 231.70 0.159540       1728.0000   
350.0    -440.483166 0.218898   -440.264268 211.68 0.107408       1728.0000   
352.0    -440.478360 0.270825   -440.207535 261.90 -0.087858      1728.0000   
354.0    -440.377392 0.173308   -440.204084 167.60 -0.140155      1728.0000   
356.0    -440.498323 0.285859   -440.212464 276.44 -0.018738      1728.0000   
358.0    -440.495449 0.324693   -440.170756 313.99 0.091785       1728.0000   
360.0    -440.543505 0.312043   -440.231462 301.76 0.072424       1728.0000   
362.0    -440.473667 0.259854   -440.213812 251.29 -0.052687      1728.0000   
364.0    -440.426099 0.286113   -440.139986 276.68 -0.062192      1728.0000   
366.0    -440.449198 0.400486   -440.048711 387.29 0.051590       1728.0000   
368.0    -440.241109 0.457339   -439.783770 442.27 0.180923       1728.0000   
370.0    -440.417580 0.483240   -439.934340 467.31 0.020314       1728.0000   
372.0    -440.378142 0.270804   -440.107339 261.88 -0.117071      1728.0000   
374.0    -440.365981 0.482343   -439.883638 466.45 -0.041397      1728.0000   
376.0    -440.496942 0.481351   -440.015590 465.49 0.013339       1728.0000   
378.0    -440.303213 0.293814   -440.009399 284.13 -0.032313      1728.0000   
380.0    -440.358219 0.250276   -440.107943 242.03 -0.119990      1728.0000   
382.0    -440.431647 0.401554   -440.030093 388.32 -0.113468      1728.0000   
384.0    -440.330841 0.338695   -439.992146 327.53 0.040189       1728.0000   
386.0    -440.389031 0.520415   -439.868617 503.26 0.074326       1728.0000   
388.0    -440.384621 0.308790   -440.075831 298.61 -0.056063      1728.0000   
390.0    -440.534917 0.331858   -440.203059 320.92 -0.108413      1728.0000   
392.0    -440.397269 0.116624   -440.280645 112.78 -0.012112      1728.0000   
394.0    -440.549459 0.333545   -440.215914 322.55 -0.014947      1728.0000   
396.0    -440.391712 0.169399   -440.222314 163.82 0.006183       1728.0000   
398.0    -440.420750 0.361478   -440.059272 349.56 0.014654       1728.0000   
400.0    -440.450459 0.314787   -440.135672 304.41 0.033519       1728.0000   
402.0    -440.463806 0.387498   -440.076307 374.73 0.028696       1728.0000   
404.0    -440.383922 0.358778   -440.025145 346.95 -0.030708      1728.0000   
406.0    -440.477732 0.405506   -440.072226 392.14 -0.022389      1728.0000   
408.0    -440.474050 0.476300   -439.997749 460.60 0.025331       1728.0000   
410.0    -440.352626 0.248079   -440.104547 239.90 0.048222       1728.0000   
412.0    -440.443481 0.310804   -440.132677 300.56 -0.008541      1728.0000   
414.0    -440.384294 0.187131   -440.197163 180.96 -0.009554      1728.0000   
416.0    -440.451162 0.314696   -440.136467 304.32 0.034575       1728.0000   
418.0    -440.215799 0.304284   -439.911515 294.26 0.063476       1728.0000   
420.0    -440.369519 0.367767   -440.001751 355.65 -0.108181      1728.0000   
422.0    -440.461740 0.449046   -440.012694 434.25 -0.147236      1728.0000   
424.0    -440.573421 0.429102   -440.144318 414.96 -0.037658      1728.0000   
426.0    -440.526504 0.343181   -440.183323 331.87 0.048869       1728.0000   
428.0    -440.357602 0.284782   -440.072820 275.40 -0.012037      1728.0000   
430.0    -440.309411 0.198374   -440.111037 191.84 -0.093876      1728.0000   
432.0    -440.486020 0.395644   -440.090376 382.61 -0.132745      1728.0000   
434.0    -440.487556 0.280599   -440.206958 271.35 0.003657       1728.0000   
436.0    -440.437737 0.308795   -440.128942 298.62 0.056023       1728.0000   
438.0    -440.589656 0.445507   -440.144149 430.82 0.052561       1728.0000   
440.0    -440.503547 0.326555   -440.176991 315.79 0.110224       1728.0000   
442.0    -440.426254 0.272361   -440.153893 263.38 0.057002       1728.0000   
444.0    -440.491137 0.328074   -440.163062 317.26 -0.024720      1728.0000   
446.0    -440.442862 0.280813   -440.162049 271.56 -0.039012      1728.0000   
448.0    -440.456746 0.306271   -440.150475 296.18 0.005810       1728.0000   
450.0    -440.479332 0.450233   -440.029099 435.40 0.111753       1728.0000   
452.0    -440.326859 0.320820   -440.006039 310.25 0.205605       1728.0000   
454.0    -440.467276 0.505612   -439.961664 488.95 0.024914       1728.0000   
456.0    -440.307133 0.217770   -440.089363 210.59 -0.093094      1728.0000   
458.0    -440.374344 0.258540   -440.115804 250.02 -0.003823      1728.0000   
460.0    -440.537127 0.647298   -439.889829 625.97 0.161298       1728.0000   
462.0    -440.425513 0.340575   -440.084939 329.35 0.099906       1728.0000   
464.0    -440.453789 0.423430   -440.030360 409.47 -0.107689      1728.0000   
466.0    -440.373733 0.252280   -440.121452 243.97 -0.050701      1728.0000   
468.0    -440.361051 0.335973   -440.025078 324.90 0.125084       1728.0000   
470.0    -440.214673 0.175042   -440.039631 169.27 0.124775       1728.0000   
472.0    -440.379086 0.351335   -440.027751 339.76 -0.037859      1728.0000   
474.0    -440.266714 0.306392   -439.960322 296.29 -0.014864      1728.0000   
476.0    -440.442431 0.367534   -440.074897 355.42 0.004262       1728.0000   
478.0    -440.404403 0.444121   -439.960282 429.48 0.081730       1728.0000   
480.0    -440.396843 0.501471   -439.895372 484.94 -0.007759      1728.0000   
482.0    -440.303971 0.297929   -440.006042 288.11 -0.142741      1728.0000   
484.0    -440.497440 0.398451   -440.098989 385.32 -0.200075      1728.0000   
486.0    -440.352127 0.405272   -439.946856 391.92 -0.033293      1728.0000   
488.0    -440.471958 0.542252   -439.929705 524.38 0.078900       1728.0000   
490.0    -440.467439 0.468633   -439.998807 453.19 0.035707       1728.0000   
492.0    -440.219743 0.292886   -439.926857 283.23 -0.133943      1728.0000   
494.0    -440.418569 0.511228   -439.907341 494.38 -0.202694      1728.0000   
496.0    -440.239130 0.369638   -439.869492 357.46 0.054552       1728.0000   
498.0    -440.432097 0.513743   -439.918354 496.81 0.045754       1728.0000   
500.0    -440.536106 0.406677   -440.129429 393.27 -0.125016      1728.0000   
