# Step   Epot       Ekin       Total      Temp  
0.0      -194.706314 0.000000   -194.706314 0.00  
20.0     -194.910134 0.198710   -194.711423 192.16
40.0     -194.881728 0.169128   -194.712600 163.55
60.0     -194.870734 0.157460   -194.713274 152.27
80.0     -194.958361 0.245392   -194.712969 237.30
100.0    -194.755267 0.047985   -194.707282 46.40 
120.0    -194.880973 0.171044   -194.709929 165.41
140.0    -194.911422 0.199555   -194.711867 192.98
160.0    -194.888149 0.174054   -194.714096 168.32
180.0    -194.947246 0.232926   -194.714320 225.25
200.0    -194.790335 0.082365   -194.707971 79.65 
220.0    -194.830378 0.122900   -194.707478 118.85
240.0    -194.843649 0.134043   -194.709606 129.63
260.0    -194.925111 0.210154   -194.714957 203.23
280.0    -194.953921 0.238943   -194.714978 231.07
300.0    -194.803188 0.094534   -194.708654 91.42 
320.0    -194.896857 0.189259   -194.707598 183.02
340.0    -194.846293 0.137047   -194.709246 132.53
360.0    -194.923687 0.208554   -194.715133 201.68
380.0    -195.035742 0.320407   -194.715335 309.85
400.0    -194.824213 0.115220   -194.708993 111.42
420.0    -194.901648 0.194206   -194.707442 187.81
440.0    -194.918521 0.210045   -194.708476 203.12
460.0    -194.937819 0.225841   -194.711978 218.40
480.0    -195.104148 0.391205   -194.712944 378.31
500.0    -195.570632 0.856988   -194.713644 828.74
520.0    -195.242148 0.531136   -194.711012 513.63
540.0    -195.353654 0.638938   -194.714716 617.88
560.0    -195.089579 0.374736   -194.714843 362.39
580.0    -195.046181 0.333160   -194.713021 322.18
600.0    -195.381026 0.668986   -194.712040 646.94
620.0    -195.147557 0.437553   -194.710004 423.13
640.0    -195.558086 0.839705   -194.718381 812.03
660.0    -195.048551 0.335961   -194.712590 324.89
680.0    -195.014602 0.300656   -194.713946 290.75
700.0    -194.873506 0.165857   -194.707649 160.39
720.0    -194.904684 0.199867   -194.704817 193.28
740.0    -194.879621 0.171934   -194.707687 166.27
760.0    -195.070306 0.356109   -194.714197 344.37
780.0    -195.472153 0.758525   -194.713628 733.53
800.0    -195.259424 0.546058   -194.713366 528.06
820.0    -195.312863 0.602844   -194.710019 582.98
840.0    -194.957428 0.243712   -194.713717 235.68
860.0    -195.034491 0.321294   -194.713197 310.71
880.0    -195.616615 0.895784   -194.720831 866.26
900.0    -195.557666 0.841989   -194.715677 814.24
920.0    -195.088249 0.379057   -194.709192 366.56
940.0    -195.002101 0.290922   -194.711178 281.33
960.0    -195.148789 0.434428   -194.714361 420.11
980.0    -195.700854 0.988283   -194.712570 955.71
1000.0   -195.415385 0.703353   -194.712032 680.17
1020.0   -195.091005 0.377925   -194.713080 365.47
1040.0   -195.060120 0.344480   -194.715640 333.13
1060.0   -194.991943 0.278610   -194.713333 269.43
1080.0   -194.934112 0.226018   -194.708093 218.57
1100.0   -194.945753 0.237285   -194.708468 229.47
1120.0   -194.866495 0.155217   -194.711278 150.10
1140.0   -195.010459 0.294381   -194.716078 284.68
1160.0   -194.934483 0.221039   -194.713443 213.75
1180.0   -194.932741 0.222318   -194.710423 214.99
1200.0   -194.865903 0.157368   -194.708535 152.18
1220.0   -194.984534 0.275281   -194.709253 266.21
1240.0   -195.571269 0.854652   -194.716617 826.49
1260.0   -195.159162 0.449555   -194.709608 434.74
1280.0   -195.335078 0.623345   -194.711732 602.80
1300.0   -194.939730 0.231408   -194.708322 223.78
1320.0   -195.688998 0.975937   -194.713061 943.77
1340.0   -195.480661 0.766525   -194.714137 741.26
1360.0   -195.126504 0.414908   -194.711596 401.23
1380.0   -195.153543 0.446160   -194.707383 431.46
1400.0   -195.335998 0.623613   -194.712385 603.06
1420.0   -195.433628 0.722021   -194.711608 698.23
1440.0   -195.341870 0.629946   -194.711923 609.19
1460.0   -195.557379 0.846907   -194.710472 819.00
1480.0   -195.477752 0.765244   -194.712508 740.02
1500.0   -195.067609 0.359820   -194.707789 347.96
1520.0   -195.226004 0.514660   -194.711344 497.70
1540.0   -195.316979 0.608805   -194.708173 588.74
1560.0   -195.834129 1.115682   -194.718447 1078.91
1580.0   -195.126126 0.416482   -194.709644 402.76
1600.0   -195.484220 0.766437   -194.717783 741.18
1620.0   -195.155406 0.445233   -194.710173 430.56
1640.0   -195.610505 0.893593   -194.716912 864.14
1660.0   -195.259918 0.550175   -194.709743 532.04
1680.0   -195.579329 0.865448   -194.713880 836.93
1700.0   -195.299561 0.589789   -194.709772 570.35
1720.0   -195.204495 0.490279   -194.714216 474.12
1740.0   -195.500436 0.783696   -194.716741 757.87
1760.0   -195.270305 0.558452   -194.711852 540.05
1780.0   -195.175397 0.466706   -194.708692 451.32
1800.0   -195.245043 0.531587   -194.713456 514.07
1820.0   -195.563589 0.845613   -194.717975 817.74
1840.0   -195.331631 0.620015   -194.711615 599.58
1860.0   -195.102692 0.385454   -194.717238 372.75
1880.0   -195.201220 0.488200   -194.713020 472.11
1900.0   -195.141143 0.429131   -194.712013 414.99
1920.0   -195.345241 0.631086   -194.714156 610.29
1940.0   -195.170412 0.457090   -194.713322 442.03
1960.0   -195.495490 0.781437   -194.714054 755.68
1980.0   -195.349431 0.638244   -194.711187 617.21
2000.0   -195.282846 0.567652   -194.715194 548.94
2020.0   -195.529534 0.809095   -194.720439 782.43
2040.0   -195.410663 0.694087   -194.716575 671.21
2060.0   -195.445457 0.733648   -194.711809 709.47
2080.0   -195.248131 0.539733   -194.708397 521.95
2100.0   -195.428509 0.714020   -194.714489 690.49
2120.0   -195.214677 0.499479   -194.715197 483.02
2140.0   -195.455755 0.732589   -194.723165 708.45
2160.0   -195.084707 0.375205   -194.709502 362.84
2180.0   -195.444284 0.729688   -194.714595 705.64
2200.0   -195.372598 0.663228   -194.709371 641.37
2220.0   -195.257684 0.542632   -194.715052 524.75
2240.0   -195.191003 0.479415   -194.711589 463.61
2260.0   -195.329303 0.610958   -194.718346 590.82
2280.0   -195.419525 0.706880   -194.712646 683.58
2300.0   -195.338232 0.622927   -194.715305 602.40
2320.0   -195.483909 0.767667   -194.716242 742.37
2340.0   -195.726952 1.003849   -194.723103 970.77
2360.0   -195.308112 0.595919   -194.712193 576.28
2380.0   -195.560827 0.842655   -194.718172 814.88
2400.0   -195.341315 0.624883   -194.716433 604.29
2420.0   -195.360840 0.643998   -194.716842 622.77
2440.0   -195.212521 0.497690   -194.714830 481.29
2460.0   -195.343910 0.635798   -194.708112 614.84
2480.0   -195.259267 0.554518   -194.704749 536.24
2500.0   -194.988369 0.279529   -194.708840 270.32
2520.0   -195.088739 0.377996   -194.710743 365.54
2540.0   -195.380391 0.665340   -194.715052 643.41
2560.0   -195.717965 0.999368   -194.718596 966.43
2580.0   -195.059972 0.351291   -194.708681 339.71
2600.0   -195.349595 0.640350   -194.709245 619.25
2620.0   -195.625299 0.909349   -194.715950 879.38
2640.0   -195.285276 0.575526   -194.709750 556.56
2660.0   -195.149227 0.438514   -194.710713 424.06
2680.0   -195.381085 0.669682   -194.711403 647.61
2700.0   -195.486731 0.772254   -194.714477 746.80
2720.0   -195.208163 0.495543   -194.712620 479.21
2740.0   -195.212969 0.501910   -194.711059 485.37
2760.0   -195.279079 0.567003   -194.712076 548.32
2780.0   -195.563997 0.850907   -194.713090 822.86
2800.0   -195.089439 0.376485   -194.712954 364.08
2820.0   -195.407063 0.691646   -194.715417 668.85
2840.0   -195.599036 0.882185   -194.716851 853.11
2860.0   -195.455675 0.738692   -194.716983 714.35
2880.0   -195.384080 0.670447   -194.713633 648.35
2900.0   -195.360993 0.645641   -194.715352 624.36
2920.0   -195.403040 0.689924   -194.713116 667.19
2940.0   -195.451436 0.733859   -194.717577 709.67
2960.0   -195.589726 0.877863   -194.711863 848.93
2980.0   -195.528618 0.821301   -194.707318 794.23
3000.0   -195.153482 0.444830   -194.708652 430.17
3020.0   -195.466815 0.756231   -194.710583 731.31
3040.0   -195.448755 0.734709   -194.714046 710.50
3060.0   -195.378304 0.666160   -194.712144 644.21
3080.0   -195.276496 0.567688   -194.708808 548.98
3100.0   -195.341674 0.629709   -194.711966 608.96
3120.0   -195.496333 0.780401   -194.715933 754.68
3140.0   -195.541778 0.824213   -194.717564 797.05
3160.0   -195.432620 0.720581   -194.712040 696.83
3180.0   -195.303241 0.593411   -194.709829 573.85
3200.0   -195.539381 0.824181   -194.715200 797.02
3220.0   -195.303212 0.590101   -194.713110 570.65
3240.0   -195.367727 0.650532   -194.717195 629.09
3260.0   -195.402423 0.688733   -194.713690 666.03
3280.0   -195.472294 0.756001   -194.716293 731.09
3300.0   -195.204326 0.494770   -194.709556 478.46
3320.0   -195.152820 0.442786   -194.710034 428.19
3340.0   -195.378992 0.665290   -194.713703 643.36
3360.0   -195.410683 0.697060   -194.713623 674.09
3380.0   -195.443791 0.729215   -194.714576 705.18
3400.0   -195.460508 0.750789   -194.709719 726.05
3420.0   -195.274705 0.565644   -194.709061 547.00
3440.0   -195.396584 0.684998   -194.711586 662.42
3460.0   -195.650524 0.932221   -194.718303 901.50
3480.0   -195.104369 0.394377   -194.709992 381.38
3500.0   -195.150827 0.440983   -194.709844 426.45
3520.0   -195.447888 0.737136   -194.710752 712.84
3540.0   -195.449584 0.737267   -194.712316 712.97
3560.0   -195.165053 0.455991   -194.709062 440.96
3580.0   -195.116925 0.410551   -194.706374 397.02
3600.0   -195.450835 0.739630   -194.711204 715.25
3620.0   -195.495835 0.781682   -194.714153 755.92
3640.0   -195.189841 0.478725   -194.711116 462.95
3660.0   -195.484185 0.764404   -194.719781 739.21
3680.0   -195.643850 0.923138   -194.720712 892.72
3700.0   -195.438898 0.724150   -194.714749 700.28
3720.0   -195.288015 0.579103   -194.708912 560.02
3740.0   -195.637950 0.928508   -194.709442 897.91
3760.0   -195.264381 0.554210   -194.710171 535.95
3780.0   -195.190819 0.480938   -194.709880 465.09
3800.0   -195.566513 0.847636   -194.718877 819.70
3820.0   -195.479077 0.762001   -194.717076 736.89
3840.0   -195.372161 0.658343   -194.713818 636.65
3860.0   -195.215026 0.504350   -194.710676 487.73
3880.0   -195.445678 0.730233   -194.715445 706.17
3900.0   -195.228300 0.515713   -194.712587 498.72
3920.0   -195.174222 0.460054   -194.714168 444.89
3940.0   -195.276781 0.557833   -194.718948 539.45
3960.0   -195.403220 0.683135   -194.720086 660.62
3980.0   -195.362259 0.650095   -194.712163 628.67
4000.0   -195.309645 0.593365   -194.716281 573.81
4020.0   -195.465753 0.748500   -194.717254 723.83
4040.0   -195.425544 0.711919   -194.713625 688.46
4060.0   -195.154561 0.444157   -194.710404 429.52
4080.0   -195.364746 0.654527   -194.710219 632.96
4100.0   -195.536928 0.818072   -194.718856 791.11
4120.0   -195.278862 0.566912   -194.711950 548.23
4140.0   -195.306912 0.597213   -194.709699 577.53
4160.0   -195.405461 0.693890   -194.711571 671.02
4180.0   -195.653490 0.936157   -194.717333 905.30
4200.0   -195.362896 0.649235   -194.713660 627.84
4220.0   -195.255811 0.544335   -194.711476 526.40
4240.0   -195.506711 0.789477   -194.717234 763.46
4260.0   -195.486990 0.769733   -194.717257 744.37
4280.0   -195.136098 0.417595   -194.718503 403.83
4300.0   -195.300539 0.592059   -194.708481 572.55
4320.0   -195.272971 0.566870   -194.706101 548.19
4340.0   -195.123755 0.416501   -194.707254 402.77
4360.0   -195.229693 0.520859   -194.708834 503.69
4380.0   -195.395733 0.678431   -194.717301 656.07
4400.0   -195.565478 0.846282   -194.719196 818.39
4420.0   -195.325846 0.610732   -194.715114 590.60
4440.0   -195.663668 0.944203   -194.719465 913.09
4460.0   -195.666466 0.946344   -194.720121 915.16
4480.0   -195.305123 0.585730   -194.719393 566.43
4500.0   -195.539068 0.821879   -194.717189 794.79
4520.0   -195.494413 0.780843   -194.713570 755.11
4540.0   -195.144354 0.434390   -194.709964 420.07
4560.0   -195.143892 0.435323   -194.708569 420.98
4580.0   -195.248319 0.537601   -194.710717 519.88
4600.0   -195.213449 0.500880   -194.712569 484.37
4620.0   -195.152528 0.440633   -194.711895 426.11
4640.0   -195.307610 0.599115   -194.708495 579.37
4660.0   -195.434608 0.721343   -194.713265 697.57
4680.0   -195.195209 0.479699   -194.715510 463.89
4700.0   -195.557647 0.840932   -194.716715 813.22
4720.0   -195.468597 0.754196   -194.714400 729.34
4740.0   -195.504147 0.787783   -194.716364 761.82
4760.0   -195.415591 0.705285   -194.710306 682.04
4780.0   -195.453044 0.740136   -194.712907 715.74
4800.0   -195.298149 0.586337   -194.711812 567.01
4820.0   -195.373756 0.656826   -194.716930 635.18
4840.0   -195.224421 0.509197   -194.715224 492.42
4860.0   -195.373957 0.661240   -194.712717 639.45
4880.0   -195.080727 0.375104   -194.705623 362.74
4900.0   -195.365910 0.656728   -194.709182 635.08
4920.0   -195.470093 0.753328   -194.716765 728.50
4940.0   -195.327818 0.601365   -194.726453 581.55
4960.0   -195.295551 0.581822   -194.713729 562.65
4980.0   -195.382430 0.668756   -194.713674 646.72
5000.0   -195.328924 0.617394   -194.711530 597.05
5020.0   -195.217606 0.503653   -194.713953 487.05
5040.0   -195.521458 0.798040   -194.723418 771.74
5060.0   -195.502367 0.785203   -194.717165 759.33
5080.0   -195.174478 0.466419   -194.708059 451.05
5100.0   -195.307830 0.600226   -194.707604 580.44
5120.0   -195.570333 0.855211   -194.715122 827.03
5140.0   -195.248667 0.538231   -194.710436 520.49
5160.0   -195.505851 0.784496   -194.721355 758.64
5180.0   -195.571925 0.843245   -194.728680 815.45
5200.0   -195.216850 0.502109   -194.714741 485.56
5220.0   -195.414687 0.701381   -194.713306 678.27
5240.0   -195.164077 0.456650   -194.707428 441.60
5260.0   -195.225147 0.508290   -194.716857 491.54
5280.0   -195.124263 0.406273   -194.717990 392.88
5300.0   -195.410387 0.689560   -194.720827 666.83
5320.0   -195.287073 0.573626   -194.713447 554.72
5340.0   -195.332825 0.619050   -194.713775 598.65
5360.0   -195.320406 0.607667   -194.712739 587.64
5380.0   -195.562347 0.846796   -194.715551 818.89
5400.0   -195.127573 0.410827   -194.716746 397.29
5420.0   -195.644137 0.923603   -194.720534 893.16
5440.0   -195.154251 0.441693   -194.712559 427.14
5460.0   -195.238925 0.530399   -194.708526 512.92
5480.0   -195.194512 0.485826   -194.708687 469.81
5500.0   -195.245024 0.534929   -194.710095 517.30
5520.0   -195.186486 0.471915   -194.714571 456.36
5540.0   -195.425209 0.696990   -194.728219 674.02
5560.0   -195.315773 0.596430   -194.719343 576.77
5580.0   -195.337487 0.620857   -194.716630 600.40
5600.0   -195.273102 0.556559   -194.716542 538.22
5620.0   -195.026682 0.314774   -194.711909 304.40
5640.0   -195.522239 0.799011   -194.723227 772.68
5660.0   -195.220452 0.503191   -194.717261 486.61
5680.0   -195.536253 0.814820   -194.721432 787.97
5700.0   -195.328798 0.614838   -194.713960 594.57
5720.0   -195.312796 0.597844   -194.714952 578.14
5740.0   -195.125785 0.417627   -194.708158 403.86
5760.0   -195.472298 0.762696   -194.709601 737.56
5780.0   -194.966137 0.255494   -194.710644 247.07
5800.0   -195.406429 0.691133   -194.715297 668.36
5820.0   -195.195302 0.482626   -194.712676 466.72
5840.0   -195.228907 0.514295   -194.714612 497.35
5860.0   -195.312403 0.596695   -194.715708 577.03
5880.0   -195.415602 0.690121   -194.725481 667.38
5900.0   -195.206113 0.489034   -194.717079 472.92
5920.0   -195.469704 0.753188   -194.716516 728.37
5940.0   -195.237124 0.526794   -194.710330 509.43
5960.0   -195.463577 0.745779   -194.717798 721.20
5980.0   -195.468895 0.744732   -194.724163 720.19
6000.0   -195.254658 0.533315   -194.721343 515.74
6020.0   -195.358568 0.640908   -194.717660 619.79
6040.0   -195.242317 0.531343   -194.710974 513.83
6060.0   -195.280591 0.568336   -194.712255 549.61
6080.0   -195.186135 0.477585   -194.708550 461.85
6100.0   -195.151713 0.441640   -194.710073 427.09
6120.0   -195.269072 0.552553   -194.716518 534.34
6140.0   -195.589549 0.863612   -194.725937 835.15
6160.0   -195.167230 0.449321   -194.717909 434.51
6180.0   -195.510425 0.792525   -194.717900 766.41
6200.0   -195.423661 0.708813   -194.714848 685.45
6220.0   -195.388960 0.668644   -194.720316 646.61
6240.0   -195.369827 0.655873   -194.713955 634.26
6260.0   -195.445063 0.730159   -194.714904 706.10
6280.0   -195.077571 0.362792   -194.714779 350.84
6300.0   -195.445132 0.727883   -194.717249 703.89
6320.0   -195.148121 0.437563   -194.710558 423.14
6340.0   -195.454088 0.743253   -194.710834 718.76
6360.0   -195.110466 0.399408   -194.711058 386.25
6380.0   -195.297110 0.586687   -194.710423 567.35
6400.0   -195.325964 0.619054   -194.706910 598.65
6420.0   -195.254409 0.537270   -194.717138 519.56
6440.0   -195.350019 0.633349   -194.716670 612.48
6460.0   -195.523049 0.799542   -194.723507 773.19
6480.0   -195.235340 0.519395   -194.715945 502.28
6500.0   -195.319762 0.603764   -194.715998 583.87
6520.0   -195.526236 0.802737   -194.723499 776.28
6540.0   -195.319510 0.601041   -194.718469 581.23
6560.0   -195.251078 0.535625   -194.715453 517.97
6580.0   -195.441283 0.729550   -194.711733 705.51
6600.0   -195.417119 0.704834   -194.712284 681.61
6620.0   -195.210286 0.492801   -194.717484 476.56
6640.0   -195.541026 0.820817   -194.720209 793.77
6660.0   -195.422941 0.706821   -194.716120 683.53
6680.0   -195.304939 0.592571   -194.712368 573.04
6700.0   -195.305322 0.594182   -194.711140 574.60
6720.0   -195.156514 0.446317   -194.710197 431.61
6740.0   -195.274435 0.558264   -194.716171 539.87
6760.0   -195.357450 0.640083   -194.717367 618.99
6780.0   -195.563590 0.841492   -194.722097 813.76
6800.0   -195.464054 0.748243   -194.715811 723.58
6820.0   -195.014666 0.301749   -194.712917 291.80
6840.0   -195.465750 0.752078   -194.713671 727.29
6860.0   -195.481006 0.770720   -194.710287 745.32
6880.0   -195.142860 0.434794   -194.708066 420.46
6900.0   -195.261998 0.548367   -194.713632 530.29
6920.0   -195.496097 0.778586   -194.717511 752.93
6940.0   -195.298672 0.583303   -194.715369 564.08
6960.0   -195.365226 0.649503   -194.715724 628.10
6980.0   -195.101976 0.387526   -194.714450 374.75
7000.0   -195.501353 0.781914   -194.719439 756.14
7020.0   -195.184694 0.471382   -194.713312 455.85
7040.0   -195.562790 0.848033   -194.714757 820.08
7060.0   -195.301474 0.592797   -194.708676 573.26
7080.0   -195.198755 0.490512   -194.708242 474.35
7100.0   -195.238957 0.525938   -194.713019 508.60
7120.0   -195.603607 0.879551   -194.724056 850.56
7140.0   -195.211044 0.492749   -194.718294 476.51
7160.0   -195.364002 0.648325   -194.715677 626.96
7180.0   -195.221896 0.514699   -194.707197 497.74
7200.0   -195.360462 0.651595   -194.708868 630.12
7220.0   -195.184815 0.469415   -194.715400 453.94
7240.0   -195.270177 0.550449   -194.719728 532.31
7260.0   -195.437672 0.715897   -194.721774 692.30
7280.0   -195.383354 0.665535   -194.717819 643.60
7300.0   -195.087456 0.379268   -194.708188 366.77
7320.0   -195.223072 0.514430   -194.708642 497.48
7340.0   -195.194496 0.485047   -194.709449 469.06
7360.0   -195.489328 0.772197   -194.717132 746.75
7380.0   -195.374344 0.655581   -194.718763 633.98
7400.0   -195.136579 0.420938   -194.715641 407.07
7420.0   -195.410455 0.690954   -194.719500 668.18
7440.0   -195.417103 0.700764   -194.716339 677.67
7460.0   -195.181318 0.469966   -194.711351 454.48
7480.0   -195.220512 0.510679   -194.709833 493.85
7500.0   -195.363654 0.646325   -194.717329 625.02
7520.0   -195.230122 0.512270   -194.717852 495.39
7540.0   -195.521395 0.806882   -194.714513 780.29
7560.0   -195.314194 0.606422   -194.707771 586.44
7580.0   -195.228501 0.515673   -194.712827 498.68
7600.0   -195.376833 0.656988   -194.719844 635.34
7620.0   -195.469035 0.748584   -194.720451 723.91
7640.0   -195.310343 0.592408   -194.717935 572.88
7660.0   -195.355534 0.638937   -194.716597 617.88
7680.0   -195.189598 0.477163   -194.712436 461.44
7700.0   -195.363314 0.649298   -194.714016 627.90
7720.0   -195.054973 0.350387   -194.704586 338.84
7740.0   -195.132793 0.424588   -194.708206 410.59
7760.0   -195.167547 0.454495   -194.713052 439.52
7780.0   -195.471087 0.751074   -194.720012 726.32
7800.0   -195.303864 0.583715   -194.720149 564.48
7820.0   -195.413953 0.692485   -194.721468 669.66
7840.0   -194.986000 0.279206   -194.706794 270.00
7860.0   -195.453934 0.743129   -194.710805 718.64
7880.0   -195.183724 0.476870   -194.706855 461.15
7900.0   -195.504250 0.780849   -194.723401 755.12
7920.0   -195.443173 0.716074   -194.727099 692.48
7940.0   -195.427648 0.700749   -194.726898 677.66
7960.0   -195.275750 0.563573   -194.712177 545.00
7980.0   -195.600202 0.889299   -194.710902 859.99
8000.0   -195.115952 0.415695   -194.700257 402.00
8020.0   -195.108233 0.395619   -194.712614 382.58
8040.0   -195.579668 0.855180   -194.724489 827.00
8060.0   -195.558577 0.827671   -194.730906 800.39
8080.0   -195.099876 0.380986   -194.718889 368.43
8100.0   -195.278103 0.568005   -194.710098 549.29
8120.0   -195.259992 0.551499   -194.708493 533.32
8140.0   -195.158001 0.447167   -194.710834 432.43
8160.0   -195.260996 0.536368   -194.724628 518.69
8180.0   -195.404578 0.680752   -194.723826 658.32
8200.0   -195.414556 0.693216   -194.721340 670.37
8220.0   -195.245238 0.532687   -194.712551 515.13
8240.0   -195.250331 0.543592   -194.706739 525.68
8260.0   -195.308526 0.603545   -194.704981 583.65
8280.0   -195.437721 0.718263   -194.719458 694.59
8300.0   -195.447503 0.719268   -194.728234 695.56
8320.0   -195.365112 0.639254   -194.725857 618.19
8340.0   -195.316723 0.604244   -194.712479 584.33
8360.0   -195.295992 0.588813   -194.707179 569.41
8380.0   -194.977158 0.272262   -194.704896 263.29
8400.0   -195.211198 0.495451   -194.715747 479.12
8420.0   -195.365706 0.643435   -194.722271 622.23
8440.0   -195.175081 0.458763   -194.716318 443.64
8460.0   -195.364697 0.647377   -194.717320 626.04
8480.0   -195.418583 0.705330   -194.713253 682.08
8500.0   -195.191007 0.484173   -194.706834 468.22
8520.0   -195.217235 0.505659   -194.711576 488.99
8540.0   -195.398983 0.677899   -194.721084 655.56
8560.0   -195.593167 0.867101   -194.726066 838.52
8580.0   -195.390794 0.673294   -194.717500 651.10
8600.0   -195.095990 0.381551   -194.714440 368.98
8620.0   -195.292222 0.583092   -194.709130 563.88
8640.0   -195.376483 0.670552   -194.705932 648.45
8660.0   -195.142808 0.431746   -194.711062 417.52
8680.0   -195.465010 0.740836   -194.724175 716.42
8700.0   -195.588808 0.861717   -194.727091 833.32
8720.0   -195.335936 0.611825   -194.724110 591.66
8740.0   -195.296978 0.581273   -194.715706 562.12
8760.0   -195.377164 0.669005   -194.708159 646.96
8780.0   -195.110957 0.405237   -194.705720 391.88
8800.0   -195.228689 0.511091   -194.717598 494.25
8820.0   -195.450520 0.725531   -194.724989 701.62
8840.0   -195.492553 0.766960   -194.725593 741.68
8860.0   -195.107152 0.397484   -194.709668 384.38
8880.0   -195.332132 0.624303   -194.707829 603.73
8900.0   -195.295300 0.592210   -194.703090 572.69
8920.0   -195.283095 0.561163   -194.721932 542.67
8940.0   -195.280323 0.554347   -194.725976 536.08
8960.0   -195.411039 0.686447   -194.724592 663.82
8980.0   -195.183439 0.466515   -194.716924 451.14
9000.0   -195.323450 0.616691   -194.706759 596.37
9020.0   -195.181687 0.478985   -194.702701 463.20
9040.0   -195.324118 0.604500   -194.719619 584.58
9060.0   -195.542588 0.814410   -194.728178 787.57
9080.0   -195.588059 0.859555   -194.728504 831.23
9100.0   -195.285685 0.564219   -194.721466 545.62
9120.0   -195.411120 0.702723   -194.708397 679.56
9140.0   -195.225710 0.519912   -194.705798 502.78
9160.0   -195.133893 0.422155   -194.711737 408.24
9180.0   -195.371757 0.650520   -194.721237 629.08
9200.0   -195.561518 0.836085   -194.725433 808.53
9220.0   -195.299724 0.578695   -194.721028 559.62
9240.0   -195.250108 0.537220   -194.712888 519.52
9260.0   -195.170348 0.466431   -194.703917 451.06
9280.0   -195.189806 0.481930   -194.707876 466.05
9300.0   -195.324147 0.599099   -194.725048 579.36
9320.0   -195.541439 0.808854   -194.732585 782.20
9340.0   -195.629620 0.897256   -194.732364 867.69
9360.0   -195.169858 0.466174   -194.703684 450.81
9380.0   -195.229841 0.525680   -194.704161 508.36
9400.0   -195.183481 0.472976   -194.710505 457.39
9420.0   -195.500854 0.772462   -194.728392 747.00
9440.0   -195.278244 0.555807   -194.722437 537.49
9460.0   -195.302617 0.580073   -194.722544 560.96
9480.0   -195.255275 0.546048   -194.709227 528.05
9500.0   -195.176378 0.478861   -194.697516 463.08
9520.0   -195.160694 0.455430   -194.705264 440.42
9540.0   -195.316951 0.592988   -194.723964 573.44
9560.0   -195.535754 0.807880   -194.727875 781.25
9580.0   -195.447793 0.723122   -194.724672 699.29
9600.0   -195.396724 0.679724   -194.717001 657.32
9620.0   -195.248970 0.543068   -194.705902 525.17
9640.0   -195.483151 0.769285   -194.713867 743.93
9660.0   -195.278128 0.555651   -194.722477 537.34
9680.0   -195.386283 0.664501   -194.721782 642.60
9700.0   -195.348881 0.627485   -194.721396 606.81
9720.0   -195.435827 0.716414   -194.719413 692.80
9740.0   -195.154113 0.443112   -194.711000 428.51
9760.0   -195.272291 0.563456   -194.708836 544.89
9780.0   -195.349821 0.632371   -194.717450 611.53
9800.0   -195.462707 0.739280   -194.723426 714.92
9820.0   -195.327252 0.607013   -194.720239 587.01
9840.0   -195.463552 0.743795   -194.719757 719.28
9860.0   -195.294483 0.579814   -194.714670 560.70
9880.0   -195.264021 0.549299   -194.714722 531.20
9900.0   -195.353778 0.642717   -194.711062 621.53
9920.0   -195.433157 0.717168   -194.715989 693.53
9940.0   -195.429146 0.702643   -194.726503 679.49
9960.0   -195.438839 0.714990   -194.723849 691.43
9980.0   -195.334965 0.617476   -194.717489 597.13
10000.0  -195.261815 0.555295   -194.706520 536.99
10020.0  -195.304129 0.596344   -194.707786 576.69
10040.0  -195.184234 0.473062   -194.711172 457.47
10060.0  -195.207970 0.492907   -194.715063 476.66
10080.0  -195.507224 0.782439   -194.724785 756.65
10100.0  -195.339046 0.613215   -194.725831 593.01
10120.0  -195.314426 0.592267   -194.722159 572.75
10140.0  -195.438695 0.722395   -194.716300 698.59
10160.0  -195.120237 0.415490   -194.704747 401.80
10180.0  -195.204527 0.496858   -194.707669 480.48
10200.0  -195.466360 0.747423   -194.718937 722.79
10220.0  -195.509204 0.781321   -194.727883 755.57
10240.0  -195.271773 0.545945   -194.725828 527.95
10260.0  -195.284934 0.555881   -194.729053 537.56
10280.0  -195.405781 0.678911   -194.726870 656.54
10300.0  -195.387978 0.681669   -194.706310 659.20
10320.0  -195.306783 0.600530   -194.706253 580.74
10340.0  -195.275285 0.568621   -194.706664 549.88
10360.0  -195.516380 0.790417   -194.725963 764.37
10380.0  -195.633766 0.894974   -194.738791 865.48
10400.0  -195.388708 0.652940   -194.735768 631.42
10420.0  -195.351233 0.639205   -194.712028 618.14
10440.0  -195.173521 0.478467   -194.695054 462.70
10460.0  -194.992687 0.295088   -194.697599 285.36
10480.0  -195.163915 0.453146   -194.710768 438.21
10500.0  -195.371178 0.649037   -194.722141 627.65
10520.0  -195.365379 0.641548   -194.723832 620.40
10540.0  -195.345759 0.622691   -194.723068 602.17
10560.0  -195.366246 0.641635   -194.724611 620.49
10580.0  -195.463854 0.740424   -194.723430 716.02
10600.0  -195.158495 0.454945   -194.703550 439.95
10620.0  -195.316667 0.608687   -194.707981 588.63
10640.0  -195.472825 0.756270   -194.716555 731.35
10660.0  -195.335798 0.605354   -194.730444 585.40
10680.0  -195.548578 0.818327   -194.730252 791.36
10700.0  -195.528943 0.804413   -194.724529 777.90
10720.0  -195.159765 0.442991   -194.716775 428.39
10740.0  -195.129371 0.423606   -194.705764 409.65
10760.0  -195.141522 0.438327   -194.703194 423.88
10780.0  -195.311152 0.595538   -194.715614 575.91
10800.0  -195.195107 0.479324   -194.715782 463.53
10820.0  -195.392473 0.668244   -194.724229 646.22
10840.0  -195.541318 0.811881   -194.729437 785.12
10860.0  -195.469879 0.743188   -194.726691 718.70
10880.0  -195.195924 0.475360   -194.720564 459.69
10900.0  -195.140032 0.426326   -194.713706 412.28
10920.0  -195.308766 0.600839   -194.707926 581.04
10940.0  -195.092413 0.388394   -194.704018 375.59
10960.0  -195.118258 0.404604   -194.713653 391.27
10980.0  -195.365681 0.645409   -194.720272 624.14
11000.0  -195.570949 0.842997   -194.727952 815.21
11020.0  -195.432049 0.706307   -194.725742 683.03
11040.0  -195.249901 0.532100   -194.717801 514.56
11060.0  -195.260757 0.543324   -194.717433 525.42
11080.0  -195.452475 0.722895   -194.729580 699.07
11100.0  -195.242431 0.519899   -194.722532 502.77
11120.0  -195.227303 0.516070   -194.711233 499.06
11140.0  -195.333405 0.618307   -194.715098 597.93
11160.0  -195.375664 0.649511   -194.726153 628.11
11180.0  -195.402406 0.669669   -194.732737 647.60
11200.0  -195.252035 0.526528   -194.725507 509.18
11220.0  -195.416141 0.701456   -194.714685 678.34
11240.0  -195.351012 0.637929   -194.713083 616.91
11260.0  -195.345161 0.624088   -194.721073 603.52
11280.0  -195.271465 0.556147   -194.715318 537.82
11300.0  -195.325005 0.607510   -194.717496 587.49
11320.0  -195.333329 0.617678   -194.715651 597.32
11340.0  -195.297476 0.579957   -194.717519 560.84
11360.0  -195.413504 0.696144   -194.717360 673.20
11380.0  -195.253672 0.535348   -194.718323 517.71
11400.0  -195.242771 0.527094   -194.715677 509.72
11420.0  -195.323139 0.614845   -194.708294 594.58
11440.0  -195.265988 0.561767   -194.704221 543.25
11460.0  -195.088209 0.381721   -194.706487 369.14
11480.0  -195.439424 0.717373   -194.722051 693.73
11500.0  -195.500185 0.775075   -194.725110 749.53
11520.0  -195.550866 0.822949   -194.727917 795.83
11540.0  -195.171707 0.459350   -194.712357 444.21
11560.0  -195.290175 0.572787   -194.717388 553.91
11580.0  -195.423223 0.707337   -194.715887 684.03
11600.0  -195.265359 0.554655   -194.710703 536.38
11620.0  -195.121480 0.415501   -194.705979 401.81
11640.0  -195.171910 0.463654   -194.708256 448.37
11660.0  -195.477239 0.758049   -194.719190 733.07
11680.0  -195.515703 0.793427   -194.722276 767.28
11700.0  -195.052989 0.338778   -194.714211 327.61
11720.0  -195.310318 0.598655   -194.711663 578.93
11740.0  -195.449228 0.731241   -194.717987 707.14
11760.0  -195.345727 0.618815   -194.726912 598.42
11780.0  -195.193421 0.477528   -194.715893 461.79
11800.0  -195.286585 0.572265   -194.714320 553.41
11820.0  -195.407796 0.687507   -194.720288 664.85
11840.0  -195.522854 0.792856   -194.729998 766.73
11860.0  -195.305066 0.575133   -194.729933 556.18
11880.0  -195.352152 0.628643   -194.723509 607.92
11900.0  -195.324718 0.616623   -194.708095 596.30
11920.0  -195.398209 0.686949   -194.711260 664.31
11940.0  -195.114563 0.400918   -194.713645 387.71
11960.0  -195.295606 0.574991   -194.720615 556.04
11980.0  -195.288571 0.568567   -194.720005 549.83
12000.0  -195.277331 0.561886   -194.715445 543.37
12020.0  -195.328957 0.614038   -194.714919 593.80
12040.0  -195.536786 0.812232   -194.724554 785.46
12060.0  -195.313010 0.584053   -194.728956 564.81
12080.0  -195.412134 0.696703   -194.715431 673.74
12100.0  -195.245408 0.541817   -194.703590 523.96
12120.0  -195.463918 0.752272   -194.711646 727.48
12140.0  -195.146498 0.433786   -194.712712 419.49
12160.0  -195.283731 0.561507   -194.722225 543.00
12180.0  -195.176942 0.457176   -194.719766 442.11
12200.0  -195.398105 0.680733   -194.717372 658.30
12220.0  -195.265934 0.547167   -194.718767 529.13
12240.0  -195.253748 0.542501   -194.711247 524.62
12260.0  -195.283437 0.576725   -194.706712 557.72
12280.0  -195.524372 0.803107   -194.721265 776.64
12300.0  -195.303415 0.576473   -194.726942 557.47
12320.0  -195.465792 0.737351   -194.728441 713.05
12340.0  -195.304959 0.579677   -194.725282 560.57
12360.0  -195.415199 0.696264   -194.718935 673.32
12380.0  -195.162317 0.452153   -194.710164 437.25
12400.0  -195.284492 0.573648   -194.710844 554.74
12420.0  -195.255824 0.539201   -194.716623 521.43
12440.0  -195.467271 0.750566   -194.716706 725.83
12460.0  -195.375526 0.656026   -194.719500 634.41
12480.0  -195.422166 0.692133   -194.730033 669.32
12500.0  -195.264914 0.539347   -194.725568 521.57
12520.0  -195.468621 0.739478   -194.729142 715.11
12540.0  -195.248892 0.535682   -194.713210 518.03
12560.0  -195.247487 0.538951   -194.708536 521.19
12580.0  -195.239095 0.523838   -194.715257 506.57
12600.0  -195.510866 0.778013   -194.732853 752.37
12620.0  -195.493811 0.764630   -194.729181 739.43
12640.0  -195.524836 0.801857   -194.722980 775.43
12660.0  -195.186883 0.482631   -194.704252 466.73
12680.0  -195.182149 0.483783   -194.698366 467.84
12700.0  -195.236930 0.535005   -194.701925 517.37
12720.0  -195.400535 0.687684   -194.712850 665.02
12740.0  -195.353583 0.627323   -194.726260 606.65
12760.0  -195.539287 0.807118   -194.732169 780.52
12780.0  -195.372418 0.646977   -194.725441 625.65
12800.0  -195.617891 0.896904   -194.720986 867.35
12820.0  -195.391237 0.677588   -194.713649 655.26
12840.0  -195.284476 0.570608   -194.713868 551.80
12860.0  -195.355443 0.633488   -194.721955 612.61
12880.0  -195.495267 0.769362   -194.725905 744.01
12900.0  -195.295558 0.574141   -194.721417 555.22
12920.0  -195.389670 0.672165   -194.717505 650.01
12940.0  -195.280689 0.565581   -194.715108 546.94
12960.0  -195.394320 0.671166   -194.723153 649.05
12980.0  -195.173421 0.452996   -194.720425 438.07
13000.0  -195.349380 0.628950   -194.720430 608.22
13020.0  -195.266781 0.551645   -194.715136 533.46
13040.0  -195.463957 0.746924   -194.717033 722.31
13060.0  -195.352789 0.625968   -194.726821 605.34
13080.0  -195.436994 0.708954   -194.728040 685.59
13100.0  -195.377435 0.653895   -194.723541 632.34
13120.0  -195.459283 0.742553   -194.716730 718.08
13140.0  -195.208861 0.496958   -194.711903 480.58
13160.0  -195.410469 0.694707   -194.715762 671.81
13180.0  -195.253610 0.538009   -194.715601 520.28
13200.0  -195.352114 0.645958   -194.706156 624.67
13220.0  -195.221255 0.510167   -194.711088 493.35
13240.0  -195.300838 0.593052   -194.707786 573.51
13260.0  -195.094439 0.384681   -194.709758 372.00
13280.0  -195.415817 0.700386   -194.715432 677.30
13300.0  -195.411410 0.693809   -194.717601 670.94
13320.0  -195.469832 0.741733   -194.728099 717.29
13340.0  -195.378389 0.650455   -194.727935 629.02
13360.0  -195.707926 0.979529   -194.728397 947.25
13380.0  -195.270670 0.561519   -194.709151 543.01
13400.0  -195.281422 0.577991   -194.703432 558.94
13420.0  -195.169631 0.462040   -194.707591 446.81
13440.0  -195.366569 0.648940   -194.717629 627.55
13460.0  -195.360454 0.637030   -194.723423 616.04
13480.0  -195.486610 0.761631   -194.724978 736.53
13500.0  -195.350208 0.626249   -194.723960 605.61
13520.0  -195.381825 0.660934   -194.720891 639.15
13540.0  -195.279236 0.567780   -194.711456 549.07
13560.0  -195.212045 0.510280   -194.701765 493.46
13580.0  -195.077345 0.371211   -194.706135 358.98
13600.0  -195.600983 0.874310   -194.726673 845.50
13620.0  -195.490263 0.757979   -194.732284 733.00
13640.0  -195.492614 0.753661   -194.738953 728.82
13660.0  -195.213794 0.486465   -194.727329 470.43
13680.0  -195.508467 0.783415   -194.725052 757.60
13700.0  -195.189552 0.480778   -194.708774 464.93
13720.0  -195.217873 0.518373   -194.699501 501.29
13740.0  -195.089143 0.383706   -194.705437 371.06
13760.0  -195.552264 0.823241   -194.729022 796.11
13780.0  -195.506743 0.772137   -194.734606 746.69
13800.0  -195.700489 0.964025   -194.736463 932.25
13820.0  -195.211582 0.488266   -194.723316 472.17
13840.0  -195.396026 0.676923   -194.719104 654.61
13860.0  -195.318657 0.612943   -194.705714 592.74
13880.0  -195.381492 0.674785   -194.706706 652.55
13900.0  -195.140410 0.424965   -194.715445 410.96
13920.0  -195.444121 0.716633   -194.727488 693.02
13940.0  -195.469592 0.740752   -194.728841 716.34
13960.0  -195.526531 0.792698   -194.733833 766.57
13980.0  -195.168691 0.453612   -194.715079 438.66
14000.0  -195.309974 0.597865   -194.712109 578.16
14020.0  -195.328866 0.615558   -194.713308 595.27
14040.0  -195.436468 0.715884   -194.720584 692.29
14060.0  -195.211770 0.492015   -194.719755 475.80
14080.0  -195.377158 0.662131   -194.715027 640.31
14100.0  -195.255797 0.543714   -194.712084 525.79
14120.0  -195.402202 0.679942   -194.722260 657.53
14140.0  -195.196259 0.478949   -194.717310 463.16
14160.0  -195.319322 0.600780   -194.718542 580.98
14180.0  -195.225519 0.505651   -194.719869 488.99
14200.0  -195.377238 0.662701   -194.714537 640.86
14220.0  -195.087318 0.384693   -194.702625 372.02
14240.0  -195.257225 0.547300   -194.709925 529.26
14260.0  -195.361523 0.640041   -194.721481 618.95
14280.0  -195.659108 0.929166   -194.729943 898.54
14300.0  -195.375180 0.650928   -194.724252 629.48
14320.0  -195.361351 0.638141   -194.723210 617.11
14340.0  -195.300373 0.577936   -194.722437 558.89
14360.0  -195.550002 0.826762   -194.723240 799.51
14380.0  -195.280129 0.564995   -194.715134 546.37
14400.0  -195.338255 0.618029   -194.720225 597.66
14420.0  -195.364431 0.643923   -194.720508 622.70
14440.0  -195.607585 0.879718   -194.727867 850.73
14460.0  -195.364932 0.632727   -194.732205 611.87
14480.0  -195.211541 0.488929   -194.722613 472.82
14500.0  -195.185745 0.471358   -194.714387 455.82
14520.0  -195.409788 0.696841   -194.712947 673.88
14540.0  -195.319314 0.611209   -194.708105 591.07
14560.0  -195.263696 0.551806   -194.711890 533.62
14580.0  -195.196265 0.477355   -194.718910 461.62
14600.0  -195.516446 0.789706   -194.726740 763.68
14620.0  -195.418960 0.690398   -194.728561 667.65
14640.0  -195.447475 0.714131   -194.733345 690.60
14660.0  -195.354003 0.618458   -194.735545 598.08
14680.0  -195.629880 0.894975   -194.734904 865.48
14700.0  -195.298235 0.581525   -194.716710 562.36
14720.0  -195.177381 0.471759   -194.705622 456.21
14740.0  -195.037950 0.336404   -194.701545 325.32
14760.0  -195.471714 0.754082   -194.717632 729.23
14780.0  -195.258279 0.541243   -194.717036 523.41
14800.0  -195.217337 0.499865   -194.717472 483.39
14820.0  -195.264049 0.544910   -194.719138 526.95
14840.0  -195.428462 0.703438   -194.725024 680.25
14860.0  -195.351507 0.625980   -194.725526 605.35
14880.0  -195.317657 0.592808   -194.724848 573.27
14900.0  -195.215463 0.499246   -194.716218 482.79
14920.0  -195.259015 0.548080   -194.710935 530.02
14940.0  -195.197883 0.487843   -194.710040 471.77
14960.0  -195.235194 0.520434   -194.714760 503.28
14980.0  -195.259863 0.537291   -194.722572 519.58
15000.0  -195.558962 0.829620   -194.729342 802.28
15020.0  -195.417821 0.692163   -194.725658 669.35
15040.0  -195.298845 0.570057   -194.728788 551.27
15060.0  -195.333444 0.604019   -194.729425 584.11
15080.0  -195.482288 0.756312   -194.725976 731.39
15100.0  -195.306153 0.595556   -194.710597 575.93
15120.0  -195.095500 0.390158   -194.705341 377.30
15140.0  -195.107776 0.406786   -194.700990 393.38
15160.0  -195.492892 0.772004   -194.720888 746.56
15180.0  -195.484979 0.754189   -194.730790 729.33
15200.0  -195.449133 0.716271   -194.732862 692.67
15220.0  -195.452596 0.718511   -194.734085 694.83
15240.0  -195.563654 0.830196   -194.733458 802.84
15260.0  -195.309391 0.579900   -194.729492 560.79
15280.0  -195.189741 0.470349   -194.719392 454.85
15300.0  -195.094443 0.384293   -194.710149 371.63
15320.0  -195.111997 0.411808   -194.700189 398.24
15340.0  -195.251284 0.549260   -194.702024 531.16
15360.0  -195.315766 0.601352   -194.714414 581.53
15380.0  -195.395167 0.666424   -194.728743 644.46
15400.0  -195.471859 0.741258   -194.730602 716.83
15420.0  -195.511079 0.779670   -194.731409 753.97
15440.0  -195.305604 0.579583   -194.726020 560.48
15460.0  -195.443424 0.711350   -194.732074 687.91
15480.0  -195.446786 0.721520   -194.725266 697.74
15500.0  -195.202458 0.500001   -194.702457 483.52
15520.0  -195.188367 0.489407   -194.698960 473.28
15540.0  -195.218912 0.508541   -194.710371 491.78
15560.0  -195.353036 0.619888   -194.733148 599.46
15580.0  -195.420821 0.678855   -194.741966 656.48
15600.0  -195.444219 0.711782   -194.732437 688.32
15620.0  -195.414320 0.687094   -194.727226 664.45
15640.0  -195.467854 0.739200   -194.728654 714.84
15660.0  -195.381420 0.656448   -194.724972 634.81
15680.0  -195.253813 0.537069   -194.716744 519.37
15700.0  -195.370457 0.658065   -194.712392 636.38
15720.0  -195.412684 0.694796   -194.717888 671.90
15740.0  -195.238925 0.516222   -194.722703 499.21
15760.0  -195.207756 0.485103   -194.722653 469.12
15780.0  -195.357591 0.630525   -194.727066 609.74
15800.0  -195.512327 0.783986   -194.728341 758.15
15820.0  -195.321204 0.600484   -194.720720 580.69
15840.0  -195.232815 0.516798   -194.716017 499.77
15860.0  -195.344294 0.623765   -194.720530 603.21
15880.0  -195.511031 0.784136   -194.726894 758.29
15900.0  -195.322694 0.602245   -194.720449 582.40
15920.0  -195.078626 0.370664   -194.707962 358.45
15940.0  -195.146134 0.441258   -194.704876 426.72
15960.0  -195.272265 0.557719   -194.714546 539.34
15980.0  -195.314017 0.586177   -194.727839 566.86
16000.0  -195.276569 0.550714   -194.725855 532.56
16020.0  -195.525740 0.791550   -194.734190 765.46
16040.0  -195.520089 0.792368   -194.727721 766.25
16060.0  -195.261210 0.538881   -194.722330 521.12
16080.0  -195.147992 0.430604   -194.717387 416.41
16100.0  -195.197333 0.497674   -194.699659 481.27
16120.0  -195.272247 0.566863   -194.705384 548.18
16140.0  -195.225494 0.512772   -194.712721 495.87
16160.0  -195.213835 0.490235   -194.723601 474.08
16180.0  -195.430438 0.699903   -194.730535 676.84
16200.0  -195.517493 0.784470   -194.733023 758.62
16220.0  -195.463196 0.736248   -194.726947 711.98
16240.0  -195.392289 0.671276   -194.721012 649.15
16260.0  -195.176557 0.465558   -194.710999 450.21
16280.0  -195.170988 0.466715   -194.704273 451.33
16300.0  -195.258369 0.550225   -194.708144 532.09
16320.0  -195.281686 0.558103   -194.723583 539.71
16340.0  -195.413923 0.681225   -194.732699 658.77
16360.0  -195.422320 0.690567   -194.731754 667.81
16380.0  -195.509870 0.778813   -194.731057 753.15
16400.0  -195.476943 0.747079   -194.729864 722.46
16420.0  -195.221760 0.495801   -194.725959 479.46
16440.0  -195.211250 0.499181   -194.712068 482.73
16460.0  -195.378287 0.674742   -194.703545 652.50
16480.0  -195.429686 0.721211   -194.708474 697.44
16500.0  -195.369182 0.642785   -194.726397 621.60
16520.0  -195.419357 0.679868   -194.739489 657.46
16540.0  -195.559590 0.821902   -194.737687 794.82
16560.0  -195.363509 0.640305   -194.723204 619.20
16580.0  -195.220438 0.508220   -194.712218 491.47
16600.0  -195.248663 0.530655   -194.718007 513.17
16620.0  -195.421165 0.698747   -194.722418 675.72
16640.0  -195.397008 0.683445   -194.713563 660.92
16660.0  -195.187583 0.475481   -194.712102 459.81
16680.0  -195.338648 0.623175   -194.715473 602.64
16700.0  -195.405645 0.685021   -194.720625 662.44
16720.0  -195.460629 0.735098   -194.725531 710.87
16740.0  -195.329065 0.601333   -194.727733 581.51
16760.0  -195.340966 0.613587   -194.727380 593.37
16780.0  -195.448027 0.725588   -194.722439 701.68
16800.0  -195.419551 0.700566   -194.718985 677.48
16820.0  -195.242320 0.528427   -194.713893 511.01
16840.0  -195.221331 0.504794   -194.716537 488.16
16860.0  -195.423460 0.703814   -194.719646 680.62
16880.0  -195.330063 0.612449   -194.717614 592.26
16900.0  -195.169002 0.456140   -194.712861 441.11
16920.0  -195.243067 0.525581   -194.717486 508.26
16940.0  -195.347167 0.621213   -194.725953 600.74
16960.0  -195.550813 0.823529   -194.727284 796.39
16980.0  -195.332612 0.610831   -194.721780 590.70
17000.0  -195.322767 0.599562   -194.723205 579.80
17020.0  -195.361082 0.634411   -194.726671 613.50
17040.0  -195.275278 0.557755   -194.717523 539.37
17060.0  -195.077373 0.370236   -194.707137 358.03
17080.0  -195.033631 0.331020   -194.702611 320.11
17100.0  -195.327596 0.612678   -194.714918 592.49
17120.0  -195.499856 0.773126   -194.726730 747.65
17140.0  -195.428752 0.696698   -194.732054 673.74
17160.0  -195.602914 0.872972   -194.729942 844.20
17180.0  -195.493435 0.766265   -194.727170 741.01
17200.0  -195.268570 0.547050   -194.721520 529.02
17220.0  -195.236383 0.520589   -194.715794 503.43
17240.0  -195.036997 0.333787   -194.703210 322.79
17260.0  -195.378922 0.656074   -194.722847 634.45
17280.0  -195.398493 0.668043   -194.730450 646.03
17300.0  -195.519880 0.783596   -194.736284 757.77
17320.0  -195.540584 0.802320   -194.738263 775.88
17340.0  -195.533446 0.800608   -194.732838 774.22
17360.0  -195.299915 0.591966   -194.707949 572.46
17380.0  -195.245039 0.546314   -194.698726 528.31
17400.0  -195.162878 0.453208   -194.709670 438.27
17420.0  -195.291004 0.568521   -194.722483 549.78
17440.0  -195.214786 0.484909   -194.729877 468.93
17460.0  -195.470161 0.735689   -194.734472 711.44
17480.0  -195.321939 0.595083   -194.726856 575.47
17500.0  -195.429619 0.709015   -194.720604 685.65
17520.0  -195.264873 0.563561   -194.701312 544.99
17540.0  -195.381849 0.678000   -194.703848 655.66
17560.0  -195.195109 0.481928   -194.713180 466.05
17580.0  -195.207248 0.486529   -194.720720 470.49
17600.0  -195.279160 0.555301   -194.723859 537.00
17620.0  -195.447785 0.724255   -194.723530 700.39
17640.0  -195.280438 0.559204   -194.721234 540.77
17660.0  -195.393623 0.664804   -194.728818 642.89
17680.0  -195.482895 0.752575   -194.730320 727.77
17700.0  -195.346222 0.627261   -194.718961 606.59
17720.0  -195.134999 0.432817   -194.702182 418.55
17740.0  -195.274215 0.568670   -194.705545 549.93
17760.0  -195.317413 0.599524   -194.717889 579.77
17780.0  -195.322615 0.589710   -194.732906 570.27
17800.0  -195.321670 0.586458   -194.735211 567.13
17820.0  -195.490579 0.750599   -194.739980 725.86
17840.0  -195.362376 0.646742   -194.715634 625.43
17860.0  -195.114469 0.416212   -194.698257 402.49
17880.0  -195.204395 0.506828   -194.697567 490.12
17900.0  -195.317570 0.609525   -194.708045 589.44
17920.0  -195.368936 0.643342   -194.725594 622.14
17940.0  -195.389832 0.646329   -194.743502 625.03
17960.0  -195.416535 0.674639   -194.741896 652.41
17980.0  -195.419076 0.689567   -194.729509 666.84
18000.0  -195.234445 0.521449   -194.712996 504.26
18020.0  -195.128150 0.423295   -194.704855 409.34
18040.0  -195.345749 0.634820   -194.710929 613.90
18060.0  -195.303089 0.584545   -194.718543 565.28
18080.0  -195.351275 0.626900   -194.724375 606.24
18100.0  -195.477375 0.753174   -194.724202 728.35
18120.0  -195.435489 0.713363   -194.722126 689.85
18140.0  -195.433155 0.711558   -194.721596 688.11
18160.0  -195.083495 0.369932   -194.713563 357.74
18180.0  -195.196057 0.477707   -194.718350 461.96
18200.0  -195.219979 0.505693   -194.714286 489.03
18220.0  -195.147444 0.445378   -194.702066 430.70
18240.0  -195.067561 0.364194   -194.703367 352.19
18260.0  -195.365795 0.646911   -194.718884 625.59
18280.0  -195.460479 0.729072   -194.731407 705.04
18300.0  -195.496826 0.756904   -194.739922 731.96
18320.0  -195.440258 0.701108   -194.739150 678.00
18340.0  -195.576681 0.841791   -194.734890 814.05
18360.0  -195.358772 0.644694   -194.714078 623.45
18380.0  -195.292330 0.584522   -194.707808 565.26
18400.0  -195.003368 0.307227   -194.696141 297.10
18420.0  -195.321296 0.610125   -194.711171 590.02
18440.0  -195.371570 0.646182   -194.725387 624.89
18460.0  -195.386487 0.649397   -194.737090 627.99
18480.0  -195.366633 0.626023   -194.740611 605.39
18500.0  -195.551603 0.813957   -194.737646 787.13
18520.0  -195.321402 0.594757   -194.726645 575.16
18540.0  -195.154891 0.442880   -194.712011 428.28
18560.0  -195.197656 0.488657   -194.708999 472.55
18580.0  -195.258838 0.552992   -194.705846 534.77
18600.0  -195.167804 0.455869   -194.711934 440.85
18620.0  -195.323567 0.601655   -194.721912 581.83
18640.0  -195.398679 0.671793   -194.726886 649.65
18660.0  -195.390307 0.661653   -194.728654 639.85
18680.0  -195.497838 0.769275   -194.728563 743.92
18700.0  -195.323846 0.600790   -194.723055 580.99
18720.0  -195.278046 0.556994   -194.721052 538.64
18740.0  -195.096941 0.385406   -194.711535 372.70
18760.0  -194.988297 0.286997   -194.701301 277.54
18780.0  -195.285343 0.579673   -194.705670 560.57
18800.0  -195.225604 0.519528   -194.706075 502.41
18820.0  -195.146714 0.429663   -194.717050 415.50
18840.0  -195.379451 0.656587   -194.722864 634.95
18860.0  -195.514069 0.790143   -194.723926 764.10
18880.0  -195.670574 0.943834   -194.726740 912.73
18900.0  -195.386554 0.656026   -194.730528 634.41
18920.0  -195.337343 0.609538   -194.727805 589.45
18940.0  -195.431157 0.710388   -194.720769 686.98
18960.0  -195.422176 0.711993   -194.710183 688.53
18980.0  -194.933530 0.228290   -194.705240 220.77
19000.0  -195.055038 0.357154   -194.697884 345.38
19020.0  -195.459176 0.742387   -194.716789 717.92
19040.0  -195.235043 0.512437   -194.722606 495.55
19060.0  -195.179364 0.458523   -194.720841 443.41
19080.0  -195.341493 0.620255   -194.721237 599.81
19100.0  -195.417871 0.692990   -194.724881 670.15
19120.0  -195.479483 0.754547   -194.724937 729.68
19140.0  -195.287320 0.560262   -194.727058 541.80
19160.0  -195.283308 0.555272   -194.728037 536.97
19180.0  -195.198791 0.480789   -194.718002 464.94
19200.0  -195.091536 0.383388   -194.708148 370.75
19220.0  -194.972929 0.272367   -194.700562 263.39
19240.0  -195.359591 0.645397   -194.714194 624.13
19260.0  -195.440791 0.711251   -194.729539 687.81
19280.0  -195.570672 0.828228   -194.742444 800.93
19300.0  -195.640808 0.902696   -194.738112 872.95
19320.0  -195.600010 0.866755   -194.733256 838.19
19340.0  -195.134056 0.415669   -194.718387 401.97
19360.0  -195.358110 0.631768   -194.726343 610.95
19380.0  -195.336827 0.620998   -194.715829 600.53
19400.0  -195.166358 0.456066   -194.710292 441.04
19420.0  -195.137384 0.432734   -194.704650 418.47
19440.0  -195.166628 0.458017   -194.708611 442.92
19460.0  -195.526788 0.803423   -194.723365 776.94
19480.0  -195.629848 0.895287   -194.734561 865.78
19500.0  -195.279088 0.542155   -194.736933 524.29
19520.0  -195.340540 0.616137   -194.724403 595.83
19540.0  -195.418739 0.703765   -194.714974 680.57
19560.0  -195.262283 0.555658   -194.706625 537.35
19580.0  -195.207177 0.491082   -194.716095 474.90
19600.0  -195.140709 0.431819   -194.708890 417.59
19620.0  -195.365318 0.642888   -194.722430 621.70
19640.0  -195.560681 0.823058   -194.737623 795.93
19660.0  -195.456726 0.716457   -194.740269 692.84
19680.0  -195.491792 0.758238   -194.733555 733.25
19700.0  -195.581389 0.848735   -194.732653 820.76
19720.0  -195.404804 0.675649   -194.729155 653.38
19740.0  -195.106927 0.399410   -194.707516 386.25
19760.0  -195.119970 0.412498   -194.707473 398.90
19780.0  -195.136301 0.432705   -194.703596 418.44
19800.0  -195.119363 0.404333   -194.715031 391.01
19820.0  -195.221553 0.501643   -194.719910 485.11
19840.0  -195.302362 0.579724   -194.722638 560.62
19860.0  -195.263637 0.550268   -194.713369 532.13
19880.0  -195.297677 0.589834   -194.707843 570.40
19900.0  -195.308004 0.598546   -194.709458 578.82
19920.0  -195.292358 0.569838   -194.722519 551.06
19940.0  -195.508655 0.775890   -194.732765 750.32
19960.0  -195.478207 0.746856   -194.731351 722.24
19980.0  -195.362781 0.639369   -194.723413 618.30
20000.0  -195.219247 0.506029   -194.713219 489.35
20020.0  -195.263018 0.546788   -194.716231 528.77
20040.0  -195.386099 0.663114   -194.722985 641.26
20060.0  -195.469910 0.753018   -194.716892 728.20
20080.0  -195.402110 0.681528   -194.720582 659.07
20100.0  -195.369181 0.641205   -194.727976 620.07
20120.0  -195.390852 0.663939   -194.726913 642.06
20140.0  -195.252911 0.541261   -194.711649 523.42
20160.0  -194.971353 0.268451   -194.702902 259.60
20180.0  -195.280433 0.570375   -194.710058 551.58
20200.0  -195.334815 0.614315   -194.720500 594.07
20220.0  -195.484178 0.750372   -194.733806 725.64
20240.0  -195.286169 0.557333   -194.728836 538.97
20260.0  -195.375998 0.649583   -194.726415 628.18
20280.0  -195.446415 0.726388   -194.720027 702.45
20300.0  -195.565678 0.835882   -194.729796 808.33
20320.0  -195.282501 0.548486   -194.734015 530.41
20340.0  -195.385363 0.660596   -194.724767 638.83
20360.0  -195.402936 0.694035   -194.708901 671.16
20380.0  -195.170664 0.470755   -194.699910 455.24
20400.0  -195.050211 0.341965   -194.708246 330.69
20420.0  -195.461099 0.733619   -194.727480 709.44
20440.0  -195.418242 0.691571   -194.726671 668.78
20460.0  -195.439376 0.707476   -194.731900 684.16
20480.0  -195.361516 0.633687   -194.727829 612.80
20500.0  -195.402429 0.675231   -194.727197 652.98
20520.0  -195.522757 0.804826   -194.717931 778.30
20540.0  -195.315054 0.602629   -194.712425 582.77
20560.0  -195.055049 0.349695   -194.705355 338.17
20580.0  -195.215816 0.501612   -194.714204 485.08
20600.0  -195.301070 0.577967   -194.723103 558.92
20620.0  -195.277577 0.554373   -194.723204 536.10
20640.0  -195.414935 0.688936   -194.725999 666.23
20660.0  -195.205591 0.490315   -194.715276 474.16
20680.0  -195.239472 0.521561   -194.717911 504.37
20700.0  -195.289609 0.569409   -194.720200 550.64
20720.0  -195.382964 0.667463   -194.715501 645.47
20740.0  -195.159285 0.450526   -194.708759 435.68
20760.0  -195.287834 0.571717   -194.716117 552.88
20780.0  -195.257727 0.536369   -194.721357 518.69
20800.0  -195.374453 0.649142   -194.725311 627.75
20820.0  -195.395498 0.666556   -194.728943 644.59
20840.0  -195.523417 0.786549   -194.736868 760.63
20860.0  -195.570047 0.835983   -194.734064 808.43
20880.0  -195.463147 0.733191   -194.729956 709.03
20900.0  -195.266929 0.549359   -194.717570 531.25
20920.0  -195.251652 0.545585   -194.706067 527.60
20940.0  -195.155030 0.454613   -194.700417 439.63
20960.0  -195.144319 0.441748   -194.702571 427.19
20980.0  -195.116443 0.412821   -194.703621 399.22
21000.0  -195.343221 0.619534   -194.723687 599.12
21020.0  -195.559370 0.820867   -194.738503 793.81
21040.0  -195.540753 0.795633   -194.745120 769.41
21060.0  -195.507954 0.768375   -194.739579 743.05
21080.0  -195.365299 0.646345   -194.718954 625.04
21100.0  -195.235645 0.529997   -194.705649 512.53
21120.0  -195.239109 0.527643   -194.711466 510.25
21140.0  -195.180019 0.461714   -194.718305 446.50
21160.0  -195.288542 0.560090   -194.728452 541.63
21180.0  -195.478386 0.748187   -194.730199 723.53
21200.0  -195.288076 0.563594   -194.724482 545.02
21220.0  -195.438628 0.709509   -194.729118 686.13
21240.0  -195.627914 0.898737   -194.729176 869.12
21260.0  -195.366678 0.644073   -194.722604 622.85
21280.0  -195.162773 0.447123   -194.715650 432.39
21300.0  -195.185246 0.477426   -194.707820 461.69
21320.0  -195.339361 0.631642   -194.707719 610.83
21340.0  -195.323771 0.603434   -194.720337 583.55
21360.0  -195.333909 0.610318   -194.723590 590.20
21380.0  -195.444125 0.715755   -194.728370 692.17
21400.0  -195.416321 0.681147   -194.735174 658.70
21420.0  -195.473052 0.739321   -194.733731 714.96
21440.0  -195.330814 0.603281   -194.727532 583.40
21460.0  -195.132584 0.416080   -194.716504 402.37
21480.0  -195.118474 0.418691   -194.699782 404.89
21500.0  -195.320337 0.620557   -194.699780 600.11
21520.0  -195.099218 0.382952   -194.716267 370.33
21540.0  -195.409444 0.679768   -194.729677 657.36
21560.0  -195.571238 0.834716   -194.736522 807.21
21580.0  -195.615664 0.877774   -194.737890 848.85
21600.0  -195.354177 0.628792   -194.725384 608.07
21620.0  -195.167905 0.452226   -194.715679 437.32
21640.0  -194.991866 0.288346   -194.703521 278.84
21660.0  -195.303036 0.597162   -194.705874 577.48
21680.0  -195.309810 0.592944   -194.716866 573.40
21700.0  -195.196132 0.473396   -194.722736 457.79
21720.0  -195.305721 0.582421   -194.723300 563.23
21740.0  -195.680351 0.951330   -194.729021 919.98
21760.0  -195.456293 0.725013   -194.731279 701.12
21780.0  -195.547618 0.819613   -194.728005 792.60
21800.0  -195.415753 0.697904   -194.717849 674.90
21820.0  -195.150885 0.447801   -194.703084 433.04
21840.0  -195.482114 0.770074   -194.712040 744.69
21860.0  -195.310782 0.588930   -194.721852 569.52
21880.0  -195.423308 0.680700   -194.742608 658.27
21900.0  -195.462375 0.721103   -194.741272 697.34
21920.0  -195.340849 0.608679   -194.732170 588.62
21940.0  -195.156420 0.446269   -194.710152 431.56
21960.0  -195.161842 0.462582   -194.699261 447.34
21980.0  -195.179782 0.470292   -194.709490 454.79
22000.0  -195.489971 0.762880   -194.727091 737.74
22020.0  -195.521532 0.788630   -194.732902 762.64
22040.0  -195.546123 0.813017   -194.733106 786.22
22060.0  -195.427967 0.698220   -194.729747 675.21
22080.0  -195.327287 0.607179   -194.720107 587.17
22100.0  -194.953571 0.250184   -194.703387 241.94
22120.0  -195.116062 0.413069   -194.702993 399.46
22140.0  -195.029632 0.314508   -194.715124 304.14
22160.0  -195.289394 0.567639   -194.721755 548.93
22180.0  -195.316352 0.597947   -194.718405 578.24
22200.0  -195.319492 0.602433   -194.717059 582.58
22220.0  -195.444822 0.723049   -194.721774 699.22
22240.0  -195.599654 0.872458   -194.727196 843.70
22260.0  -195.293349 0.565248   -194.728101 546.62
22280.0  -195.366283 0.646635   -194.719648 625.32
22300.0  -195.316184 0.600460   -194.715724 580.67
22320.0  -195.221017 0.509749   -194.711268 492.95
22340.0  -195.359759 0.632755   -194.727004 611.90
22360.0  -195.292459 0.563403   -194.729056 544.83
22380.0  -195.338254 0.603265   -194.734989 583.38
22400.0  -195.504732 0.780321   -194.724412 754.60
22420.0  -195.376039 0.658481   -194.717558 636.78
22440.0  -195.070732 0.358788   -194.711944 346.96
22460.0  -195.205701 0.496901   -194.708800 480.52
22480.0  -195.212599 0.504858   -194.707741 488.22
22500.0  -195.355187 0.637289   -194.717898 616.29
22520.0  -195.116507 0.392267   -194.724240 379.34
22540.0  -195.309022 0.587116   -194.721906 567.77
22560.0  -195.446789 0.725180   -194.721609 701.28
22580.0  -195.504843 0.780714   -194.724129 754.98
22600.0  -195.347526 0.617765   -194.729761 597.41
22620.0  -195.334026 0.607161   -194.726865 587.15
22640.0  -195.112797 0.403590   -194.709207 390.29
22660.0  -195.222509 0.512817   -194.709692 495.92
22680.0  -195.181723 0.465835   -194.715888 450.48
22700.0  -195.180321 0.460895   -194.719425 445.71
22720.0  -195.272815 0.553427   -194.719388 535.19
22740.0  -195.591709 0.864913   -194.726796 836.41
22760.0  -195.304615 0.584378   -194.720237 565.12
22780.0  -195.247482 0.531115   -194.716367 513.61
22800.0  -195.225503 0.512121   -194.713382 495.24
22820.0  -195.332858 0.618718   -194.714139 598.33
22840.0  -195.420891 0.701242   -194.719648 678.13
22860.0  -195.330514 0.612145   -194.718369 591.97
22880.0  -195.264023 0.547712   -194.716311 529.66
22900.0  -195.583953 0.855637   -194.728316 827.44
22920.0  -195.496641 0.764534   -194.732107 739.34
22940.0  -195.362345 0.634241   -194.728104 613.34
22960.0  -195.428933 0.699882   -194.729050 676.82
22980.0  -195.324090 0.599107   -194.724983 579.36
23000.0  -195.408355 0.694946   -194.713410 672.04
23020.0  -195.330872 0.620403   -194.710469 599.96
23040.0  -195.283719 0.569399   -194.714320 550.63
23060.0  -195.309850 0.580780   -194.729069 561.64
23080.0  -195.575397 0.838487   -194.736910 810.85
23100.0  -195.564824 0.831012   -194.733812 803.62
23120.0  -195.256813 0.538777   -194.718036 521.02
23140.0  -195.163776 0.459326   -194.704450 444.19
23160.0  -195.417449 0.705610   -194.711838 682.36
23180.0  -195.180629 0.466287   -194.714342 450.92
23200.0  -195.361868 0.635289   -194.726580 614.35
23220.0  -195.337548 0.607923   -194.729625 587.89
23240.0  -195.483260 0.758617   -194.724643 733.62
23260.0  -195.239635 0.527278   -194.712357 509.90
23280.0  -195.336393 0.620026   -194.716367 599.59
23300.0  -195.199546 0.483719   -194.715828 467.78
23320.0  -195.403959 0.686363   -194.717595 663.74
23340.0  -195.325016 0.609988   -194.715029 589.88
23360.0  -195.145992 0.433224   -194.712768 418.95
23380.0  -195.327083 0.606070   -194.721013 586.10
23400.0  -195.515288 0.794213   -194.721075 768.04
23420.0  -195.432664 0.708216   -194.724448 684.88
23440.0  -195.308608 0.586150   -194.722459 566.83
23460.0  -195.249273 0.528738   -194.720535 511.31
23480.0  -195.323458 0.609829   -194.713629 589.73
23500.0  -195.284534 0.565046   -194.719488 546.42
23520.0  -195.504441 0.780003   -194.724438 754.30
23540.0  -195.320139 0.591342   -194.728797 571.85
23560.0  -195.392035 0.669557   -194.722478 647.49
23580.0  -195.431791 0.715745   -194.716047 692.16
23600.0  -195.253298 0.544905   -194.708393 526.95
23620.0  -195.258619 0.540594   -194.718025 522.78
23640.0  -195.457014 0.728137   -194.728877 704.14
23660.0  -195.323558 0.593311   -194.730247 573.76
23680.0  -195.691420 0.956227   -194.735193 924.71
23700.0  -195.341777 0.621453   -194.720324 600.97
23720.0  -195.271945 0.555374   -194.716571 537.07
23740.0  -195.278145 0.559328   -194.718817 540.89
23760.0  -195.576611 0.856019   -194.720592 827.81
23780.0  -195.273146 0.558426   -194.714721 540.02
23800.0  -195.215047 0.498020   -194.717027 481.61
23820.0  -195.203910 0.490561   -194.713349 474.39
23840.0  -195.413888 0.698968   -194.714920 675.93
23860.0  -195.175635 0.463181   -194.712454 447.92
23880.0  -195.291055 0.575291   -194.715764 556.33
23900.0  -195.325119 0.602697   -194.722422 582.83
23920.0  -195.492877 0.770502   -194.722375 745.11
23940.0  -195.241311 0.520395   -194.720916 503.24
23960.0  -195.312845 0.590981   -194.721863 571.50
23980.0  -195.488878 0.751982   -194.736896 727.20
24000.0  -195.666515 0.916480   -194.750035 886.28
24020.0  -195.373993 0.636470   -194.737523 615.49
24040.0  -195.407855 0.686086   -194.721768 663.48
24060.0  -195.184657 0.474213   -194.710444 458.58
24080.0  -195.205617 0.514711   -194.690906 497.75
24100.0  -195.308997 0.605093   -194.703903 585.15
24120.0  -195.450771 0.724568   -194.726203 700.69
24140.0  -195.387425 0.652395   -194.735031 630.89
24160.0  -195.516750 0.780127   -194.736623 754.42
24180.0  -195.570686 0.843110   -194.727577 815.32
24200.0  -195.444196 0.712660   -194.731536 689.17
24220.0  -195.356272 0.625070   -194.731202 604.47
24240.0  -195.491173 0.763535   -194.727638 738.37
24260.0  -195.427704 0.701059   -194.726646 677.95
24280.0  -195.319961 0.595164   -194.724797 575.55
24300.0  -195.188651 0.472899   -194.715752 457.31
24320.0  -195.336263 0.622998   -194.713265 602.47
24340.0  -195.241364 0.530169   -194.711195 512.70
24360.0  -195.247610 0.532161   -194.715449 514.62
24380.0  -195.334862 0.615157   -194.719705 594.88
24400.0  -195.297600 0.578421   -194.719178 559.36
24420.0  -195.218572 0.499734   -194.718837 483.26
24440.0  -194.943087 0.240457   -194.702630 232.53
24460.0  -195.026369 0.321803   -194.704566 311.20
24480.0  -195.103525 0.386127   -194.717398 373.40
24500.0  -195.317107 0.596789   -194.720318 577.12
24520.0  -195.414309 0.693712   -194.720597 670.85
24540.0  -195.425471 0.708294   -194.717177 684.95
24560.0  -195.179401 0.468857   -194.710544 453.40
24580.0  -195.423204 0.701742   -194.721463 678.61
24600.0  -195.228570 0.502493   -194.726077 485.93
24620.0  -195.493882 0.758565   -194.735317 733.57
24640.0  -195.197304 0.468651   -194.728654 453.21
24660.0  -195.358450 0.633344   -194.725105 612.47
24680.0  -195.198611 0.478478   -194.720133 462.71
24700.0  -195.549104 0.814385   -194.734719 787.55
24720.0  -195.403864 0.663170   -194.740694 641.31
24740.0  -195.485743 0.752257   -194.733485 727.47
24760.0  -195.143984 0.442136   -194.701847 427.57
24780.0  -195.272098 0.579773   -194.692325 560.67
24800.0  -194.975820 0.286630   -194.689190 277.18
24820.0  -195.088697 0.383862   -194.704835 371.21
24840.0  -195.210885 0.475416   -194.735470 459.75
24860.0  -195.716278 0.964976   -194.751302 933.17
24880.0  -195.540483 0.797679   -194.742804 771.39
24900.0  -195.512998 0.778052   -194.734946 752.41
24920.0  -195.390234 0.652624   -194.737611 631.12
24940.0  -195.403261 0.669706   -194.733555 647.64
24960.0  -195.416372 0.685834   -194.730537 663.23
24980.0  -195.551726 0.817596   -194.734130 790.65
25000.0  -195.432253 0.701519   -194.730735 678.40
