# Step   Epot       Ekin       Total      Temp  
0.0      -194.706314 0.310224   -194.396090 300.00
20.0     -194.863363 0.454468   -194.408895 439.49
40.0     -194.799251 0.371635   -194.427616 359.39
60.0     -194.862270 0.402280   -194.459990 389.02
80.0     -194.837829 0.336756   -194.501072 325.66
100.0    -194.792937 0.250073   -194.542864 241.83
120.0    -194.810393 0.224242   -194.586151 216.85
140.0    -194.853991 0.229611   -194.624380 222.04
160.0    -194.887320 0.230994   -194.656326 223.38
180.0    -194.845842 0.172798   -194.673044 167.10
200.0    -194.857980 0.178935   -194.679044 173.04
220.0    -194.821142 0.143436   -194.677706 138.71
240.0    -194.866671 0.202214   -194.664457 195.55
260.0    -194.938762 0.326844   -194.611918 316.07
280.0    -194.786194 0.267724   -194.518471 258.90
300.0    -194.790764 0.360885   -194.429879 348.99
320.0    -194.772613 0.397343   -194.375270 384.25
340.0    -194.643820 0.294482   -194.349338 284.78
360.0    -194.836371 0.491003   -194.345368 474.82
380.0    -194.767761 0.410822   -194.356938 397.28
400.0    -194.751057 0.366449   -194.384608 354.37
420.0    -194.781196 0.357746   -194.423450 345.96
440.0    -194.741738 0.277243   -194.464495 268.11
460.0    -194.847856 0.336704   -194.511152 325.61
480.0    -194.848695 0.299455   -194.549240 289.59
500.0    -194.921041 0.341032   -194.580009 329.79
520.0    -194.853184 0.254672   -194.598512 246.28
540.0    -194.795209 0.187566   -194.607643 181.38
560.0    -194.896897 0.280059   -194.616838 270.83
580.0    -194.827226 0.209713   -194.617513 202.80
600.0    -194.919859 0.309359   -194.610500 299.16
620.0    -194.897400 0.308739   -194.588661 298.56
640.0    -194.762211 0.216074   -194.546137 208.95
660.0    -194.911505 0.433000   -194.478505 418.73
680.0    -194.781628 0.392447   -194.389182 379.51
700.0    -194.803816 0.486336   -194.317480 470.31
720.0    -194.875360 0.599751   -194.275610 579.99
740.0    -194.688656 0.421518   -194.267138 407.63
760.0    -194.710566 0.421611   -194.288955 407.72
780.0    -194.662104 0.331457   -194.330648 320.53
800.0    -194.733226 0.349311   -194.383915 337.80
820.0    -194.802499 0.368007   -194.434492 355.88
840.0    -194.847914 0.370375   -194.477539 358.17
860.0    -194.860208 0.359449   -194.500759 347.60
880.0    -194.772814 0.259776   -194.513038 251.21
900.0    -194.804668 0.283097   -194.521571 273.77
920.0    -194.838088 0.310700   -194.527388 300.46
940.0    -194.804147 0.274643   -194.529504 265.59
960.0    -194.871461 0.343187   -194.528274 331.88
980.0    -194.799335 0.276388   -194.522947 267.28
1000.0   -194.748192 0.230864   -194.517328 223.26
1020.0   -194.823031 0.313858   -194.509173 303.51
1040.0   -194.765515 0.266521   -194.498995 257.74
1060.0   -194.867568 0.378743   -194.488825 366.26
1080.0   -194.837146 0.369399   -194.467747 357.23
1100.0   -194.750685 0.310707   -194.439979 300.47
1120.0   -194.758534 0.356606   -194.401927 344.85
1140.0   -194.726446 0.366032   -194.360414 353.97
1160.0   -194.781133 0.454606   -194.326527 439.62
1180.0   -194.766773 0.463016   -194.303757 447.76
1200.0   -194.803798 0.497264   -194.306534 480.88
1220.0   -194.724895 0.387832   -194.337063 375.05
1240.0   -194.742814 0.344500   -194.398314 333.15
1260.0   -194.774830 0.302227   -194.472603 292.27
1280.0   -194.821666 0.286363   -194.535302 276.93
1300.0   -194.840345 0.262382   -194.577963 253.73
1320.0   -194.851882 0.249392   -194.602490 241.17
1340.0   -194.817798 0.205970   -194.611828 199.18
1360.0   -194.814044 0.201859   -194.612185 195.21
1380.0   -194.829782 0.223170   -194.606612 215.81
1400.0   -194.830040 0.234969   -194.595071 227.22
1420.0   -194.902843 0.330348   -194.572495 319.46
1440.0   -194.790196 0.252300   -194.537897 243.98
1460.0   -194.778045 0.282307   -194.495738 273.00
1480.0   -194.778192 0.328252   -194.449940 317.43
1500.0   -194.698817 0.290569   -194.408248 280.99
1520.0   -194.853466 0.476613   -194.376853 460.91
1540.0   -194.750098 0.390690   -194.359408 377.81
1560.0   -194.762426 0.401923   -194.360503 388.68
1580.0   -194.763452 0.387293   -194.376159 374.53
1600.0   -194.756769 0.352709   -194.404060 341.09
1620.0   -194.801988 0.363384   -194.438604 351.41
1640.0   -194.806011 0.341068   -194.464943 329.83
1660.0   -194.846493 0.363879   -194.482615 351.89
1680.0   -194.790982 0.303027   -194.487955 293.04
1700.0   -194.766842 0.277391   -194.489451 268.25
1720.0   -194.782541 0.287585   -194.494955 278.11
1740.0   -194.797927 0.297534   -194.500393 287.73
1760.0   -194.906920 0.400468   -194.506452 387.27
1780.0   -194.847539 0.339018   -194.508521 327.84
1800.0   -194.794172 0.286912   -194.507260 277.46
1820.0   -194.863237 0.354267   -194.508970 342.59
1840.0   -194.744310 0.236633   -194.507677 228.83
1860.0   -194.853447 0.344747   -194.508700 333.39
1880.0   -194.826020 0.318831   -194.507189 308.32
1900.0   -194.782019 0.280278   -194.501741 271.04
1920.0   -194.851958 0.357201   -194.494756 345.43
1940.0   -194.702742 0.219229   -194.483512 212.00
1960.0   -194.835654 0.358627   -194.477027 346.81
1980.0   -194.829619 0.361005   -194.468614 349.11
2000.0   -194.836990 0.379701   -194.457289 367.19
2020.0   -194.819854 0.373612   -194.446242 361.30
2040.0   -194.740674 0.305183   -194.435491 295.13
2060.0   -194.770811 0.338723   -194.432088 327.56
2080.0   -194.709203 0.271962   -194.437241 263.00
2100.0   -194.847577 0.394606   -194.452971 381.60
2120.0   -194.777938 0.304173   -194.473766 294.15
2140.0   -194.803104 0.302052   -194.501052 292.10
2160.0   -194.847021 0.314627   -194.532395 304.26
2180.0   -194.749984 0.188458   -194.561526 182.25
2200.0   -194.867710 0.275760   -194.591950 266.67
2220.0   -194.869861 0.254909   -194.614952 246.51
2240.0   -194.850784 0.221065   -194.629720 213.78
2260.0   -194.878174 0.242642   -194.635532 234.65
2280.0   -194.803102 0.171208   -194.631894 165.57
2300.0   -194.854829 0.233538   -194.621291 225.84
2320.0   -194.874465 0.283779   -194.590686 274.43
2340.0   -194.818475 0.283415   -194.535060 274.07
2360.0   -194.852199 0.390450   -194.461749 377.58
2380.0   -194.739721 0.353857   -194.385864 342.19
2400.0   -194.759057 0.417535   -194.341522 403.77
2420.0   -194.707189 0.383683   -194.323506 371.04
2440.0   -194.789364 0.453661   -194.335703 438.71
2460.0   -194.837692 0.475470   -194.362223 459.80
2480.0   -194.760206 0.362826   -194.397380 350.87
2500.0   -194.849356 0.410033   -194.439322 396.52
2520.0   -194.728695 0.252537   -194.476158 244.21
2540.0   -194.854768 0.342952   -194.511817 331.65
2560.0   -194.837064 0.299000   -194.538064 289.15
2580.0   -194.798976 0.246566   -194.552410 238.44
2600.0   -194.892887 0.332349   -194.560538 321.40
2620.0   -194.752338 0.193583   -194.558754 187.20
2640.0   -194.811741 0.255778   -194.555963 247.35
2660.0   -194.822652 0.272944   -194.549708 263.95
2680.0   -194.826847 0.285897   -194.540950 276.47
2700.0   -194.889769 0.359817   -194.529952 347.96
2720.0   -194.809542 0.294344   -194.515198 284.64
2740.0   -194.761255 0.258757   -194.502498 250.23
2760.0   -194.771439 0.276350   -194.495089 267.24
2780.0   -194.797952 0.306434   -194.491518 296.33
2800.0   -194.775280 0.285220   -194.490060 275.82
2820.0   -194.808557 0.319888   -194.488668 309.35
2840.0   -194.786411 0.300995   -194.485417 291.07
2860.0   -194.756332 0.270888   -194.485444 261.96
2880.0   -194.793152 0.306017   -194.487135 295.93
2900.0   -194.807756 0.317594   -194.490162 307.13
2920.0   -194.820684 0.326270   -194.494414 315.52
2940.0   -194.870459 0.373434   -194.497025 361.13
2960.0   -194.766647 0.268651   -194.497995 259.80
2980.0   -194.742716 0.240843   -194.501874 232.91
3000.0   -194.824682 0.314615   -194.510068 304.25
3020.0   -194.783210 0.263004   -194.520206 254.34
3040.0   -194.852893 0.320376   -194.532517 309.82
3060.0   -194.832908 0.286538   -194.546370 277.10
3080.0   -194.826019 0.267776   -194.558243 258.95
3100.0   -194.850773 0.284084   -194.566688 274.72
3120.0   -194.809396 0.237279   -194.572116 229.46
3140.0   -194.850953 0.277218   -194.573735 268.08
3160.0   -194.877889 0.310581   -194.567308 300.35
3180.0   -194.837623 0.285623   -194.552000 276.21
3200.0   -194.763583 0.239174   -194.524409 231.29
3220.0   -194.796162 0.304505   -194.491657 294.47
3240.0   -194.767514 0.314324   -194.453190 303.97
3260.0   -194.827581 0.415638   -194.411943 401.94
3280.0   -194.825434 0.448325   -194.377109 433.55
3300.0   -194.739501 0.393695   -194.345805 380.72
3320.0   -194.781355 0.446451   -194.334905 431.74
3340.0   -194.733931 0.390628   -194.343303 377.75
3360.0   -194.749137 0.367861   -194.381276 355.74
3380.0   -194.775542 0.332173   -194.443369 321.23
3400.0   -194.867736 0.347492   -194.520245 336.04
3420.0   -194.803254 0.222581   -194.580673 215.25
3440.0   -194.847980 0.230371   -194.617609 222.78
3460.0   -194.825868 0.190578   -194.635290 184.30
3480.0   -194.817621 0.176406   -194.641215 170.59
3500.0   -194.916651 0.278447   -194.638204 269.27
3520.0   -194.812406 0.188907   -194.623500 182.68
3540.0   -194.830146 0.225859   -194.604287 218.42
3560.0   -194.834422 0.255541   -194.578881 247.12
3580.0   -194.783778 0.233437   -194.550342 225.74
3600.0   -194.846816 0.324918   -194.521898 314.21
3620.0   -194.801438 0.306567   -194.494871 296.46
3640.0   -194.829058 0.354819   -194.474238 343.13
3660.0   -194.834261 0.377134   -194.457126 364.71
3680.0   -194.720260 0.277174   -194.443086 268.04
3700.0   -194.761937 0.321252   -194.440685 310.66
3720.0   -194.793071 0.346934   -194.446138 335.50
3740.0   -194.815827 0.359514   -194.456313 347.67
3760.0   -194.826194 0.360845   -194.465349 348.95
3780.0   -194.797392 0.323804   -194.473588 313.13
3800.0   -194.827034 0.341352   -194.485682 330.10
3820.0   -194.791197 0.295061   -194.496136 285.34
3840.0   -194.886085 0.379626   -194.506460 367.11
3860.0   -194.829077 0.317687   -194.511390 307.22
3880.0   -194.816644 0.303151   -194.513494 293.16
3900.0   -194.872497 0.357307   -194.515190 345.53
3920.0   -194.717056 0.206590   -194.510466 199.78
3940.0   -194.826651 0.317932   -194.508719 307.45
3960.0   -194.804226 0.295508   -194.508719 285.77
3980.0   -194.825782 0.316945   -194.508837 306.50
4000.0   -194.892770 0.387082   -194.505688 374.33
4020.0   -194.763445 0.266003   -194.497442 257.24
4040.0   -194.802639 0.308821   -194.493819 298.64
4060.0   -194.800108 0.308607   -194.491501 298.44
4080.0   -194.810546 0.323038   -194.487508 312.39
4100.0   -194.777389 0.294185   -194.483204 284.49
4120.0   -194.784308 0.305887   -194.478420 295.81
4140.0   -194.777248 0.302826   -194.474422 292.85
4160.0   -194.742623 0.274087   -194.468536 265.05
4180.0   -194.792499 0.328728   -194.463771 317.89
4200.0   -194.766435 0.301281   -194.465154 291.35
4220.0   -194.834521 0.363521   -194.471000 351.54
4240.0   -194.850534 0.375072   -194.475462 362.71
4260.0   -194.749964 0.269755   -194.480209 260.86
4280.0   -194.758035 0.266765   -194.491270 257.97
4300.0   -194.783852 0.274406   -194.509446 265.36
4320.0   -194.814429 0.286308   -194.528121 276.87
4340.0   -194.857550 0.315928   -194.541622 305.52
4360.0   -194.784316 0.230096   -194.554220 222.51
4380.0   -194.818106 0.252532   -194.565574 244.21
4400.0   -194.855777 0.283699   -194.572077 274.35
4420.0   -194.810061 0.238196   -194.571865 230.35
4440.0   -194.842593 0.275126   -194.567467 266.06
4460.0   -194.859551 0.303415   -194.556136 293.42
4480.0   -194.848126 0.317470   -194.530656 307.01
4500.0   -194.785129 0.299118   -194.486010 289.26
4520.0   -194.770436 0.336531   -194.433905 325.44
4540.0   -194.741501 0.359071   -194.382430 347.24
4560.0   -194.868037 0.528671   -194.339365 511.25
4580.0   -194.823903 0.515901   -194.308002 498.90
4600.0   -194.694891 0.397184   -194.297707 384.09
4620.0   -194.802779 0.477995   -194.324784 462.24
4640.0   -194.739458 0.361221   -194.378237 349.32
4660.0   -194.812469 0.358451   -194.454017 346.64
4680.0   -194.806300 0.279593   -194.526706 270.38
4700.0   -194.863433 0.282659   -194.580774 273.34
4720.0   -194.869559 0.262843   -194.606716 254.18
4740.0   -194.847543 0.233997   -194.613546 226.28
4760.0   -194.820213 0.209960   -194.610253 203.04
4780.0   -194.801768 0.197655   -194.604113 191.14
4800.0   -194.888487 0.295186   -194.593301 285.46
4820.0   -194.819250 0.246642   -194.572608 238.51
4840.0   -194.772387 0.228158   -194.544229 220.64
4860.0   -194.764421 0.249228   -194.515192 241.01
4880.0   -194.755716 0.268084   -194.487632 259.25
4900.0   -194.829419 0.372101   -194.457318 359.84
4920.0   -194.750967 0.321001   -194.429966 310.42
4940.0   -194.776788 0.364118   -194.412670 352.12
4960.0   -194.863548 0.461387   -194.402161 446.18
4980.0   -194.739053 0.340505   -194.398548 329.28
5000.0   -194.736968 0.328845   -194.408124 318.01
5020.0   -194.772817 0.330326   -194.442491 319.44
5040.0   -194.809767 0.300299   -194.509468 290.40
5060.0   -194.881483 0.297224   -194.584259 287.43
5080.0   -194.830318 0.187539   -194.642779 181.36
5100.0   -194.844256 0.170531   -194.673725 164.91
5120.0   -194.896758 0.207529   -194.689229 200.69
5140.0   -194.897285 0.206730   -194.690555 199.92
5160.0   -194.887649 0.208592   -194.679056 201.72
5180.0   -194.859958 0.202348   -194.657610 195.68
5200.0   -194.891898 0.263195   -194.628702 254.52
5220.0   -194.821536 0.235465   -194.586072 227.70
5240.0   -194.792434 0.250587   -194.541848 242.33
5260.0   -194.801550 0.297018   -194.504532 287.23
5280.0   -194.816983 0.338115   -194.478869 326.97
5300.0   -194.865369 0.406093   -194.459275 392.71
5320.0   -194.717648 0.277731   -194.439917 268.58
5340.0   -194.768541 0.332324   -194.436218 321.37
5360.0   -194.833486 0.391711   -194.441775 378.80
5380.0   -194.800147 0.351606   -194.448541 340.02
5400.0   -194.765874 0.307318   -194.458555 297.19
5420.0   -194.772617 0.297694   -194.474923 287.88
5440.0   -194.780604 0.282947   -194.497657 273.62
5460.0   -194.807818 0.284376   -194.523442 275.00
5480.0   -194.776513 0.222204   -194.554310 214.88
5500.0   -194.798046 0.204563   -194.593483 197.82
5520.0   -194.913501 0.270276   -194.643225 261.37
5540.0   -194.855208 0.172561   -194.682647 166.87
5560.0   -194.869608 0.161589   -194.708019 156.26
5580.0   -194.882524 0.157642   -194.724881 152.45
5600.0   -194.883864 0.153280   -194.730583 148.23
5620.0   -194.918429 0.194652   -194.723777 188.24
5640.0   -194.836811 0.137160   -194.699651 132.64
5660.0   -194.851771 0.192382   -194.659389 186.04
5680.0   -194.868458 0.268451   -194.600007 259.60
5700.0   -194.818118 0.272984   -194.545134 263.99
5720.0   -194.814214 0.303039   -194.511175 293.05
5740.0   -194.829424 0.337370   -194.492054 326.25
5760.0   -194.836139 0.357966   -194.478172 346.17
5780.0   -194.786356 0.319442   -194.466914 308.91
5800.0   -194.776693 0.319366   -194.457327 308.84
5820.0   -194.798918 0.343908   -194.455010 332.57
5840.0   -194.819164 0.361897   -194.457268 349.97
5860.0   -194.826958 0.365768   -194.461190 353.71
5880.0   -194.787988 0.317800   -194.470188 307.33
5900.0   -194.795732 0.313197   -194.482535 302.88
5920.0   -194.861342 0.358265   -194.503077 346.46
5940.0   -194.768614 0.245959   -194.522655 237.85
5960.0   -194.841148 0.296895   -194.544253 287.11
5980.0   -194.824386 0.258061   -194.566325 249.56
6000.0   -194.791688 0.206021   -194.585667 199.23
6020.0   -194.884853 0.278855   -194.605998 269.66
6040.0   -194.784424 0.167274   -194.617150 161.76
6060.0   -194.881726 0.256027   -194.625699 247.59
6080.0   -194.880228 0.254311   -194.625916 245.93
6100.0   -194.819957 0.206656   -194.613301 199.85
6120.0   -194.866103 0.280551   -194.585552 271.30
6140.0   -194.781461 0.243651   -194.537810 235.62
6160.0   -194.806066 0.329838   -194.476229 318.97
6180.0   -194.735270 0.324598   -194.410672 313.90
6200.0   -194.746423 0.383767   -194.362656 371.12
6220.0   -194.721419 0.388779   -194.332640 375.97
6240.0   -194.758388 0.428750   -194.329638 414.62
6260.0   -194.796660 0.447812   -194.348848 433.05
6280.0   -194.741770 0.359753   -194.382017 347.90
6300.0   -194.835195 0.407920   -194.427276 394.48
6320.0   -194.810512 0.338698   -194.471814 327.54
6340.0   -194.798867 0.284466   -194.514401 275.09
6360.0   -194.846472 0.300778   -194.545694 290.87
6380.0   -194.803217 0.239327   -194.563889 231.44
6400.0   -194.806822 0.233047   -194.573775 225.37
6420.0   -194.859161 0.283361   -194.575799 274.02
6440.0   -194.813775 0.241941   -194.571834 233.97
6460.0   -194.866577 0.302894   -194.563683 292.91
6480.0   -194.850144 0.297046   -194.553098 287.26
6500.0   -194.818935 0.275623   -194.543312 266.54
6520.0   -194.863654 0.333217   -194.530437 322.24
6540.0   -194.794112 0.277947   -194.516164 268.79
6560.0   -194.828101 0.323968   -194.504133 313.29
6580.0   -194.802621 0.312041   -194.490579 301.76
6600.0   -194.785751 0.306576   -194.479175 296.47
6620.0   -194.796237 0.329686   -194.466551 318.82
6640.0   -194.779103 0.323900   -194.455203 313.23
6660.0   -194.758823 0.311846   -194.446977 301.57
6680.0   -194.794865 0.351417   -194.443448 339.84
6700.0   -194.810339 0.367506   -194.442833 355.39
6720.0   -194.747697 0.300684   -194.447013 290.77
6740.0   -194.793169 0.329191   -194.463978 318.34
6760.0   -194.779805 0.289921   -194.489884 280.37
6780.0   -194.773036 0.252807   -194.520230 244.47
6800.0   -194.797830 0.246820   -194.551010 238.69
6820.0   -194.841307 0.261577   -194.579731 252.96
6840.0   -194.819472 0.219318   -194.600154 212.09
6860.0   -194.848613 0.235276   -194.613337 227.52
6880.0   -194.850682 0.232179   -194.618503 224.53
6900.0   -194.811485 0.196602   -194.614883 190.12
6920.0   -194.880381 0.278056   -194.602326 268.89
6940.0   -194.812374 0.236095   -194.576279 228.31
6960.0   -194.835981 0.300137   -194.535845 290.25
6980.0   -194.829549 0.349907   -194.479641 338.38
7000.0   -194.739322 0.318838   -194.420484 308.33
7020.0   -194.836133 0.462431   -194.373702 447.19
7040.0   -194.752782 0.410563   -194.342219 397.03
7060.0   -194.790323 0.454045   -194.336279 439.08
7080.0   -194.819586 0.467800   -194.351786 452.38
7100.0   -194.785320 0.404746   -194.380575 391.41
7120.0   -194.755093 0.336999   -194.418094 325.89
7140.0   -194.798700 0.342516   -194.456184 331.23
7160.0   -194.827076 0.333695   -194.493381 322.70
7180.0   -194.818595 0.300669   -194.517926 290.76
7200.0   -194.837690 0.306373   -194.531316 296.28
7220.0   -194.827292 0.289250   -194.538042 279.72
7240.0   -194.813318 0.275929   -194.537389 266.84
7260.0   -194.821343 0.286890   -194.534453 277.44
7280.0   -194.794712 0.264191   -194.530521 255.48
7300.0   -194.807535 0.284153   -194.523382 274.79
7320.0   -194.822645 0.308590   -194.514055 298.42
7340.0   -194.734725 0.233022   -194.501703 225.34
7360.0   -194.795946 0.305858   -194.490087 295.78
7380.0   -194.792401 0.316151   -194.476250 305.73
7400.0   -194.787164 0.324387   -194.462777 313.70
7420.0   -194.836774 0.386781   -194.449993 374.03
7440.0   -194.790282 0.357424   -194.432857 345.64
7460.0   -194.783426 0.369303   -194.414123 357.13
7480.0   -194.735259 0.340668   -194.394592 329.44
7500.0   -194.760624 0.378217   -194.382407 365.75
7520.0   -194.671427 0.290569   -194.380858 280.99
7540.0   -194.802372 0.405032   -194.397339 391.68
7560.0   -194.787918 0.362861   -194.425057 350.90
7580.0   -194.761447 0.296395   -194.465052 286.63
7600.0   -194.838831 0.327009   -194.511821 316.23
7620.0   -194.808110 0.255236   -194.552874 246.82
7640.0   -194.887837 0.300967   -194.586870 291.05
7660.0   -194.844448 0.235382   -194.609066 227.62
7680.0   -194.847185 0.223926   -194.623259 216.55
7700.0   -194.869933 0.241919   -194.628014 233.95
7720.0   -194.822984 0.201520   -194.621464 194.88
7740.0   -194.827257 0.221306   -194.605952 214.01
7760.0   -194.829309 0.251146   -194.578162 242.87
7780.0   -194.864989 0.337452   -194.527537 326.33
7800.0   -194.844583 0.388167   -194.456416 375.37
7820.0   -194.785837 0.404872   -194.380965 391.53
7840.0   -194.766998 0.433709   -194.333289 419.42
7860.0   -194.760064 0.444313   -194.315751 429.67
7880.0   -194.790675 0.465131   -194.325545 449.80
7900.0   -194.765748 0.414943   -194.350805 401.27
7920.0   -194.736645 0.353936   -194.382709 342.27
7940.0   -194.826563 0.407885   -194.418679 394.44
7960.0   -194.748779 0.297677   -194.451102 287.87
7980.0   -194.775287 0.297752   -194.477535 287.94
8000.0   -194.826894 0.324224   -194.502670 313.54
8020.0   -194.781101 0.260462   -194.520639 251.88
8040.0   -194.874040 0.340543   -194.533496 329.32
8060.0   -194.784130 0.245124   -194.539006 237.05
8080.0   -194.771034 0.229279   -194.541755 221.72
8100.0   -194.820010 0.277151   -194.542859 268.02
8120.0   -194.798105 0.260643   -194.537462 252.05
8140.0   -194.801104 0.275684   -194.525420 266.60
8160.0   -194.796616 0.291864   -194.504753 282.24
8180.0   -194.809620 0.345830   -194.463791 334.43
8200.0   -194.729776 0.344783   -194.384993 333.42
8220.0   -194.726040 0.444185   -194.281855 429.55
8240.0   -194.665150 0.467111   -194.198038 451.72
8260.0   -194.750988 0.583637   -194.167351 564.40
8280.0   -194.712627 0.528273   -194.184354 510.86
8300.0   -194.751935 0.496186   -194.255749 479.83
8320.0   -194.751770 0.406998   -194.344772 393.58
8340.0   -194.816197 0.394294   -194.421903 381.30
8360.0   -194.772658 0.299084   -194.473574 289.23
8380.0   -194.782969 0.280308   -194.502661 271.07
8400.0   -194.891714 0.366546   -194.525168 354.47
8420.0   -194.775530 0.240008   -194.535522 232.10
8440.0   -194.845629 0.303220   -194.542409 293.23
8460.0   -194.798969 0.254929   -194.544040 246.53
8480.0   -194.782902 0.241699   -194.541203 233.73
8500.0   -194.890367 0.352874   -194.537493 341.24
8520.0   -194.809385 0.282627   -194.526758 273.31
8540.0   -194.854477 0.346433   -194.508044 335.02
8560.0   -194.845724 0.362593   -194.483131 350.64
8580.0   -194.746826 0.302880   -194.443946 292.90
8600.0   -194.775301 0.379955   -194.395346 367.43
8620.0   -194.729259 0.389356   -194.339903 376.52
8640.0   -194.735495 0.449119   -194.286376 434.32
8660.0   -194.782786 0.527692   -194.255093 510.30
8680.0   -194.723533 0.478042   -194.245491 462.29
8700.0   -194.744047 0.464108   -194.279939 448.81
8720.0   -194.703219 0.343139   -194.360080 331.83
8740.0   -194.897576 0.434968   -194.462608 420.63
8760.0   -194.811520 0.273342   -194.538178 264.33
8780.0   -194.829472 0.254250   -194.575222 245.87
8800.0   -194.877662 0.283938   -194.593724 274.58
8820.0   -194.752192 0.153123   -194.599070 148.08
8840.0   -194.860375 0.262661   -194.597714 254.01
8860.0   -194.774082 0.186070   -194.588012 179.94
8880.0   -194.829683 0.254623   -194.575060 246.23
8900.0   -194.897316 0.347125   -194.550191 335.69
8920.0   -194.749404 0.233520   -194.515884 225.82
8940.0   -194.828854 0.351873   -194.476982 340.28
8960.0   -194.758084 0.323877   -194.434206 313.20
8980.0   -194.804228 0.402578   -194.401650 389.31
9000.0   -194.792951 0.421036   -194.371915 407.16
9020.0   -194.778965 0.424832   -194.354133 410.83
9040.0   -194.749262 0.399046   -194.350216 385.90
9060.0   -194.710287 0.336718   -194.373569 325.62
9080.0   -194.798743 0.365458   -194.433285 353.41
9100.0   -194.808192 0.286720   -194.521473 277.27
9120.0   -194.851294 0.247062   -194.604232 238.92
9140.0   -194.886079 0.237557   -194.648522 229.73
9160.0   -194.861376 0.194090   -194.667286 187.69
9180.0   -194.865052 0.195192   -194.669860 188.76
9200.0   -194.847967 0.186003   -194.661963 179.87
9220.0   -194.847054 0.198899   -194.648156 192.34
9240.0   -194.913917 0.289633   -194.624285 280.09
9260.0   -194.820309 0.236409   -194.583899 228.62
9280.0   -194.821231 0.279666   -194.541565 270.45
9300.0   -194.807426 0.310506   -194.496919 300.27
9320.0   -194.739899 0.277570   -194.462328 268.42
9340.0   -194.852544 0.414521   -194.438023 400.86
9360.0   -194.781652 0.362720   -194.418932 350.77
9380.0   -194.769559 0.356954   -194.412605 345.19
9400.0   -194.760294 0.344581   -194.415712 333.23
9420.0   -194.760929 0.332305   -194.428624 321.35
9440.0   -194.755609 0.308168   -194.447440 298.01
9460.0   -194.816578 0.343380   -194.473197 332.06
9480.0   -194.832660 0.331613   -194.501047 320.68
9500.0   -194.809882 0.279236   -194.530646 270.03
9520.0   -194.820215 0.257432   -194.562783 248.95
9540.0   -194.766890 0.164564   -194.602327 159.14
9560.0   -194.856397 0.204753   -194.651644 198.00
9580.0   -194.890577 0.190538   -194.700039 184.26
9600.0   -194.877906 0.143613   -194.734293 138.88
9620.0   -194.892855 0.140987   -194.751868 136.34
9640.0   -194.887975 0.130129   -194.757846 125.84
9660.0   -194.895781 0.143043   -194.752739 138.33
9680.0   -194.903215 0.166154   -194.737061 160.68
9700.0   -194.898960 0.186628   -194.712332 180.48
9720.0   -194.871262 0.188197   -194.683065 182.00
9740.0   -194.849776 0.194816   -194.654960 188.40
9760.0   -194.823600 0.190682   -194.632918 184.40
9780.0   -194.835241 0.222662   -194.612579 215.32
9800.0   -194.880888 0.292160   -194.588729 282.53
9820.0   -194.830910 0.269138   -194.561772 260.27
9840.0   -194.858394 0.331364   -194.527030 320.44
9860.0   -194.819943 0.329067   -194.490876 318.22
9880.0   -194.769487 0.314239   -194.455248 303.88
9900.0   -194.856164 0.431641   -194.424523 417.42
9920.0   -194.802566 0.401884   -194.400683 388.64
9940.0   -194.750206 0.366627   -194.383580 354.54
9960.0   -194.769850 0.385597   -194.384252 372.89
9980.0   -194.718746 0.323531   -194.395215 312.87
10000.0  -194.739191 0.315595   -194.423596 305.19
10020.0  -194.814307 0.345082   -194.469225 333.71
10040.0  -194.819026 0.294230   -194.524796 284.53
10060.0  -194.873023 0.294627   -194.578396 284.92
10080.0  -194.838009 0.219132   -194.618878 211.91
10100.0  -194.820490 0.177110   -194.643380 171.27
10120.0  -194.865040 0.207166   -194.657873 200.34
10140.0  -194.854847 0.194209   -194.660638 187.81
10160.0  -194.857111 0.203810   -194.653301 197.09
10180.0  -194.846186 0.211011   -194.635174 204.06
10200.0  -194.818918 0.210351   -194.608567 203.42
10220.0  -194.792439 0.214492   -194.577947 207.42
10240.0  -194.861563 0.308943   -194.552620 298.76
10260.0  -194.818990 0.288346   -194.530643 278.84
10280.0  -194.823714 0.308214   -194.515500 298.06
10300.0  -194.843785 0.337599   -194.506186 326.47
10320.0  -194.735023 0.237631   -194.497392 229.80
10340.0  -194.842334 0.348843   -194.493490 337.35
10360.0  -194.805944 0.320891   -194.485053 310.32
10380.0  -194.824360 0.342730   -194.481630 331.43
10400.0  -194.841707 0.363977   -194.477730 351.98
10420.0  -194.796111 0.322047   -194.474064 311.43
10440.0  -194.786836 0.313604   -194.473233 303.27
10460.0  -194.794475 0.320929   -194.473546 310.35
10480.0  -194.834484 0.351987   -194.482497 340.39
10500.0  -194.786936 0.296449   -194.490487 286.68
10520.0  -194.864335 0.360750   -194.503585 348.86
10540.0  -194.793740 0.273167   -194.520573 264.16
10560.0  -194.797670 0.256902   -194.540768 248.44
10580.0  -194.864819 0.298841   -194.565978 288.99
10600.0  -194.837047 0.251770   -194.585277 243.47
10620.0  -194.878531 0.276281   -194.602250 267.18
10640.0  -194.831103 0.217678   -194.613424 210.50
10660.0  -194.812587 0.195368   -194.617218 188.93
10680.0  -194.837656 0.224149   -194.613507 216.76
10700.0  -194.812025 0.213528   -194.598497 206.49
10720.0  -194.823590 0.253324   -194.570266 244.97
10740.0  -194.850246 0.324324   -194.525922 313.64
10760.0  -194.777966 0.316497   -194.461469 306.07
10780.0  -194.760219 0.360507   -194.399712 348.63
10800.0  -194.744020 0.388744   -194.355275 375.93
10820.0  -194.772694 0.438879   -194.333816 424.41
10840.0  -194.772423 0.442575   -194.329848 427.99
10860.0  -194.770707 0.422116   -194.348591 408.20
10880.0  -194.721980 0.336964   -194.385016 325.86
10900.0  -194.706248 0.276785   -194.429462 267.66
10920.0  -194.824116 0.348107   -194.476010 336.63
10940.0  -194.746516 0.233661   -194.512855 225.96
10960.0  -194.876452 0.333874   -194.542578 322.87
10980.0  -194.863720 0.305173   -194.558547 295.12
11000.0  -194.804652 0.242878   -194.561774 234.87
11020.0  -194.879831 0.319467   -194.560363 308.94
11040.0  -194.749595 0.195627   -194.553969 189.18
11060.0  -194.856539 0.305986   -194.550553 295.90
11080.0  -194.853873 0.313664   -194.540209 303.33
11100.0  -194.811533 0.285210   -194.526323 275.81
11120.0  -194.811480 0.299649   -194.511831 289.77
11140.0  -194.762936 0.266624   -194.496312 257.84
11160.0  -194.863300 0.379304   -194.483995 366.80
11180.0  -194.812060 0.347041   -194.465019 335.60
11200.0  -194.829885 0.382067   -194.447818 369.48
11220.0  -194.789305 0.356035   -194.433270 344.30
11240.0  -194.776571 0.358836   -194.417734 347.01
11260.0  -194.790303 0.384729   -194.405574 372.05
11280.0  -194.692882 0.296279   -194.396602 286.51
11300.0  -194.829658 0.425499   -194.404159 411.48
11320.0  -194.839349 0.415728   -194.423621 402.03
11340.0  -194.757652 0.304162   -194.453490 294.14
11360.0  -194.830319 0.336250   -194.494069 325.17
11380.0  -194.756858 0.221753   -194.535105 214.44
11400.0  -194.832443 0.259573   -194.572870 251.02
11420.0  -194.894531 0.293619   -194.600912 283.94
11440.0  -194.810895 0.193723   -194.617171 187.34
11460.0  -194.879406 0.251707   -194.627698 243.41
11480.0  -194.832504 0.205409   -194.627095 198.64
11500.0  -194.834445 0.216230   -194.618215 209.10
11520.0  -194.850930 0.254689   -194.596241 246.30
11540.0  -194.824057 0.265646   -194.558412 256.89
11560.0  -194.841857 0.339622   -194.502235 328.43
11580.0  -194.744321 0.313969   -194.430352 303.62
11600.0  -194.735370 0.366826   -194.368543 354.74
11620.0  -194.640806 0.306016   -194.334790 295.93
11640.0  -194.839155 0.504771   -194.334384 488.14
11660.0  -194.803464 0.457794   -194.345670 442.71
11680.0  -194.753053 0.383135   -194.369917 370.51
11700.0  -194.839464 0.437027   -194.402436 422.62
11720.0  -194.736396 0.301323   -194.435073 291.39
11740.0  -194.815536 0.349331   -194.466205 337.82
11760.0  -194.788571 0.300823   -194.487748 290.91
11780.0  -194.809900 0.303919   -194.505982 293.90
11800.0  -194.819675 0.300365   -194.519310 290.47
11820.0  -194.801887 0.275236   -194.526651 266.17
11840.0  -194.789198 0.259930   -194.529268 251.36
11860.0  -194.799974 0.270906   -194.529069 261.98
11880.0  -194.867097 0.335943   -194.531154 324.87
11900.0  -194.862189 0.335358   -194.526832 324.31
11920.0  -194.844505 0.329185   -194.515320 318.34
11940.0  -194.795986 0.293976   -194.502010 284.29
11960.0  -194.754429 0.271347   -194.483082 262.40
11980.0  -194.801944 0.346877   -194.455068 335.44
12000.0  -194.776881 0.383230   -194.393651 370.60
12020.0  -194.748212 0.449851   -194.298361 435.03
12040.0  -194.838422 0.628957   -194.209465 608.23
12060.0  -194.629976 0.481271   -194.148705 465.41
12080.0  -194.757954 0.602096   -194.155858 582.25
12100.0  -194.720877 0.500891   -194.219985 484.38
12120.0  -194.742419 0.421244   -194.321175 407.36
12140.0  -194.841976 0.428111   -194.413866 414.00
12160.0  -194.795721 0.322144   -194.473577 311.53
12180.0  -194.839834 0.330451   -194.509383 319.56
12200.0  -194.748332 0.219572   -194.528759 212.34
12220.0  -194.817402 0.273783   -194.543619 264.76
12240.0  -194.817287 0.264002   -194.553285 255.30
12260.0  -194.863592 0.306182   -194.557410 296.09
12280.0  -194.879520 0.324071   -194.555449 313.39
12300.0  -194.752489 0.208161   -194.544328 201.30
12320.0  -194.826862 0.296979   -194.529883 287.19
12340.0  -194.778644 0.271097   -194.507547 262.16
12360.0  -194.799663 0.320533   -194.479130 309.97
12380.0  -194.843239 0.402587   -194.440653 389.32
12400.0  -194.754125 0.367090   -194.387035 354.99
12420.0  -194.750114 0.419458   -194.330656 405.63
12440.0  -194.687631 0.406893   -194.280738 393.48
12460.0  -194.657423 0.402102   -194.255321 388.85
12480.0  -194.736689 0.473870   -194.262819 458.25
12500.0  -194.786000 0.468238   -194.317762 452.81
12520.0  -194.776120 0.373247   -194.402873 360.95
12540.0  -194.793926 0.294076   -194.499850 284.38
12560.0  -194.800564 0.238254   -194.562311 230.40
12580.0  -194.848242 0.253210   -194.595032 244.87
12600.0  -194.847653 0.236660   -194.610993 228.86
12620.0  -194.892655 0.278554   -194.614101 269.37
12640.0  -194.841528 0.234795   -194.606733 227.06
12660.0  -194.815045 0.223329   -194.591715 215.97
12680.0  -194.805548 0.236837   -194.568711 229.03
12700.0  -194.762387 0.222132   -194.540255 214.81
12720.0  -194.869804 0.362987   -194.506816 351.02
12740.0  -194.807647 0.344864   -194.462782 333.50
12760.0  -194.797309 0.373191   -194.424118 360.89
12780.0  -194.801056 0.412697   -194.388359 399.10
12800.0  -194.749242 0.380391   -194.368851 367.85
12820.0  -194.790955 0.425416   -194.365539 411.40
12840.0  -194.845386 0.465972   -194.379414 450.61
12860.0  -194.757407 0.346151   -194.411256 334.74
12880.0  -194.785482 0.319249   -194.466233 308.73
12900.0  -194.797926 0.248926   -194.549000 240.72
12920.0  -194.794156 0.171196   -194.622959 165.55
12940.0  -194.889462 0.221333   -194.668129 214.04
12960.0  -194.872622 0.188356   -194.684267 182.15
12980.0  -194.903346 0.217979   -194.685367 210.79
13000.0  -194.867535 0.193099   -194.674436 186.73
13020.0  -194.822173 0.166838   -194.655336 161.34
13040.0  -194.860513 0.229285   -194.631227 221.73
13060.0  -194.832808 0.234005   -194.598803 226.29
13080.0  -194.841028 0.282344   -194.558684 273.04
13100.0  -194.751043 0.233272   -194.517771 225.58
13120.0  -194.774202 0.292607   -194.481594 282.96
13140.0  -194.755540 0.303119   -194.452421 293.13
13160.0  -194.745900 0.313940   -194.431960 303.59
13180.0  -194.851590 0.430246   -194.421344 416.07
13200.0  -194.766078 0.348184   -194.417894 336.71
13220.0  -194.826885 0.401827   -194.425058 388.58
13240.0  -194.764870 0.325867   -194.439003 315.13
13260.0  -194.741570 0.283383   -194.458187 274.04
13280.0  -194.859887 0.366351   -194.493536 354.28
13300.0  -194.809122 0.276111   -194.533011 267.01
13320.0  -194.871922 0.289804   -194.582118 280.25
13340.0  -194.872744 0.239697   -194.633047 231.80
13360.0  -194.820891 0.145894   -194.674997 141.09
13380.0  -194.907110 0.200330   -194.706780 193.73
13400.0  -194.900272 0.178832   -194.721439 172.94
13420.0  -194.885282 0.163773   -194.721509 158.38
13440.0  -194.898801 0.186681   -194.712120 180.53
13460.0  -194.852805 0.159978   -194.692827 154.71
13480.0  -194.873693 0.206668   -194.667026 199.86
13500.0  -194.849196 0.211139   -194.638057 204.18
13520.0  -194.874688 0.258473   -194.616214 249.96
13540.0  -194.868507 0.270320   -194.598188 261.41
13560.0  -194.800897 0.224470   -194.576427 217.07
13580.0  -194.807607 0.254745   -194.552862 246.35
13600.0  -194.747183 0.216998   -194.530184 209.85
13620.0  -194.857685 0.350761   -194.506923 339.20
13640.0  -194.791887 0.312730   -194.479157 302.42
13660.0  -194.776074 0.328060   -194.448014 317.25
13680.0  -194.779918 0.360869   -194.419049 348.98
13700.0  -194.672690 0.270928   -194.401762 262.00
13720.0  -194.865864 0.470327   -194.395537 454.83
13740.0  -194.752171 0.357389   -194.394782 345.61
13760.0  -194.807458 0.397152   -194.410306 384.06
13780.0  -194.802344 0.359628   -194.442716 347.78
13800.0  -194.750512 0.262530   -194.487981 253.88
13820.0  -194.827531 0.284582   -194.542949 275.20
13840.0  -194.800006 0.206192   -194.593814 199.40
13860.0  -194.884989 0.248910   -194.636079 240.71
13880.0  -194.901471 0.242633   -194.658838 234.64
13900.0  -194.876606 0.210925   -194.665681 203.97
13920.0  -194.864197 0.201635   -194.662562 194.99
13940.0  -194.848431 0.196298   -194.652133 189.83
13960.0  -194.901640 0.268362   -194.633278 259.52
13980.0  -194.860865 0.260802   -194.600063 252.21
14000.0  -194.813763 0.255915   -194.557847 247.48
14020.0  -194.813476 0.294260   -194.519216 284.56
14040.0  -194.732923 0.241573   -194.491350 233.61
14060.0  -194.846166 0.367540   -194.478626 355.43
14080.0  -194.820336 0.349045   -194.471291 337.54
14100.0  -194.788627 0.320187   -194.468440 309.63
14120.0  -194.911431 0.439170   -194.472261 424.70
14140.0  -194.740815 0.270202   -194.470613 261.30
14160.0  -194.807432 0.333421   -194.474011 322.43
14180.0  -194.767951 0.284252   -194.483698 274.88
14200.0  -194.793352 0.296221   -194.497132 286.46
14220.0  -194.891701 0.381785   -194.509916 369.20
14240.0  -194.734651 0.217686   -194.516966 210.51
14260.0  -194.803349 0.273453   -194.529897 264.44
14280.0  -194.788557 0.242152   -194.546406 234.17
14300.0  -194.853348 0.289734   -194.563613 280.19
14320.0  -194.854928 0.278690   -194.576238 269.51
14340.0  -194.825419 0.238384   -194.587034 230.53
14360.0  -194.862098 0.267265   -194.594833 258.46
14380.0  -194.797960 0.202677   -194.595284 196.00
14400.0  -194.847879 0.259604   -194.588275 251.05
14420.0  -194.802089 0.230832   -194.571257 223.22
14440.0  -194.837961 0.293497   -194.544465 283.82
14460.0  -194.885087 0.384620   -194.500466 371.94
14480.0  -194.720383 0.277175   -194.443208 268.04
14500.0  -194.741930 0.352035   -194.389895 340.43
14520.0  -194.758417 0.407887   -194.350530 394.44
14540.0  -194.757973 0.425292   -194.332681 411.28
14560.0  -194.839125 0.509064   -194.330061 492.29
14580.0  -194.751052 0.401828   -194.349224 388.59
14600.0  -194.738820 0.347593   -194.391227 336.14
14620.0  -194.831733 0.376347   -194.455386 363.94
14640.0  -194.773149 0.255099   -194.518050 246.69
14660.0  -194.843590 0.276806   -194.566784 267.68
14680.0  -194.853981 0.251407   -194.602575 243.12
14700.0  -194.868035 0.249655   -194.618381 241.43
14720.0  -194.847790 0.228785   -194.619005 221.25
14740.0  -194.778595 0.167202   -194.611393 161.69
14760.0  -194.834217 0.231771   -194.602446 224.13
14780.0  -194.858193 0.266832   -194.591361 258.04
14800.0  -194.884275 0.310641   -194.573634 300.40
14820.0  -194.804408 0.257157   -194.547251 248.68
14840.0  -194.777928 0.254542   -194.523387 246.15
14860.0  -194.807529 0.307502   -194.500028 297.37
14880.0  -194.795004 0.318515   -194.476490 308.02
14900.0  -194.802283 0.348460   -194.453823 336.98
14920.0  -194.761584 0.329263   -194.432320 318.41
14940.0  -194.745628 0.325016   -194.420612 314.30
14960.0  -194.757094 0.342725   -194.414369 331.43
14980.0  -194.728951 0.312970   -194.415981 302.66
15000.0  -194.749330 0.317425   -194.431905 306.96
15020.0  -194.895793 0.420491   -194.475302 406.63
15040.0  -194.807115 0.272629   -194.534486 263.64
15060.0  -194.874071 0.277914   -194.596157 268.75
15080.0  -194.834155 0.191712   -194.642443 185.39
15100.0  -194.810322 0.140798   -194.669525 136.16
15120.0  -194.926324 0.240772   -194.685553 232.84
15140.0  -194.844242 0.160230   -194.684013 154.95
15160.0  -194.861789 0.189789   -194.672001 183.53
15180.0  -194.836728 0.188156   -194.648572 181.95
15200.0  -194.817101 0.200770   -194.616331 194.15
15220.0  -194.871648 0.300700   -194.570948 290.79
15240.0  -194.802671 0.279234   -194.523438 270.03
15260.0  -194.869186 0.381636   -194.487549 369.06
15280.0  -194.814187 0.351891   -194.462297 340.29
15300.0  -194.766499 0.324188   -194.442311 313.50
15320.0  -194.754885 0.322321   -194.432563 311.70
15340.0  -194.737129 0.301554   -194.435575 291.62
15360.0  -194.875430 0.426624   -194.448807 412.56
15380.0  -194.810502 0.351673   -194.458829 340.08
15400.0  -194.804057 0.334775   -194.469282 323.74
15420.0  -194.810291 0.323436   -194.486855 312.78
15440.0  -194.756026 0.247320   -194.508706 239.17
15460.0  -194.899594 0.363281   -194.536313 351.31
15480.0  -194.836320 0.275613   -194.560707 266.53
15500.0  -194.825488 0.235176   -194.590311 227.43
15520.0  -194.909049 0.280630   -194.628420 271.38
15540.0  -194.819391 0.156372   -194.663019 151.22
15560.0  -194.884945 0.191934   -194.693011 185.61
15580.0  -194.873702 0.157316   -194.716386 152.13
15600.0  -194.889559 0.159270   -194.730289 154.02
15620.0  -194.941882 0.209507   -194.732375 202.60
15640.0  -194.829322 0.112577   -194.716745 108.87
15660.0  -194.861081 0.173307   -194.687775 167.60
15680.0  -194.853148 0.217575   -194.635573 210.40
15700.0  -194.840922 0.267278   -194.573644 258.47
15720.0  -194.841142 0.318820   -194.522322 308.31
15740.0  -194.746993 0.259631   -194.487362 251.07
15760.0  -194.824709 0.356261   -194.468448 344.52
15780.0  -194.753752 0.300325   -194.453427 290.43
15800.0  -194.826984 0.382275   -194.444710 369.68
15820.0  -194.766373 0.326772   -194.439601 316.00
15840.0  -194.796655 0.352245   -194.444410 340.64
15860.0  -194.838548 0.384515   -194.454033 371.84
15880.0  -194.713001 0.249680   -194.463320 241.45
15900.0  -194.784292 0.301225   -194.483067 291.30
15920.0  -194.783415 0.274070   -194.509345 265.04
15940.0  -194.871918 0.330650   -194.541268 319.75
15960.0  -194.893030 0.326032   -194.566998 315.29
15980.0  -194.805274 0.214970   -194.590304 207.89
16000.0  -194.836121 0.222316   -194.613805 214.99
16020.0  -194.876325 0.243318   -194.633006 235.30
16040.0  -194.836262 0.191344   -194.644918 185.04
16060.0  -194.860048 0.210455   -194.649593 203.52
16080.0  -194.862798 0.216621   -194.646177 209.48
16100.0  -194.839525 0.210174   -194.629351 203.25
16120.0  -194.847081 0.259732   -194.587350 251.17
16140.0  -194.786922 0.263444   -194.523478 254.76
16160.0  -194.823352 0.365430   -194.457922 353.39
16180.0  -194.855585 0.456069   -194.399516 441.04
16200.0  -194.817200 0.453939   -194.363261 438.98
16220.0  -194.681022 0.337912   -194.343110 326.78
16240.0  -194.734264 0.383423   -194.350841 370.79
16260.0  -194.760312 0.384124   -194.376188 371.46
16280.0  -194.752581 0.340224   -194.412357 329.01
16300.0  -194.814460 0.359167   -194.455293 347.33
16320.0  -194.768270 0.270766   -194.497504 261.84
16340.0  -194.852961 0.316642   -194.536319 306.21
16360.0  -194.823090 0.259310   -194.563780 250.76
16380.0  -194.800474 0.220552   -194.579922 213.28
16400.0  -194.839787 0.248729   -194.591058 240.53
16420.0  -194.864539 0.269055   -194.595484 260.19
16440.0  -194.832415 0.242517   -194.589898 234.52
16460.0  -194.768035 0.194843   -194.573192 188.42
16480.0  -194.780798 0.229594   -194.551204 222.03
16500.0  -194.791662 0.270652   -194.521010 261.73
16520.0  -194.857631 0.392266   -194.465365 379.34
16540.0  -194.741292 0.380056   -194.361237 367.53
16560.0  -194.704627 0.495175   -194.209453 478.86
16580.0  -194.747233 0.648993   -194.098241 627.60
16600.0  -194.641904 0.556417   -194.085487 538.08
16620.0  -194.673514 0.537449   -194.136065 519.74
16640.0  -194.685512 0.475187   -194.210325 459.53
16660.0  -194.799071 0.499712   -194.299359 483.24
16680.0  -194.778870 0.408209   -194.370662 394.76
16700.0  -194.818382 0.388359   -194.430023 375.56
16720.0  -194.716724 0.241008   -194.475716 233.07
16740.0  -194.788315 0.271991   -194.516324 263.03
16760.0  -194.887184 0.334812   -194.552372 323.78
16780.0  -194.820701 0.249241   -194.571461 241.03
16800.0  -194.852594 0.269697   -194.582897 260.81
16820.0  -194.831671 0.242367   -194.589303 234.38
16840.0  -194.819934 0.229223   -194.590710 221.67
16860.0  -194.881735 0.297826   -194.583909 288.01
16880.0  -194.825503 0.260322   -194.565181 251.74
16900.0  -194.851233 0.314213   -194.537021 303.86
16920.0  -194.871666 0.375563   -194.496103 363.19
16940.0  -194.721959 0.286469   -194.435490 277.03
16960.0  -194.747361 0.373828   -194.373533 361.51
16980.0  -194.682494 0.358447   -194.324047 346.63
17000.0  -194.797935 0.495389   -194.302546 479.06
17020.0  -194.779639 0.476305   -194.303334 460.61
17040.0  -194.797838 0.470157   -194.327681 454.66
17060.0  -194.803606 0.420646   -194.382960 406.78
17080.0  -194.720028 0.266513   -194.453515 257.73
17100.0  -194.912891 0.378669   -194.534222 366.19
17120.0  -194.796140 0.211073   -194.585068 204.12
17140.0  -194.862089 0.253063   -194.609025 244.72
17160.0  -194.848508 0.232062   -194.616446 224.41
17180.0  -194.784405 0.172013   -194.612392 166.34
17200.0  -194.873792 0.271539   -194.602253 262.59
17220.0  -194.748984 0.163657   -194.585327 158.26
17240.0  -194.861730 0.292982   -194.568748 283.33
17260.0  -194.903292 0.360286   -194.543006 348.41
17280.0  -194.781947 0.275245   -194.506701 266.17
17300.0  -194.816809 0.348695   -194.468114 337.20
17320.0  -194.744242 0.309337   -194.434905 299.14
17340.0  -194.800311 0.389474   -194.410837 376.64
17360.0  -194.806101 0.418795   -194.387306 404.99
17380.0  -194.738285 0.362541   -194.375745 350.59
17400.0  -194.749853 0.370433   -194.379420 358.22
17420.0  -194.741652 0.337978   -194.403674 326.84
17440.0  -194.856457 0.407282   -194.449175 393.86
17460.0  -194.787128 0.275175   -194.511953 266.11
17480.0  -194.845412 0.264249   -194.581163 255.54
17500.0  -194.938042 0.304912   -194.633130 294.86
17520.0  -194.827815 0.168094   -194.659721 162.55
17540.0  -194.884057 0.215398   -194.668659 208.30
17560.0  -194.829434 0.162026   -194.667408 156.69
17580.0  -194.851093 0.189629   -194.661465 183.38
17600.0  -194.944453 0.300028   -194.644425 290.14
17620.0  -194.773651 0.158969   -194.614682 153.73
17640.0  -194.847107 0.259779   -194.587328 251.22
17660.0  -194.826482 0.269493   -194.556988 260.61
17680.0  -194.800491 0.268923   -194.531568 260.06
17700.0  -194.870785 0.362556   -194.508229 350.61
17720.0  -194.758249 0.271245   -194.487005 262.31
17740.0  -194.835229 0.358981   -194.476248 347.15
17760.0  -194.798745 0.333604   -194.465142 322.61
17780.0  -194.734446 0.277360   -194.457086 268.22
17800.0  -194.770560 0.313738   -194.456822 303.40
17820.0  -194.824947 0.361208   -194.463738 349.30
17840.0  -194.827172 0.357269   -194.469903 345.49
17860.0  -194.778362 0.301871   -194.476491 291.92
17880.0  -194.738777 0.251109   -194.487668 242.83
17900.0  -194.764152 0.252765   -194.511387 244.44
17920.0  -194.815238 0.268109   -194.547128 259.27
17940.0  -194.854703 0.263336   -194.591367 254.66
17960.0  -194.835199 0.196150   -194.639048 189.69
17980.0  -194.851800 0.176364   -194.675436 170.55
18000.0  -194.903376 0.202012   -194.701364 195.35
18020.0  -194.840283 0.129428   -194.710856 125.16
18040.0  -194.889766 0.179728   -194.710038 173.80
18060.0  -194.888944 0.190810   -194.698134 184.52
18080.0  -194.849870 0.177114   -194.672755 171.28
18100.0  -194.871413 0.243929   -194.627484 235.89
18120.0  -194.743463 0.169847   -194.573616 164.25
18140.0  -194.833207 0.301039   -194.532168 291.12
18160.0  -194.872297 0.370971   -194.501326 358.74
18180.0  -194.782857 0.302093   -194.480763 292.14
18200.0  -194.843379 0.378379   -194.465000 365.91
18220.0  -194.787306 0.329787   -194.457519 318.92
18240.0  -194.794715 0.340417   -194.454299 329.20
18260.0  -194.839782 0.383582   -194.456201 370.94
18280.0  -194.766352 0.305973   -194.460379 295.89
18300.0  -194.805612 0.335725   -194.469887 324.66
18320.0  -194.835828 0.348813   -194.487015 337.32
18340.0  -194.758435 0.256035   -194.502400 247.60
18360.0  -194.808405 0.284839   -194.523565 275.45
18380.0  -194.819152 0.269085   -194.550067 260.22
18400.0  -194.882971 0.300337   -194.582634 290.44
18420.0  -194.868446 0.255558   -194.612888 247.14
18440.0  -194.840512 0.205803   -194.634709 199.02
18460.0  -194.853722 0.198344   -194.655378 191.81
18480.0  -194.843120 0.172884   -194.670235 167.19
18500.0  -194.879996 0.204116   -194.675880 197.39
18520.0  -194.810703 0.141048   -194.669655 136.40
18540.0  -194.866081 0.215229   -194.650852 208.14
18560.0  -194.846311 0.238855   -194.607456 230.98
18580.0  -194.746338 0.200686   -194.545652 194.07
18600.0  -194.868445 0.389820   -194.478625 376.97
18620.0  -194.760047 0.335989   -194.424058 324.92
18640.0  -194.838003 0.442861   -194.395142 428.27
18660.0  -194.803551 0.420772   -194.382779 406.90
18680.0  -194.705627 0.324673   -194.380955 313.97
18700.0  -194.787210 0.391561   -194.395649 378.66
18720.0  -194.735018 0.314792   -194.420226 304.42
18740.0  -194.805982 0.349560   -194.456422 338.04
18760.0  -194.815991 0.324155   -194.491836 313.47
18780.0  -194.829666 0.301661   -194.528005 291.72
18800.0  -194.844726 0.285305   -194.559421 275.90
18820.0  -194.843503 0.259027   -194.584476 250.49
18840.0  -194.852467 0.248478   -194.603989 240.29
18860.0  -194.851565 0.235822   -194.615743 228.05
18880.0  -194.879227 0.254929   -194.624298 246.53
18900.0  -194.856074 0.232429   -194.623645 224.77
18920.0  -194.816273 0.208478   -194.607795 201.61
18940.0  -194.863113 0.292702   -194.570411 283.06
18960.0  -194.795834 0.293068   -194.502766 283.41
18980.0  -194.781635 0.357101   -194.424534 345.33
19000.0  -194.836170 0.476316   -194.359854 460.62
19020.0  -194.692402 0.377747   -194.314655 365.30
19040.0  -194.812078 0.509367   -194.302711 492.58
19060.0  -194.693183 0.378890   -194.314293 366.40
19080.0  -194.718125 0.367883   -194.350242 355.76
19100.0  -194.809963 0.403422   -194.406541 390.13
19120.0  -194.796049 0.331918   -194.464131 320.98
19140.0  -194.834537 0.318870   -194.515667 308.36
19160.0  -194.807148 0.256784   -194.550365 248.32
19180.0  -194.824208 0.251025   -194.573183 242.75
19200.0  -194.787169 0.200843   -194.586326 194.22
19220.0  -194.853233 0.261137   -194.592096 252.53
19240.0  -194.814479 0.225397   -194.589082 217.97
19260.0  -194.807559 0.228056   -194.579503 220.54
19280.0  -194.851668 0.289489   -194.562179 279.95
19300.0  -194.760605 0.225031   -194.535574 217.61
19320.0  -194.826633 0.323226   -194.503407 312.57
19340.0  -194.811808 0.353126   -194.458682 341.49
19360.0  -194.773343 0.371182   -194.402161 358.95
19380.0  -194.799324 0.467615   -194.331709 452.20
19400.0  -194.695338 0.448257   -194.247080 433.48
19420.0  -194.630480 0.464999   -194.165482 449.67
19440.0  -194.688923 0.591004   -194.097919 571.53
19460.0  -194.661790 0.584836   -194.076955 565.56
19480.0  -194.750135 0.607705   -194.142429 587.68
19500.0  -194.766407 0.466647   -194.299760 451.27
19520.0  -194.834554 0.404252   -194.430302 390.93
19540.0  -194.831999 0.329340   -194.502659 318.49
19560.0  -194.829536 0.286000   -194.543537 276.57
19580.0  -194.862503 0.291623   -194.570880 282.01
19600.0  -194.821221 0.233300   -194.587920 225.61
19620.0  -194.884151 0.288151   -194.596000 278.65
19640.0  -194.812207 0.216975   -194.595233 209.82
19660.0  -194.804855 0.216818   -194.588037 209.67
19680.0  -194.852014 0.278694   -194.573320 269.51
19700.0  -194.787774 0.239215   -194.548558 231.33
19720.0  -194.851870 0.334828   -194.517042 323.79
19740.0  -194.825478 0.350858   -194.474620 339.29
19760.0  -194.758651 0.325801   -194.432851 315.06
19780.0  -194.786453 0.395911   -194.390543 382.86
19800.0  -194.722941 0.363500   -194.359442 351.52
19820.0  -194.670545 0.322742   -194.347803 312.11
19840.0  -194.805953 0.451582   -194.354371 436.70
19860.0  -194.745844 0.367663   -194.378181 355.55
19880.0  -194.756186 0.332675   -194.423512 321.71
19900.0  -194.765820 0.277262   -194.488558 268.12
19920.0  -194.827263 0.271621   -194.555642 262.67
19940.0  -194.864919 0.257365   -194.607553 248.88
19960.0  -194.824763 0.190107   -194.634656 183.84
19980.0  -194.881840 0.232528   -194.649312 224.86
20000.0  -194.842310 0.193769   -194.648541 187.38
20020.0  -194.858069 0.219825   -194.638244 212.58
20040.0  -194.808782 0.186594   -194.622188 180.44
20060.0  -194.824415 0.217999   -194.606415 210.81
20080.0  -194.908302 0.322838   -194.585465 312.20
20100.0  -194.798737 0.240803   -194.557934 232.87
20120.0  -194.839939 0.308924   -194.531014 298.74
20140.0  -194.808236 0.300413   -194.507824 290.51
20160.0  -194.798017 0.311210   -194.486807 300.95
20180.0  -194.871797 0.404461   -194.467336 391.13
20200.0  -194.739120 0.287746   -194.451374 278.26
20220.0  -194.822704 0.375740   -194.446964 363.36
20240.0  -194.871501 0.423255   -194.448246 409.31
20260.0  -194.748772 0.302366   -194.446406 292.40
20280.0  -194.830005 0.375954   -194.454051 363.56
20300.0  -194.787377 0.315127   -194.472250 304.74
20320.0  -194.841057 0.341620   -194.499437 330.36
20340.0  -194.866433 0.326808   -194.539625 316.04
20360.0  -194.769096 0.174721   -194.594375 168.96
20380.0  -194.875535 0.219343   -194.656192 212.11
20400.0  -194.877971 0.180797   -194.697175 174.84
20420.0  -194.883690 0.168862   -194.714828 163.30
20440.0  -194.874409 0.155330   -194.719079 150.21
20460.0  -194.879155 0.164891   -194.714264 159.46
20480.0  -194.912414 0.214315   -194.698099 207.25
20500.0  -194.819881 0.153001   -194.666880 147.96
20520.0  -194.864557 0.233846   -194.630712 226.14
20540.0  -194.822773 0.232404   -194.590369 224.74
20560.0  -194.814246 0.258353   -194.555892 249.84
20580.0  -194.802699 0.278681   -194.524018 269.50
20600.0  -194.698471 0.197292   -194.501179 190.79
20620.0  -194.872500 0.383985   -194.488515 371.33
20640.0  -194.798083 0.325276   -194.472807 314.56
20660.0  -194.808278 0.347492   -194.460786 336.04
20680.0  -194.842394 0.390948   -194.451446 378.06
20700.0  -194.763587 0.314143   -194.449444 303.79
20720.0  -194.849180 0.396689   -194.452491 383.62
20740.0  -194.779776 0.323440   -194.456336 312.78
20760.0  -194.757317 0.286513   -194.470804 277.07
20780.0  -194.843969 0.349225   -194.494744 337.72
20800.0  -194.824876 0.298279   -194.526597 288.45
20820.0  -194.827148 0.263063   -194.564086 254.39
20840.0  -194.849598 0.244250   -194.605349 236.20
20860.0  -194.877848 0.235273   -194.642575 227.52
20880.0  -194.900181 0.232371   -194.667810 224.71
20900.0  -194.877289 0.195467   -194.681822 189.03
20920.0  -194.888564 0.202691   -194.685873 196.01
20940.0  -194.853307 0.174833   -194.678474 169.07
20960.0  -194.842480 0.184797   -194.657683 178.71
20980.0  -194.834749 0.219575   -194.615174 212.34
21000.0  -194.794389 0.243303   -194.551086 235.28
21020.0  -194.844947 0.361092   -194.483856 349.19
21040.0  -194.732197 0.300266   -194.431930 290.37
21060.0  -194.776977 0.368791   -194.408186 356.64
21080.0  -194.769648 0.367893   -194.401755 355.77
21100.0  -194.753869 0.348626   -194.405243 337.14
21120.0  -194.820442 0.400652   -194.419790 387.45
21140.0  -194.745368 0.305525   -194.439843 295.46
21160.0  -194.774303 0.310600   -194.463703 300.36
21180.0  -194.781419 0.288561   -194.492858 279.05
21200.0  -194.778026 0.256670   -194.521356 248.21
21220.0  -194.791900 0.242748   -194.549152 234.75
21240.0  -194.853533 0.277408   -194.576124 268.27
21260.0  -194.845526 0.251442   -194.594084 243.15
21280.0  -194.833964 0.226461   -194.607502 219.00
21300.0  -194.844474 0.225968   -194.618506 218.52
21320.0  -194.833413 0.208560   -194.624853 201.69
21340.0  -194.879871 0.257408   -194.622463 248.92
21360.0  -194.864280 0.258854   -194.605425 250.32
21380.0  -194.836539 0.267350   -194.569189 258.54
21400.0  -194.848985 0.334471   -194.514514 323.45
21420.0  -194.804079 0.359312   -194.444767 347.47
21440.0  -194.746298 0.362104   -194.384194 350.17
21460.0  -194.794189 0.449802   -194.344387 434.98
21480.0  -194.792078 0.464136   -194.327942 448.84
21500.0  -194.762325 0.429946   -194.332379 415.78
21520.0  -194.799400 0.443183   -194.356217 428.58
21540.0  -194.697371 0.299433   -194.397938 289.56
21560.0  -194.798453 0.345764   -194.452688 334.37
21580.0  -194.852953 0.345522   -194.507431 334.13
21600.0  -194.833194 0.286448   -194.546745 277.01
21620.0  -194.841174 0.266251   -194.574923 257.48
21640.0  -194.827539 0.236411   -194.591128 228.62
21660.0  -194.830257 0.234044   -194.596213 226.33
21680.0  -194.800289 0.208374   -194.591916 201.51
21700.0  -194.796237 0.211579   -194.584658 204.61
21720.0  -194.827303 0.252861   -194.574442 244.53
21740.0  -194.847420 0.288751   -194.558670 279.23
21760.0  -194.788985 0.251260   -194.537725 242.98
21780.0  -194.758578 0.237435   -194.521143 229.61
21800.0  -194.820694 0.308116   -194.512578 297.96
21820.0  -194.860563 0.356562   -194.504001 344.81
21840.0  -194.789874 0.295199   -194.494675 285.47
21860.0  -194.812794 0.324133   -194.488661 313.45
21880.0  -194.762369 0.278263   -194.484107 269.09
21900.0  -194.764453 0.283127   -194.481326 273.80
21920.0  -194.823074 0.343505   -194.479570 332.18
21940.0  -194.705096 0.225444   -194.479652 218.01
21960.0  -194.894792 0.407383   -194.487409 393.96
21980.0  -194.852274 0.361833   -194.490440 349.91
22000.0  -194.786180 0.294755   -194.491425 285.04
22020.0  -194.828380 0.329008   -194.499371 318.17
22040.0  -194.777827 0.261996   -194.515831 253.36
22060.0  -194.904814 0.362915   -194.541899 350.95
22080.0  -194.820689 0.253869   -194.566820 245.50
22100.0  -194.817946 0.225574   -194.592372 218.14
22120.0  -194.844529 0.226696   -194.617832 219.23
22140.0  -194.837936 0.204305   -194.633631 197.57
22160.0  -194.878270 0.237421   -194.640849 229.60
22180.0  -194.827014 0.187379   -194.639635 181.20
22200.0  -194.902177 0.272344   -194.629833 263.37
22220.0  -194.884148 0.279056   -194.605092 269.86
22240.0  -194.782866 0.222135   -194.560731 214.81
22260.0  -194.814353 0.308969   -194.505384 298.79
22280.0  -194.760662 0.306894   -194.453768 296.78
22300.0  -194.836039 0.427422   -194.408616 413.34
22320.0  -194.795484 0.417957   -194.377527 404.18
22340.0  -194.652920 0.293133   -194.359787 283.47
22360.0  -194.832987 0.466088   -194.366899 450.73
22380.0  -194.703441 0.316088   -194.387354 305.67
22400.0  -194.811969 0.394465   -194.417503 381.47
22420.0  -194.829584 0.375714   -194.453870 363.33
22440.0  -194.749757 0.260857   -194.488899 252.26
22460.0  -194.893494 0.370815   -194.522679 358.59
22480.0  -194.757111 0.211600   -194.545511 204.63
22500.0  -194.810551 0.249001   -194.561550 240.79
22520.0  -194.829570 0.256226   -194.573345 247.78
22540.0  -194.861677 0.282267   -194.579410 272.96
22560.0  -194.881424 0.307122   -194.574302 297.00
22580.0  -194.748881 0.186770   -194.562111 180.61
22600.0  -194.859918 0.305240   -194.554678 295.18
22620.0  -194.798130 0.250666   -194.547464 242.41
22640.0  -194.848181 0.306295   -194.541886 296.20
22660.0  -194.868000 0.335648   -194.532352 324.59
22680.0  -194.762839 0.242279   -194.520561 234.29
22700.0  -194.885577 0.374685   -194.510893 362.34
22720.0  -194.759858 0.264633   -194.495224 255.91
22740.0  -194.793627 0.310899   -194.482728 300.65
22760.0  -194.880704 0.412831   -194.467873 399.23
22780.0  -194.760061 0.305930   -194.454131 295.85
22800.0  -194.846640 0.403724   -194.442916 390.42
22820.0  -194.758474 0.329729   -194.428745 318.86
22840.0  -194.702971 0.278602   -194.424369 269.42
22860.0  -194.839409 0.408445   -194.430964 394.98
22880.0  -194.773012 0.325155   -194.447857 314.44
22900.0  -194.859840 0.387793   -194.472047 375.01
22920.0  -194.809419 0.303583   -194.505835 293.58
22940.0  -194.783896 0.237783   -194.546113 229.95
22960.0  -194.855097 0.267163   -194.587934 258.36
22980.0  -194.813019 0.194448   -194.618571 188.04
23000.0  -194.875111 0.234699   -194.640412 226.96
23020.0  -194.831948 0.179978   -194.651970 174.05
23040.0  -194.841619 0.187505   -194.654114 181.33
23060.0  -194.833346 0.188533   -194.644813 182.32
23080.0  -194.800858 0.179126   -194.621732 173.22
23100.0  -194.894399 0.313287   -194.581112 302.96
23120.0  -194.800953 0.289018   -194.511935 279.49
23140.0  -194.830383 0.389494   -194.440888 376.66
23160.0  -194.771802 0.391537   -194.380265 378.63
23180.0  -194.652338 0.299000   -194.353338 289.15
23200.0  -194.751817 0.396154   -194.355663 383.10
23220.0  -194.792550 0.420010   -194.372540 406.17
23240.0  -194.727420 0.334093   -194.393328 323.08
23260.0  -194.786105 0.360569   -194.425536 348.69
23280.0  -194.714383 0.256088   -194.458295 247.65
23300.0  -194.796167 0.304313   -194.491854 294.28
23320.0  -194.850177 0.327287   -194.522890 316.50
23340.0  -194.786565 0.242506   -194.544059 234.51
23360.0  -194.902668 0.337889   -194.564779 326.75
23380.0  -194.826019 0.250697   -194.575322 242.43
23400.0  -194.817394 0.240249   -194.577145 232.33
23420.0  -194.784906 0.210228   -194.574678 203.30
23440.0  -194.788246 0.219840   -194.568406 212.59
23460.0  -194.897117 0.352037   -194.545079 340.44
23480.0  -194.799297 0.313689   -194.485608 303.35
23500.0  -194.779867 0.395797   -194.384070 382.75
23520.0  -194.678939 0.390365   -194.288575 377.50
23540.0  -194.731426 0.496303   -194.235122 479.95
23560.0  -194.821632 0.594825   -194.226808 575.22
23580.0  -194.682917 0.431426   -194.251491 417.21
23600.0  -194.839946 0.523720   -194.316225 506.46
23620.0  -194.789535 0.399500   -194.390035 386.33
23640.0  -194.737554 0.289704   -194.447849 280.16
23660.0  -194.849097 0.352977   -194.496120 341.34
23680.0  -194.753900 0.227338   -194.526562 219.85
23700.0  -194.895120 0.346571   -194.548549 335.15
23720.0  -194.880500 0.321637   -194.558863 311.04
23740.0  -194.771566 0.212962   -194.558603 205.94
23760.0  -194.860354 0.303103   -194.557251 293.11
23780.0  -194.769459 0.219111   -194.550348 211.89
23800.0  -194.873113 0.331612   -194.541500 320.68
23820.0  -194.845541 0.323381   -194.522159 312.72
23840.0  -194.816590 0.322444   -194.494146 311.82
23860.0  -194.834458 0.378176   -194.456282 365.71
23880.0  -194.711363 0.311152   -194.400211 300.90
23900.0  -194.812463 0.483637   -194.328825 467.70
23920.0  -194.654382 0.403246   -194.251137 389.96
23940.0  -194.798667 0.606935   -194.191731 586.93
23960.0  -194.715391 0.548594   -194.166796 530.51
23980.0  -194.628205 0.431630   -194.196575 417.41
24000.0  -194.811698 0.513315   -194.298383 496.40
24020.0  -194.721226 0.293213   -194.428013 283.55
24040.0  -194.819077 0.306248   -194.512829 296.16
24060.0  -194.873149 0.321200   -194.551948 310.61
24080.0  -194.817421 0.248192   -194.569229 240.01
24100.0  -194.867220 0.289478   -194.577742 279.94
24120.0  -194.783070 0.207223   -194.575847 200.39
24140.0  -194.787814 0.217142   -194.570673 209.99
24160.0  -194.833640 0.276088   -194.557552 266.99
24180.0  -194.808735 0.270285   -194.538450 261.38
24200.0  -194.832936 0.320977   -194.511959 310.40
24220.0  -194.779095 0.302818   -194.476277 292.84
24240.0  -194.827176 0.386920   -194.440255 374.17
24260.0  -194.752763 0.350859   -194.401904 339.30
24280.0  -194.805285 0.430756   -194.374528 416.56
24300.0  -194.806936 0.454626   -194.352310 439.64
24320.0  -194.717876 0.371466   -194.346410 359.22
24340.0  -194.840484 0.474485   -194.366000 458.85
24360.0  -194.682617 0.274763   -194.407854 265.71
24380.0  -194.796090 0.318583   -194.477506 308.08
24400.0  -194.866103 0.312480   -194.553623 302.18
24420.0  -194.846638 0.235904   -194.610734 228.13
24440.0  -194.896736 0.256538   -194.640199 248.08
24460.0  -194.857193 0.207004   -194.650190 200.18
24480.0  -194.841496 0.191024   -194.650472 184.73
24500.0  -194.866892 0.224939   -194.641952 217.53
24520.0  -194.852857 0.227383   -194.625474 219.89
24540.0  -194.841636 0.240968   -194.600668 233.03
24560.0  -194.829206 0.263903   -194.565304 255.21
24580.0  -194.775847 0.246064   -194.529782 237.95
24600.0  -194.767941 0.270424   -194.497517 261.51
24620.0  -194.834172 0.363293   -194.470879 351.32
24640.0  -194.823685 0.372759   -194.450927 360.47
24660.0  -194.781529 0.342008   -194.439522 330.74
24680.0  -194.761876 0.325011   -194.436865 314.30
24700.0  -194.736956 0.296387   -194.440569 286.62
24720.0  -194.743547 0.295445   -194.448102 285.71
24740.0  -194.806074 0.346346   -194.459729 334.93
24760.0  -194.769803 0.296126   -194.473677 286.37
24780.0  -194.827846 0.340876   -194.486970 329.64
24800.0  -194.797399 0.299712   -194.497688 289.83
24820.0  -194.746335 0.239956   -194.506379 232.05
24840.0  -194.812227 0.295401   -194.516826 285.67
24860.0  -194.810341 0.284356   -194.525985 274.98
24880.0  -194.819050 0.288898   -194.530153 279.38
24900.0  -194.830470 0.297606   -194.532864 287.80
24920.0  -194.781776 0.248483   -194.533293 240.29
24940.0  -194.793332 0.260573   -194.532760 251.99
24960.0  -194.853053 0.324500   -194.528553 313.81
24980.0  -194.798936 0.284838   -194.514097 275.45
25000.0  -194.857221 0.360510   -194.496711 348.63
