# Step   Epot       Ekin       Total      Temp  
0.0      -36.093235 0.310224   -35.783011 300.00
1.0      -36.089191 0.287660   -35.801531 278.18
2.0      -36.080063 0.282760   -35.797303 273.44
3.0      -36.122879 0.330556   -35.792323 319.66
4.0      -36.225663 0.465510   -35.760153 450.17
5.0      -36.297468 0.480014   -35.817454 464.19
6.0      -36.339140 0.565914   -35.773226 547.26
7.0      -36.387103 0.593112   -35.793991 573.57
8.0      -36.404865 0.703176   -35.701689 680.00
9.0      -36.426717 0.764264   -35.662453 739.08
10.0     -36.374726 0.715966   -35.658760 692.37
11.0     -36.325658 0.794262   -35.531395 768.09
12.0     -36.289914 0.709614   -35.580300 686.23
13.0     -36.250800 0.615836   -35.634964 595.54
14.0     -36.224063 0.443994   -35.780069 429.36
15.0     -36.218335 0.561000   -35.657335 542.51
16.0     -36.222775 0.554126   -35.668648 535.86
17.0     -36.215053 0.453885   -35.761168 438.93
18.0     -36.182094 0.373857   -35.808237 361.54
19.0     -36.128388 0.268217   -35.860172 259.38
20.0     -36.109105 0.339759   -35.769346 328.56
21.0     -36.109664 0.369538   -35.740127 357.36
22.0     -36.084324 0.358226   -35.726098 346.42
23.0     -36.014962 0.334579   -35.680383 323.55
24.0     -35.951202 0.325638   -35.625564 314.91
25.0     -35.957597 0.283102   -35.674495 273.77
26.0     -35.978534 0.454402   -35.524133 439.43
27.0     -35.954058 0.353221   -35.600838 341.58
28.0     -35.907339 0.346717   -35.560622 335.29
29.0     -35.836512 0.289270   -35.547242 279.74
30.0     -35.803809 0.332682   -35.471127 321.72
31.0     -35.796636 0.347753   -35.448883 336.29
32.0     -35.779193 0.382489   -35.396704 369.88
33.0     -35.733090 0.319790   -35.413299 309.25
34.0     -35.738750 0.422495   -35.316255 408.57
35.0     -35.749826 0.440561   -35.309265 426.04
36.0     -35.746493 0.460657   -35.285836 445.48
37.0     -35.703695 0.343483   -35.360212 332.16
38.0     -35.636875 0.366622   -35.270254 354.54
39.0     -35.570378 0.311592   -35.258786 301.32
40.0     -35.571060 0.395015   -35.176046 382.00
41.0     -35.602835 0.479774   -35.123061 463.96
42.0     -35.612892 0.464608   -35.148284 449.30
43.0     -35.568787 0.590722   -34.978065 571.25
44.0     -35.447911 0.491431   -34.956480 475.23
45.0     -35.369107 0.463072   -34.906035 447.81
46.0     -35.371128 0.451726   -34.919402 436.84
47.0     -35.416392 0.590311   -34.826081 570.86
48.0     -35.469513 0.536626   -34.932888 518.94
49.0     -35.474357 0.579831   -34.894526 560.72
50.0     -35.467857 0.501812   -34.966045 485.27
51.0     -35.417839 0.490034   -34.927805 473.88
52.0     -35.365803 0.483564   -34.882239 467.63
53.0     -35.321453 0.542693   -34.778760 524.81
54.0     -35.284368 0.640199   -34.644169 619.10
55.0     -35.305624 0.639418   -34.666206 618.35
56.0     -35.334116 0.683943   -34.650173 661.40
57.0     -35.309669 0.685144   -34.624526 662.56
58.0     -35.227932 0.655362   -34.572570 633.76
59.0     -35.182258 0.638579   -34.543679 617.53
60.0     -35.194174 0.532588   -34.661586 515.04
61.0     -35.226122 0.584001   -34.642121 564.75
62.0     -35.253963 0.662263   -34.591700 640.44
63.0     -35.239879 0.700621   -34.539258 677.53
64.0     -35.237104 0.825523   -34.411581 798.32
65.0     -35.223842 0.737921   -34.485921 713.60
66.0     -35.282057 0.900586   -34.381471 870.91
67.0     -35.306443 0.821061   -34.485382 794.00
68.0     -35.214982 0.641335   -34.573648 620.20
69.0     -35.090266 0.536250   -34.554016 518.58
70.0     -35.033275 0.521116   -34.512160 503.94
71.0     -35.074137 0.455269   -34.618868 440.27
72.0     -35.114756 0.435406   -34.679350 421.06
73.0     -35.104818 0.401312   -34.703506 388.09
74.0     -35.043230 0.393869   -34.649361 380.89
75.0     -35.042868 0.500389   -34.542479 483.90
76.0     -35.105900 0.464927   -34.640973 449.60
77.0     -35.134897 0.488351   -34.646545 472.26
78.0     -35.087428 0.444766   -34.642662 430.11
79.0     -35.055027 0.246019   -34.809008 237.91
80.0     -35.064773 0.358575   -34.706198 346.76
81.0     -35.061794 0.307320   -34.754474 297.19
82.0     -35.062298 0.390372   -34.671926 377.51
83.0     -35.015194 0.405888   -34.609306 392.51
84.0     -34.927273 0.264001   -34.663272 255.30
85.0     -34.987839 0.436337   -34.551502 421.96
86.0     -35.087383 0.642782   -34.444601 621.60
87.0     -35.017345 0.698566   -34.318778 675.54
88.0     -34.918335 0.432896   -34.485439 418.63
89.0     -34.943029 0.534132   -34.408897 516.53
90.0     -35.007068 0.675503   -34.331565 653.24
91.0     -35.045272 0.606046   -34.439226 586.07
92.0     -35.000952 0.447017   -34.553935 432.28
93.0     -34.958311 0.469285   -34.489026 453.82
94.0     -35.003908 0.556715   -34.447193 538.37
95.0     -35.056465 0.723021   -34.333444 699.19
96.0     -35.030243 0.608642   -34.421601 588.58
97.0     -34.935941 0.468181   -34.467759 452.75
98.0     -34.866234 0.337477   -34.528757 326.35
99.0     -34.858295 0.460051   -34.398244 444.89
100.0    -34.838815 0.393068   -34.445747 380.11
