# step       rmse_val    rmse_trn    rmse_e_val  rmse_e_trn    rmse_f_val  rmse_f_trn   lr      
# If there is no available reference data, rmse_*_{val,trn} will print nan
      1      5.41e+01    3.82e+01      4.61e-01    5.96e-01      1.71e+00    1.21e+00    1.0e-03
   1000      6.61e+00    6.50e+00      4.21e-01    3.94e-01      2.09e-01    2.05e-01    1.0e-03
   2000      5.58e+00    3.82e+00      1.28e-02    1.46e-02      1.76e-01    1.21e-01    1.0e-03
   3000      3.74e+00    3.72e+00      9.46e-02    8.92e-02      1.18e-01    1.18e-01    1.0e-03
   4000      4.27e+00    3.21e+00      5.43e-02    5.59e-02      1.35e-01    1.01e-01    1.0e-03
   5000      3.98e+00    3.18e+00      2.69e-02    1.91e-02      1.26e-01    1.01e-01    1.0e-03
   6000      2.37e+00    2.08e+00      8.27e-03    4.48e-03      9.69e-02    8.49e-02    6.0e-04
   7000      1.88e+00    1.79e+00      2.24e-02    2.06e-02      7.67e-02    7.30e-02    6.0e-04
   8000      2.18e+00    1.78e+00      2.60e-02    2.17e-02      8.91e-02    7.25e-02    6.0e-04
   9000      1.78e+00    1.88e+00      3.84e-03    6.03e-03      7.27e-02    7.68e-02    6.0e-04
  10000      2.05e+00    1.67e+00      8.10e-03    1.58e-02      8.36e-02    6.82e-02    6.0e-04
  11000      1.06e+00    1.16e+00      1.16e-02    1.24e-02      5.60e-02    6.09e-02    3.6e-04
  12000      1.31e+00    8.95e-01      1.59e-02    1.54e-02      6.89e-02    4.72e-02    3.6e-04
  13000      1.06e+00    1.26e+00      4.86e-03    3.02e-03      5.60e-02    6.65e-02    3.6e-04
  14000      1.23e+00    9.68e-01      1.07e-02    8.68e-03      6.48e-02    5.10e-02    3.6e-04
  15000      9.25e-01    1.12e+00      1.53e-03    3.42e-03      4.88e-02    5.90e-02    3.6e-04
  16000      6.85e-01    5.39e-01      7.37e-03    6.38e-03      4.67e-02    3.67e-02    2.1e-04
  17000      7.37e-01    5.26e-01      4.54e-03    1.99e-03      5.02e-02    3.58e-02    2.1e-04
  18000      5.94e-01    6.99e-01      9.92e-03    7.42e-03      4.04e-02    4.76e-02    2.1e-04
  19000      7.00e-01    6.23e-01      8.88e-03    9.36e-03      4.76e-02    4.24e-02    2.1e-04
  20000      6.38e-01    7.41e-01      1.05e-02    1.15e-02      4.34e-02    5.04e-02    2.1e-04
  21000      4.76e-01    4.53e-01      2.30e-03    4.58e-03      4.18e-02    3.98e-02    1.3e-04
  22000      5.52e-01    4.57e-01      2.80e-03    1.47e-03      4.86e-02    4.02e-02    1.3e-04
  23000      4.99e-01    4.60e-01      3.66e-03    1.92e-03      4.38e-02    4.05e-02    1.3e-04
  24000      5.02e-01    3.79e-01      6.57e-03    3.21e-03      4.41e-02    3.33e-02    1.3e-04
  25000      4.21e-01    4.74e-01      3.62e-03    9.17e-03      3.70e-02    4.16e-02    1.3e-04
  26000      2.48e-01    2.71e-01      4.23e-04    1.26e-03      2.81e-02    3.07e-02    7.7e-05
  27000      2.65e-01    2.76e-01      2.78e-03    4.08e-03      3.00e-02    3.13e-02    7.7e-05
  28000      2.82e-01    3.07e-01      3.74e-03    2.05e-03      3.19e-02    3.47e-02    7.7e-05
  29000      4.38e-01    2.59e-01      3.02e-03    7.97e-04      4.97e-02    2.93e-02    7.7e-05
  30000      3.80e-01    4.21e-01      3.41e-03    3.42e-03      4.31e-02    4.77e-02    7.7e-05
  31000      2.20e-01    2.23e-01      2.72e-03    4.09e-03      3.20e-02    3.25e-02    4.6e-05
  32000      2.38e-01    2.52e-01      1.57e-03    1.78e-03      3.47e-02    3.67e-02    4.6e-05
  33000      2.73e-01    2.06e-01      6.34e-03    5.79e-03      3.97e-02    3.00e-02    4.6e-05
  34000      2.69e-01    1.98e-01      5.60e-03    2.15e-03      3.91e-02    2.89e-02    4.6e-05
  35000      2.41e-01    2.26e-01      2.34e-03    1.17e-03      3.51e-02    3.29e-02    4.6e-05
  36000      2.15e-01    1.85e-01      2.79e-03    2.85e-03      4.01e-02    3.46e-02    2.8e-05
  37000      1.87e-01    1.73e-01      1.18e-03    1.78e-03      3.49e-02    3.24e-02    2.8e-05
  38000      1.71e-01    1.61e-01      7.24e-04    9.58e-04      3.19e-02    3.01e-02    2.8e-05
  39000      1.95e-01    1.61e-01      1.65e-03    1.75e-03      3.65e-02    3.01e-02    2.8e-05
  40000      2.22e-01    1.38e-01      1.85e-03    2.09e-03      4.16e-02    2.58e-02    2.8e-05
  41000      1.45e-01    8.10e-02      1.76e-03    1.06e-03      3.46e-02    1.93e-02    1.7e-05
  42000      1.71e-01    1.28e-01      2.20e-03    4.95e-04      4.07e-02    3.07e-02    1.7e-05
  43000      1.23e-01    9.13e-02      9.26e-04    1.05e-03      2.94e-02    2.18e-02    1.7e-05
  44000      1.24e-01    1.19e-01      4.52e-04    7.95e-04      2.97e-02    2.84e-02    1.7e-05
  45000      1.20e-01    1.53e-01      8.90e-04    1.74e-03      2.87e-02    3.66e-02    1.7e-05
  46000      7.96e-02    9.28e-02      1.71e-03    2.59e-03      2.41e-02    2.80e-02    9.9e-06
  47000      1.06e-01    1.03e-01      8.37e-04    1.35e-03      3.22e-02    3.11e-02    9.9e-06
  48000      1.05e-01    1.05e-01      1.46e-03    1.99e-03      3.19e-02    3.17e-02    9.9e-06
  49000      8.39e-02    7.10e-02      1.23e-03    1.92e-03      2.54e-02    2.15e-02    9.9e-06
  50000      9.70e-02    6.92e-02      2.10e-03    2.22e-03      2.94e-02    2.09e-02    9.9e-06
  51000      1.08e-01    6.16e-02      2.10e-03    5.84e-04      4.09e-02    2.34e-02    5.9e-06
  52000      8.06e-02    9.44e-02      9.12e-04    2.08e-03      3.06e-02    3.58e-02    5.9e-06
  53000      8.73e-02    8.87e-02      1.21e-03    1.87e-03      3.32e-02    3.37e-02    5.9e-06
  54000      9.23e-02    1.02e-01      4.18e-04    1.22e-03      3.51e-02    3.86e-02    5.9e-06
  55000      8.67e-02    6.75e-02      1.39e-03    1.21e-03      3.29e-02    2.56e-02    5.9e-06
  56000      7.85e-02    6.12e-02      1.09e-03    1.07e-03      3.68e-02    2.87e-02    3.5e-06
  57000      7.79e-02    4.88e-02      1.87e-03    1.05e-03      3.65e-02    2.28e-02    3.5e-06
  58000      5.04e-02    6.02e-02      9.59e-04    3.88e-04      2.36e-02    2.82e-02    3.5e-06
  59000      7.73e-02    5.14e-02      1.18e-03    5.96e-04      3.62e-02    2.41e-02    3.5e-06
  60000      6.61e-02    6.27e-02      6.19e-04    5.89e-04      3.10e-02    2.94e-02    3.5e-06
  61000      5.71e-02    3.51e-02      7.76e-04    4.03e-04      3.23e-02    1.99e-02    2.1e-06
  62000      4.14e-02    4.77e-02      5.25e-04    1.22e-03      2.34e-02    2.69e-02    2.1e-06
  63000      5.50e-02    4.55e-02      5.29e-04    6.21e-04      3.11e-02    2.57e-02    2.1e-06
  64000      5.86e-02    4.31e-02      2.16e-03    7.69e-04      3.30e-02    2.44e-02    2.1e-06
  65000      7.24e-02    4.77e-02      2.63e-03    1.53e-03      4.07e-02    2.69e-02    2.1e-06
  66000      4.97e-02    2.97e-02      4.10e-04    9.00e-04      3.30e-02    1.96e-02    1.3e-06
  67000      3.50e-02    3.44e-02      6.07e-04    7.05e-04      2.32e-02    2.28e-02    1.3e-06
  68000      4.33e-02    3.55e-02      5.74e-04    7.50e-04      2.87e-02    2.35e-02    1.3e-06
  69000      4.62e-02    3.87e-02      9.57e-04    9.73e-04      3.06e-02    2.56e-02    1.3e-06
  70000      4.05e-02    3.74e-02      4.33e-04    7.62e-04      2.69e-02    2.48e-02    1.3e-06
  71000      3.22e-02    4.03e-02      4.53e-04    9.29e-04      2.42e-02    3.03e-02    7.6e-07
  72000      4.03e-02    3.19e-02      5.95e-04    4.21e-04      3.04e-02    2.40e-02    7.6e-07
  73000      4.62e-02    3.15e-02      6.58e-04    4.92e-04      3.48e-02    2.37e-02    7.6e-07
  74000      4.54e-02    3.84e-02      6.91e-04    7.81e-04      3.42e-02    2.89e-02    7.6e-07
  75000      3.79e-02    2.95e-02      1.06e-03    7.54e-04      2.85e-02    2.21e-02    7.6e-07
  76000      4.73e-02    3.38e-02      1.16e-03    1.17e-03      3.91e-02    2.79e-02    4.6e-07
  77000      2.79e-02    2.78e-02      3.29e-04    8.85e-04      2.31e-02    2.30e-02    4.6e-07
  78000      4.86e-02    3.30e-02      1.09e-03    7.39e-04      4.02e-02    2.73e-02    4.6e-07
  79000      3.68e-02    3.00e-02      1.24e-03    4.07e-04      3.03e-02    2.49e-02    4.6e-07
  80000      2.62e-02    3.78e-02      3.05e-04    1.01e-03      2.17e-02    3.12e-02    4.6e-07
  81000      3.21e-02    3.38e-02      6.53e-04    5.94e-04      2.84e-02    2.99e-02    2.7e-07
  82000      2.51e-02    2.77e-02      6.03e-04    4.91e-04      2.22e-02    2.45e-02    2.7e-07
  83000      4.49e-02    2.51e-02      7.74e-04    4.25e-04      3.97e-02    2.22e-02    2.7e-07
  84000      3.63e-02    2.60e-02      8.54e-04    1.15e-03      3.21e-02    2.28e-02    2.7e-07
  85000      3.30e-02    3.39e-02      4.44e-04    9.84e-04      2.93e-02    2.99e-02    2.7e-07
  86000      4.34e-02    2.16e-02      1.66e-03    2.83e-04      4.00e-02    2.00e-02    1.6e-07
  87000      4.03e-02    3.03e-02      1.41e-03    8.35e-04      3.72e-02    2.80e-02    1.6e-07
  88000      3.71e-02    3.77e-02      7.41e-04    1.22e-03      3.44e-02    3.48e-02    1.6e-07
  89000      4.32e-02    2.91e-02      1.15e-03    7.83e-04      3.99e-02    2.69e-02    1.6e-07
  90000      2.16e-02    2.71e-02      3.12e-04    6.00e-04      2.00e-02    2.51e-02    1.6e-07
  91000      2.28e-02    2.75e-02      4.28e-04    5.09e-04      2.17e-02    2.63e-02    9.8e-08
  92000      3.19e-02    2.57e-02      3.69e-04    2.58e-04      3.04e-02    2.45e-02    9.8e-08
  93000      2.96e-02    2.92e-02      6.86e-04    8.40e-04      2.82e-02    2.78e-02    9.8e-08
  94000      3.97e-02    2.50e-02      1.45e-03    7.03e-04      3.77e-02    2.38e-02    9.8e-08
  95000      3.42e-02    2.68e-02      9.79e-04    7.73e-04      3.25e-02    2.55e-02    9.8e-08
  96000      2.84e-02    2.51e-02      8.92e-04    5.07e-04      2.75e-02    2.44e-02    5.9e-08
  97000      3.50e-02    2.25e-02      7.83e-04    7.63e-04      3.40e-02    2.18e-02    5.9e-08
  98000      3.54e-02    2.49e-02      9.16e-04    3.87e-04      3.43e-02    2.41e-02    5.9e-08
  99000      3.22e-02    2.56e-02      9.08e-04    6.38e-04      3.12e-02    2.48e-02    5.9e-08
 100000      4.06e-02    2.96e-02      1.69e-03    6.46e-04      3.91e-02    2.87e-02    5.9e-08
