================================================================================
BEGIN CALCULATION - 2026-04-15 11:07:55
================================================================================


         ######  ########     ###    ########   ######  
        ##    ## ##     ##   ## ##   ##     ## ##    ## 
        ##       ##     ##  ##   ##  ##     ## ##       
         ######  ########  ##     ## ########  ##       
              ## ##        ######### ##   ##   ##       
        ##    ## ##        ##     ## ##    ##  ##    ## 
         ######  ##        ##     ## ##     ##  ###### 
         --v0.2.0

[SPARC][INFO] SPARC: Smart Potential with Atomistic Rare Events & Continuous Learning
[SPARC][INFO] Version: 0.2.0

[SPARC][INFO] ================================================================================
[SPARC][INFO] Working directory: /home/rverma7/My_Program/0.3_sparc/examples/ORCA/MD/NVT
[SPARC][INFO] Configuration file: input.yaml
[SPARC][INFO] 
[SPARC][INFO] ================================================================================
[SPARC][INFO]                     YAML configuration loaded successfully!                     
[SPARC][INFO] ================================================================================
[SPARC][INFO] 
[SPARC][WARNING] WARNING: Structure has periodic cell/PBC but the calculator is non-periodic.
[SPARC][WARNING]          Removing cell and PBC. This will not affect the calculation.
[SPARC][INFO] 
[SPARC][INFO] Using structure file: ../../../AmmoniaBorate.xyz
[SPARC][INFO] WORKFLOW PARAMETERS :
[SPARC][INFO] ---------------------
[SPARC][INFO] Structure FileName/s           ../../../AmmoniaBorate.xyz
[SPARC][INFO] Number of Atoms                8
[SPARC][INFO] Chemical Formula               H6BN
[SPARC][INFO] 
[SPARC][INFO] DFT Engine                     ORCA
[SPARC][INFO] DFT Tempelate File             orca_template.inp
[SPARC][INFO] DFT Executable                 /home/rverma7/Softwares/ORCA/orca
[SPARC][INFO] 
[SPARC][INFO] Active Learning                Disabled
[SPARC][INFO] ================================================================================
[SPARC][INFO] 
[SPARC][INFO] Creating Directories for Iteration: 000000
[SPARC][INFO] ================================================================================
[SPARC][INFO] ├── iter_000000
[SPARC][INFO] │   ├── 00.dft
[SPARC][INFO] │   ├── 01.train
[SPARC][INFO] │   └── 02.dpmd
[SPARC][INFO] 
[SPARC][INFO] Setting up ORCA calculator...
[SPARC][INFO]  ORCA parallel requested (nprocs=4)
[SPARC][INFO]  mpirun: /home/prg/Softwares/openmpi-5.0.0/bin/mpirun
[SPARC][INFO]  Ensure load MPI libraries before proceeding.
[SPARC][INFO] --------------------------------------------------
[SPARC][INFO]                  ORCA CALCULATOR                  
[SPARC][INFO] --------------------------------------------------
[SPARC][INFO]  Executable           /home/rverma7/Softwares/ORCA/orca
[SPARC][INFO]  Charge, Mult         : 0, 1
[SPARC][INFO]  Simple Input         PBE 3-21G Engrad
[SPARC][INFO]  ORCA Blocks           
[SPARC][INFO]    %scf Convergence tight
[SPARC][INFO]     maxiter 300 end
[SPARC][INFO]     %pal nprocs 4 end
[SPARC][INFO] --------------------------------------------------
[SPARC][INFO] ORCA calculator setup successfully
[SPARC][INFO] ================================================================================
[SPARC][INFO]                       Ab-initio MD using NVT-Nose at 300K                       
[SPARC][INFO] MD Ensemble                    NVT
[SPARC][INFO] Temperature                    300.0 K
[SPARC][INFO] MD Thermostat                  Nose
[SPARC][INFO] Timestep                       1.00 fs
[SPARC][INFO] AIMD Steps                     250
[SPARC][INFO] Output Trajectory              AseMD.traj
[SPARC][INFO] Output Logfile                 AseMD.log
[SPARC][INFO] 
[SPARC][INFO] 
[SPARC][INFO] --------------------------------------------------------------------------------
[SPARC][INFO] Step     Epot (eV)    Ekin (eV)    Temp (K)   P (GPa)    V (Ang.^3)
[SPARC][INFO] --------------------------------------------------------------------------------
[SPARC][INFO] 0         -2245.9067      0.3102    300.00
[SPARC][INFO] 1         -2245.8909      0.2981    288.30
[SPARC][INFO] 2         -2245.9191      0.3251    314.37
[SPARC][INFO] 3         -2245.9736      0.3753    362.90
[SPARC][INFO] 4         -2245.9961      0.3978    384.74
[SPARC][INFO] 5         -2245.9860      0.3903    377.42
[SPARC][INFO] 6         -2245.9857      0.3909    378.01
[SPARC][INFO] 7         -2246.0182      0.4209    407.04
[SPARC][INFO] 8         -2246.0603      0.4582    443.07
[SPARC][INFO] 9         -2246.0616      0.4557    440.69
[SPARC][INFO] 10        -2246.0017      0.3975    384.43
[SPARC][INFO] 11        -2245.9435      0.3423    331.06
[SPARC][INFO] 12        -2245.9560      0.3482    336.68
[SPARC][INFO] 13        -2245.9773      0.3614    349.49
[SPARC][INFO] 14        -2245.9263      0.3112    300.94
[SPARC][INFO] 15        -2245.8436      0.2325    224.87
[SPARC][INFO] 16        -2245.8173      0.2067    199.93
[SPARC][INFO] 17        -2245.8791      0.2639    255.19
[SPARC][INFO] 18        -2245.9794      0.3563    344.57
[SPARC][INFO] 19        -2246.0304      0.4025    389.28
[SPARC][INFO] 20        -2246.0060      0.3814    368.80
[SPARC][INFO] 21        -2245.9931      0.3688    356.64
[SPARC][INFO] 22        -2246.0347      0.4002    387.05
[SPARC][INFO] 23        -2246.0417      0.4015    388.28
[SPARC][INFO] 24        -2245.9796      0.3399    328.69
[SPARC][INFO] 25        -2245.9073      0.2679    259.10
[SPARC][INFO] 26        -2245.8792      0.2370    229.19
[SPARC][INFO] 27        -2245.8938      0.2457    237.56
[SPARC][INFO] 28        -2245.9015      0.2481    239.91
[SPARC][INFO] 29        -2245.8717      0.2202    212.93
[SPARC][INFO] 30        -2245.8698      0.2206    213.38
[SPARC][INFO] 31        -2245.9526      0.2941    284.40
[SPARC][INFO] 32        -2246.0281      0.3614    349.45
[SPARC][INFO] 33        -2246.0215      0.3546    342.95
[SPARC][INFO] 34        -2245.9798      0.3139    303.53
[SPARC][INFO] 35        -2245.9734      0.3049    294.83
[SPARC][INFO] 36        -2246.0177      0.3420    330.74
[SPARC][INFO] 37        -2246.0645      0.3798    367.24
[SPARC][INFO] 38        -2246.0525      0.3627    350.76
[SPARC][INFO] 39        -2245.9900      0.3010    291.13
[SPARC][INFO] 40        -2245.9593      0.2673    258.46
[SPARC][INFO] 41        -2245.9797      0.2787    269.53
[SPARC][INFO] 42        -2245.9902      0.2837    274.35
[SPARC][INFO] 43        -2245.9725      0.2632    254.52
[SPARC][INFO] 44        -2245.9514      0.2391    231.19
[SPARC][INFO] 45        -2245.9490      0.2328    225.15
[SPARC][INFO] 46        -2245.9709      0.2495    241.31
[SPARC][INFO] 47        -2246.0042      0.2764    267.29
[SPARC][INFO] 48        -2246.0268      0.2932    283.53
[SPARC][INFO] 49        -2246.0359      0.2980    288.22
[SPARC][INFO] 50        -2246.0516      0.3069    296.82
[SPARC][INFO] 51        -2246.0640      0.3106    300.35
[SPARC][INFO] 52        -2246.0431      0.2837    274.36
[SPARC][INFO] 53        -2245.9949      0.2317    224.10
[SPARC][INFO] 54        -2245.9494      0.1830    177.00
[SPARC][INFO] 55        -2245.9315      0.1618    156.44
[SPARC][INFO] 56        -2245.9492      0.1745    168.77
[SPARC][INFO] 57        -2245.9847      0.2034    196.71
[SPARC][INFO] 58        -2246.0046      0.2177    210.49
[SPARC][INFO] 59        -2245.9987      0.2093    202.42
[SPARC][INFO] 60        -2246.0018      0.2096    202.68
[SPARC][INFO] 61        -2246.0388      0.2394    231.49
[SPARC][INFO] 62        -2246.0806      0.2734    264.38
[SPARC][INFO] 63        -2246.0941      0.2803    271.07
[SPARC][INFO] 64        -2246.0735      0.2551    246.71
[SPARC][INFO] 65        -2246.0405      0.2189    211.65
[SPARC][INFO] 66        -2246.0248      0.1989    192.31
[SPARC][INFO] 67        -2246.0316      0.1996    193.06
[SPARC][INFO] 68        -2246.0383      0.2010    194.37
[SPARC][INFO] 69        -2246.0304      0.1897    183.43
[SPARC][INFO] 70        -2246.0166      0.1721    166.46
[SPARC][INFO] 71        -2246.0000      0.1526    147.60
[SPARC][INFO] 72        -2245.9859      0.1365    131.98
[SPARC][INFO] 73        -2245.9822      0.1300    125.72
[SPARC][INFO] 74        -2245.9841      0.1300    125.72
[SPARC][INFO] 75        -2245.9946      0.1391    134.52
[SPARC][INFO] 76        -2246.0204      0.1621    156.73
[SPARC][INFO] 77        -2246.0506      0.1885    182.28
[SPARC][INFO] 78        -2246.0649      0.2001    193.54
[SPARC][INFO] 79        -2246.0596      0.1933    186.90
[SPARC][INFO] 80        -2246.0484      0.1813    175.29
[SPARC][INFO] 81        -2246.0509      0.1819    175.93
[SPARC][INFO] 82        -2246.0648      0.1916    185.31
[SPARC][INFO] 83        -2246.0555      0.1803    174.40
[SPARC][INFO] 84        -2246.0168      0.1429    138.21
[SPARC][INFO] 85        -2245.9845      0.1117    107.97
[SPARC][INFO] 86        -2245.9865      0.1125    108.77
[SPARC][INFO] 87        -2246.0154      0.1391    134.48
[SPARC][INFO] 88        -2246.0449      0.1669    161.39
[SPARC][INFO] 89        -2246.0565      0.1785    172.66
[SPARC][INFO] 90        -2246.0572      0.1811    175.11
[SPARC][INFO] 91        -2246.0725      0.1958    189.34
[SPARC][INFO] 92        -2246.0942      0.2154    208.34
[SPARC][INFO] 93        -2246.0913      0.2134    206.33
[SPARC][INFO] 94        -2246.0676      0.1921    185.79
[SPARC][INFO] 95        -2246.0504      0.1763    170.49
[SPARC][INFO] 96        -2246.0521      0.1780    172.14
[SPARC][INFO] 97        -2246.0618      0.1873    181.14
[SPARC][INFO] 98        -2246.0582      0.1840    177.98
[SPARC][INFO] 99        -2246.0285      0.1567    151.53
[SPARC][INFO] 100       -2245.9902      0.1224    118.41
[SPARC][INFO] 101       -2245.9825      0.1162    112.38
[SPARC][INFO] 102       -2246.0072      0.1400    135.35
[SPARC][INFO] 103       -2246.0265      0.1606    155.34
[SPARC][INFO] 104       -2246.0246      0.1630    157.62
[SPARC][INFO] 105       -2246.0206      0.1636    158.24
[SPARC][INFO] 106       -2246.0370      0.1839    177.87
[SPARC][INFO] 107       -2246.0762      0.2264    218.95
[SPARC][INFO] 108       -2246.1147      0.2688    259.94
[SPARC][INFO] 109       -2246.1183      0.2792    270.04
[SPARC][INFO] 110       -2246.0840      0.2561    247.63
[SPARC][INFO] 111       -2246.0606      0.2413    233.37
[SPARC][INFO] 112       -2246.0636      0.2484    240.20
[SPARC][INFO] 113       -2246.0427      0.2352    227.42
[SPARC][INFO] 114       -2245.9870      0.1906    184.32
[SPARC][INFO] 115       -2245.9453      0.1579    152.73
[SPARC][INFO] 116       -2245.9563      0.1746    168.86
[SPARC][INFO] 117       -2246.0083      0.2312    223.62
[SPARC][INFO] 118       -2246.0471      0.2773    268.20
[SPARC][INFO] 119       -2246.0279      0.2722    263.26
[SPARC][INFO] 120       -2245.9925      0.2536    245.27
[SPARC][INFO] 121       -2246.0200      0.2890    279.49
[SPARC][INFO] 122       -2246.0717      0.3482    336.76
[SPARC][INFO] 123       -2246.0719      0.3629    350.93
[SPARC][INFO] 124       -2246.0277      0.3345    323.49
[SPARC][INFO] 125       -2245.9898      0.3094    299.25
[SPARC][INFO] 126       -2245.9914      0.3199    309.37
[SPARC][INFO] 127       -2246.0178      0.3523    340.68
[SPARC][INFO] 128       -2246.0136      0.3561    344.39
[SPARC][INFO] 129       -2245.9630      0.3198    309.23
[SPARC][INFO] 130       -2245.9445      0.3098    299.60
[SPARC][INFO] 131       -2245.9773      0.3431    331.80
[SPARC][INFO] 132       -2245.9792      0.3510    339.40
[SPARC][INFO] 133       -2245.9354      0.3176    307.11
[SPARC][INFO] 134       -2245.9108      0.3013    291.33
[SPARC][INFO] 135       -2245.9578      0.3519    340.28
[SPARC][INFO] 136       -2246.0595      0.4535    438.51
[SPARC][INFO] 137       -2246.1348      0.5298    512.30
[SPARC][INFO] 138       -2246.1221      0.5258    508.43
[SPARC][INFO] 139       -2246.0766      0.4897    473.52
[SPARC][INFO] 140       -2246.0759      0.4882    472.11
[SPARC][INFO] 141       -2246.0810      0.4914    475.16
[SPARC][INFO] 142       -2246.0385      0.4513    436.45
[SPARC][INFO] 143       -2245.9666      0.3834    370.73
[SPARC][INFO] 144       -2245.9183      0.3375    326.40
[SPARC][INFO] 145       -2245.9281      0.3467    335.30
[SPARC][INFO] 146       -2245.9835      0.3987    385.54
[SPARC][INFO] 147       -2246.0332      0.4458    431.14
[SPARC][INFO] 148       -2246.0443      0.4586    443.45
[SPARC][INFO] 149       -2246.0471      0.4623    447.08
[SPARC][INFO] 150       -2246.0696      0.4804    464.61
[SPARC][INFO] 151       -2246.0787      0.4855    469.47
[SPARC][INFO] 152       -2246.0483      0.4540    439.02
[SPARC][INFO] 153       -2246.0008      0.4060    392.61
[SPARC][INFO] 154       -2245.9729      0.3763    363.86
[SPARC][INFO] 155       -2245.9794      0.3787    366.22
[SPARC][INFO] 156       -2246.0014      0.3950    381.96
[SPARC][INFO] 157       -2246.0006      0.3897    376.84
[SPARC][INFO] 158       -2245.9619      0.3503    338.71
[SPARC][INFO] 159       -2245.9240      0.3126    302.31
[SPARC][INFO] 160       -2245.9318      0.3165    306.07
[SPARC][INFO] 161       -2245.9707      0.3494    337.93
[SPARC][INFO] 162       -2245.9972      0.3715    359.24
[SPARC][INFO] 163       -2245.9944      0.3665    354.42
[SPARC][INFO] 164       -2245.9836      0.3543    342.67
[SPARC][INFO] 165       -2245.9988      0.3662    354.12
[SPARC][INFO] 166       -2246.0451      0.4057    392.32
[SPARC][INFO] 167       -2246.0833      0.4361    421.74
[SPARC][INFO] 168       -2246.0710      0.4193    405.45
[SPARC][INFO] 169       -2246.0168      0.3627    350.79
[SPARC][INFO] 170       -2245.9602      0.3032    293.18
[SPARC][INFO] 171       -2245.9229      0.2621    253.41
[SPARC][INFO] 172       -2245.9029      0.2382    230.38
[SPARC][INFO] 173       -2245.8912      0.2239    216.52
[SPARC][INFO] 174       -2245.8904      0.2210    213.74
[SPARC][INFO] 175       -2245.9073      0.2348    227.03
[SPARC][INFO] 176       -2245.9335      0.2573    248.82
[SPARC][INFO] 177       -2245.9536      0.2746    265.51
[SPARC][INFO] 178       -2245.9642      0.2827    273.43
[SPARC][INFO] 179       -2245.9695      0.2859    276.43
[SPARC][INFO] 180       -2245.9772      0.2911    281.48
[SPARC][INFO] 181       -2245.9882      0.2975    287.73
[SPARC][INFO] 182       -2245.9780      0.2843    274.89
[SPARC][INFO] 183       -2245.9406      0.2470    238.88
[SPARC][INFO] 184       -2245.9119      0.2184    211.20
[SPARC][INFO] 185       -2245.9221      0.2261    218.62
[SPARC][INFO] 186       -2245.9599      0.2593    250.79
[SPARC][INFO] 187       -2245.9839      0.2792    269.99
[SPARC][INFO] 188       -2245.9632      0.2582    249.68
[SPARC][INFO] 189       -2245.9233      0.2205    213.22
[SPARC][INFO] 190       -2245.9161      0.2113    204.29
[SPARC][INFO] 191       -2245.9328      0.2241    216.76
[SPARC][INFO] 192       -2245.9363      0.2273    219.78
[SPARC][INFO] 193       -2245.9324      0.2243    216.89
[SPARC][INFO] 194       -2245.9475      0.2390    231.11
[SPARC][INFO] 195       -2245.9873      0.2762    267.13
[SPARC][INFO] 196       -2246.0244      0.3100    299.78
[SPARC][INFO] 197       -2246.0238      0.3092    299.02
[SPARC][INFO] 198       -2245.9993      0.2878    278.29
[SPARC][INFO] 199       -2246.0047      0.2915    281.93
[SPARC][INFO] 200       -2246.0284      0.3100    299.77
[SPARC][INFO] 201       -2246.0097      0.2911    281.54
[SPARC][INFO] 202       -2245.9542      0.2391    231.19
[SPARC][INFO] 203       -2245.9214      0.2081    201.27
[SPARC][INFO] 204       -2245.9459      0.2305    222.93
[SPARC][INFO] 205       -2246.0000      0.2802    270.97
[SPARC][INFO] 206       -2246.0246      0.3037    293.72
[SPARC][INFO] 207       -2246.0133      0.2969    287.12
[SPARC][INFO] 208       -2246.0304      0.3143    303.98
[SPARC][INFO] 209       -2246.0832      0.3619    349.95
[SPARC][INFO] 210       -2246.1028      0.3805    367.97
[SPARC][INFO] 211       -2246.0765      0.3576    345.78
[SPARC][INFO] 212       -2246.0586      0.3416    330.35
[SPARC][INFO] 213       -2246.0882      0.3692    356.99
[SPARC][INFO] 214       -2246.1476      0.4240    410.00
[SPARC][INFO] 215       -2246.1853      0.4584    443.29
[SPARC][INFO] 216       -2246.1798      0.4537    438.79
[SPARC][INFO] 217       -2246.1761      0.4499    435.08
[SPARC][INFO] 218       -2246.2089      0.4757    460.04
[SPARC][INFO] 219       -2246.2304      0.4903    474.15
[SPARC][INFO] 220       -2246.2019      0.4594    444.29
[SPARC][INFO] 221       -2246.1570      0.4126    398.97
[SPARC][INFO] 222       -2246.1433      0.3941    381.09
[SPARC][INFO] 223       -2246.1707      0.4140    400.38
[SPARC][INFO] 224       -2246.2135      0.4477    432.99
[SPARC][INFO] 225       -2246.2378      0.4639    448.58
[SPARC][INFO] 226       -2246.2405      0.4605    445.28
[SPARC][INFO] 227       -2246.2579      0.4694    453.96
[SPARC][INFO] 228       -2246.3037      0.5012    484.71
[SPARC][INFO] 229       -2246.3340      0.5167    499.63
[SPARC][INFO] 230       -2246.3148      0.4855    469.51
[SPARC][INFO] 231       -2246.2656      0.4259    411.86
[SPARC][INFO] 232       -2246.2269      0.3767    364.26
[SPARC][INFO] 233       -2246.2237      0.3617    349.74
[SPARC][INFO] 234       -2246.2505      0.3747    362.37
[SPARC][INFO] 235       -2246.2770      0.3872    374.43
[SPARC][INFO] 236       -2246.2811      0.3797    367.19
[SPARC][INFO] 237       -2246.2803      0.3685    356.33
[SPARC][INFO] 238       -2246.3016      0.3759    363.53
[SPARC][INFO] 239       -2246.3266      0.3859    373.22
[SPARC][INFO] 240       -2246.3270      0.3745    362.15
[SPARC][INFO] 241       -2246.3158      0.3531    341.42
[SPARC][INFO] 242       -2246.3196      0.3458    334.36
[SPARC][INFO] 243       -2246.3410      0.3546    342.87
[SPARC][INFO] 244       -2246.3563      0.3572    345.46
[SPARC][INFO] 245       -2246.3410      0.3322    321.27
[SPARC][INFO] 246       -2246.3047      0.2899    280.31
[SPARC][INFO] 247       -2246.2856      0.2636    254.95
[SPARC][INFO] 248       -2246.2853      0.2542    245.80
[SPARC][INFO] 249       -2246.2669      0.2301    222.56
[SPARC][INFO] 250       -2246.2279      0.1889    182.64
[SPARC][INFO] PyTorch backend is functional
[SPARC][INFO] Detected DeePMD-kit v3 with PYTORCH backend
[SPARC][INFO] 
[SPARC][INFO] --------------------------------------------------------------------------------
[SPARC][INFO]                         ACTIVE LEARNING CYCLE : DISABLED                        
[SPARC][INFO] --------------------------------------------------------------------------------
[SPARC][INFO] ================================================================================
[SPARC][INFO] 

================================================================================
END CALCULATION - 2026-04-15 11:17:03
Total Runtime: 0:09:07.816070
================================================================================
