
========================================================================
BEGIN CALCULATION - 2026-05-26 22:34:52
========================================================================

[SPARC][INFO] 
         ######  ########     ###    ########   ######
        ##    ## ##     ##   ## ##   ##     ## ##    ##
        ##       ##     ##  ##   ##  ##     ## ##
         ######  ########  ##     ## ########  ##
              ## ##        ######### ##   ##   ##
        ##    ## ##        ##     ## ##    ##  ##    ##
         ######  ##        ##     ## ##     ##  ######
         --v0.1.0
usage: sparc [-h] [-i INPUT_FILE]

Run main SPARC workflow

options:
  -h, --help            show this help message and exit
  -i INPUT_FILE, --input_file INPUT_FILE
                        Input YAML file

========================================================================
BEGIN CALCULATION - 2026-05-26 22:37:22
========================================================================

[SPARC][INFO] 
         ######  ########     ###    ########   ######
        ##    ## ##     ##   ## ##   ##     ## ##    ##
        ##       ##     ##  ##   ##  ##     ## ##
         ######  ########  ##     ## ########  ##
              ## ##        ######### ##   ##   ##
        ##    ## ##        ##     ## ##    ##  ##    ##
         ######  ##        ##     ## ##     ##  ######
         --v0.1.0
usage: sparc [-h] [-i INPUT_FILE]

Run main SPARC workflow

options:
  -h, --help            show this help message and exit
  -i INPUT_FILE, --input_file INPUT_FILE
                        Input YAML file
