# Step   Epot       Ekin       Total      Temp   Pressure(GPa)  Volume(Å³)  
0.0      -437.854802 0.310224   -437.544578 300.00 -0.005754      1728.0000   
1.0      -437.900919 0.427283   -437.473636 413.20 -0.015915      1727.8790   
2.0      -437.948601 0.468295   -437.480306 452.86 -0.031113      1727.7575   
3.0      -437.986565 0.497896   -437.488669 481.49 -0.047456      1727.6345   
4.0      -438.009774 0.511728   -437.498046 494.86 -0.061653      1727.5098   
5.0      -438.020463 0.512688   -437.507775 495.79 -0.071370      1727.3834   
6.0      -438.025910 0.508464   -437.517446 491.71 -0.075390      1727.2558   
7.0      -438.034720 0.507672   -437.527048 490.94 -0.073467      1727.1277   
8.0      -438.053538 0.516680   -437.536858 499.65 -0.065768      1726.9998   
9.0      -438.085230 0.537854   -437.547376 520.13 -0.052734      1726.8730   
10.0     -438.128429 0.569260   -437.559168 550.50 -0.035020      1726.7479   
11.0     -438.177828 0.605126   -437.572702 585.18 -0.013384      1726.6252   
12.0     -438.225098 0.637010   -437.588088 616.02 0.010938       1726.5055   
13.0     -438.260971 0.656056   -437.604915 634.43 0.036062       1726.3889   
14.0     -438.278700 0.656403   -437.622297 634.77 0.059140       1726.2756   
15.0     -438.277536 0.638319   -437.639217 617.28 0.076335       1726.1652   
16.0     -438.263615 0.608651   -437.654964 588.59 0.083416       1726.0567   
17.0     -438.246736 0.577412   -437.669323 558.38 0.076701       1725.9489   
18.0     -438.234737 0.552241   -437.682496 534.04 0.054615       1725.8400   
19.0     -438.229445 0.534667   -437.694778 517.05 0.018418       1725.7282   
20.0     -438.227010 0.520688   -437.706322 503.53 -0.027739      1725.6120   
21.0     -438.221688 0.504647   -437.717041 488.02 -0.078119      1725.4899   
22.0     -438.210069 0.483324   -437.726745 467.39 -0.126351      1725.3616   
23.0     -438.193214 0.457983   -437.735231 442.89 -0.166651      1725.2272   
24.0     -438.176006 0.433581   -437.742425 419.29 -0.194510      1725.0878   
25.0     -438.164915 0.416422   -437.748493 402.70 -0.206963      1724.9447   
26.0     -438.165378 0.411486   -437.753891 397.93 -0.202529      1724.8000   
27.0     -438.179495 0.420183   -437.759312 406.34 -0.181089      1724.6558   
28.0     -438.204706 0.439267   -437.765439 424.79 -0.143948      1724.5144   
29.0     -438.234082 0.461427   -437.772656 446.22 -0.093516      1724.3776   
30.0     -438.258504 0.477642   -437.780861 461.90 -0.033509      1724.2471   
31.0     -438.270209 0.480713   -437.789496 464.87 0.030924       1724.1242   
32.0     -438.266305 0.468521   -437.797784 453.08 0.093421       1724.0091   
33.0     -438.250479 0.445409   -437.805070 430.73 0.146832       1723.9016   
34.0     -438.231575 0.420474   -437.811101 406.62 0.184177       1723.8005   
35.0     -438.219304 0.403172   -437.816132 389.88 0.200136       1723.7038   
36.0     -438.219334 0.398604   -437.820730 385.47 0.192117       1723.6090   
37.0     -438.230525 0.405033   -437.825492 391.68 0.160915       1723.5131   
38.0     -438.245670 0.414916   -437.830754 401.24 0.110631       1723.4135   
39.0     -438.255109 0.418674   -437.836436 404.88 0.047791       1723.3078   
40.0     -438.251091 0.409043   -437.842048 395.56 -0.020048      1723.1944   
41.0     -438.230772 0.383903   -437.846869 371.25 -0.085594      1723.0727   
42.0     -438.196877 0.346673   -437.850203 335.25 -0.142754      1722.9427   
43.0     -438.156273 0.304668   -437.851605 294.63 -0.187059      1722.8056   
44.0     -438.117434 0.266429   -437.851005 257.65 -0.215673      1722.6627   
45.0     -438.087837 0.239122   -437.848715 231.24 -0.227162      1722.5160   
46.0     -438.072026 0.226690   -437.845335 219.22 -0.221176      1722.3678   
47.0     -438.070621 0.229044   -437.841577 221.50 -0.198479      1722.2202   
48.0     -438.080341 0.242251   -437.838091 234.27 -0.160753      1722.0754   
49.0     -438.095042 0.259745   -437.835297 251.18 -0.110754      1721.9354   
50.0     -438.107636 0.274381   -437.833256 265.34 -0.052374      1721.8016   
51.0     -438.112300 0.280593   -437.831706 271.35 0.009522       1721.6750   
52.0     -438.106285 0.276113   -437.830172 267.01 0.069388       1721.5561   
53.0     -438.090730 0.262587   -437.828144 253.93 0.121499       1721.4445   
54.0     -438.070217 0.244945   -437.825273 236.87 0.160569       1721.3391   
55.0     -438.051222 0.229717   -437.821504 222.15 0.182539       1721.2384   
56.0     -438.039935 0.222825   -437.817109 215.48 0.185110       1721.1403   
57.0     -438.040147 0.227550   -437.812597 220.05 0.168148       1721.0424   
58.0     -438.051943 0.243393   -437.808550 235.37 0.133817       1720.9425   
59.0     -438.071830 0.266388   -437.805442 257.61 0.086302       1720.8386   
60.0     -438.094283 0.290775   -437.803508 281.19 0.031086       1720.7290   
61.0     -438.113940 0.311222   -437.802718 300.97 -0.025907      1720.6128   
62.0     -438.127430 0.324588   -437.802842 313.89 -0.079067      1720.4898   
63.0     -438.134151 0.330573   -437.803578 319.68 -0.123652      1720.3605   
64.0     -438.135831 0.331181   -437.804650 320.27 -0.156235      1720.2257   
65.0     -438.135241 0.329435   -437.805807 318.58 -0.174583      1720.0870   
66.0     -438.134795 0.327978   -437.806817 317.17 -0.177834      1719.9461   
67.0     -438.135909 0.328256   -437.807653 317.44 -0.166465      1719.8047   
68.0     -438.139098 0.330528   -437.808570 319.63 -0.142218      1719.6648   
69.0     -438.144284 0.334485   -437.809799 323.46 -0.108140      1719.5278   
70.0     -438.151400 0.340161   -437.811239 328.95 -0.068509      1719.3951   
71.0     -438.161344 0.348686   -437.812658 337.19 -0.028408      1719.2672   
72.0     -438.176453 0.362155   -437.814298 350.22 0.007105       1719.1443   
73.0     -438.198767 0.381956   -437.816811 369.37 0.033896       1719.0258   
74.0     -438.227094 0.406368   -437.820726 392.98 0.049533       1718.9108   
75.0     -438.255489 0.429325   -437.826164 415.18 0.053807       1718.7978   
76.0     -438.274750 0.442011   -437.832738 427.44 0.048795       1718.6856   
77.0     -438.276692 0.437108   -437.839584 422.70 0.037642       1718.5728   
78.0     -438.258970 0.413328   -437.845642 399.71 0.023671       1718.4587   
79.0     -438.227393 0.377352   -437.850041 364.92 0.009402       1718.3426   
80.0     -438.194211 0.341705   -437.852506 330.44 -0.003639      1718.2246   
81.0     -438.173195 0.319709   -437.853486 309.17 -0.014715      1718.1048   
82.0     -438.173974 0.320064   -437.853909 309.52 -0.023457      1717.9834   
83.0     -438.198202 0.343402   -437.854800 332.08 -0.029157      1717.8610   
84.0     -438.239135 0.382070   -437.857064 369.48 -0.030958      1717.7381   
85.0     -438.284456 0.423107   -437.861349 409.16 -0.028030      1717.6152   
86.0     -438.320675 0.452945   -437.867730 438.02 -0.020216      1717.4930   
87.0     -438.337429 0.462001   -437.875428 446.77 -0.008628      1717.3720   
88.0     -438.330676 0.447809   -437.882867 433.05 0.004098       1717.2524   
89.0     -438.304822 0.416084   -437.888738 402.37 0.014232       1717.1343   
90.0     -438.271722 0.378861   -437.892861 366.38 0.017817       1717.0173   
91.0     -438.245273 0.349625   -437.895648 338.10 0.011636       1716.9004   
92.0     -438.235127 0.337431   -437.897695 326.31 -0.005531      1716.7826   
93.0     -438.242648 0.343002   -437.899646 331.70 -0.032364      1716.6626   
94.0     -438.261142 0.359089   -437.902053 347.25 -0.064784      1716.5393   
95.0     -438.280139 0.374996   -437.905143 362.64 -0.097120      1716.4123   
96.0     -438.290795 0.382042   -437.908753 369.45 -0.123621      1716.2814   
97.0     -438.289078 0.376629   -437.912449 364.22 -0.139718      1716.1473   
98.0     -438.275831 0.360097   -437.915734 348.23 -0.142647      1716.0113   
99.0     -438.255196 0.336779   -437.918417 325.68 -0.131504      1715.8748   
100.0    -438.231915 0.312047   -437.919868 301.76 -0.107196      1715.7395   
101.0    -438.210872 0.290941   -437.919931 281.35 -0.071936      1715.6070   
102.0    -438.196077 0.277275   -437.918802 268.14 -0.029045      1715.4787   
103.0    -438.189899 0.272932   -437.916967 263.94 0.017416       1715.3554   
104.0    -438.192215 0.277189   -437.915026 268.05 0.063172       1715.2379   
105.0    -438.200136 0.286727   -437.913409 277.28 0.103799       1715.1259   
106.0    -438.209126 0.296865   -437.912261 287.08 0.135124       1715.0189   
107.0    -438.215413 0.303867   -437.911546 293.85 0.153451       1714.9159   
108.0    -438.217754 0.306797   -437.910958 296.69 0.155938       1714.8151   
109.0    -438.217746 0.307181   -437.910566 297.06 0.141210       1714.7147   
110.0    -438.216963 0.306578   -437.910385 296.47 0.109772       1714.6125   
111.0    -438.214530 0.304198   -437.910332 294.17 0.064447       1714.5064   
112.0    -438.207159 0.297025   -437.910134 287.24 0.010045       1714.3948   
113.0    -438.191727 0.282335   -437.909392 273.03 -0.047605      1714.2766   
114.0    -438.168015 0.260308   -437.907707 251.73 -0.102737      1714.1512   
115.0    -438.139589 0.234769   -437.904820 227.03 -0.150441      1714.0190   
116.0    -438.112574 0.211872   -437.900702 204.89 -0.186974      1713.8808   
117.0    -438.093430 0.197808   -437.895622 191.29 -0.209722      1713.7380   
118.0    -438.086768 0.196673   -437.890095 190.19 -0.217007      1713.5924   
119.0    -438.093813 0.209031   -437.884783 202.14 -0.207961      1713.4459   
120.0    -438.111735 0.231422   -437.880313 223.80 -0.182771      1713.3005   
121.0    -438.134114 0.257042   -437.877073 248.57 -0.142566      1713.1584   
122.0    -438.152675 0.277631   -437.875044 268.48 -0.089747      1713.0214   
123.0    -438.159953 0.286185   -437.873768 276.75 -0.028076      1712.8910   
124.0    -438.152328 0.279861   -437.872467 270.64 0.037273       1712.7682   
125.0    -438.132336 0.261975   -437.870361 253.34 0.099912       1712.6532   
126.0    -438.108855 0.241779   -437.867076 233.81 0.152819       1712.5458   
127.0    -438.094041 0.231114   -437.862927 223.50 0.189386       1712.4446   
128.0    -438.097426 0.238617   -437.858809 230.75 0.204732       1712.3479   
129.0    -438.120182 0.264443   -437.855738 255.73 0.196925       1712.2530   
130.0    -438.153770 0.299433   -437.854337 289.56 0.167701       1712.1574   
131.0    -438.184586 0.329988   -437.854598 319.11 0.121634       1712.0585   
132.0    -438.201274 0.345335   -437.855940 333.95 0.064858       1711.9543   
133.0    -438.199696 0.342148   -437.857548 330.87 0.003635       1711.8432   
134.0    -438.183404 0.324729   -437.858675 314.03 -0.056426      1711.7247   
135.0    -438.160793 0.301933   -437.858861 291.98 -0.110637      1711.5988   
136.0    -438.141357 0.283312   -437.858045 273.98 -0.155246      1711.4661   
137.0    -438.132706 0.276134   -437.856572 267.03 -0.187319      1711.3279   
138.0    -438.138749 0.283682   -437.855067 274.33 -0.204523      1711.1857   
139.0    -438.158902 0.304647   -437.854255 294.61 -0.205394      1711.0416   
140.0    -438.188100 0.333530   -437.854570 322.54 -0.189656      1710.8974   
141.0    -438.219031 0.362848   -437.856182 350.89 -0.158393      1710.7554   
142.0    -438.244890 0.385589   -437.859301 372.88 -0.114324      1710.6175   
143.0    -438.260967 0.397575   -437.863392 384.47 -0.062207      1710.4850   
144.0    -438.267247 0.399910   -437.867337 386.73 -0.008448      1710.3590   
145.0    -438.270139 0.399026   -437.871113 385.88 0.040310       1710.2395   
146.0    -438.277126 0.401518   -437.875608 388.29 0.078310       1710.1260   
147.0    -438.289429 0.408823   -437.880606 395.35 0.101465       1710.0171   
148.0    -438.302803 0.417179   -437.885624 403.43 0.108688       1709.9111   
149.0    -438.311781 0.420558   -437.891223 406.70 0.101746       1709.8060   
150.0    -438.311095 0.413870   -437.897224 400.23 0.083744       1709.7001   
151.0    -438.298056 0.395713   -437.902343 382.67 0.058127       1709.5920   
152.0    -438.275671 0.369843   -437.905828 357.65 0.028591       1709.4806   
153.0    -438.251123 0.342854   -437.908268 331.56 -0.001302      1709.3655   
154.0    -438.231115 0.321408   -437.909708 310.82 -0.028745      1709.2466   
155.0    -438.220689 0.310423   -437.910266 300.19 -0.051507      1709.1242   
156.0    -438.222031 0.311560   -437.910471 301.29 -0.067851      1708.9990   
157.0    -438.233194 0.322213   -437.910981 311.59 -0.076276      1708.8717   
158.0    -438.248097 0.335942   -437.912155 324.87 -0.075950      1708.7436   
159.0    -438.258833 0.344928   -437.913906 333.56 -0.067145      1708.6156   
160.0    -438.259491 0.343739   -437.915752 332.41 -0.051563      1708.4887   
161.0    -438.249497 0.332383   -437.917114 321.43 -0.032426      1708.3638   
162.0    -438.234330 0.316663   -437.917667 306.23 -0.014027      1708.2411   
163.0    -438.222684 0.305154   -437.917530 295.10 -0.000787      1708.1205   
164.0    -438.221523 0.304333   -437.917190 294.30 0.004109       1708.0014   
165.0    -438.232290 0.315092   -437.917198 304.71 -0.000415      1707.8830   
166.0    -438.250623 0.332703   -437.917920 321.74 -0.013217      1707.7641   
167.0    -438.269221 0.349827   -437.919394 338.30 -0.031315      1707.6437   
168.0    -438.281758 0.360266   -437.921492 348.39 -0.050750      1707.5213   
169.0    -438.285012 0.360981   -437.924031 349.08 -0.067587      1707.3967   
170.0    -438.278876 0.352338   -437.926538 340.73 -0.078700      1707.2700   
171.0    -438.265883 0.337433   -437.928450 326.31 -0.082082      1707.1419   
172.0    -438.250293 0.320655   -437.929639 310.09 -0.076786      1707.0133   
173.0    -438.235882 0.305797   -437.930084 295.72 -0.062897      1706.8852   
174.0    -438.224769 0.294870   -437.929898 285.15 -0.041375      1706.7587   
175.0    -438.217069 0.287810   -437.929258 278.32 -0.013908      1706.6348   
176.0    -438.211409 0.283144   -437.928265 273.81 0.016943       1706.5141   
177.0    -438.206047 0.279087   -437.926960 269.89 0.048234       1706.3971   
178.0    -438.199870 0.274525   -437.925344 265.48 0.076460       1706.2840   
179.0    -438.192779 0.269366   -437.923413 260.49 0.098010       1706.1742   
180.0    -438.185489 0.264302   -437.921188 255.59 0.109571       1706.0670   
181.0    -438.178907 0.260181   -437.918726 251.61 0.108658       1705.9611   
182.0    -438.173430 0.257313   -437.916117 248.83 0.094272       1705.8552   
183.0    -438.168562 0.255148   -437.913414 246.74 0.067018       1705.7474   
184.0    -438.163037 0.252401   -437.910636 244.08 0.029213       1705.6364   
185.0    -438.155282 0.247554   -437.907728 239.40 -0.015401      1705.5208   
186.0    -438.144124 0.239570   -437.904555 231.67 -0.062193      1705.3997   
187.0    -438.129598 0.228672   -437.900926 221.14 -0.106335      1705.2730   
188.0    -438.113499 0.216850   -437.896649 209.70 -0.143425      1705.1408   
189.0    -438.099385 0.207692   -437.891694 200.85 -0.169909      1705.0040   
190.0    -438.091711 0.205307   -437.886405 198.54 -0.183251      1704.8640   
191.0    -438.093985 0.212657   -437.881328 205.65 -0.181997      1704.7224   
192.0    -438.107057 0.230152   -437.876906 222.57 -0.165778      1704.5810   
193.0    -438.128444 0.254997   -437.873447 246.59 -0.135409      1704.4417   
194.0    -438.152716 0.281566   -437.871150 272.29 -0.092541      1704.3062   
195.0    -438.172894 0.302825   -437.870069 292.85 -0.039984      1704.1762   
196.0    -438.182552 0.312694   -437.869858 302.39 0.018308       1704.0527   
197.0    -438.178495 0.308683   -437.869813 298.51 0.077219       1703.9363   
198.0    -438.162826 0.293620   -437.869207 283.94 0.130731       1703.8270   
199.0    -438.142985 0.275352   -437.867633 266.28 0.172509       1703.7240   
200.0    -438.129251 0.264033   -437.865218 255.33 0.196800       1703.6260   
201.0    -438.130406 0.267802   -437.862604 258.98 0.199538       1703.5309   
202.0    -438.149345 0.288660   -437.860685 279.15 0.179344       1703.4361   
203.0    -438.180967 0.320765   -437.860202 310.19 0.138275       1703.3391   
204.0    -438.213989 0.352585   -437.861404 340.96 0.081457       1703.2373   
205.0    -438.236074 0.372155   -437.863919 359.89 0.015950       1703.1289   
206.0    -438.239390 0.372413   -437.866977 360.14 -0.050729      1703.0127   
207.0    -438.223623 0.353946   -437.869677 342.28 -0.111825      1702.8885   
208.0    -438.195396 0.324102   -437.871294 313.42 -0.162104      1702.7567   
209.0    -438.165139 0.293650   -437.871489 283.97 -0.197917      1702.6187   
210.0    -438.143284 0.272862   -437.870422 263.87 -0.217331      1702.4761   
211.0    -438.137179 0.268550   -437.868629 259.70 -0.219378      1702.3311   
212.0    -438.149321 0.282386   -437.866936 273.08 -0.204199      1702.1857   
213.0    -438.176949 0.310777   -437.866172 300.53 -0.173005      1702.0423   
214.0    -438.213012 0.346079   -437.866933 334.67 -0.128203      1701.9030   
215.0    -438.248337 0.378939   -437.869398 366.45 -0.073457      1701.7692   
216.0    -438.274432 0.401150   -437.873282 387.93 -0.013628      1701.6424   
217.0    -438.286189 0.408254   -437.877935 394.80 0.045447       1701.5229   
218.0    -438.283625 0.401058   -437.882568 387.84 0.097446       1701.4107   
219.0    -438.271751 0.385183   -437.886568 372.49 0.136378       1701.3046   
220.0    -438.258139 0.368382   -437.889757 356.24 0.157621       1701.2032   
221.0    -438.249168 0.356843   -437.892325 345.08 0.159151       1701.1042   
222.0    -438.247351 0.352759   -437.894592 341.13 0.141587       1701.0054   
223.0    -438.251368 0.354572   -437.896795 342.89 0.108249       1700.9044   
224.0    -438.257926 0.358790   -437.899136 346.97 0.064207       1700.7994   
225.0    -438.263712 0.362047   -437.901665 350.12 0.015335       1700.6891   
226.0    -438.266597 0.362306   -437.904291 350.37 -0.032645      1700.5729   
227.0    -438.266163 0.359333   -437.906830 347.49 -0.074780      1700.4509   
228.0    -438.263594 0.354440   -437.909154 342.76 -0.107216      1700.3239   
229.0    -438.260796 0.349493   -437.911303 337.97 -0.127587      1700.1929   
230.0    -438.259005 0.345602   -437.913404 334.21 -0.134654      1700.0594   
231.0    -438.257622 0.342158   -437.915464 330.88 -0.128497      1699.9251   
232.0    -438.254289 0.336958   -437.917331 325.85 -0.110486      1699.7915   
233.0    -438.246396 0.327628   -437.918769 316.83 -0.083243      1699.6600   
234.0    -438.233256 0.313757   -437.919499 303.42 -0.050627      1699.5317   
235.0    -438.218000 0.298708   -437.919292 288.86 -0.017508      1699.4073   
236.0    -438.207784 0.289528   -437.918257 279.99 0.010842       1699.2868   
237.0    -438.210793 0.293775   -437.917018 284.09 0.029931       1699.1697   
238.0    -438.230857 0.314349   -437.916508 303.99 0.037325       1699.0549   
239.0    -438.263309 0.345814   -437.917495 334.42 0.033309       1698.9412   
240.0    -438.295882 0.375731   -437.920151 363.35 0.020844       1698.8272   
241.0    -438.314714 0.390757   -437.923957 377.88 0.004349       1698.7119   
242.0    -438.311399 0.383475   -437.927924 370.84 -0.011865      1698.5948   
243.0    -438.286843 0.355842   -437.931001 344.11 -0.024847      1698.4756   
244.0    -438.250501 0.318052   -437.932449 307.57 -0.033227      1698.3547   
245.0    -438.216070 0.283935   -437.932134 274.58 -0.037015      1698.2325   
246.0    -438.195786 0.265236   -437.930551 256.49 -0.036779      1698.1097   
247.0    -438.195555 0.266961   -437.928594 258.16 -0.033116      1697.9867   
248.0    -438.212700 0.285551   -437.927149 276.14 -0.026157      1697.8642   
249.0    -438.237254 0.310555   -437.926699 300.32 -0.015970      1697.7427   
250.0    -438.256265 0.328980   -437.927285 318.14 -0.002516      1697.6225   
251.0    -438.258947 0.330427   -437.928521 319.54 0.013463       1697.5042   
252.0    -438.240438 0.310863   -437.929575 300.62 0.030120       1697.3878   
253.0    -438.203344 0.274234   -437.929111 265.20 0.044383       1697.2733   
254.0    -438.157360 0.231138   -437.926222 223.52 0.052548       1697.1602   
255.0    -438.116064 0.194781   -437.921283 188.36 0.051272       1697.0478   
256.0    -438.090723 0.175617   -437.915107 169.83 0.038597       1696.9350   
257.0    -438.085867 0.177264   -437.908602 171.42 0.014604       1696.8206   
258.0    -438.098208 0.195665   -437.902543 189.22 -0.018085      1696.7033   
259.0    -438.119305 0.221892   -437.897413 214.58 -0.054855      1696.5822   
260.0    -438.140224 0.246846   -437.893377 238.71 -0.090338      1696.4568   
261.0    -438.155136 0.264804   -437.890332 256.08 -0.119613      1696.3274   
262.0    -438.162333 0.274326   -437.888007 265.29 -0.138969      1696.1946   
263.0    -438.163287 0.277211   -437.886077 268.07 -0.146180      1696.0595   
264.0    -438.161150 0.276874   -437.884276 267.75 -0.140451      1695.9236   
265.0    -438.159520 0.277039   -437.882482 267.91 -0.122223      1695.7884   
266.0    -438.161559 0.280779   -437.880780 271.53 -0.093172      1695.6554   
267.0    -438.169063 0.289654   -437.879409 280.11 -0.055601      1695.5259   
268.0    -438.181474 0.302824   -437.878650 292.84 -0.012489      1695.4010   
269.0    -438.195437 0.316797   -437.878640 306.36 0.032758       1695.2814   
270.0    -438.205873 0.326643   -437.879230 315.88 0.076360       1695.1674   
271.0    -438.208714 0.328701   -437.880013 317.87 0.114166       1695.0587   
272.0    -438.203814 0.323257   -437.880557 312.60 0.141774       1694.9546   
273.0    -438.195627 0.314942   -437.880685 304.56 0.155028       1694.8538   
274.0    -438.190503 0.309929   -437.880573 299.72 0.150915       1694.7545   
275.0    -438.192268 0.311680   -437.880588 301.41 0.128531       1694.6547   
276.0    -438.199462 0.318461   -437.881001 307.97 0.089693       1694.5522   
277.0    -438.206420 0.324621   -437.881799 313.92 0.038731       1694.4451   
278.0    -438.207232 0.324547   -437.882685 313.85 -0.018629      1694.3319   
279.0    -438.199584 0.316324   -437.883260 305.90 -0.076258      1694.2118   
280.0    -438.186113 0.302896   -437.883217 292.91 -0.128585      1694.0848   
281.0    -438.173045 0.290549   -437.882496 280.97 -0.171041      1693.9513   
282.0    -438.167408 0.286074   -437.881333 276.65 -0.200066      1693.8127   
283.0    -438.174216 0.293959   -437.880257 284.27 -0.213305      1693.6706   
284.0    -438.194465 0.314547   -437.879918 304.18 -0.209286      1693.5269   
285.0    -438.224377 0.343516   -437.880861 332.19 -0.187665      1693.3839   
286.0    -438.256282 0.372987   -437.883295 360.69 -0.149435      1693.2437   
287.0    -438.281226 0.394237   -437.886990 381.24 -0.097235      1693.1083   
288.0    -438.292601 0.401246   -437.891356 388.02 -0.035450      1692.9793   
289.0    -438.289135 0.393509   -437.895626 380.54 0.029790       1692.8579   
290.0    -438.275943 0.376772   -437.899171 364.36 0.091074       1692.7442   
291.0    -438.262672 0.360849   -437.901823 348.96 0.140754       1692.6378   
292.0    -438.258859 0.354917   -437.903941 343.22 0.172380       1692.5373   
293.0    -438.268901 0.362734   -437.906167 350.78 0.182023       1692.4405   
294.0    -438.289870 0.380778   -437.909092 368.23 0.169365       1692.3449   
295.0    -438.313476 0.400475   -437.913001 387.28 0.137180       1692.2480   
296.0    -438.330576 0.412893   -437.917683 399.29 0.090519       1692.1473   
297.0    -438.335394 0.412777   -437.922617 399.17 0.035457       1692.0412   
298.0    -438.327540 0.400295   -437.927245 387.10 -0.021862      1691.9284   
299.0    -438.311220 0.380053   -437.931167 367.53 -0.075908      1691.8086   
300.0    -438.292815 0.358653   -437.934162 346.83 -0.122080      1691.6823   
301.0    -438.278388 0.342125   -437.936262 330.85 -0.156743      1691.5502   
302.0    -438.271704 0.333935   -437.937769 322.93 -0.177326      1691.4139   
303.0    -438.273105 0.334009   -437.939096 323.00 -0.182460      1691.2750   
304.0    -438.279532 0.338945   -437.940587 327.77 -0.171763      1691.1355   
305.0    -438.285814 0.343465   -437.942350 332.15 -0.146386      1690.9974   
306.0    -438.286951 0.342750   -437.944201 331.45 -0.109062      1690.8624   
307.0    -438.280572 0.334783   -437.945789 323.75 -0.064082      1690.7318   
308.0    -438.268281 0.321514   -437.946767 310.92 -0.016901      1690.6066   
309.0    -438.255026 0.308022   -437.947003 297.87 0.026617       1690.4870   
310.0    -438.246576 0.299910   -437.946666 290.03 0.061209       1690.3725   
311.0    -438.246478 0.300330   -437.946149 290.43 0.083411       1690.2621   
312.0    -438.254318 0.308462   -437.945856 298.30 0.091746       1690.1544   
313.0    -438.266158 0.320093   -437.946065 309.54 0.086913       1690.0477   
314.0    -438.276697 0.329900   -437.946796 319.03 0.071387       1689.9406   
315.0    -438.281828 0.333987   -437.947840 322.98 0.048560       1689.8317   
316.0    -438.280413 0.331540   -437.948873 320.61 0.021990       1689.7200   
317.0    -438.274647 0.325023   -437.949624 314.31 -0.005143      1689.6052   
318.0    -438.268925 0.318900   -437.950024 308.39 -0.030273      1689.4871   
319.0    -438.267774 0.317470   -437.950304 307.01 -0.051427      1689.3659   
320.0    -438.273599 0.322790   -437.950809 312.15 -0.067108      1689.2422   
321.0    -438.285427 0.333640   -437.951786 322.64 -0.076152      1689.1167   
322.0    -438.299273 0.345889   -437.953385 334.49 -0.078205      1688.9902   
323.0    -438.309542 0.354064   -437.955478 342.40 -0.073241      1688.8635   
324.0    -438.311255 0.353501   -437.957754 341.85 -0.062204      1688.7375   
325.0    -438.301999 0.342227   -437.959772 330.95 -0.047006      1688.6128   
326.0    -438.282908 0.321846   -437.961062 311.24 -0.030410      1688.4898   
327.0    -438.258347 0.297076   -437.961271 287.29 -0.015627      1688.3687   
328.0    -438.234393 0.274103   -437.960290 265.07 -0.005755      1688.2492   
329.0    -438.216733 0.258400   -437.958333 249.88 -0.002907      1688.1308   
330.0    -438.208750 0.252904   -437.955846 244.57 -0.007961      1688.0126   
331.0    -438.210528 0.257179   -437.953348 248.70 -0.020136      1687.8937   
332.0    -438.218936 0.267776   -437.951160 258.95 -0.037183      1687.7734   
333.0    -438.229147 0.279776   -437.949371 270.56 -0.055890      1687.6512   
334.0    -438.236759 0.288821   -437.947937 279.30 -0.072776      1687.5268   
335.0    -438.239392 0.292642   -437.946749 283.00 -0.084789      1687.4005   
336.0    -438.237169 0.291520   -437.945650 281.91 -0.089807      1687.2727   
337.0    -438.232292 0.287817   -437.944476 278.33 -0.086842      1687.1444   
338.0    -438.228149 0.284995   -437.943154 275.60 -0.075969      1687.0164   
339.0    -438.228268 0.286496   -437.941772 277.05 -0.058261      1686.8897   
340.0    -438.235262 0.294674   -437.940589 284.96 -0.035490      1686.7651   
341.0    -438.249922 0.309954   -437.939968 299.74 -0.009858      1686.6434   
342.0    -438.270774 0.330526   -437.940248 319.63 0.016052       1686.5248   
343.0    -438.294458 0.352836   -437.941622 341.21 0.039510       1686.4095   
344.0    -438.316947 0.372878   -437.944069 360.59 0.057735       1686.2971   
345.0    -438.335128 0.387751   -437.947377 374.97 0.068060       1686.1871   
346.0    -438.347985 0.396752   -437.951233 383.68 0.068192       1686.0785   
347.0    -438.356773 0.401391   -437.955382 388.16 0.056621       1685.9699   
348.0    -438.363928 0.404186   -437.959743 390.86 0.033057       1685.8600   
349.0    -438.371189 0.406819   -437.964370 393.41 -0.001114      1685.7473   
350.0    -438.378188 0.408891   -437.969297 395.42 -0.042732      1685.6305   
351.0    -438.382732 0.408354   -437.974378 394.90 -0.087353      1685.5088   
352.0    -438.382695 0.403332   -437.979363 390.04 -0.130027      1685.3817   
353.0    -438.378118 0.394142   -437.983977 381.15 -0.166001      1685.2495   
354.0    -438.371899 0.383828   -437.988072 371.18 -0.191496      1685.1130   
355.0    -438.368611 0.376901   -437.991710 364.48 -0.203968      1684.9733   
356.0    -438.372286 0.377126   -437.995161 364.70 -0.202050      1684.8321   
357.0    -438.384367 0.385550   -437.998818 372.84 -0.185586      1684.6912   
358.0    -438.402728 0.399667   -438.003061 386.50 -0.155545      1684.5523   
359.0    -438.422130 0.414076   -438.008054 400.43 -0.113639      1684.4170   
360.0    -438.435954 0.422290   -438.013664 408.37 -0.062884      1684.2870   
361.0    -438.438677 0.419249   -438.019428 405.43 -0.007412      1684.1630   
362.0    -438.428282 0.403591   -438.024691 390.29 0.047566       1684.0457   
363.0    -438.407700 0.378853   -438.028847 366.37 0.096093       1683.9348   
364.0    -438.384505 0.352911   -438.031594 341.28 0.132121       1683.8296   
365.0    -438.368483 0.335326   -438.033157 324.27 0.150468       1683.7285   
366.0    -438.367462 0.333215   -438.034247 322.23 0.147765       1683.6295   
367.0    -438.383103 0.347336   -438.035767 335.89 0.124078       1683.5301   
368.0    -438.409315 0.370948   -438.038367 358.72 0.082294       1683.4280   
369.0    -438.434945 0.392779   -438.042166 379.83 0.028172       1683.3211   
370.0    -438.449419 0.402662   -438.046757 389.39 -0.031260      1683.2079   
371.0    -438.447703 0.396269   -438.051433 383.21 -0.089155      1683.0877   
372.0    -438.431914 0.376433   -438.055481 364.03 -0.139882      1682.9605   
373.0    -438.409549 0.351113   -438.058435 339.54 -0.179430      1682.8272   
374.0    -438.390000 0.329773   -438.060227 318.91 -0.205328      1682.6889   
375.0    -438.381135 0.319922   -438.061213 309.38 -0.216208      1682.5474   
376.0    -438.386871 0.324841   -438.062029 314.14 -0.212149      1682.4046   
377.0    -438.406186 0.342821   -438.063365 331.52 -0.193761      1682.2622   
378.0    -438.433634 0.367888   -438.065746 355.76 -0.162612      1682.1222   
379.0    -438.461236 0.391901   -438.069335 378.99 -0.121347      1681.9861   
380.0    -438.481349 0.407462   -438.073887 394.03 -0.073715      1681.8551   
381.0    -438.489523 0.410659   -438.078863 397.13 -0.024433      1681.7300   
382.0    -438.486086 0.402400   -438.083686 389.14 0.021179       1681.6107   
383.0    -438.475371 0.387395   -438.087976 374.63 0.057885       1681.4969   
384.0    -438.462745 0.371113   -438.091631 358.88 0.081925       1681.3873   
385.0    -438.451369 0.356707   -438.094662 344.95 0.091180       1681.2805   
386.0    -438.441076 0.344007   -438.097069 332.67 0.085872       1681.1747   
387.0    -438.429998 0.331217   -438.098782 320.30 0.068116       1681.0682   
388.0    -438.417115 0.317382   -438.099734 306.92 0.041172       1680.9595   
389.0    -438.403473 0.303538   -438.099934 293.53 0.008739       1680.8474   
390.0    -438.391524 0.292034   -438.099490 282.41 -0.025498      1680.7314   
391.0    -438.383655 0.285070   -438.098585 275.67 -0.058098      1680.6113   
392.0    -438.381083 0.283631   -438.097452 274.28 -0.086042      1680.4872   
393.0    -438.383541 0.287199   -438.096343 277.73 -0.106638      1680.3598   
394.0    -438.389472 0.294001   -438.095470 284.31 -0.118359      1680.2300   
395.0    -438.396428 0.301466   -438.094961 291.53 -0.120262      1680.0988   
396.0    -438.401624 0.306832   -438.094792 296.72 -0.112553      1679.9675   
397.0    -438.402845 0.308072   -438.094773 297.92 -0.096657      1679.8371   
398.0    -438.399707 0.305086   -438.094621 295.03 -0.075184      1679.7086   
399.0    -438.394703 0.300580   -438.094123 290.67 -0.051724      1679.5827   
400.0    -438.392986 0.299648   -438.093337 289.77 -0.030329      1679.4596   
401.0    -438.400127 0.307457   -438.092670 297.32 -0.014679      1679.3390   
402.0    -438.418578 0.325852   -438.092726 315.11 -0.007188      1679.2204   
403.0    -438.445199 0.351205   -438.093994 339.63 -0.008121      1679.1027   
404.0    -438.472055 0.375461   -438.096594 363.09 -0.015931      1678.9852   
405.0    -438.490149 0.389921   -438.100227 377.07 -0.027829      1678.8669   
406.0    -438.493589 0.389300   -438.104289 376.47 -0.040691      1678.7473   
407.0    -438.481852 0.373785   -438.108067 361.47 -0.051900      1678.6262   
408.0    -438.459524 0.348576   -438.110948 337.09 -0.059719      1678.5037   
409.0    -438.434222 0.321660   -438.112562 311.06 -0.063307      1678.3800   
410.0    -438.413801 0.300930   -438.112871 291.01 -0.062481      1678.2558   
411.0    -438.403846 0.291589   -438.112257 281.98 -0.057405      1678.1314   
412.0    -438.405824 0.294406   -438.111418 284.70 -0.048073      1678.0077   
413.0    -438.416416 0.305418   -438.110998 295.35 -0.034905      1677.8851   
414.0    -438.428755 0.317464   -438.111292 307.00 -0.018332      1677.7641   
415.0    -438.435285 0.323189   -438.112096 312.54 0.000526       1677.6452   
416.0    -438.431231 0.318396   -438.112835 307.90 0.019657       1677.5286   
417.0    -438.417077 0.304165   -438.112912 294.14 0.036172       1677.4143   
418.0    -438.398496 0.286469   -438.112027 277.03 0.046714       1677.3018   
419.0    -438.383590 0.273285   -438.110305 264.28 0.048230       1677.1904   
420.0    -438.378898 0.270666   -438.108233 261.75 0.038927       1677.0792   
421.0    -438.386475 0.280067   -438.106408 270.84 0.018568       1676.9668   
422.0    -438.403665 0.298359   -438.105306 288.53 -0.010672      1676.8521   
423.0    -438.425292 0.320114   -438.105178 309.56 -0.045358      1676.7340   
424.0    -438.446416 0.340375   -438.106040 329.16 -0.081190      1676.6120   
425.0    -438.464148 0.356408   -438.107740 344.66 -0.113850      1676.4859   
426.0    -438.478115 0.368052   -438.110063 355.92 -0.139582      1676.3560   
427.0    -438.489867 0.377001   -438.112866 364.58 -0.155558      1676.2231   
428.0    -438.501744 0.385631   -438.116113 372.92 -0.160066      1676.0884   
429.0    -438.515736 0.395872   -438.119864 382.83 -0.152549      1675.9533   
430.0    -438.532686 0.408458   -438.124229 395.00 -0.133474      1675.8191   
431.0    -438.551995 0.422680   -438.129314 408.75 -0.104589      1675.6873   
432.0    -438.571884 0.436721   -438.135163 422.33 -0.068428      1675.5591   
433.0    -438.590104 0.448398   -438.141706 433.62 -0.028405      1675.4352   
434.0    -438.604851 0.456077   -438.148774 441.05 0.011382       1675.3162   
435.0    -438.615485 0.459336   -438.156149 444.20 0.046495       1675.2020   
436.0    -438.622641 0.459015   -438.163626 443.89 0.072641       1675.0921   
437.0    -438.627676 0.456626   -438.171050 441.58 0.086343       1674.9852   
438.0    -438.631890 0.453618   -438.178272 438.67 0.085120       1674.8799   
439.0    -438.636115 0.450817   -438.185298 435.96 0.068711       1674.7745   
440.0    -438.640593 0.448374   -438.192219 433.60 0.038403       1674.6672   
441.0    -438.644906 0.445807   -438.199099 431.12 -0.002772      1674.5562   
442.0    -438.648275 0.442369   -438.205906 427.79 -0.050534      1674.4403   
443.0    -438.650206 0.437662   -438.212544 423.24 -0.099954      1674.3187   
444.0    -438.651182 0.432266   -438.218915 418.02 -0.146100      1674.1912   
445.0    -438.652930 0.427931   -438.224999 413.83 -0.184604      1674.0582   
446.0    -438.657982 0.427082   -438.230899 413.01 -0.212060      1673.9206   
447.0    -438.668704 0.431856   -438.236848 417.62 -0.226236      1673.7798   
448.0    -438.686295 0.443133   -438.243162 428.53 -0.226138      1673.6373   
449.0    -438.710238 0.460090   -438.250149 444.93 -0.212108      1673.4949   
450.0    -438.738495 0.480473   -438.258022 464.64 -0.185660      1673.3543   
451.0    -438.768394 0.501545   -438.266849 485.02 -0.149598      1673.2170   
452.0    -438.797801 0.521212   -438.276589 504.03 -0.107751      1673.0842   
453.0    -438.825980 0.538820   -438.287160 521.06 -0.064695      1672.9565   
454.0    -438.853736 0.555207   -438.298530 536.91 -0.025235      1672.8340   
455.0    -438.882787 0.572072   -438.310714 553.22 0.005852       1672.7163   
456.0    -438.914697 0.590871   -438.323826 571.40 0.025308       1672.6025   
457.0    -438.949944 0.612018   -438.337926 591.85 0.030648       1672.4912   
458.0    -438.987534 0.634418   -438.353116 613.51 0.021585       1672.3806   
459.0    -439.025162 0.655799   -438.369363 634.19 -0.000411      1672.2691   
460.0    -439.060355 0.673459   -438.386896 651.26 -0.032339      1672.1552   
461.0    -439.090444 0.685124   -438.405319 662.55 -0.070504      1672.0376   
462.0    -439.114403 0.690460   -438.423942 667.71 -0.110963      1671.9155   
463.0    -439.134207 0.691429   -438.442779 668.64 -0.149761      1671.7888   
464.0    -439.152727 0.690786   -438.461941 668.02 -0.183519      1671.6574   
465.0    -439.171911 0.690688   -438.481223 667.92 -0.209766      1671.5220   
466.0    -439.192889 0.692468   -438.500421 669.65 -0.226941      1671.3836   
467.0    -439.216464 0.696733   -438.519731 673.77 -0.233684      1671.2431   
468.0    -439.242159 0.702823   -438.539335 679.66 -0.230467      1671.1019   
469.0    -439.268489 0.709200   -438.559290 685.83 -0.218023      1670.9611   
470.0    -439.293737 0.714200   -438.579538 690.66 -0.198067      1670.8218   
471.0    -439.316586 0.716646   -438.599940 693.03 -0.173039      1670.6849   
472.0    -439.336642 0.716304   -438.620338 692.70 -0.145842      1670.5511   
473.0    -439.354769 0.714164   -438.640605 690.63 -0.119805      1670.4204   
474.0    -439.372943 0.712212   -438.660731 688.74 -0.097584      1670.2929   
475.0    -439.393424 0.712613   -438.680811 689.13 -0.081618      1670.1680   
476.0    -439.417588 0.716581   -438.701007 692.97 -0.073301      1670.0450   
477.0    -439.445053 0.723542   -438.721511 699.70 -0.072786      1669.9230   
478.0    -439.473674 0.731242   -438.742432 707.14 -0.079146      1669.8011   
479.0    -439.500606 0.736876   -438.763730 712.59 -0.090670      1669.6786   
480.0    -439.523724 0.738466   -438.785258 714.13 -0.105291      1669.5547   
481.0    -439.542466 0.735687   -438.806778 711.44 -0.121022      1669.4291   
482.0    -439.557990 0.729997   -438.827993 705.94 -0.136214      1669.3017   
483.0    -439.573042 0.724200   -438.848843 700.33 -0.149546      1669.1724   
484.0    -439.590541 0.721029   -438.869513 697.27 -0.160047      1669.0415   
485.0    -439.612148 0.721963   -438.890185 698.17 -0.167078      1668.9094   
486.0    -439.637806 0.726753   -438.911053 702.80 -0.170064      1668.7764   
487.0    -439.665902 0.733674   -438.932228 709.49 -0.169250      1668.6431   
488.0    -439.693961 0.740230   -438.953731 715.84 -0.164634      1668.5100   
489.0    -439.719653 0.744184   -438.975469 719.66 -0.156742      1668.3775   
490.0    -439.741781 0.744518   -438.997263 719.98 -0.146590      1668.2459   
491.0    -439.760918 0.741993   -439.018925 717.54 -0.135621      1668.1156   
492.0    -439.779410 0.739058   -439.040352 714.70 -0.125579      1667.9865   
493.0    -439.800628 0.739005   -439.061623 714.65 -0.118076      1667.8587   
494.0    -439.827692 0.744706   -439.082986 720.16 -0.114074      1667.7317   
495.0    -439.862211 0.757433   -439.104778 732.47 -0.114056      1667.6053   
496.0    -439.903664 0.776322   -439.127341 750.74 -0.117539      1667.4790   
497.0    -439.949723 0.798791   -439.150932 772.47 -0.123261      1667.3524   
498.0    -439.997296 0.821623   -439.175674 794.54 -0.129468      1667.2253   
499.0    -440.043683 0.842141   -439.201542 814.39 -0.134328      1667.0976   
500.0    -440.087313 0.858946   -439.228367 830.64 -0.136279      1666.9695   
