# Step   Epot       Ekin       Total      Temp   Pressure(GPa)  Volume(Å³)  
0.0      -437.854802 0.000000   -437.854802 0.00   -0.005754      1728.0000   
1.0      -437.870759 0.015660   -437.855098 15.14  -0.009611      1728.0000   
2.0      -437.914029 0.058177   -437.855852 56.26  -0.020231      1728.0000   
3.0      -437.972845 0.116092   -437.856752 112.27 -0.034672      1728.0000   
4.0      -438.033093 0.175603   -437.857490 169.82 -0.049255      1728.0000   
5.0      -438.083240 0.225354   -437.857886 217.93 -0.060469      1728.0000   
6.0      -438.117319 0.259422   -437.857897 250.87 -0.065712      1728.0000   
7.0      -438.135574 0.277990   -437.857584 268.83 -0.063979      1728.0000   
8.0      -438.143335 0.286260   -437.857075 276.83 -0.055422      1728.0000   
9.0      -438.148808 0.292262   -437.856546 282.63 -0.041323      1728.0000   
10.0     -438.160221 0.304032   -437.856189 294.01 -0.023410      1728.0000   
11.0     -438.182777 0.326612   -437.856166 315.85 -0.003546      1728.0000   
12.0     -438.216237 0.359716   -437.856522 347.86 0.016799       1728.0000   
13.0     -438.254304 0.397161   -437.857144 384.07 0.036557       1728.0000   
14.0     -438.286613 0.428828   -437.857785 414.69 0.054787       1728.0000   
15.0     -438.302989 0.444824   -437.858164 430.16 0.070159       1728.0000   
16.0     -438.298283 0.440182   -437.858101 425.68 0.080505       1728.0000   
17.0     -438.275214 0.417595   -437.857619 403.83 0.082818       1728.0000   
18.0     -438.243196 0.386276   -437.856920 373.55 0.073938       1728.0000   
19.0     -438.213520 0.357181   -437.856339 345.41 0.051810       1728.0000   
20.0     -438.193479 0.337275   -437.856204 326.16 0.016668       1728.0000   
21.0     -438.183312 0.326831   -437.856480 316.06 -0.028547      1728.0000   
22.0     -438.178189 0.321343   -437.856846 310.75 -0.078674      1728.0000   
23.0     -438.172963 0.315980   -437.856983 305.57 -0.127598      1728.0000   
24.0     -438.166014 0.309212   -437.856803 299.02 -0.169271      1728.0000   
25.0     -438.159992 0.303498   -437.856494 293.50 -0.198723      1728.0000   
26.0     -438.159725 0.303427   -437.856298 293.43 -0.212452      1728.0000   
27.0     -438.169232 0.312908   -437.856323 302.60 -0.208516      1728.0000   
28.0     -438.189449 0.332925   -437.856524 321.95 -0.186454      1728.0000   
29.0     -438.217479 0.360654   -437.856825 348.77 -0.147234      1728.0000   
30.0     -438.247268 0.390055   -437.857212 377.20 -0.093156      1728.0000   
31.0     -438.271428 0.413873   -437.857555 400.23 -0.028231      1728.0000   
32.0     -438.284147 0.426511   -437.857636 412.45 0.041931       1728.0000   
33.0     -438.284129 0.426766   -437.857363 412.70 0.110253       1728.0000   
34.0     -438.275920 0.419057   -437.856863 405.25 0.168741       1728.0000   
35.0     -438.268413 0.412031   -437.856383 398.45 0.209529       1728.0000   
36.0     -438.270606 0.414477   -437.856129 400.82 0.226371       1728.0000   
37.0     -438.286543 0.430292   -437.856251 416.11 0.216223       1728.0000   
38.0     -438.312157 0.455309   -437.856848 440.30 0.180091       1728.0000   
39.0     -438.336295 0.478617   -437.857678 462.84 0.122808       1728.0000   
40.0     -438.345953 0.487642   -437.858311 471.57 0.051778       1728.0000   
41.0     -438.332408 0.474006   -437.858402 458.38 -0.024621      1728.0000   
42.0     -438.294850 0.436904   -437.857946 422.51 -0.098459      1728.0000   
43.0     -438.240043 0.382843   -437.857200 370.23 -0.163188      1728.0000   
44.0     -438.179220 0.322809   -437.856411 312.17 -0.214013      1728.0000   
45.0     -438.124322 0.268527   -437.855795 259.68 -0.247799      1728.0000   
46.0     -438.084603 0.229045   -437.855559 221.50 -0.262803      1728.0000   
47.0     -438.064241 0.208467   -437.855774 201.60 -0.258433      1728.0000   
48.0     -438.061537 0.205212   -437.856325 198.45 -0.235107      1728.0000   
49.0     -438.069771 0.212778   -437.856992 205.77 -0.194244      1728.0000   
50.0     -438.079395 0.221831   -437.857564 214.52 -0.138432      1728.0000   
51.0     -438.081085 0.223189   -437.857896 215.83 -0.071452      1728.0000   
52.0     -438.068960 0.211097   -437.857863 204.14 0.001350       1728.0000   
53.0     -438.042994 0.185547   -437.857447 179.43 0.073498       1728.0000   
54.0     -438.009375 0.152594   -437.856781 147.56 0.137908       1728.0000   
55.0     -437.978289 0.122171   -437.856118 118.14 0.187935       1728.0000   
56.0     -437.959933 0.104228   -437.855704 100.79 0.218213       1728.0000   
57.0     -437.960591 0.104920   -437.855671 101.46 0.226038       1728.0000   
58.0     -437.980564 0.124582   -437.855983 120.48 0.211314       1728.0000   
59.0     -438.014626 0.158138   -437.856488 152.93 0.176568       1728.0000   
60.0     -438.054416 0.197418   -437.856998 190.91 0.126300       1728.0000   
61.0     -438.091476 0.234115   -437.857360 226.40 0.066139       1728.0000   
62.0     -438.119686 0.262184   -437.857502 253.54 0.002039       1728.0000   
63.0     -438.136457 0.279028   -437.857429 269.83 -0.060345      1728.0000   
64.0     -438.142622 0.285413   -437.857209 276.01 -0.116062      1728.0000   
65.0     -438.141372 0.284430   -437.856942 275.06 -0.161061      1728.0000   
66.0     -438.136716 0.279983   -437.856733 270.76 -0.192443      1728.0000   
67.0     -438.131999 0.275345   -437.856654 266.27 -0.208203      1728.0000   
68.0     -438.128928 0.272204   -437.856724 263.23 -0.207638      1728.0000   
69.0     -438.127448 0.270559   -437.856889 261.64 -0.191290      1728.0000   
70.0     -438.126536 0.269523   -437.857012 260.64 -0.161109      1728.0000   
71.0     -438.125623 0.268699   -437.856924 259.84 -0.120488      1728.0000   
72.0     -438.125953 0.269300   -437.856653 260.42 -0.074018      1728.0000   
73.0     -438.130390 0.273978   -437.856412 264.95 -0.026962      1728.0000   
74.0     -438.141543 0.285203   -437.856340 275.80 0.015553       1728.0000   
75.0     -438.159558 0.303037   -437.856521 293.05 0.049526       1728.0000   
76.0     -438.180764 0.323754   -437.857010 313.08 0.072783       1728.0000   
77.0     -438.198299 0.340691   -437.857608 329.46 0.085058       1728.0000   
78.0     -438.205290 0.347412   -437.857879 335.96 0.087570       1728.0000   
79.0     -438.199080 0.341530   -437.857550 330.27 0.082203       1728.0000   
80.0     -438.183698 0.326878   -437.856820 316.11 0.070895       1728.0000   
81.0     -438.168660 0.312495   -437.856165 302.20 0.055319       1728.0000   
82.0     -438.164852 0.309016   -437.855836 298.83 0.036796       1728.0000   
83.0     -438.180045 0.324187   -437.855858 313.50 0.016554       1728.0000   
84.0     -438.215808 0.359665   -437.856143 347.81 -0.003346      1728.0000   
85.0     -438.266626 0.409901   -437.856726 396.39 -0.021366      1728.0000   
86.0     -438.321160 0.463646   -437.857514 448.37 -0.035092      1728.0000   
87.0     -438.365677 0.507453   -437.858224 490.73 -0.043129      1728.0000   
88.0     -438.388496 0.529987   -437.858509 512.52 -0.045193      1728.0000   
89.0     -438.384122 0.525871   -437.858251 508.54 -0.042544      1728.0000   
90.0     -438.355293 0.497682   -437.857612 481.28 -0.037961      1728.0000   
91.0     -438.312107 0.455276   -437.856831 440.27 -0.035219      1728.0000   
92.0     -438.268476 0.412324   -437.856152 398.74 -0.038021      1728.0000   
93.0     -438.236826 0.381094   -437.855732 368.53 -0.048674      1728.0000   
94.0     -438.223498 0.367736   -437.855763 355.62 -0.067126      1728.0000   
95.0     -438.226549 0.370323   -437.856226 358.12 -0.090636      1728.0000   
96.0     -438.237726 0.380920   -437.856805 368.37 -0.114613      1728.0000   
97.0     -438.247274 0.390021   -437.857253 377.17 -0.133771      1728.0000   
98.0     -438.248042 0.390531   -437.857511 377.66 -0.143440      1728.0000   
99.0     -438.237104 0.379573   -437.857531 367.06 -0.140523      1728.0000   
100.0    -438.215475 0.358204   -437.857271 346.40 -0.123872      1728.0000   
