================================================================================
BEGIN CALCULATION - 2026-04-15 11:30:36
================================================================================


         ######  ########     ###    ########   ######  
        ##    ## ##     ##   ## ##   ##     ## ##    ## 
        ##       ##     ##  ##   ##  ##     ## ##       
         ######  ########  ##     ## ########  ##       
              ## ##        ######### ##   ##   ##       
        ##    ## ##        ##     ## ##    ##  ##    ## 
         ######  ##        ##     ## ##     ##  ###### 
         --v0.2.0

[SPARC][INFO] SPARC: Smart Potential with Atomistic Rare Events & Continuous Learning
[SPARC][INFO] Version: 0.2.0

[SPARC][INFO] ================================================================================
[SPARC][INFO] Working directory: /home/rverma7/My_Program/0.3_sparc/examples/ORCA/MD/TempRamp
[SPARC][INFO] Configuration file: input.yaml
[SPARC][INFO] 
[SPARC][INFO] ================================================================================
[SPARC][INFO]                     YAML configuration loaded successfully!                     
[SPARC][INFO] ================================================================================
[SPARC][INFO] 
[SPARC][WARNING] WARNING: Structure has periodic cell/PBC but the calculator is non-periodic.
[SPARC][WARNING]          Removing cell and PBC. This will not affect the calculation.
[SPARC][INFO] 
[SPARC][INFO] Using structure file: ../../../AmmoniaBorate.xyz
[SPARC][INFO] WORKFLOW PARAMETERS :
[SPARC][INFO] ---------------------
[SPARC][INFO] Structure FileName/s           ../../../AmmoniaBorate.xyz
[SPARC][INFO] Number of Atoms                8
[SPARC][INFO] Chemical Formula               H6BN
[SPARC][INFO] 
[SPARC][INFO] DFT Engine                     ORCA
[SPARC][INFO] DFT Tempelate File             orca_template.inp
[SPARC][INFO] DFT Executable                 /home/rverma7/Softwares/ORCA/orca
[SPARC][INFO] 
[SPARC][INFO] Active Learning                Disabled
[SPARC][INFO] ================================================================================
[SPARC][INFO] 
[SPARC][INFO] Creating Directories for Iteration: 000000
[SPARC][INFO] ================================================================================
[SPARC][INFO] ├── iter_000000
[SPARC][INFO] │   ├── 00.dft
[SPARC][INFO] │   ├── 01.train
[SPARC][INFO] │   └── 02.dpmd
[SPARC][INFO] 
[SPARC][INFO] Setting up ORCA calculator...
[SPARC][INFO]  ORCA parallel requested (nprocs=4)
[SPARC][INFO]  mpirun: /home/prg/Softwares/openmpi-5.0.0/bin/mpirun
[SPARC][INFO]  Ensure load MPI libraries before proceeding.
[SPARC][INFO] --------------------------------------------------
[SPARC][INFO]                  ORCA CALCULATOR                  
[SPARC][INFO] --------------------------------------------------
[SPARC][INFO]  Executable           /home/rverma7/Softwares/ORCA/orca
[SPARC][INFO]  Charge, Mult         : 0, 1
[SPARC][INFO]  Simple Input         PBE 3-21G Engrad
[SPARC][INFO]  ORCA Blocks           
[SPARC][INFO]    %scf Convergence tight
[SPARC][INFO]     maxiter 300 end
[SPARC][INFO]     %pal nprocs 4 end
[SPARC][INFO] --------------------------------------------------
[SPARC][INFO] ORCA calculator setup successfully
[SPARC][INFO] ================================================================================
[SPARC][INFO]                     Ab-initio MD using NVT-Langevin at 100K                     
[SPARC][INFO] MD Ensemble                    NVT
[SPARC][INFO] Temperature                    100.0 K
[SPARC][INFO] Temperature Ramping            100.0 K --> 500.0 K
[SPARC][INFO] MD Thermostat                  Langevin
[SPARC][INFO] Timestep                       0.50 fs
[SPARC][INFO] AIMD Steps                     1000
[SPARC][INFO] Output Trajectory              AseMD.traj
[SPARC][INFO] Output Logfile                 AseMD.log
[SPARC][INFO] 
[SPARC][INFO] 
[SPARC][INFO] --------------------------------------------------------------------------------
[SPARC][INFO] Step     Epot (eV)    Ekin (eV)    Temp (K)   P (GPa)    V (Ang.^3)
[SPARC][INFO] --------------------------------------------------------------------------------
[SPARC][INFO] 0         -2245.9067      0.1034    100.00
[SPARC][INFO] 1         -2245.9218      0.1038    100.41
[SPARC][INFO] 2         -2245.9396      0.1464    141.59
[SPARC][INFO] 3         -2245.9622      0.1247    120.63
[SPARC][INFO] 4         -2245.9831      0.1289    124.64
[SPARC][INFO] 5         -2246.0005      0.1143    110.57
[SPARC][INFO] 6         -2246.0170      0.1427    137.95
[SPARC][INFO] 7         -2246.0340      0.1600    154.71
[SPARC][INFO] 8         -2246.0484      0.1008     97.52
[SPARC][INFO] 9         -2246.0645      0.1465    141.70
[SPARC][INFO] 10        -2246.0790      0.1375    132.97
[SPARC][INFO] 11        -2246.0894      0.1282    123.99
[SPARC][INFO] 12        -2246.0946      0.1205    116.48
[SPARC][INFO] 13        -2246.0960      0.1188    114.89
[SPARC][INFO] 14        -2246.0942      0.1083    104.69
[SPARC][INFO] 15        -2246.0898      0.1178    113.90
[SPARC][INFO] 16        -2246.0859      0.0990     95.74
[SPARC][INFO] 17        -2246.0832      0.1150    111.21
[SPARC][INFO] 18        -2246.0838      0.0976     94.39
[SPARC][INFO] 19        -2246.0877      0.1337    129.26
[SPARC][INFO] 20        -2246.0934      0.0884     85.50
[SPARC][INFO] 21        -2246.1038      0.1131    109.40
[SPARC][INFO] 22        -2246.1109      0.1668    161.26
[SPARC][INFO] 23        -2246.1115      0.1378    133.28
[SPARC][INFO] 24        -2246.1076      0.1191    115.17
[SPARC][INFO] 25        -2246.0991      0.1147    110.92
[SPARC][INFO] 26        -2246.0899      0.0922     89.19
[SPARC][INFO] 27        -2246.0841      0.1338    129.35
[SPARC][INFO] 28        -2246.0834      0.1034     99.96
[SPARC][INFO] 29        -2246.0833      0.1168    112.92
[SPARC][INFO] 30        -2246.0833      0.1259    121.71
[SPARC][INFO] 31        -2246.0802      0.1123    108.58
[SPARC][INFO] 32        -2246.0795      0.1134    109.67
[SPARC][INFO] 33        -2246.0797      0.1185    114.57
[SPARC][INFO] 34        -2246.0790      0.1265    122.37
[SPARC][INFO] 35        -2246.0794      0.1158    111.95
[SPARC][INFO] 36        -2246.0782      0.1067    103.21
[SPARC][INFO] 37        -2246.0746      0.0950     91.91
[SPARC][INFO] 38        -2246.0700      0.1204    116.45
[SPARC][INFO] 39        -2246.0620      0.1318    127.46
[SPARC][INFO] 40        -2246.0526      0.1366    132.11
[SPARC][INFO] 41        -2246.0443      0.1033     99.86
[SPARC][INFO] 42        -2246.0375      0.1396    134.97
[SPARC][INFO] 43        -2246.0347      0.1247    120.62
[SPARC][INFO] 44        -2246.0335      0.1105    106.86
[SPARC][INFO] 45        -2246.0300      0.1329    128.48
[SPARC][INFO] 46        -2246.0238      0.1120    108.27
[SPARC][INFO] 47        -2246.0180      0.1194    115.48
[SPARC][INFO] 48        -2246.0162      0.1124    108.68
[SPARC][INFO] 49        -2246.0215      0.1343    129.83
[SPARC][INFO] 50        -2246.0326      0.1302    125.92
[SPARC][INFO] 51        -2246.0490      0.1506    145.65
[SPARC][INFO] 52        -2246.0656      0.1650    159.54
[SPARC][INFO] 53        -2246.0759      0.1105    106.82
[SPARC][INFO] 54        -2246.0834      0.1341    129.65
[SPARC][INFO] 55        -2246.0903      0.1090    105.44
[SPARC][INFO] 56        -2246.0971      0.1297    125.42
[SPARC][INFO] 57        -2246.0976      0.1349    130.43
[SPARC][INFO] 58        -2246.0904      0.1224    118.35
[SPARC][INFO] 59        -2246.0799      0.1221    118.04
[SPARC][INFO] 60        -2246.0652      0.1106    106.91
[SPARC][INFO] 61        -2246.0553      0.1113    107.64
[SPARC][INFO] 62        -2246.0541      0.1246    120.46
[SPARC][INFO] 63        -2246.0538      0.1420    137.35
[SPARC][INFO] 64        -2246.0603      0.1421    137.40
[SPARC][INFO] 65        -2246.0728      0.1511    146.14
[SPARC][INFO] 66        -2246.0868      0.1417    137.02
[SPARC][INFO] 67        -2246.0992      0.1187    114.82
[SPARC][INFO] 68        -2246.1069      0.1577    152.53
[SPARC][INFO] 69        -2246.1099      0.1327    128.30
[SPARC][INFO] 70        -2246.1118      0.1379    133.33
[SPARC][INFO] 71        -2246.1130      0.1315    127.18
[SPARC][INFO] 72        -2246.1124      0.1524    147.35
[SPARC][INFO] 73        -2246.1128      0.1375    132.93
[SPARC][INFO] 74        -2246.1130      0.1313    126.98
[SPARC][INFO] 75        -2246.1100      0.1620    156.67
[SPARC][INFO] 76        -2246.1022      0.1665    160.99
[SPARC][INFO] 77        -2246.0929      0.1273    123.11
[SPARC][INFO] 78        -2246.0875      0.1694    163.84
[SPARC][INFO] 79        -2246.0796      0.1240    119.95
[SPARC][INFO] 80        -2246.0743      0.1109    107.22
[SPARC][INFO] 81        -2246.0741      0.1488    143.91
[SPARC][INFO] 82        -2246.0732      0.1503    145.31
[SPARC][INFO] 83        -2246.0693      0.1364    131.90
[SPARC][INFO] 84        -2246.0632      0.1703    164.65
[SPARC][INFO] 85        -2246.0531      0.1380    133.42
[SPARC][INFO] 86        -2246.0465      0.1250    120.92
[SPARC][INFO] 87        -2246.0465      0.1444    139.65
[SPARC][INFO] 88        -2246.0470      0.1780    172.18
[SPARC][INFO] 89        -2246.0514      0.1721    166.41
[SPARC][INFO] 90        -2246.0530      0.1486    143.70
[SPARC][INFO] 91        -2246.0512      0.1009     97.61
[SPARC][INFO] 92        -2246.0538      0.1470    142.15
[SPARC][INFO] 93        -2246.0555      0.1692    163.61
[SPARC][INFO] 94        -2246.0583      0.1424    137.68
[SPARC][INFO] 95        -2246.0621      0.1294    125.12
[SPARC][INFO] 96        -2246.0697      0.1422    137.48
[SPARC][INFO] 97        -2246.0784      0.1650    159.55
[SPARC][INFO] 98        -2246.0836      0.1603    155.02
[SPARC][INFO] 99        -2246.0827      0.1395    134.87
[SPARC][INFO] 100       -2246.0846      0.1395    134.94
[SPARC][INFO] 101       -2246.0937      0.1485    143.59
[SPARC][INFO] 102       -2246.1049      0.1609    155.55
[SPARC][INFO] 103       -2246.1088      0.1808    174.87
[SPARC][INFO] 104       -2246.1122      0.1021     98.70
[SPARC][INFO] 105       -2246.1168      0.1651    159.61
[SPARC][INFO] 106       -2246.1181      0.1749    169.16
[SPARC][INFO] 107       -2246.1213      0.1722    166.49
[SPARC][INFO] 108       -2246.1220      0.1347    130.25
[SPARC][INFO] 109       -2246.1215      0.1640    158.64
[SPARC][INFO] 110       -2246.1186      0.1361    131.64
[SPARC][INFO] 111       -2246.1166      0.1369    132.44
[SPARC][INFO] 112       -2246.1144      0.1338    129.37
[SPARC][INFO] 113       -2246.1088      0.1259    121.79
[SPARC][INFO] 114       -2246.1044      0.1192    115.31
[SPARC][INFO] 115       -2246.1032      0.1487    143.81
[SPARC][INFO] 116       -2246.1025      0.1570    151.78
[SPARC][INFO] 117       -2246.1019      0.1476    142.74
[SPARC][INFO] 118       -2246.1070      0.1311    126.78
[SPARC][INFO] 119       -2246.1193      0.1549    149.80
[SPARC][INFO] 120       -2246.1319      0.1548    149.68
[SPARC][INFO] 121       -2246.1393      0.1364    131.92
[SPARC][INFO] 122       -2246.1408      0.1725    166.78
[SPARC][INFO] 123       -2246.1332      0.1592    153.95
[SPARC][INFO] 124       -2246.1172      0.1078    104.24
[SPARC][INFO] 125       -2246.0924      0.1851    179.01
[SPARC][INFO] 126       -2246.0708      0.1028     99.42
[SPARC][INFO] 127       -2246.0548      0.1228    118.75
[SPARC][INFO] 128       -2246.0489      0.1425    137.81
[SPARC][INFO] 129       -2246.0491      0.1503    145.36
[SPARC][INFO] 130       -2246.0515      0.2059    199.12
[SPARC][INFO] 131       -2246.0492      0.1534    148.32
[SPARC][INFO] 132       -2246.0474      0.1600    154.69
[SPARC][INFO] 133       -2246.0486      0.1875    181.33
[SPARC][INFO] 134       -2246.0472      0.1661    160.65
[SPARC][INFO] 135       -2246.0420      0.1587    153.47
[SPARC][INFO] 136       -2246.0350      0.1628    157.48
[SPARC][INFO] 137       -2246.0291      0.1203    116.33
[SPARC][INFO] 138       -2246.0244      0.1406    135.98
[SPARC][INFO] 139       -2246.0167      0.1724    166.68
[SPARC][INFO] 140       -2246.0119      0.1488    143.92
[SPARC][INFO] 141       -2246.0110      0.1513    146.30
[SPARC][INFO] 142       -2246.0231      0.1533    148.22
[SPARC][INFO] 143       -2246.0456      0.1907    184.43
[SPARC][INFO] 144       -2246.0758      0.2487    240.55
[SPARC][INFO] 145       -2246.1018      0.1292    124.91
[SPARC][INFO] 146       -2246.1209      0.1605    155.20
[SPARC][INFO] 147       -2246.1313      0.1607    155.38
[SPARC][INFO] 148       -2246.1290      0.2042    197.43
[SPARC][INFO] 149       -2246.1240      0.1875    181.30
[SPARC][INFO] 150       -2246.1108      0.1470    142.14
[SPARC][INFO] 151       -2246.0949      0.1303    126.05
[SPARC][INFO] 152       -2246.0791      0.2045    197.73
[SPARC][INFO] 153       -2246.0658      0.1396    135.02
[SPARC][INFO] 154       -2246.0568      0.1647    159.28
[SPARC][INFO] 155       -2246.0562      0.1747    168.92
[SPARC][INFO] 156       -2246.0642      0.1537    148.66
[SPARC][INFO] 157       -2246.0812      0.1963    189.86
[SPARC][INFO] 158       -2246.0973      0.1932    186.80
[SPARC][INFO] 159       -2246.1056      0.1523    147.29
[SPARC][INFO] 160       -2246.1081      0.1523    147.25
[SPARC][INFO] 161       -2246.1035      0.1907    184.45
[SPARC][INFO] 162       -2246.0918      0.1427    137.96
[SPARC][INFO] 163       -2246.0758      0.1829    176.89
[SPARC][INFO] 164       -2246.0624      0.1269    122.75
[SPARC][INFO] 165       -2246.0478      0.2048    198.09
[SPARC][INFO] 166       -2246.0328      0.1194    115.51
[SPARC][INFO] 167       -2246.0231      0.1375    132.93
[SPARC][INFO] 168       -2246.0090      0.1458    140.95
[SPARC][INFO] 169       -2245.9879      0.1763    170.49
[SPARC][INFO] 170       -2245.9669      0.1431    138.37
[SPARC][INFO] 171       -2245.9400      0.1376    133.05
[SPARC][INFO] 172       -2245.9242      0.1497    144.79
[SPARC][INFO] 173       -2245.9278      0.1541    149.04
[SPARC][INFO] 174       -2245.9498      0.1894    183.19
[SPARC][INFO] 175       -2245.9835      0.2177    210.51
[SPARC][INFO] 176       -2246.0148      0.1995    192.93
[SPARC][INFO] 177       -2246.0400      0.1672    161.65
[SPARC][INFO] 178       -2246.0614      0.1912    184.91
[SPARC][INFO] 179       -2246.0764      0.1496    144.68
[SPARC][INFO] 180       -2246.0828      0.1607    155.40
[SPARC][INFO] 181       -2246.0756      0.2227    215.40
[SPARC][INFO] 182       -2246.0604      0.1344    130.01
[SPARC][INFO] 183       -2246.0433      0.1578    152.57
[SPARC][INFO] 184       -2246.0390      0.1525    147.49
[SPARC][INFO] 185       -2246.0494      0.2254    217.98
[SPARC][INFO] 186       -2246.0665      0.1958    189.38
[SPARC][INFO] 187       -2246.0813      0.2176    210.39
[SPARC][INFO] 188       -2246.0887      0.1613    155.97
[SPARC][INFO] 189       -2246.0895      0.1919    185.59
[SPARC][INFO] 190       -2246.0868      0.2394    231.46
[SPARC][INFO] 191       -2246.0847      0.1383    133.70
[SPARC][INFO] 192       -2246.0847      0.2481    239.92
[SPARC][INFO] 193       -2246.0803      0.2399    231.98
[SPARC][INFO] 194       -2246.0726      0.2027    195.98
[SPARC][INFO] 195       -2246.0606      0.2218    214.53
[SPARC][INFO] 196       -2246.0444      0.1698    164.19
[SPARC][INFO] 197       -2246.0281      0.1092    105.61
[SPARC][INFO] 198       -2246.0090      0.2030    196.31
[SPARC][INFO] 199       -2246.0040      0.1541    149.03
[SPARC][INFO] 200       -2246.0053      0.1387    134.10
[SPARC][INFO] 201       -2246.0082      0.1379    133.40
[SPARC][INFO] 202       -2246.0066      0.1435    138.79
[SPARC][INFO] 203       -2246.0011      0.1727    167.02
[SPARC][INFO] 204       -2245.9997      0.2275    219.97
[SPARC][INFO] 205       -2246.0027      0.1960    189.56
[SPARC][INFO] 206       -2246.0136      0.1844    178.33
[SPARC][INFO] 207       -2246.0244      0.2575    249.05
[SPARC][INFO] 208       -2246.0341      0.2082    201.36
[SPARC][INFO] 209       -2246.0472      0.1510    146.03
[SPARC][INFO] 210       -2246.0558      0.1633    157.88
[SPARC][INFO] 211       -2246.0660      0.2072    200.39
[SPARC][INFO] 212       -2246.0760      0.1956    189.15
[SPARC][INFO] 213       -2246.0772      0.1894    183.20
[SPARC][INFO] 214       -2246.0768      0.2181    210.94
[SPARC][INFO] 215       -2246.0798      0.1984    191.90
[SPARC][INFO] 216       -2246.0899      0.1956    189.16
[SPARC][INFO] 217       -2246.1091      0.2434    235.33
[SPARC][INFO] 218       -2246.1255      0.1744    168.62
[SPARC][INFO] 219       -2246.1357      0.1557    150.54
[SPARC][INFO] 220       -2246.1421      0.2023    195.61
[SPARC][INFO] 221       -2246.1397      0.1648    159.40
[SPARC][INFO] 222       -2246.1306      0.2050    198.20
[SPARC][INFO] 223       -2246.1161      0.2248    217.35
[SPARC][INFO] 224       -2246.0974      0.2155    208.38
[SPARC][INFO] 225       -2246.0813      0.1946    188.16
[SPARC][INFO] 226       -2246.0676      0.1892    182.96
[SPARC][INFO] 227       -2246.0601      0.2023    195.60
[SPARC][INFO] 228       -2246.0585      0.1944    187.99
[SPARC][INFO] 229       -2246.0532      0.2216    214.29
[SPARC][INFO] 230       -2246.0450      0.2158    208.71
[SPARC][INFO] 231       -2246.0403      0.1718    166.18
[SPARC][INFO] 232       -2246.0428      0.2245    217.14
[SPARC][INFO] 233       -2246.0518      0.1995    192.88
[SPARC][INFO] 234       -2246.0605      0.2012    194.59
[SPARC][INFO] 235       -2246.0749      0.2013    194.65
[SPARC][INFO] 236       -2246.0844      0.1974    190.92
[SPARC][INFO] 237       -2246.0888      0.1835    177.43
[SPARC][INFO] 238       -2246.0846      0.1874    181.23
[SPARC][INFO] 239       -2246.0692      0.2365    228.73
[SPARC][INFO] 240       -2246.0474      0.1752    169.44
[SPARC][INFO] 241       -2246.0336      0.2358    228.05
[SPARC][INFO] 242       -2246.0241      0.2011    194.44
[SPARC][INFO] 243       -2246.0136      0.2315    223.89
[SPARC][INFO] 244       -2246.0055      0.1617    156.40
[SPARC][INFO] 245       -2246.0082      0.2332    225.51
[SPARC][INFO] 246       -2246.0092      0.1828    176.81
[SPARC][INFO] 247       -2246.0075      0.1837    177.65
[SPARC][INFO] 248       -2246.0069      0.1967    190.19
[SPARC][INFO] 249       -2246.0048      0.2268    219.37
[SPARC][INFO] 250       -2245.9992      0.1698    164.21
[SPARC][INFO] 251       -2245.9971      0.2111    204.18
[SPARC][INFO] 252       -2245.9964      0.2204    213.14
[SPARC][INFO] 253       -2245.9961      0.2699    260.97
[SPARC][INFO] 254       -2245.9915      0.1963    189.81
[SPARC][INFO] 255       -2245.9837      0.1644    159.00
[SPARC][INFO] 256       -2245.9668      0.1984    191.88
[SPARC][INFO] 257       -2245.9395      0.2080    201.11
[SPARC][INFO] 258       -2245.9097      0.1635    158.07
[SPARC][INFO] 259       -2245.8796      0.1980    191.43
[SPARC][INFO] 260       -2245.8614      0.2126    205.55
[SPARC][INFO] 261       -2245.8737      0.2527    244.39
[SPARC][INFO] 262       -2245.9078      0.2601    251.53
[SPARC][INFO] 263       -2245.9625      0.2749    265.83
[SPARC][INFO] 264       -2246.0185      0.2856    276.21
[SPARC][INFO] 265       -2246.0526      0.2502    241.96
[SPARC][INFO] 266       -2246.0612      0.2094    202.48
[SPARC][INFO] 267       -2246.0478      0.1768    171.00
[SPARC][INFO] 268       -2246.0125      0.2130    205.97
[SPARC][INFO] 269       -2245.9733      0.2050    198.22
[SPARC][INFO] 270       -2245.9603      0.1410    136.32
[SPARC][INFO] 271       -2245.9811      0.2358    228.06
[SPARC][INFO] 272       -2246.0210      0.2510    242.71
[SPARC][INFO] 273       -2246.0692      0.3118    301.52
[SPARC][INFO] 274       -2246.0985      0.2792    270.03
[SPARC][INFO] 275       -2246.1144      0.3148    304.41
[SPARC][INFO] 276       -2246.1163      0.2229    215.59
[SPARC][INFO] 277       -2246.1066      0.1884    182.16
[SPARC][INFO] 278       -2246.0917      0.2139    206.84
[SPARC][INFO] 279       -2246.0818      0.2167    209.53
[SPARC][INFO] 280       -2246.0715      0.1444    139.64
[SPARC][INFO] 281       -2246.0657      0.2100    203.11
[SPARC][INFO] 282       -2246.0648      0.2232    215.80
[SPARC][INFO] 283       -2246.0682      0.2128    205.78
[SPARC][INFO] 284       -2246.0755      0.2291    221.54
[SPARC][INFO] 285       -2246.0818      0.2674    258.55
[SPARC][INFO] 286       -2246.0844      0.2168    209.62
[SPARC][INFO] 287       -2246.0821      0.2030    196.33
[SPARC][INFO] 288       -2246.0712      0.2778    268.65
[SPARC][INFO] 289       -2246.0538      0.2404    232.50
[SPARC][INFO] 290       -2246.0360      0.2786    269.45
[SPARC][INFO] 291       -2246.0206      0.2355    227.69
[SPARC][INFO] 292       -2246.0080      0.1862    180.06
[SPARC][INFO] 293       -2246.0114      0.2241    216.69
[SPARC][INFO] 294       -2246.0196      0.1907    184.39
[SPARC][INFO] 295       -2246.0285      0.3286    317.79
[SPARC][INFO] 296       -2246.0385      0.2780    268.81
[SPARC][INFO] 297       -2246.0505      0.2533    244.94
[SPARC][INFO] 298       -2246.0568      0.2868    277.36
[SPARC][INFO] 299       -2246.0580      0.1818    175.83
[SPARC][INFO] 300       -2246.0546      0.2151    208.06
[SPARC][INFO] 301       -2246.0507      0.2011    194.51
[SPARC][INFO] 302       -2246.0535      0.2431    235.06
[SPARC][INFO] 303       -2246.0583      0.2599    251.33
[SPARC][INFO] 304       -2246.0618      0.2549    246.50
[SPARC][INFO] 305       -2246.0614      0.1917    185.39
[SPARC][INFO] 306       -2246.0549      0.2651    256.34
[SPARC][INFO] 307       -2246.0454      0.2551    246.72
[SPARC][INFO] 308       -2246.0365      0.2689    260.02
[SPARC][INFO] 309       -2246.0265      0.2503    242.01
[SPARC][INFO] 310       -2246.0200      0.2102    203.24
[SPARC][INFO] 311       -2246.0215      0.2353    227.55
[SPARC][INFO] 312       -2246.0212      0.2435    235.52
[SPARC][INFO] 313       -2246.0149      0.2134    206.34
[SPARC][INFO] 314       -2246.0056      0.2651    256.38
[SPARC][INFO] 315       -2245.9962      0.2297    222.10
[SPARC][INFO] 316       -2245.9921      0.2199    212.67
[SPARC][INFO] 317       -2245.9897      0.1881    181.90
[SPARC][INFO] 318       -2245.9895      0.1924    186.02
[SPARC][INFO] 319       -2245.9943      0.2288    221.24
[SPARC][INFO] 320       -2246.0029      0.2595    250.98
[SPARC][INFO] 321       -2246.0125      0.2243    216.90
[SPARC][INFO] 322       -2246.0239      0.2541    245.75
[SPARC][INFO] 323       -2246.0348      0.2564    247.94
[SPARC][INFO] 324       -2246.0452      0.2351    227.32
[SPARC][INFO] 325       -2246.0606      0.2851    275.73
[SPARC][INFO] 326       -2246.0773      0.2541    245.70
[SPARC][INFO] 327       -2246.0852      0.2329    225.18
[SPARC][INFO] 328       -2246.0840      0.1794    173.52
[SPARC][INFO] 329       -2246.0758      0.2349    227.14
[SPARC][INFO] 330       -2246.0630      0.2545    246.13
[SPARC][INFO] 331       -2246.0441      0.2307    223.09
[SPARC][INFO] 332       -2246.0249      0.2450    236.93
[SPARC][INFO] 333       -2246.0175      0.2012    194.60
[SPARC][INFO] 334       -2246.0115      0.2961    286.30
[SPARC][INFO] 335       -2246.0033      0.2355    227.75
[SPARC][INFO] 336       -2245.9963      0.2106    203.62
[SPARC][INFO] 337       -2245.9992      0.2101    203.16
[SPARC][INFO] 338       -2246.0136      0.2684    259.51
[SPARC][INFO] 339       -2246.0295      0.2262    218.76
[SPARC][INFO] 340       -2246.0434      0.2312    223.58
[SPARC][INFO] 341       -2246.0529      0.2613    252.69
[SPARC][INFO] 342       -2246.0544      0.2309    223.26
[SPARC][INFO] 343       -2246.0462      0.3051    295.00
[SPARC][INFO] 344       -2246.0323      0.2696    260.69
[SPARC][INFO] 345       -2246.0160      0.2603    251.67
[SPARC][INFO] 346       -2245.9969      0.2294    221.89
[SPARC][INFO] 347       -2245.9803      0.2621    253.47
[SPARC][INFO] 348       -2245.9699      0.2650    256.24
[SPARC][INFO] 349       -2245.9662      0.2084    201.55
[SPARC][INFO] 350       -2245.9556      0.2357    227.97
[SPARC][INFO] 351       -2245.9424      0.2408    232.86
[SPARC][INFO] 352       -2245.9407      0.2611    252.49
[SPARC][INFO] 353       -2245.9451      0.2145    207.39
[SPARC][INFO] 354       -2245.9481      0.2477    239.56
[SPARC][INFO] 355       -2245.9476      0.2468    238.69
[SPARC][INFO] 356       -2245.9446      0.1992    192.63
[SPARC][INFO] 357       -2245.9339      0.2192    211.99
[SPARC][INFO] 358       -2245.9240      0.2521    243.83
[SPARC][INFO] 359       -2245.9224      0.2848    275.44
[SPARC][INFO] 360       -2245.9143      0.2289    221.40
[SPARC][INFO] 361       -2245.9048      0.2618    253.21
[SPARC][INFO] 362       -2245.9015      0.2389    231.00
[SPARC][INFO] 363       -2245.9020      0.2807    271.45
[SPARC][INFO] 364       -2245.8979      0.2705    261.60
[SPARC][INFO] 365       -2245.8882      0.2682    259.38
[SPARC][INFO] 366       -2245.8820      0.2388    230.96
[SPARC][INFO] 367       -2245.8885      0.2465    238.39
[SPARC][INFO] 368       -2245.8941      0.2282    220.67
[SPARC][INFO] 369       -2245.9024      0.2794    270.14
[SPARC][INFO] 370       -2245.9101      0.3019    291.93
[SPARC][INFO] 371       -2245.9332      0.2776    268.47
[SPARC][INFO] 372       -2245.9603      0.3130    302.69
[SPARC][INFO] 373       -2245.9856      0.2918    282.21
[SPARC][INFO] 374       -2246.0002      0.2454    237.35
[SPARC][INFO] 375       -2246.0109      0.2766    267.48
[SPARC][INFO] 376       -2246.0220      0.2694    260.54
[SPARC][INFO] 377       -2246.0277      0.2079    201.08
[SPARC][INFO] 378       -2246.0216      0.2505    242.25
[SPARC][INFO] 379       -2246.0028      0.1943    187.92
[SPARC][INFO] 380       -2245.9756      0.2126    205.59
[SPARC][INFO] 381       -2245.9591      0.2303    222.72
[SPARC][INFO] 382       -2245.9533      0.2612    252.55
[SPARC][INFO] 383       -2245.9578      0.2622    253.54
[SPARC][INFO] 384       -2245.9630      0.2726    263.65
[SPARC][INFO] 385       -2245.9694      0.2316    223.93
[SPARC][INFO] 386       -2245.9771      0.2264    218.89
[SPARC][INFO] 387       -2245.9786      0.3062    296.11
[SPARC][INFO] 388       -2245.9733      0.2112    204.23
[SPARC][INFO] 389       -2245.9616      0.2805    271.27
[SPARC][INFO] 390       -2245.9485      0.2103    203.36
[SPARC][INFO] 391       -2245.9459      0.2989    289.07
[SPARC][INFO] 392       -2245.9521      0.3035    293.51
[SPARC][INFO] 393       -2245.9591      0.2847    275.28
[SPARC][INFO] 394       -2245.9676      0.2509    242.68
[SPARC][INFO] 395       -2245.9687      0.2435    235.48
[SPARC][INFO] 396       -2245.9602      0.2408    232.83
[SPARC][INFO] 397       -2245.9565      0.2363    228.55
[SPARC][INFO] 398       -2245.9520      0.2979    288.04
[SPARC][INFO] 399       -2245.9471      0.2210    213.75
[SPARC][INFO] 400       -2245.9407      0.2324    224.73
[SPARC][INFO] 401       -2245.9313      0.2492    240.98
[SPARC][INFO] 402       -2245.9205      0.2916    282.00
[SPARC][INFO] 403       -2245.9177      0.2259    218.43
[SPARC][INFO] 404       -2245.9161      0.3047    294.63
[SPARC][INFO] 405       -2245.9096      0.2427    234.66
[SPARC][INFO] 406       -2245.9036      0.2634    254.67
[SPARC][INFO] 407       -2245.9152      0.2383    230.48
[SPARC][INFO] 408       -2245.9284      0.2963    286.53
[SPARC][INFO] 409       -2245.9462      0.3181    307.62
[SPARC][INFO] 410       -2245.9714      0.2861    276.71
[SPARC][INFO] 411       -2245.9914      0.3626    350.63
[SPARC][INFO] 412       -2246.0032      0.3264    315.64
[SPARC][INFO] 413       -2246.0189      0.2906    281.02
[SPARC][INFO] 414       -2246.0362      0.2896    280.01
[SPARC][INFO] 415       -2246.0469      0.2938    284.09
[SPARC][INFO] 416       -2246.0441      0.2661    257.34
[SPARC][INFO] 417       -2246.0351      0.2799    270.71
[SPARC][INFO] 418       -2246.0250      0.2749    265.88
[SPARC][INFO] 419       -2246.0151      0.2948    285.11
[SPARC][INFO] 420       -2246.0040      0.3585    346.71
[SPARC][INFO] 421       -2245.9937      0.2259    218.50
[SPARC][INFO] 422       -2245.9730      0.2525    244.14
[SPARC][INFO] 423       -2245.9478      0.2080    201.16
[SPARC][INFO] 424       -2245.9273      0.2738    264.77
[SPARC][INFO] 425       -2245.9029      0.2815    272.20
[SPARC][INFO] 426       -2245.8721      0.2130    206.00
[SPARC][INFO] 427       -2245.8525      0.2214    214.07
[SPARC][INFO] 428       -2245.8554      0.3278    317.02
[SPARC][INFO] 429       -2245.8645      0.3353    324.24
[SPARC][INFO] 430       -2245.8620      0.2650    256.23
[SPARC][INFO] 431       -2245.8658      0.2885    279.00
[SPARC][INFO] 432       -2245.8678      0.2349    227.16
[SPARC][INFO] 433       -2245.8668      0.2623    253.67
[SPARC][INFO] 434       -2245.8533      0.2554    247.03
[SPARC][INFO] 435       -2245.8293      0.3003    290.36
[SPARC][INFO] 436       -2245.8063      0.2190    211.78
[SPARC][INFO] 437       -2245.8051      0.2450    236.93
[SPARC][INFO] 438       -2245.8264      0.2869    277.49
[SPARC][INFO] 439       -2245.8672      0.2884    278.89
[SPARC][INFO] 440       -2245.9085      0.3904    377.55
[SPARC][INFO] 441       -2245.9239      0.1968    190.28
[SPARC][INFO] 442       -2245.9247      0.2785    269.32
[SPARC][INFO] 443       -2245.9087      0.2304    222.76
[SPARC][INFO] 444       -2245.8867      0.2870    277.58
[SPARC][INFO] 445       -2245.8618      0.2697    260.85
[SPARC][INFO] 446       -2245.8413      0.2694    260.53
[SPARC][INFO] 447       -2245.8346      0.2972    287.43
[SPARC][INFO] 448       -2245.8616      0.2704    261.53
[SPARC][INFO] 449       -2245.8981      0.3093    299.14
[SPARC][INFO] 450       -2245.9301      0.2864    276.97
[SPARC][INFO] 451       -2245.9467      0.3524    340.82
[SPARC][INFO] 452       -2245.9327      0.2986    288.73
[SPARC][INFO] 453       -2245.8950      0.2488    240.57
[SPARC][INFO] 454       -2245.8527      0.2547    246.35
[SPARC][INFO] 455       -2245.8308      0.2740    264.92
[SPARC][INFO] 456       -2245.8508      0.2517    243.40
[SPARC][INFO] 457       -2245.8909      0.3135    303.21
[SPARC][INFO] 458       -2245.9152      0.2558    247.41
[SPARC][INFO] 459       -2245.9091      0.2525    244.16
[SPARC][INFO] 460       -2245.8857      0.3166    306.17
[SPARC][INFO] 461       -2245.8493      0.2793    270.14
[SPARC][INFO] 462       -2245.8001      0.2308    223.20
[SPARC][INFO] 463       -2245.7498      0.2557    247.30
[SPARC][INFO] 464       -2245.7096      0.2427    234.68
[SPARC][INFO] 465       -2245.6877      0.3100    299.75
[SPARC][INFO] 466       -2245.6863      0.2726    263.59
[SPARC][INFO] 467       -2245.7225      0.3077    297.52
[SPARC][INFO] 468       -2245.8036      0.4120    398.43
[SPARC][INFO] 469       -2245.8930      0.3654    353.39
[SPARC][INFO] 470       -2245.9751      0.4579    442.79
[SPARC][INFO] 471       -2246.0198      0.3007    290.80
[SPARC][INFO] 472       -2246.0319      0.4021    388.82
[SPARC][INFO] 473       -2246.0153      0.2864    276.92
[SPARC][INFO] 474       -2245.9778      0.2976    287.79
[SPARC][INFO] 475       -2245.9492      0.2783    269.11
[SPARC][INFO] 476       -2245.9360      0.3326    321.67
[SPARC][INFO] 477       -2245.9320      0.2559    247.47
[SPARC][INFO] 478       -2245.9396      0.3180    307.56
[SPARC][INFO] 479       -2245.9573      0.2684    259.51
[SPARC][INFO] 480       -2245.9740      0.3590    347.21
[SPARC][INFO] 481       -2245.9785      0.3282    317.37
[SPARC][INFO] 482       -2245.9720      0.2958    286.08
[SPARC][INFO] 483       -2245.9551      0.2198    212.51
[SPARC][INFO] 484       -2245.9348      0.2496    241.36
[SPARC][INFO] 485       -2245.9077      0.3141    303.80
[SPARC][INFO] 486       -2245.8989      0.2293    221.76
[SPARC][INFO] 487       -2245.9038      0.2722    263.25
[SPARC][INFO] 488       -2245.9156      0.3638    351.83
[SPARC][INFO] 489       -2245.9349      0.2936    283.92
[SPARC][INFO] 490       -2245.9518      0.3834    370.77
[SPARC][INFO] 491       -2245.9467      0.3365    325.38
[SPARC][INFO] 492       -2245.9312      0.3072    297.12
[SPARC][INFO] 493       -2245.9177      0.1648    159.34
[SPARC][INFO] 494       -2245.8960      0.2347    226.96
[SPARC][INFO] 495       -2245.8754      0.3026    292.63
[SPARC][INFO] 496       -2245.8741      0.3121    301.85
[SPARC][INFO] 497       -2245.8705      0.3297    318.84
[SPARC][INFO] 498       -2245.8452      0.2873    277.80
[SPARC][INFO] 499       -2245.8158      0.3570    345.23
[SPARC][INFO] 500       -2245.7918      0.3767    364.26
[SPARC][INFO] 501       -2245.7815      0.3226    311.96
[SPARC][INFO] 502       -2245.7921      0.3050    294.99
[SPARC][INFO] 503       -2245.8332      0.3173    306.89
[SPARC][INFO] 504       -2245.8811      0.3748    362.50
[SPARC][INFO] 505       -2245.9299      0.4163    402.56
[SPARC][INFO] 506       -2245.9635      0.3177    307.26
[SPARC][INFO] 507       -2245.9700      0.3651    353.03
[SPARC][INFO] 508       -2245.9558      0.2451    237.00
[SPARC][INFO] 509       -2245.9412      0.3269    316.08
[SPARC][INFO] 510       -2245.9308      0.3662    354.14
[SPARC][INFO] 511       -2245.9430      0.3063    296.22
[SPARC][INFO] 512       -2245.9770      0.3626    350.69
[SPARC][INFO] 513       -2246.0096      0.3940    380.98
[SPARC][INFO] 514       -2246.0313      0.2577    249.17
[SPARC][INFO] 515       -2246.0379      0.3172    306.75
[SPARC][INFO] 516       -2246.0267      0.3393    328.15
[SPARC][INFO] 517       -2245.9951      0.2987    288.81
[SPARC][INFO] 518       -2245.9471      0.2784    269.26
[SPARC][INFO] 519       -2245.8963      0.2974    287.62
[SPARC][INFO] 520       -2245.8467      0.2918    282.15
[SPARC][INFO] 521       -2245.8228      0.2707    261.79
[SPARC][INFO] 522       -2245.8215      0.2803    271.06
[SPARC][INFO] 523       -2245.8284      0.3306    319.73
[SPARC][INFO] 524       -2245.8326      0.3286    317.74
[SPARC][INFO] 525       -2245.8370      0.3006    290.71
[SPARC][INFO] 526       -2245.8461      0.3944    381.36
[SPARC][INFO] 527       -2245.8549      0.3039    293.92
[SPARC][INFO] 528       -2245.8663      0.3178    307.37
[SPARC][INFO] 529       -2245.8953      0.3871    374.34
[SPARC][INFO] 530       -2245.9197      0.3404    329.16
[SPARC][INFO] 531       -2245.9493      0.3712    358.99
[SPARC][INFO] 532       -2245.9798      0.3200    309.46
[SPARC][INFO] 533       -2246.0025      0.3170    306.56
[SPARC][INFO] 534       -2246.0112      0.3515    339.91
[SPARC][INFO] 535       -2245.9983      0.3359    324.88
[SPARC][INFO] 536       -2245.9712      0.2570    248.52
[SPARC][INFO] 537       -2245.9302      0.2711    262.17
[SPARC][INFO] 538       -2245.8888      0.2648    256.12
[SPARC][INFO] 539       -2245.8461      0.3391    327.92
[SPARC][INFO] 540       -2245.8163      0.3078    297.69
[SPARC][INFO] 541       -2245.8010      0.3156    305.24
[SPARC][INFO] 542       -2245.7935      0.3486    337.10
[SPARC][INFO] 543       -2245.8132      0.2528    244.51
[SPARC][INFO] 544       -2245.8578      0.4278    413.67
[SPARC][INFO] 545       -2245.8872      0.4117    398.14
[SPARC][INFO] 546       -2245.9133      0.3332    322.23
[SPARC][INFO] 547       -2245.9403      0.3789    366.44
[SPARC][INFO] 548       -2245.9595      0.3610    349.05
[SPARC][INFO] 549       -2245.9703      0.3359    324.82
[SPARC][INFO] 550       -2245.9668      0.3315    320.62
[SPARC][INFO] 551       -2245.9342      0.2815    272.18
[SPARC][INFO] 552       -2245.8902      0.3475    336.08
[SPARC][INFO] 553       -2245.8562      0.3520    340.40
[SPARC][INFO] 554       -2245.8502      0.3529    341.26
[SPARC][INFO] 555       -2245.8777      0.3326    321.59
[SPARC][INFO] 556       -2245.9244      0.3446    333.29
[SPARC][INFO] 557       -2245.9864      0.4407    426.19
[SPARC][INFO] 558       -2246.0417      0.4311    416.85
[SPARC][INFO] 559       -2246.0830      0.3853    372.56
[SPARC][INFO] 560       -2246.0983      0.2878    278.27
[SPARC][INFO] 561       -2246.0855      0.3222    311.59
[SPARC][INFO] 562       -2246.0520      0.3055    295.47
[SPARC][INFO] 563       -2246.0038      0.3805    367.95
[SPARC][INFO] 564       -2245.9584      0.2766    267.51
[SPARC][INFO] 565       -2245.9355      0.2680    259.21
[SPARC][INFO] 566       -2245.9425      0.4050    391.67
[SPARC][INFO] 567       -2245.9608      0.3430    331.67
[SPARC][INFO] 568       -2245.9944      0.3393    328.17
[SPARC][INFO] 569       -2246.0316      0.4304    416.25
[SPARC][INFO] 570       -2246.0475      0.3328    321.84
[SPARC][INFO] 571       -2246.0448      0.2540    245.60
[SPARC][INFO] 572       -2246.0177      0.4688    453.31
[SPARC][INFO] 573       -2245.9753      0.2806    271.39
[SPARC][INFO] 574       -2245.9367      0.2367    228.93
[SPARC][INFO] 575       -2245.9046      0.2713    262.41
[SPARC][INFO] 576       -2245.9015      0.2321    224.44
[SPARC][INFO] 577       -2245.9154      0.2844    274.99
[SPARC][INFO] 578       -2245.9303      0.3562    344.42
[SPARC][INFO] 579       -2245.9462      0.4182    404.45
[SPARC][INFO] 580       -2245.9653      0.3334    322.40
[SPARC][INFO] 581       -2245.9785      0.3577    345.89
[SPARC][INFO] 582       -2245.9790      0.3815    368.89
[SPARC][INFO] 583       -2245.9646      0.3486    337.14
[SPARC][INFO] 584       -2245.9483      0.3220    311.38
[SPARC][INFO] 585       -2245.9344      0.3326    321.65
[SPARC][INFO] 586       -2245.9317      0.3230    312.35
[SPARC][INFO] 587       -2245.9427      0.3325    321.56
[SPARC][INFO] 588       -2245.9744      0.3578    345.97
[SPARC][INFO] 589       -2246.0093      0.3190    308.53
[SPARC][INFO] 590       -2246.0414      0.4491    434.32
[SPARC][INFO] 591       -2246.0528      0.3886    375.84
[SPARC][INFO] 592       -2246.0491      0.3288    317.97
[SPARC][INFO] 593       -2246.0319      0.3323    321.31
[SPARC][INFO] 594       -2246.0148      0.3058    295.70
[SPARC][INFO] 595       -2246.0094      0.2761    267.00
[SPARC][INFO] 596       -2246.0094      0.3524    340.82
[SPARC][INFO] 597       -2246.0072      0.3243    313.64
[SPARC][INFO] 598       -2246.0000      0.3316    320.67
[SPARC][INFO] 599       -2245.9846      0.3717    359.41
[SPARC][INFO] 600       -2245.9672      0.4002    387.01
[SPARC][INFO] 601       -2245.9542      0.2984    288.54
[SPARC][INFO] 602       -2245.9376      0.3783    365.88
[SPARC][INFO] 603       -2245.9300      0.4345    420.15
[SPARC][INFO] 604       -2245.9329      0.3100    299.79
[SPARC][INFO] 605       -2245.9474      0.3813    368.74
[SPARC][INFO] 606       -2245.9685      0.3758    363.45
[SPARC][INFO] 607       -2245.9891      0.3312    320.29
[SPARC][INFO] 608       -2246.0015      0.3845    371.84
[SPARC][INFO] 609       -2246.0017      0.4448    430.12
[SPARC][INFO] 610       -2245.9891      0.3764    363.99
[SPARC][INFO] 611       -2245.9649      0.2505    242.28
[SPARC][INFO] 612       -2245.9389      0.2219    214.62
[SPARC][INFO] 613       -2245.9056      0.3373    326.15
[SPARC][INFO] 614       -2245.8820      0.2879    278.38
[SPARC][INFO] 615       -2245.8750      0.3535    341.83
[SPARC][INFO] 616       -2245.8802      0.3077    297.59
[SPARC][INFO] 617       -2245.8905      0.3926    379.68
[SPARC][INFO] 618       -2245.9078      0.3006    290.68
[SPARC][INFO] 619       -2245.9241      0.3540    342.33
[SPARC][INFO] 620       -2245.9306      0.4003    387.12
[SPARC][INFO] 621       -2245.9158      0.3997    386.49
[SPARC][INFO] 622       -2245.8869      0.3515    339.94
[SPARC][INFO] 623       -2245.8547      0.2489    240.72
[SPARC][INFO] 624       -2245.8115      0.2736    264.56
[SPARC][INFO] 625       -2245.7630      0.2826    273.31
[SPARC][INFO] 626       -2245.7198      0.3352    324.11
[SPARC][INFO] 627       -2245.6928      0.3457    334.33
[SPARC][INFO] 628       -2245.6841      0.4448    430.14
[SPARC][INFO] 629       -2245.6948      0.4422    427.63
[SPARC][INFO] 630       -2245.7143      0.3448    333.48
[SPARC][INFO] 631       -2245.7425      0.3378    326.71
[SPARC][INFO] 632       -2245.7773      0.3840    371.31
[SPARC][INFO] 633       -2245.8209      0.3756    363.26
[SPARC][INFO] 634       -2245.8460      0.3723    360.04
[SPARC][INFO] 635       -2245.8400      0.3578    345.97
[SPARC][INFO] 636       -2245.8300      0.3481    336.60
[SPARC][INFO] 637       -2245.8562      0.4283    414.14
[SPARC][INFO] 638       -2245.8797      0.3480    336.52
[SPARC][INFO] 639       -2245.8969      0.3731    360.80
[SPARC][INFO] 640       -2245.9061      0.3653    353.31
[SPARC][INFO] 641       -2245.9092      0.3493    337.79
[SPARC][INFO] 642       -2245.9108      0.3996    386.45
[SPARC][INFO] 643       -2245.9159      0.3502    338.69
[SPARC][INFO] 644       -2245.9305      0.4039    390.59
[SPARC][INFO] 645       -2245.9482      0.3619    349.99
[SPARC][INFO] 646       -2245.9612      0.4382    423.75
[SPARC][INFO] 647       -2245.9647      0.4313    417.10
[SPARC][INFO] 648       -2245.9733      0.3728    360.49
[SPARC][INFO] 649       -2245.9801      0.3369    325.82
[SPARC][INFO] 650       -2245.9859      0.3503    338.71
[SPARC][INFO] 651       -2245.9891      0.3852    372.49
[SPARC][INFO] 652       -2245.9869      0.4974    480.96
[SPARC][INFO] 653       -2245.9738      0.4107    397.13
[SPARC][INFO] 654       -2245.9624      0.3897    376.83
[SPARC][INFO] 655       -2245.9523      0.3062    296.07
[SPARC][INFO] 656       -2245.9465      0.3270    316.24
[SPARC][INFO] 657       -2245.9456      0.2816    272.35
[SPARC][INFO] 658       -2245.9193      0.4292    415.07
[SPARC][INFO] 659       -2245.8771      0.3181    307.58
[SPARC][INFO] 660       -2245.8191      0.3352    324.20
[SPARC][INFO] 661       -2245.7526      0.3553    343.56
[SPARC][INFO] 662       -2245.6920      0.3441    332.72
[SPARC][INFO] 663       -2245.6417      0.2883    278.77
[SPARC][INFO] 664       -2245.6152      0.3689    356.76
[SPARC][INFO] 665       -2245.6183      0.4139    400.29
[SPARC][INFO] 666       -2245.6490      0.4832    467.31
[SPARC][INFO] 667       -2245.6868      0.3577    345.96
[SPARC][INFO] 668       -2245.7292      0.4176    403.82
[SPARC][INFO] 669       -2245.7726      0.4713    455.78
[SPARC][INFO] 670       -2245.8051      0.3710    358.80
[SPARC][INFO] 671       -2245.8266      0.4487    433.88
[SPARC][INFO] 672       -2245.8344      0.3667    354.61
[SPARC][INFO] 673       -2245.8339      0.3700    357.80
[SPARC][INFO] 674       -2245.8294      0.2757    266.65
[SPARC][INFO] 675       -2245.8248      0.4388    424.34
[SPARC][INFO] 676       -2245.8265      0.4273    413.25
[SPARC][INFO] 677       -2245.8284      0.3389    327.76
[SPARC][INFO] 678       -2245.8377      0.3739    361.55
[SPARC][INFO] 679       -2245.8555      0.4597    444.55
[SPARC][INFO] 680       -2245.8674      0.4477    432.99
[SPARC][INFO] 681       -2245.8724      0.4517    436.83
[SPARC][INFO] 682       -2245.8680      0.3572    345.41
[SPARC][INFO] 683       -2245.8625      0.4114    397.87
[SPARC][INFO] 684       -2245.8680      0.3453    333.89
[SPARC][INFO] 685       -2245.8816      0.4131    399.47
[SPARC][INFO] 686       -2245.8984      0.3843    371.61
[SPARC][INFO] 687       -2245.9127      0.3917    378.83
[SPARC][INFO] 688       -2245.9246      0.3311    320.20
[SPARC][INFO] 689       -2245.9291      0.3552    343.49
[SPARC][INFO] 690       -2245.9282      0.4509    436.06
[SPARC][INFO] 691       -2245.9230      0.3400    328.80
[SPARC][INFO] 692       -2245.8977      0.3864    373.69
[SPARC][INFO] 693       -2245.8649      0.3836    370.99
[SPARC][INFO] 694       -2245.8376      0.3790    366.49
[SPARC][INFO] 695       -2245.8101      0.2965    286.71
[SPARC][INFO] 696       -2245.7705      0.3475    336.02
[SPARC][INFO] 697       -2245.7287      0.3014    291.47
[SPARC][INFO] 698       -2245.7187      0.3569    345.14
[SPARC][INFO] 699       -2245.7357      0.4428    428.23
[SPARC][INFO] 700       -2245.7728      0.3984    385.29
[SPARC][INFO] 701       -2245.8115      0.4729    457.29
[SPARC][INFO] 702       -2245.8410      0.4673    451.87
[SPARC][INFO] 703       -2245.8623      0.3740    361.69
[SPARC][INFO] 704       -2245.8803      0.4402    425.67
[SPARC][INFO] 705       -2245.8963      0.4501    435.30
[SPARC][INFO] 706       -2245.9084      0.3759    363.52
[SPARC][INFO] 707       -2245.9054      0.3372    326.04
[SPARC][INFO] 708       -2245.8744      0.3119    301.60
[SPARC][INFO] 709       -2245.8265      0.2921    282.51
[SPARC][INFO] 710       -2245.7640      0.2943    284.56
[SPARC][INFO] 711       -2245.7096      0.3838    371.11
[SPARC][INFO] 712       -2245.6748      0.3043    294.28
[SPARC][INFO] 713       -2245.6477      0.3689    356.73
[SPARC][INFO] 714       -2245.6204      0.3607    348.80
[SPARC][INFO] 715       -2245.6047      0.3164    306.02
[SPARC][INFO] 716       -2245.6054      0.4246    410.60
[SPARC][INFO] 717       -2245.6068      0.3934    380.41
[SPARC][INFO] 718       -2245.6230      0.4009    387.73
[SPARC][INFO] 719       -2245.6541      0.4251    411.08
[SPARC][INFO] 720       -2245.7073      0.4845    468.52
[SPARC][INFO] 721       -2245.7504      0.3804    367.82
[SPARC][INFO] 722       -2245.7788      0.4187    404.86
[SPARC][INFO] 723       -2245.8058      0.4102    396.67
[SPARC][INFO] 724       -2245.8336      0.4542    439.22
[SPARC][INFO] 725       -2245.8589      0.4934    477.10
[SPARC][INFO] 726       -2245.8789      0.3323    321.32
[SPARC][INFO] 727       -2245.9110      0.4620    446.77
[SPARC][INFO] 728       -2245.9352      0.5440    526.04
[SPARC][INFO] 729       -2245.9493      0.4238    409.84
[SPARC][INFO] 730       -2245.9468      0.4547    439.74
[SPARC][INFO] 731       -2245.9203      0.3114    301.12
[SPARC][INFO] 732       -2245.8749      0.3194    308.86
[SPARC][INFO] 733       -2245.8303      0.3798    367.32
[SPARC][INFO] 734       -2245.7887      0.4383    423.87
[SPARC][INFO] 735       -2245.7757      0.3881    375.34
[SPARC][INFO] 736       -2245.7925      0.4067    393.29
[SPARC][INFO] 737       -2245.8006      0.3865    373.75
[SPARC][INFO] 738       -2245.8143      0.3859    373.15
[SPARC][INFO] 739       -2245.8342      0.4115    397.96
[SPARC][INFO] 740       -2245.8486      0.4928    476.57
[SPARC][INFO] 741       -2245.8630      0.3858    373.06
[SPARC][INFO] 742       -2245.8801      0.4056    392.28
[SPARC][INFO] 743       -2245.8787      0.3943    381.34
[SPARC][INFO] 744       -2245.8466      0.4549    439.93
[SPARC][INFO] 745       -2245.8069      0.4032    389.90
[SPARC][INFO] 746       -2245.7830      0.3326    321.65
[SPARC][INFO] 747       -2245.7734      0.3543    342.64
[SPARC][INFO] 748       -2245.7664      0.4519    436.96
[SPARC][INFO] 749       -2245.7681      0.4199    406.07
[SPARC][INFO] 750       -2245.7748      0.4544    439.46
[SPARC][INFO] 751       -2245.7847      0.4236    409.67
[SPARC][INFO] 752       -2245.7898      0.4368    422.39
[SPARC][INFO] 753       -2245.7922      0.5096    492.84
[SPARC][INFO] 754       -2245.7923      0.3425    331.24
[SPARC][INFO] 755       -2245.8036      0.3708    358.56
[SPARC][INFO] 756       -2245.8308      0.4116    398.07
[SPARC][INFO] 757       -2245.8681      0.4801    464.32
[SPARC][INFO] 758       -2245.9034      0.4620    446.80
[SPARC][INFO] 759       -2245.9209      0.4707    455.15
[SPARC][INFO] 760       -2245.9314      0.4238    409.82
[SPARC][INFO] 761       -2245.9251      0.4208    406.91
[SPARC][INFO] 762       -2245.9098      0.3588    346.95
[SPARC][INFO] 763       -2245.8735      0.4990    482.58
[SPARC][INFO] 764       -2245.8190      0.4179    404.13
[SPARC][INFO] 765       -2245.7530      0.4700    454.55
[SPARC][INFO] 766       -2245.7020      0.3487    337.17
[SPARC][INFO] 767       -2245.6644      0.3500    338.46
[SPARC][INFO] 768       -2245.6375      0.3774    364.96
[SPARC][INFO] 769       -2245.6447      0.3879    375.12
[SPARC][INFO] 770       -2245.6867      0.4369    422.53
[SPARC][INFO] 771       -2245.7443      0.4171    403.38
[SPARC][INFO] 772       -2245.7849      0.4986    482.20
[SPARC][INFO] 773       -2245.7992      0.4568    441.75
[SPARC][INFO] 774       -2245.8123      0.4522    437.30
[SPARC][INFO] 775       -2245.8126      0.4366    422.26
[SPARC][INFO] 776       -2245.8136      0.3896    376.75
[SPARC][INFO] 777       -2245.8281      0.4808    465.00
[SPARC][INFO] 778       -2245.8577      0.4282    414.04
[SPARC][INFO] 779       -2245.8956      0.5039    487.27
[SPARC][INFO] 780       -2245.9127      0.5585    540.07
[SPARC][INFO] 781       -2245.9368      0.4048    391.42
[SPARC][INFO] 782       -2245.9438      0.4386    424.10
[SPARC][INFO] 783       -2245.9246      0.5400    522.16
[SPARC][INFO] 784       -2245.8808      0.4195    405.70
[SPARC][INFO] 785       -2245.8303      0.3168    306.34
[SPARC][INFO] 786       -2245.7690      0.4627    447.43
[SPARC][INFO] 787       -2245.7214      0.4056    392.26
[SPARC][INFO] 788       -2245.6751      0.5952    575.61
[SPARC][INFO] 789       -2245.6342      0.3233    312.69
[SPARC][INFO] 790       -2245.6078      0.4238    409.86
[SPARC][INFO] 791       -2245.6129      0.4345    420.18
[SPARC][INFO] 792       -2245.6496      0.5233    506.08
[SPARC][INFO] 793       -2245.6853      0.4552    440.23
[SPARC][INFO] 794       -2245.7225      0.5340    516.45
[SPARC][INFO] 795       -2245.7577      0.4267    412.65
[SPARC][INFO] 796       -2245.7743      0.4069    393.52
[SPARC][INFO] 797       -2245.7703      0.3775    365.08
[SPARC][INFO] 798       -2245.7527      0.3755    363.15
[SPARC][INFO] 799       -2245.7315      0.4895    473.41
[SPARC][INFO] 800       -2245.7500      0.4245    410.52
[SPARC][INFO] 801       -2245.8145      0.3737    361.35
[SPARC][INFO] 802       -2245.9038      0.4821    466.21
[SPARC][INFO] 803       -2245.9834      0.4670    451.58
[SPARC][INFO] 804       -2246.0362      0.5186    501.55
[SPARC][INFO] 805       -2246.0517      0.5157    498.70
[SPARC][INFO] 806       -2246.0293      0.4561    441.03
[SPARC][INFO] 807       -2245.9761      0.4702    454.67
[SPARC][INFO] 808       -2245.9185      0.3778    365.36
[SPARC][INFO] 809       -2245.8773      0.3095    299.30
[SPARC][INFO] 810       -2245.8497      0.6006    580.83
[SPARC][INFO] 811       -2245.8368      0.4000    386.81
[SPARC][INFO] 812       -2245.8284      0.4308    416.56
[SPARC][INFO] 813       -2245.8228      0.4754    459.78
[SPARC][INFO] 814       -2245.8152      0.4934    477.13
[SPARC][INFO] 815       -2245.8072      0.3102    299.98
[SPARC][INFO] 816       -2245.7964      0.4201    406.26
[SPARC][INFO] 817       -2245.7590      0.3746    362.28
[SPARC][INFO] 818       -2245.7236      0.4790    463.26
[SPARC][INFO] 819       -2245.6977      0.3765    364.14
[SPARC][INFO] 820       -2245.6673      0.3947    381.70
[SPARC][INFO] 821       -2245.6615      0.5244    507.08
[SPARC][INFO] 822       -2245.6591      0.5069    490.17
[SPARC][INFO] 823       -2245.6478      0.5492    531.09
[SPARC][INFO] 824       -2245.6267      0.3990    385.83
[SPARC][INFO] 825       -2245.6134      0.4741    458.46
[SPARC][INFO] 826       -2245.5973      0.3346    323.62
[SPARC][INFO] 827       -2245.6057      0.4991    482.65
[SPARC][INFO] 828       -2245.6366      0.4179    404.10
[SPARC][INFO] 829       -2245.6545      0.4079    394.49
[SPARC][INFO] 830       -2245.6982      0.4380    423.58
[SPARC][INFO] 831       -2245.7663      0.6175    597.14
[SPARC][INFO] 832       -2245.8446      0.7092    685.87
[SPARC][INFO] 833       -2245.9128      0.5644    545.79
[SPARC][INFO] 834       -2245.9588      0.4074    394.02
[SPARC][INFO] 835       -2245.9871      0.5812    562.09
[SPARC][INFO] 836       -2245.9864      0.5107    493.83
[SPARC][INFO] 837       -2245.9624      0.6134    593.18
[SPARC][INFO] 838       -2245.9340      0.5244    507.16
[SPARC][INFO] 839       -2245.9188      0.4553    440.26
[SPARC][INFO] 840       -2245.9135      0.6475    626.19
[SPARC][INFO] 841       -2245.9060      0.4883    472.22
[SPARC][INFO] 842       -2245.9224      0.4860    469.99
[SPARC][INFO] 843       -2245.9577      0.4752    459.59
[SPARC][INFO] 844       -2245.9788      0.4556    440.61
[SPARC][INFO] 845       -2245.9793      0.4480    433.20
[SPARC][INFO] 846       -2245.9721      0.4506    435.76
[SPARC][INFO] 847       -2245.9591      0.4143    400.64
[SPARC][INFO] 848       -2245.9481      0.3298    318.91
[SPARC][INFO] 849       -2245.9391      0.4420    427.47
[SPARC][INFO] 850       -2245.9375      0.3870    374.28
[SPARC][INFO] 851       -2245.9308      0.3857    372.98
[SPARC][INFO] 852       -2245.9081      0.4792    463.37
[SPARC][INFO] 853       -2245.8673      0.3166    306.15
[SPARC][INFO] 854       -2245.8062      0.3728    360.53
[SPARC][INFO] 855       -2245.7474      0.3843    371.63
[SPARC][INFO] 856       -2245.7218      0.3786    366.10
[SPARC][INFO] 857       -2245.7280      0.5079    491.17
[SPARC][INFO] 858       -2245.7689      0.4278    413.67
[SPARC][INFO] 859       -2245.8042      0.4611    445.87
[SPARC][INFO] 860       -2245.8240      0.6038    583.90
[SPARC][INFO] 861       -2245.8183      0.5640    545.42
[SPARC][INFO] 862       -2245.8008      0.4719    456.32
[SPARC][INFO] 863       -2245.7806      0.4675    452.13
[SPARC][INFO] 864       -2245.7712      0.5209    503.72
[SPARC][INFO] 865       -2245.7755      0.4606    445.40
[SPARC][INFO] 866       -2245.7897      0.3740    361.68
[SPARC][INFO] 867       -2245.8047      0.4826    466.67
[SPARC][INFO] 868       -2245.8332      0.5276    510.23
[SPARC][INFO] 869       -2245.8786      0.4793    463.49
[SPARC][INFO] 870       -2245.9268      0.6670    644.98
[SPARC][INFO] 871       -2245.9607      0.5275    510.15
[SPARC][INFO] 872       -2245.9868      0.4340    419.65
[SPARC][INFO] 873       -2246.0066      0.5535    535.26
[SPARC][INFO] 874       -2246.0063      0.3842    371.54
[SPARC][INFO] 875       -2245.9918      0.3936    380.65
[SPARC][INFO] 876       -2245.9637      0.3202    309.69
[SPARC][INFO] 877       -2245.9310      0.3973    384.21
[SPARC][INFO] 878       -2245.8961      0.4904    474.20
[SPARC][INFO] 879       -2245.8652      0.4896    473.48
[SPARC][INFO] 880       -2245.8351      0.4366    422.24
[SPARC][INFO] 881       -2245.8004      0.4025    389.19
[SPARC][INFO] 882       -2245.7696      0.2985    288.67
[SPARC][INFO] 883       -2245.7463      0.4745    458.91
[SPARC][INFO] 884       -2245.7256      0.4506    435.72
[SPARC][INFO] 885       -2245.7023      0.4507    435.87
[SPARC][INFO] 886       -2245.6837      0.4467    432.02
[SPARC][INFO] 887       -2245.6635      0.4088    395.36
[SPARC][INFO] 888       -2245.6385      0.3355    324.46
[SPARC][INFO] 889       -2245.6077      0.5041    487.44
[SPARC][INFO] 890       -2245.5843      0.4011    387.89
[SPARC][INFO] 891       -2245.6065      0.3576    345.84
[SPARC][INFO] 892       -2245.6818      0.5559    537.56
[SPARC][INFO] 893       -2245.7523      0.5104    493.56
[SPARC][INFO] 894       -2245.8175      0.7326    708.45
[SPARC][INFO] 895       -2245.8508      0.4603    445.17
[SPARC][INFO] 896       -2245.8728      0.4622    446.97
[SPARC][INFO] 897       -2245.9016      0.4695    454.02
[SPARC][INFO] 898       -2245.9194      0.4398    425.27
[SPARC][INFO] 899       -2245.9087      0.5022    485.69
[SPARC][INFO] 900       -2245.8709      0.4534    438.47
[SPARC][INFO] 901       -2245.8147      0.3688    356.62
[SPARC][INFO] 902       -2245.8190      0.5627    544.20
[SPARC][INFO] 903       -2245.8536      0.4865    470.43
[SPARC][INFO] 904       -2245.9044      0.5375    519.78
[SPARC][INFO] 905       -2245.9490      0.5454    527.46
[SPARC][INFO] 906       -2245.9576      0.5707    551.92
[SPARC][INFO] 907       -2245.9180      0.5457    527.74
[SPARC][INFO] 908       -2245.8519      0.4087    395.28
[SPARC][INFO] 909       -2245.7829      0.5296    512.18
[SPARC][INFO] 910       -2245.7455      0.5173    500.25
[SPARC][INFO] 911       -2245.7274      0.5235    506.23
[SPARC][INFO] 912       -2245.7208      0.5063    489.58
[SPARC][INFO] 913       -2245.7397      0.6023    582.44
[SPARC][INFO] 914       -2245.7602      0.5759    556.94
[SPARC][INFO] 915       -2245.7836      0.4986    482.13
[SPARC][INFO] 916       -2245.8134      0.5423    524.40
[SPARC][INFO] 917       -2245.8317      0.4058    392.44
[SPARC][INFO] 918       -2245.8286      0.5698    551.05
[SPARC][INFO] 919       -2245.7790      0.5051    488.43
[SPARC][INFO] 920       -2245.7191      0.4075    394.12
[SPARC][INFO] 921       -2245.6774      0.4874    471.34
[SPARC][INFO] 922       -2245.6765      0.5452    527.21
[SPARC][INFO] 923       -2245.7156      0.4489    434.06
[SPARC][INFO] 924       -2245.7774      0.5866    567.29
[SPARC][INFO] 925       -2245.8434      0.6134    593.15
[SPARC][INFO] 926       -2245.8951      0.4446    429.90
[SPARC][INFO] 927       -2245.9200      0.4159    402.22
[SPARC][INFO] 928       -2245.9140      0.3822    369.56
[SPARC][INFO] 929       -2245.8720      0.4053    391.94
[SPARC][INFO] 930       -2245.8120      0.4018    388.54
[SPARC][INFO] 931       -2245.7605      0.5016    485.07
[SPARC][INFO] 932       -2245.7466      0.3983    385.16
[SPARC][INFO] 933       -2245.7989      0.4101    396.55
[SPARC][INFO] 934       -2245.8924      0.6714    649.24
[SPARC][INFO] 935       -2245.9760      0.5070    490.25
[SPARC][INFO] 936       -2246.0214      0.6095    589.38
[SPARC][INFO] 937       -2246.0219      0.4000    386.78
[SPARC][INFO] 938       -2245.9994      0.4563    441.22
[SPARC][INFO] 939       -2245.9720      0.4125    398.90
[SPARC][INFO] 940       -2245.9531      0.4877    471.66
[SPARC][INFO] 941       -2245.9573      0.4586    443.53
[SPARC][INFO] 942       -2245.9715      0.4677    452.26
[SPARC][INFO] 943       -2245.9789      0.5110    494.16
[SPARC][INFO] 944       -2245.9748      0.4700    454.51
[SPARC][INFO] 945       -2245.9625      0.5195    502.36
[SPARC][INFO] 946       -2245.9527      0.5807    561.60
[SPARC][INFO] 947       -2245.9616      0.4823    466.36
[SPARC][INFO] 948       -2245.9705      0.3658    353.71
[SPARC][INFO] 949       -2245.9599      0.5842    564.98
[SPARC][INFO] 950       -2245.9288      0.4403    425.75
[SPARC][INFO] 951       -2245.8776      0.3795    367.02
[SPARC][INFO] 952       -2245.8268      0.5733    554.44
[SPARC][INFO] 953       -2245.7960      0.4648    449.52
[SPARC][INFO] 954       -2245.7782      0.4162    402.53
[SPARC][INFO] 955       -2245.7971      0.5912    571.72
[SPARC][INFO] 956       -2245.8365      0.5357    518.05
[SPARC][INFO] 957       -2245.8702      0.5610    542.47
[SPARC][INFO] 958       -2245.8797      0.4492    434.43
[SPARC][INFO] 959       -2245.8884      0.4034    390.13
[SPARC][INFO] 960       -2245.8993      0.5408    523.02
[SPARC][INFO] 961       -2245.8923      0.5587    540.28
[SPARC][INFO] 962       -2245.8777      0.5786    559.53
[SPARC][INFO] 963       -2245.8583      0.5366    518.93
[SPARC][INFO] 964       -2245.8545      0.5085    491.71
[SPARC][INFO] 965       -2245.8621      0.5620    543.46
[SPARC][INFO] 966       -2245.8809      0.5072    490.49
[SPARC][INFO] 967       -2245.8978      0.5894    569.99
[SPARC][INFO] 968       -2245.8961      0.5171    500.09
[SPARC][INFO] 969       -2245.8771      0.5753    556.36
[SPARC][INFO] 970       -2245.8594      0.5256    508.30
[SPARC][INFO] 971       -2245.8601      0.4988    482.38
[SPARC][INFO] 972       -2245.8691      0.5799    560.83
[SPARC][INFO] 973       -2245.9099      0.4529    437.94
[SPARC][INFO] 974       -2245.9702      0.4874    471.33
[SPARC][INFO] 975       -2246.0218      0.5482    530.11
[SPARC][INFO] 976       -2246.0588      0.4910    474.78
[SPARC][INFO] 977       -2246.0728      0.5142    497.30
[SPARC][INFO] 978       -2246.0578      0.5146    497.66
[SPARC][INFO] 979       -2246.0196      0.3958    382.74
[SPARC][INFO] 980       -2245.9587      0.3518    340.23
[SPARC][INFO] 981       -2245.8940      0.4735    457.89
[SPARC][INFO] 982       -2245.8342      0.4964    480.04
[SPARC][INFO] 983       -2245.7874      0.4406    426.08
[SPARC][INFO] 984       -2245.7722      0.5355    517.87
[SPARC][INFO] 985       -2245.7765      0.5008    484.33
[SPARC][INFO] 986       -2245.7919      0.4165    402.75
[SPARC][INFO] 987       -2245.8271      0.5419    524.01
[SPARC][INFO] 988       -2245.8550      0.5593    540.84
[SPARC][INFO] 989       -2245.8859      0.6108    590.65
[SPARC][INFO] 990       -2245.9121      0.5925    573.01
[SPARC][INFO] 991       -2245.9303      0.4451    430.41
[SPARC][INFO] 992       -2245.9455      0.4849    468.95
[SPARC][INFO] 993       -2245.9433      0.5537    535.41
[SPARC][INFO] 994       -2245.9282      0.5333    515.70
[SPARC][INFO] 995       -2245.8955      0.4974    481.02
[SPARC][INFO] 996       -2245.8596      0.4584    443.25
[SPARC][INFO] 997       -2245.8333      0.3689    356.71
[SPARC][INFO] 998       -2245.8019      0.5425    524.58
[SPARC][INFO] 999       -2245.7889      0.5320    514.43
[SPARC][INFO] 1000      -2245.8059      0.4722    456.66
[SPARC][INFO] PyTorch backend is functional
[SPARC][INFO] Detected DeePMD-kit v3 with PYTORCH backend
[SPARC][INFO] 
[SPARC][INFO] --------------------------------------------------------------------------------
[SPARC][INFO]                         ACTIVE LEARNING CYCLE : DISABLED                        
[SPARC][INFO] --------------------------------------------------------------------------------
[SPARC][INFO] ================================================================================
[SPARC][INFO] 

================================================================================
END CALCULATION - 2026-04-15 11:56:21
Total Runtime: 0:25:45.054605
================================================================================
