================================================================================
BEGIN CALCULATION - 2026-04-15 16:06:22
================================================================================


         ######  ########     ###    ########   ######  
        ##    ## ##     ##   ## ##   ##     ## ##    ## 
        ##       ##     ##  ##   ##  ##     ## ##       
         ######  ########  ##     ## ########  ##       
              ## ##        ######### ##   ##   ##       
        ##    ## ##        ##     ## ##    ##  ##    ## 
         ######  ##        ##     ## ##     ##  ###### 
         --v0.2.0

[SPARC][INFO] SPARC: Smart Potential with Atomistic Rare Events & Continuous Learning
[SPARC][INFO] Version: 0.2.0

[SPARC][INFO] ================================================================================
[SPARC][INFO] Working directory: /home/rverma7/My_Program/0.3_sparc/examples/xTB
[SPARC][INFO] Configuration file: input.yaml
[SPARC][INFO] 
[SPARC][INFO] ================================================================================
[SPARC][INFO]                     YAML configuration loaded successfully!                     
[SPARC][INFO] ================================================================================
[SPARC][INFO] Using structure file: AmmoniaBorate.xyz
[SPARC][INFO] WORKFLOW PARAMETERS :
[SPARC][INFO] ---------------------
[SPARC][INFO] Structure FileName/s           AmmoniaBorate.xyz
[SPARC][INFO] Number of Atoms                8
[SPARC][INFO] Chemical Formula               H6BN
[SPARC][INFO] 
[SPARC][INFO] DFT Engine                     xTB
[SPARC][INFO] DFT Tempelate File             xtb_template.inp
[SPARC][INFO] DFT Executable                 OMP_NUM_THREADS=2 /home/rverma7/anaconda3/envs/sparcGNN/bin/xtb
[SPARC][INFO] 
[SPARC][INFO] Active Learning                Disabled
[SPARC][INFO] ================================================================================
[SPARC][INFO] 
[SPARC][INFO] Creating Directories for Iteration: 000000
[SPARC][INFO] ================================================================================
[SPARC][INFO] ├── iter_000000
[SPARC][INFO] │   ├── 00.dft
[SPARC][INFO] │   ├── 01.train
[SPARC][INFO] │   └── 02.dpmd
[SPARC][INFO] 
[SPARC][INFO] Setting up xTB calculator...
[SPARC][INFO] --------------------------------------------------
[SPARC][INFO]                   xTB CALCULATOR                  
[SPARC][INFO] --------------------------------------------------
[SPARC][INFO]  Executable           OMP_NUM_THREADS=2 /home/rverma7/anaconda3/envs/sparcGNN/bin/xtb
[SPARC][INFO]  Method               GFN2-xTB
[SPARC][INFO]  Charge, Mult         0, 1 (UHF=0)
[SPARC][INFO]  Accuracy             1.0
[SPARC][INFO]  Elec. Temp (K)       300.0
[SPARC][INFO]  Max Iter             250
[SPARC][INFO]  Solvent              None
[SPARC][INFO]  xTB workdir, Label   xtb_run, xtb
[SPARC][INFO] --------------------------------------------------
[SPARC][INFO] xTB calculator setup successfully
[SPARC][INFO] ================================================================================
[SPARC][INFO]                     Ab-initio MD using NVT-Langevin at 300K                     
[SPARC][INFO] MD Ensemble                    NVT
[SPARC][INFO] Temperature                    300.0 K
[SPARC][INFO] MD Thermostat                  Langevin
[SPARC][INFO] Timestep                       1.00 fs
[SPARC][INFO] AIMD Steps                     5000
[SPARC][INFO] Output Trajectory              AseMD.traj
[SPARC][INFO] Output Logfile                 AseMD.log
[SPARC][INFO] 
[SPARC][INFO] 
[SPARC][INFO] --------------------------------------------------------------------------------
[SPARC][INFO] Step     Epot (eV)    Ekin (eV)    Temp (K)   P (GPa)    V (Ang.^3)
[SPARC][INFO] --------------------------------------------------------------------------------
[SPARC][INFO] 0          -194.7063      0.3102    300.00
[SPARC][INFO] 20         -194.7560      0.3025    292.55
[SPARC][INFO] 40         -194.8862      0.2012    194.60
[SPARC][INFO] 60         -194.8694      0.3031    293.16
[SPARC][INFO] 80         -194.4598      0.5383    520.51
[SPARC][INFO] 100        -194.8186      0.2683    259.48
[SPARC][INFO] 120        -194.7244      0.3283    317.50
[SPARC][INFO] 140        -194.8597      0.4532    438.26
[SPARC][INFO] 160        -194.7122      0.6415    620.37
[SPARC][INFO] 180        -194.6795      0.4634    448.11
[SPARC][INFO] 200        -194.7391      0.4133    399.72
[SPARC][INFO] 220        -194.7526      0.2884    278.89
[SPARC][INFO] 240        -194.8802      0.3563    344.58
[SPARC][INFO] 260        -194.8778      0.3371    326.00
[SPARC][INFO] 280        -194.9185      0.3040    293.95
[SPARC][INFO] 300        -194.8474      0.3741    361.76
[SPARC][INFO] 320        -194.7534      0.3803    367.81
[SPARC][INFO] 340        -194.7845      0.1890    182.75
[SPARC][INFO] 360        -194.6458      0.2691    260.22
[SPARC][INFO] 380        -194.8338      0.1659    160.47
[SPARC][INFO] 400        -194.7883      0.3149    304.52
[SPARC][INFO] 420        -194.8094      0.2455    237.45
[SPARC][INFO] 440        -194.8442      0.2609    252.35
[SPARC][INFO] 460        -194.8585      0.3455    334.08
[SPARC][INFO] 480        -194.7611      0.2272    219.72
[SPARC][INFO] 500        -194.8773      0.5583    539.87
[SPARC][INFO] 520        -194.9018      0.4662    450.86
[SPARC][INFO] 540        -194.7055      0.4547    439.71
[SPARC][INFO] 560        -194.8554      0.2659    257.18
[SPARC][INFO] 580        -194.9096      0.3107    300.51
[SPARC][INFO] 600        -194.8493      0.3190    308.52
[SPARC][INFO] 620        -194.7652      0.2391    231.25
[SPARC][INFO] 640        -194.7878      0.1636    158.19
[SPARC][INFO] 660        -194.8364      0.2001    193.47
[SPARC][INFO] 680        -194.8371      0.4728    457.20
[SPARC][INFO] 700        -194.5800      0.2229    215.57
[SPARC][INFO] 720        -194.6590      0.3661    354.00
[SPARC][INFO] 740        -194.6127      0.3654    353.35
[SPARC][INFO] 760        -194.6343      0.5211    503.96
[SPARC][INFO] 780        -194.8613      0.3277    316.94
[SPARC][INFO] 800        -194.6504      0.1927    186.31
[SPARC][INFO] 820        -194.8684      0.4326    418.33
[SPARC][INFO] 840        -194.8243      0.2357    227.91
[SPARC][INFO] 860        -194.7402      0.4224    408.52
[SPARC][INFO] 880        -194.6057      0.5245    507.23
[SPARC][INFO] 900        -194.7941      0.2958    286.09
[SPARC][INFO] 920        -194.7852      0.3591    347.24
[SPARC][INFO] 940        -194.7133      0.2587    250.22
[SPARC][INFO] 960        -194.9313      0.1991    192.57
[SPARC][INFO] 980        -194.6522      0.2947    284.97
[SPARC][INFO] 1000       -194.8748      0.3790    366.53
[SPARC][INFO] 1020       -194.7719      0.3990    385.89
[SPARC][INFO] 1040       -194.7702      0.1991    192.50
[SPARC][INFO] 1060       -194.7237      0.4153    401.63
[SPARC][INFO] 1080       -194.8007      0.2147    207.65
[SPARC][INFO] 1100       -194.7428      0.3194    308.90
[SPARC][INFO] 1120       -194.7323      0.3656    353.56
[SPARC][INFO] 1140       -194.8005      0.1802    174.23
[SPARC][INFO] 1160       -194.6755      0.3151    304.71
[SPARC][INFO] 1180       -194.6470      0.3312    320.28
[SPARC][INFO] 1200       -194.7272      0.4025    389.22
[SPARC][INFO] 1220       -194.8097      0.3890    376.13
[SPARC][INFO] 1240       -194.6120      0.5386    520.89
[SPARC][INFO] 1260       -194.8351      0.3617    349.81
[SPARC][INFO] 1280       -194.8391      0.3120    301.67
[SPARC][INFO] 1300       -194.6998      0.2356    227.79
[SPARC][INFO] 1320       -194.5442      0.3455    334.14
[SPARC][INFO] 1340       -194.8886      0.3311    320.23
[SPARC][INFO] 1360       -194.8086      0.3188    308.33
[SPARC][INFO] 1380       -194.7064      0.2738    264.81
[SPARC][INFO] 1400       -194.8361      0.4163    402.55
[SPARC][INFO] 1420       -194.5048      0.2038    197.08
[SPARC][INFO] 1440       -194.7097      0.2221    214.74
[SPARC][INFO] 1460       -194.8536      0.4309    416.69
[SPARC][INFO] 1480       -194.8787      0.3241    313.46
[SPARC][INFO] 1500       -194.8843      0.4987    482.24
[SPARC][INFO] 1520       -194.8585      0.3618    349.86
[SPARC][INFO] 1540       -194.8713      0.1926    186.22
[SPARC][INFO] 1560       -194.8688      0.2581    249.56
[SPARC][INFO] 1580       -194.7815      0.3461    334.68
[SPARC][INFO] 1600       -194.8038      0.1879    181.73
[SPARC][INFO] 1620       -194.6504      0.2738    264.80
[SPARC][INFO] 1640       -194.6031      0.2702    261.34
[SPARC][INFO] 1660       -194.8139      0.4198    406.01
[SPARC][INFO] 1680       -194.7012      0.2765    267.38
[SPARC][INFO] 1700       -194.9015      0.2794    270.24
[SPARC][INFO] 1720       -194.9351      0.3393    328.10
[SPARC][INFO] 1740       -194.7835      0.4287    414.54
[SPARC][INFO] 1760       -194.6873      0.3344    323.34
[SPARC][INFO] 1780       -194.5741      0.1835    177.47
[SPARC][INFO] 1800       -194.7857      0.2414    233.40
[SPARC][INFO] 1820       -194.7283      0.3127    302.44
[SPARC][INFO] 1840       -194.8238      0.3257    314.96
[SPARC][INFO] 1860       -194.7505      0.2796    270.42
[SPARC][INFO] 1880       -194.8758      0.1513    146.32
[SPARC][INFO] 1900       -194.7760      0.5790    559.88
[SPARC][INFO] 1920       -194.6949      0.3978    384.65
[SPARC][INFO] 1940       -194.6581      0.4667    451.34
[SPARC][INFO] 1960       -194.7625      0.3440    332.70
[SPARC][INFO] 1980       -194.7974      0.2129    205.85
[SPARC][INFO] 2000       -194.8556      0.1654    159.97
[SPARC][INFO] 2020       -194.7810      0.4757    460.01
[SPARC][INFO] 2040       -194.8434      0.4007    387.51
[SPARC][INFO] 2060       -194.8907      0.3707    358.47
[SPARC][INFO] 2080       -194.8697      0.3030    293.02
[SPARC][INFO] 2100       -194.6376      0.3491    337.57
[SPARC][INFO] 2120       -194.8839      0.3071    296.99
[SPARC][INFO] 2140       -194.8883      0.4696    454.15
[SPARC][INFO] 2160       -194.8354      0.3034    293.37
[SPARC][INFO] 2180       -194.7404      0.2905    280.96
[SPARC][INFO] 2200       -194.7594      0.5017    485.17
[SPARC][INFO] 2220       -194.8387      0.3029    292.95
[SPARC][INFO] 2240       -194.9338      0.4907    474.57
[SPARC][INFO] 2260       -194.6670      0.3220    311.37
[SPARC][INFO] 2280       -194.7346      0.3439    332.57
[SPARC][INFO] 2300       -194.8697      0.3463    334.93
[SPARC][INFO] 2320       -194.7750      0.3054    295.32
[SPARC][INFO] 2340       -194.4938      0.2908    281.23
[SPARC][INFO] 2360       -194.7626      0.3649    352.90
[SPARC][INFO] 2380       -194.8369      0.4081    394.66
[SPARC][INFO] 2400       -194.9482      0.2627    254.00
[SPARC][INFO] 2420       -194.8900      0.2878    278.33
[SPARC][INFO] 2440       -194.9796      0.3318    320.88
[SPARC][INFO] 2460       -194.8077      0.3049    294.89
[SPARC][INFO] 2480       -194.7921      0.2611    252.52
[SPARC][INFO] 2500       -194.8148      0.3188    308.30
[SPARC][INFO] 2520       -194.8993      0.3481    336.66
[SPARC][INFO] 2540       -194.7386      0.2560    247.55
[SPARC][INFO] 2560       -194.9002      0.2451    237.07
[SPARC][INFO] 2580       -194.9011      0.4085    395.02
[SPARC][INFO] 2600       -194.9386      0.1748    169.03
[SPARC][INFO] 2620       -194.8010      0.3601    348.24
[SPARC][INFO] 2640       -194.8289      0.3517    340.10
[SPARC][INFO] 2660       -194.8410      0.5011    484.54
[SPARC][INFO] 2680       -194.7355      0.2607    252.13
[SPARC][INFO] 2700       -194.9409      0.2792    269.97
[SPARC][INFO] 2720       -194.7961      0.4654    450.05
[SPARC][INFO] 2740       -194.8393      0.2811    271.84
[SPARC][INFO] 2760       -194.6987      0.4081    394.61
[SPARC][INFO] 2780       -194.7158      0.2396    231.70
[SPARC][INFO] 2800       -194.7901      0.4194    405.62
[SPARC][INFO] 2820       -194.7223      0.2494    241.21
[SPARC][INFO] 2840       -194.8952      0.2713    262.36
[SPARC][INFO] 2860       -194.6801      0.1250    120.84
[SPARC][INFO] 2880       -194.8555      0.2061    199.33
[SPARC][INFO] 2900       -194.6727      0.2976    287.80
[SPARC][INFO] 2920       -194.7412      0.5381    520.41
[SPARC][INFO] 2940       -194.8743      0.2983    288.42
[SPARC][INFO] 2960       -194.8864      0.2523    243.95
[SPARC][INFO] 2980       -194.7188      0.2241    216.71
[SPARC][INFO] 3000       -194.7745      0.2387    230.82
[SPARC][INFO] 3020       -194.9252      0.3200    309.44
[SPARC][INFO] 3040       -194.8930      0.4868    470.78
[SPARC][INFO] 3060       -194.5973      0.7263    702.37
[SPARC][INFO] 3080       -194.5964      0.4280    413.92
[SPARC][INFO] 3100       -194.8358      0.4712    455.63
[SPARC][INFO] 3120       -194.7619      0.2506    242.30
[SPARC][INFO] 3140       -194.6641      0.4231    409.17
[SPARC][INFO] 3160       -194.7687      0.4572    442.10
[SPARC][INFO] 3180       -194.8039      0.3880    375.19
[SPARC][INFO] 3200       -194.9288      0.5791    559.99
[SPARC][INFO] 3220       -194.7632      0.2811    271.80
[SPARC][INFO] 3240       -194.6834      0.3159    305.52
[SPARC][INFO] 3260       -194.9336      0.3097    299.46
[SPARC][INFO] 3280       -194.8777      0.4736    458.00
[SPARC][INFO] 3300       -194.8341      0.2777    268.51
[SPARC][INFO] 3320       -194.6651      0.5932    573.65
[SPARC][INFO] 3340       -194.8597      0.1789    172.98
[SPARC][INFO] 3360       -194.7274      0.2546    246.25
[SPARC][INFO] 3380       -194.7972      0.5011    484.59
[SPARC][INFO] 3400       -194.7978      0.3038    293.83
[SPARC][INFO] 3420       -194.6242      0.4196    405.74
[SPARC][INFO] 3440       -194.9041      0.2476    239.44
[SPARC][INFO] 3460       -194.5883      0.2187    211.48
[SPARC][INFO] 3480       -194.8895      0.3671    355.02
[SPARC][INFO] 3500       -194.8954      0.4794    463.64
[SPARC][INFO] 3520       -194.9127      0.4189    405.10
[SPARC][INFO] 3540       -194.8886      0.5345    516.85
[SPARC][INFO] 3560       -194.8526      0.3711    358.82
[SPARC][INFO] 3580       -194.7562      0.3898    376.98
[SPARC][INFO] 3600       -194.8518      0.2717    262.79
[SPARC][INFO] 3620       -194.8585      0.2371    229.31
[SPARC][INFO] 3640       -194.7569      0.3134    303.08
[SPARC][INFO] 3660       -194.6960      0.2871    277.62
[SPARC][INFO] 3680       -194.8679      0.3162    305.83
[SPARC][INFO] 3700       -194.7864      0.2059    199.16
[SPARC][INFO] 3720       -194.9299      0.3618    349.90
[SPARC][INFO] 3740       -194.7833      0.3776    365.13
[SPARC][INFO] 3760       -194.6566      0.3473    335.83
[SPARC][INFO] 3780       -194.8279      0.5476    529.59
[SPARC][INFO] 3800       -194.8104      0.1669    161.40
[SPARC][INFO] 3820       -194.9192      0.1722    166.50
[SPARC][INFO] 3840       -194.7962      0.2281    220.55
[SPARC][INFO] 3860       -194.8365      0.2661    257.35
[SPARC][INFO] 3880       -194.8417      0.4221    408.23
[SPARC][INFO] 3900       -194.8582      0.2853    275.90
[SPARC][INFO] 3920       -194.8553      0.3794    366.94
[SPARC][INFO] 3940       -194.8530      0.2647    255.94
[SPARC][INFO] 3960       -194.8142      0.2906    281.01
[SPARC][INFO] 3980       -194.7737      0.4207    406.82
[SPARC][INFO] 4000       -194.5446      0.4437    429.06
[SPARC][INFO] 4020       -194.6225      0.3357    324.67
[SPARC][INFO] 4040       -194.8039      0.4556    440.62
[SPARC][INFO] 4060       -194.8152      0.3867    373.91
[SPARC][INFO] 4080       -194.7685      0.3781    365.66
[SPARC][INFO] 4100       -194.7983      0.3685    356.38
[SPARC][INFO] 4120       -194.8093      0.2137    206.66
[SPARC][INFO] 4140       -194.6204      0.4492    434.39
[SPARC][INFO] 4160       -194.4502      0.2998    289.89
[SPARC][INFO] 4180       -194.8612      0.1741    168.39
[SPARC][INFO] 4200       -194.8653      0.3513    339.75
[SPARC][INFO] 4220       -194.6339      0.2589    250.38
[SPARC][INFO] 4240       -194.6013      0.2505    242.29
[SPARC][INFO] 4260       -194.5812      0.4211    407.25
[SPARC][INFO] 4280       -194.8651      0.3547    343.06
[SPARC][INFO] 4300       -194.6025      0.2205    213.22
[SPARC][INFO] 4320       -194.5730      0.4275    413.40
[SPARC][INFO] 4340       -194.7775      0.2951    285.33
[SPARC][INFO] 4360       -194.8085      0.2740    264.93
[SPARC][INFO] 4380       -194.9108      0.3291    318.23
[SPARC][INFO] 4400       -194.7413      0.4271    412.99
[SPARC][INFO] 4420       -194.8218      0.4650    449.66
[SPARC][INFO] 4440       -194.6662      0.4096    396.11
[SPARC][INFO] 4460       -194.9225      0.5156    498.63
[SPARC][INFO] 4480       -194.8259      0.3148    304.44
[SPARC][INFO] 4500       -194.7425      0.6114    591.25
[SPARC][INFO] 4520       -194.8075      0.3591    347.30
[SPARC][INFO] 4540       -194.8104      0.3855    372.79
[SPARC][INFO] 4560       -194.8303      0.3765    364.08
[SPARC][INFO] 4580       -194.4847      0.2968    287.07
[SPARC][INFO] 4600       -194.7371      0.2142    207.18
[SPARC][INFO] 4620       -194.8180      0.4461    431.41
[SPARC][INFO] 4640       -194.7164      0.3218    311.17
[SPARC][INFO] 4660       -194.6309      0.3681    355.93
[SPARC][INFO] 4680       -194.7816      0.2354    227.67
[SPARC][INFO] 4700       -194.8804      0.5024    485.81
[SPARC][INFO] 4720       -194.8445      0.2554    246.99
[SPARC][INFO] 4740       -194.5869      0.2340    226.27
[SPARC][INFO] 4760       -194.7591      0.1663    160.77
[SPARC][INFO] 4780       -194.5132      0.2190    211.80
[SPARC][INFO] 4800       -194.6949      0.5379    520.17
[SPARC][INFO] 4820       -194.8385      0.5417    523.87
[SPARC][INFO] 4840       -194.9148      0.2800    270.73
[SPARC][INFO] 4860       -194.8013      0.4359    421.53
[SPARC][INFO] 4880       -194.8781      0.3076    297.48
[SPARC][INFO] 4900       -194.8255      0.1535    148.45
[SPARC][INFO] 4920       -194.7973      0.4467    431.97
[SPARC][INFO] 4940       -194.6248      0.3845    371.80
[SPARC][INFO] 4960       -194.8540      0.1773    171.43
[SPARC][INFO] 4980       -194.7863      0.2724    263.46
[SPARC][INFO] 5000       -194.6949      0.2472    239.06
[SPARC][INFO] PyTorch backend is functional
[SPARC][INFO] Detected DeePMD-kit v3 with PYTORCH backend
[SPARC][INFO] 
[SPARC][INFO] --------------------------------------------------------------------------------
[SPARC][INFO]                         ACTIVE LEARNING CYCLE : DISABLED                        
[SPARC][INFO] --------------------------------------------------------------------------------
[SPARC][INFO] ================================================================================
[SPARC][INFO] 

================================================================================
END CALCULATION - 2026-04-15 16:06:44
Total Runtime: 0:00:22.092386
================================================================================
