================================================================================
BEGIN CALCULATION - 2026-04-15 10:57:06
================================================================================


         ######  ########     ###    ########   ######  
        ##    ## ##     ##   ## ##   ##     ## ##    ## 
        ##       ##     ##  ##   ##  ##     ## ##       
         ######  ########  ##     ## ########  ##       
              ## ##        ######### ##   ##   ##       
        ##    ## ##        ##     ## ##    ##  ##    ## 
         ######  ##        ##     ## ##     ##  ###### 
         --v0.2.0

[SPARC][INFO] SPARC: Smart Potential with Atomistic Rare Events & Continuous Learning
[SPARC][INFO] Version: 0.2.0

[SPARC][INFO] ================================================================================
[SPARC][INFO] Working directory: /home/rverma7/My_Program/0.3_sparc/examples/ORCA/MD/NVE
[SPARC][INFO] Configuration file: input.yaml
[SPARC][INFO] 
[SPARC][INFO] ================================================================================
[SPARC][INFO]                     YAML configuration loaded successfully!                     
[SPARC][INFO] ================================================================================
[SPARC][INFO] 
[SPARC][WARNING] WARNING: Structure has periodic cell/PBC but the calculator is non-periodic.
[SPARC][WARNING]          Removing cell and PBC. This will not affect the calculation.
[SPARC][INFO] 
[SPARC][INFO] Using structure file: ../../../AmmoniaBorate.xyz
[SPARC][INFO] WORKFLOW PARAMETERS :
[SPARC][INFO] ---------------------
[SPARC][INFO] Structure FileName/s           ../../../AmmoniaBorate.xyz
[SPARC][INFO] Number of Atoms                8
[SPARC][INFO] Chemical Formula               H6BN
[SPARC][INFO] 
[SPARC][INFO] DFT Engine                     ORCA
[SPARC][INFO] DFT Tempelate File             orca_template.inp
[SPARC][INFO] DFT Executable                 /home/rverma7/Softwares/ORCA/orca
[SPARC][INFO] 
[SPARC][INFO] Active Learning                Disabled
[SPARC][INFO] ================================================================================
[SPARC][INFO] 
[SPARC][INFO] Creating Directories for Iteration: 000000
[SPARC][INFO] ================================================================================
[SPARC][INFO] ├── iter_000000
[SPARC][INFO] │   ├── 00.dft
[SPARC][INFO] │   ├── 01.train
[SPARC][INFO] │   └── 02.dpmd
[SPARC][INFO] 
[SPARC][INFO] Setting up ORCA calculator...
[SPARC][INFO]  ORCA parallel requested (nprocs=4)
[SPARC][INFO]  mpirun: /home/prg/Softwares/openmpi-5.0.0/bin/mpirun
[SPARC][INFO]  Ensure load MPI libraries before proceeding.
[SPARC][INFO] --------------------------------------------------
[SPARC][INFO]                  ORCA CALCULATOR                  
[SPARC][INFO] --------------------------------------------------
[SPARC][INFO]  Executable           /home/rverma7/Softwares/ORCA/orca
[SPARC][INFO]  Charge, Mult         : 0, 1
[SPARC][INFO]  Simple Input         PBE 3-21G Engrad
[SPARC][INFO]  ORCA Blocks           
[SPARC][INFO]    %scf Convergence tight
[SPARC][INFO]     maxiter 300 end
[SPARC][INFO]     %pal nprocs 4 end
[SPARC][INFO] --------------------------------------------------
[SPARC][INFO] ORCA calculator setup successfully
[SPARC][INFO] ================================================================================
[SPARC][INFO]                         Ab-initio MD using NVE ensemble                         
[SPARC][INFO] MD Ensemble                    NVE
[SPARC][INFO] Temperature                    300.0 K
[SPARC][INFO] MD Thermostat                  Nose
[SPARC][INFO] Timestep                       0.50 fs
[SPARC][INFO] AIMD Steps                     100
[SPARC][INFO] Output Trajectory              AseMD.traj
[SPARC][INFO] Output Logfile                 AseMD.log
[SPARC][INFO] 
[SPARC][INFO] 
[SPARC][INFO] --------------------------------------------------------------------------------
[SPARC][INFO] Step     Epot (eV)    Ekin (eV)    Temp (K)   P (GPa)    V (Ang.^3)
[SPARC][INFO] --------------------------------------------------------------------------------
[SPARC][INFO] 0         -2245.9067      0.0000      0.00
[SPARC][INFO] 1         -2245.9134      0.0066      6.41
[SPARC][INFO] 2         -2245.9319      0.0249     24.04
[SPARC][INFO] 3         -2245.9578      0.0504     48.73
[SPARC][INFO] 4         -2245.9856      0.0779     75.33
[SPARC][INFO] 5         -2246.0107      0.1028     99.46
[SPARC][INFO] 6         -2246.0305      0.1226    118.56
[SPARC][INFO] 7         -2246.0446      0.1368    132.27
[SPARC][INFO] 8         -2246.0544      0.1468    141.94
[SPARC][INFO] 9         -2246.0624      0.1549    149.83
[SPARC][INFO] 10        -2246.0710      0.1636    158.22
[SPARC][INFO] 11        -2246.0817      0.1744    168.62
[SPARC][INFO] 12        -2246.0949      0.1874    181.27
[SPARC][INFO] 13        -2246.1091      0.2015    194.85
[SPARC][INFO] 14        -2246.1216      0.2138    206.74
[SPARC][INFO] 15        -2246.1289      0.2209    213.59
[SPARC][INFO] 16        -2246.1278      0.2196    212.39
[SPARC][INFO] 17        -2246.1167      0.2086    201.72
[SPARC][INFO] 18        -2246.0968      0.1889    182.71
[SPARC][INFO] 19        -2246.0720      0.1645    159.06
[SPARC][INFO] 20        -2246.0478      0.1406    136.00
[SPARC][INFO] 21        -2246.0292      0.1222    118.14
[SPARC][INFO] 22        -2246.0183      0.1112    107.51
[SPARC][INFO] 23        -2246.0138      0.1064    102.87
[SPARC][INFO] 24        -2246.0117      0.1041    100.65
[SPARC][INFO] 25        -2246.0081      0.1003     97.01
[SPARC][INFO] 26        -2246.0005      0.0927     89.68
[SPARC][INFO] 27        -2245.9891      0.0815     78.84
[SPARC][INFO] 28        -2245.9764      0.0691     66.78
[SPARC][INFO] 29        -2245.9660      0.0588     56.84
[SPARC][INFO] 30        -2245.9610      0.0539     52.13
[SPARC][INFO] 31        -2245.9634      0.0564     54.52
[SPARC][INFO] 32        -2245.9734      0.0662     64.01
[SPARC][INFO] 33        -2245.9888      0.0814     78.68
[SPARC][INFO] 34        -2246.0060      0.0984     95.12
[SPARC][INFO] 35        -2246.0211      0.1132    109.45
[SPARC][INFO] 36        -2246.0307      0.1227    118.65
[SPARC][INFO] 37        -2246.0339      0.1260    121.87
[SPARC][INFO] 38        -2246.0328      0.1252    121.10
[SPARC][INFO] 39        -2246.0319      0.1247    120.54
[SPARC][INFO] 40        -2246.0360      0.1289    124.69
[SPARC][INFO] 41        -2246.0476      0.1405    135.82
[SPARC][INFO] 42        -2246.0652      0.1577    152.49
[SPARC][INFO] 43        -2246.0836      0.1757    169.94
[SPARC][INFO] 44        -2246.0967      0.1885    182.24
[SPARC][INFO] 45        -2246.0995      0.1912    184.88
[SPARC][INFO] 46        -2246.0906      0.1824    176.38
[SPARC][INFO] 47        -2246.0718      0.1639    158.51
[SPARC][INFO] 48        -2246.0475      0.1400    135.36
[SPARC][INFO] 49        -2246.0229      0.1156    111.82
[SPARC][INFO] 50        -2246.0024      0.0953     92.16
[SPARC][INFO] 51        -2245.9887      0.0816     78.89
[SPARC][INFO] 52        -2245.9819      0.0747     72.21
[SPARC][INFO] 53        -2245.9800      0.0726     70.17
[SPARC][INFO] 54        -2245.9794      0.0717     69.38
[SPARC][INFO] 55        -2245.9765      0.0686     66.37
[SPARC][INFO] 56        -2245.9690      0.0611     59.12
[SPARC][INFO] 57        -2245.9575      0.0499     48.22
[SPARC][INFO] 58        -2245.9455      0.0383     36.99
[SPARC][INFO] 59        -2245.9383      0.0313     30.22
[SPARC][INFO] 60        -2245.9400      0.0330     31.95
[SPARC][INFO] 61        -2245.9521      0.0450     43.53
[SPARC][INFO] 62        -2245.9726      0.0652     63.08
[SPARC][INFO] 63        -2245.9971      0.0895     86.56
[SPARC][INFO] 64        -2246.0211      0.1133    109.60
[SPARC][INFO] 65        -2246.0414      0.1336    129.16
[SPARC][INFO] 66        -2246.0569      0.1491    144.17
[SPARC][INFO] 67        -2246.0683      0.1606    155.32
[SPARC][INFO] 68        -2246.0774      0.1698    164.24
[SPARC][INFO] 69        -2246.0860      0.1785    172.59
[SPARC][INFO] 70        -2246.0950      0.1875    181.27
[SPARC][INFO] 71        -2246.1041      0.1965    190.03
[SPARC][INFO] 72        -2246.1119      0.2041    197.34
[SPARC][INFO] 73        -2246.1157      0.2077    200.89
[SPARC][INFO] 74        -2246.1131      0.2050    198.28
[SPARC][INFO] 75        -2246.1026      0.1945    188.12
[SPARC][INFO] 76        -2246.0845      0.1767    170.85
[SPARC][INFO] 77        -2246.0618      0.1542    149.13
[SPARC][INFO] 78        -2246.0388      0.1316    127.24
[SPARC][INFO] 79        -2246.0205      0.1134    109.66
[SPARC][INFO] 80        -2246.0098      0.1028     99.40
[SPARC][INFO] 81        -2246.0073      0.1001     96.84
[SPARC][INFO] 82        -2246.0106      0.1031     99.75
[SPARC][INFO] 83        -2246.0155      0.1078    104.29
[SPARC][INFO] 84        -2246.0181      0.1102    106.61
[SPARC][INFO] 85        -2246.0156      0.1078    104.21
[SPARC][INFO] 86        -2246.0077      0.1000     96.68
[SPARC][INFO] 87        -2245.9962      0.0887     85.74
[SPARC][INFO] 88        -2245.9843      0.0770     74.49
[SPARC][INFO] 89        -2245.9759      0.0688     66.50
[SPARC][INFO] 90        -2245.9739      0.0669     64.66
[SPARC][INFO] 91        -2245.9799      0.0728     70.40
[SPARC][INFO] 92        -2245.9933      0.0861     83.23
[SPARC][INFO] 93        -2246.0117      0.1043    100.85
[SPARC][INFO] 94        -2246.0315      0.1238    119.73
[SPARC][INFO] 95        -2246.0486      0.1407    136.05
[SPARC][INFO] 96        -2246.0598      0.1518    146.80
[SPARC][INFO] 97        -2246.0637      0.1558    150.66
[SPARC][INFO] 98        -2246.0613      0.1535    148.43
[SPARC][INFO] 99        -2246.0551      0.1475    142.68
[SPARC][INFO] 100       -2246.0488      0.1415    136.80
[SPARC][INFO] PyTorch backend is functional
[SPARC][INFO] Detected DeePMD-kit v3 with PYTORCH backend
[SPARC][INFO] 
[SPARC][INFO] --------------------------------------------------------------------------------
[SPARC][INFO]                         ACTIVE LEARNING CYCLE : DISABLED                        
[SPARC][INFO] --------------------------------------------------------------------------------
[SPARC][INFO] ================================================================================
[SPARC][INFO] 

================================================================================
END CALCULATION - 2026-04-15 10:59:35
Total Runtime: 0:02:28.729328
================================================================================
