# Step   Epot       Ekin       Total      Temp  
0.0      -2245.906692 0.000000   -2245.906692 0.00  
1.0      -2245.913429 0.006628   -2245.906801 6.41  
2.0      -2245.931940 0.024857   -2245.907084 24.04 
3.0      -2245.957815 0.050386   -2245.907429 48.73 
4.0      -2245.985620 0.077901   -2245.907719 75.33 
5.0      -2246.010726 0.102847   -2245.907879 99.46 
6.0      -2246.030498 0.122603   -2245.907895 118.56
7.0      -2246.044578 0.136781   -2245.907797 132.27
8.0      -2246.054420 0.146778   -2245.907642 141.94
9.0      -2246.062423 0.154936   -2245.907487 149.83
10.0     -2246.070993 0.163609   -2245.907383 158.22
11.0     -2246.081735 0.174371   -2245.907364 168.62
12.0     -2246.094893 0.187446   -2245.907447 181.27
13.0     -2246.109115 0.201494   -2245.907621 194.85
14.0     -2246.121633 0.213787   -2245.907847 206.74
15.0     -2246.128921 0.220865   -2245.908056 213.59
16.0     -2246.127791 0.219626   -2245.908165 212.39
17.0     -2246.116702 0.208599   -2245.908103 201.72
18.0     -2246.096790 0.188932   -2245.907858 182.71
19.0     -2246.071987 0.164483   -2245.907504 159.06
20.0     -2246.047823 0.140637   -2245.907186 136.00
21.0     -2246.029211 0.122165   -2245.907046 118.14
22.0     -2246.018313 0.111178   -2245.907136 107.51
23.0     -2246.013763 0.106379   -2245.907384 102.87
24.0     -2246.011731 0.104083   -2245.907647 100.65
25.0     -2246.008107 0.100312   -2245.907796 97.01 
26.0     -2246.000507 0.092731   -2245.907776 89.68 
27.0     -2245.989139 0.081524   -2245.907615 78.84 
28.0     -2245.976444 0.069058   -2245.907386 66.78 
29.0     -2245.965954 0.058778   -2245.907176 56.84 
30.0     -2245.960959 0.053908   -2245.907051 52.13 
31.0     -2245.963428 0.056378   -2245.907050 54.52 
32.0     -2245.973372 0.066193   -2245.907179 64.01 
33.0     -2245.988768 0.081360   -2245.907408 78.68 
34.0     -2246.006035 0.098361   -2245.907674 95.12 
35.0     -2246.021071 0.113182   -2245.907889 109.45
36.0     -2246.030656 0.122696   -2245.907960 118.65
37.0     -2246.033863 0.126027   -2245.907836 121.87
38.0     -2246.032779 0.125227   -2245.907553 121.10
39.0     -2246.031895 0.124652   -2245.907244 120.54
40.0     -2246.036023 0.128940   -2245.907083 124.69
41.0     -2246.047634 0.140452   -2245.907183 135.82
42.0     -2246.065198 0.157687   -2245.907511 152.49
43.0     -2246.083642 0.175726   -2245.907915 169.94
44.0     -2246.096668 0.188451   -2245.908217 182.24
45.0     -2246.099490 0.191184   -2245.908306 184.88
46.0     -2246.090568 0.182393   -2245.908175 176.38
47.0     -2246.071808 0.163915   -2245.907893 158.51
48.0     -2246.047533 0.139970   -2245.907562 135.36
49.0     -2246.022912 0.115634   -2245.907278 111.82
50.0     -2246.002417 0.095305   -2245.907111 92.16 
51.0     -2245.988673 0.081575   -2245.907098 78.89 
52.0     -2245.981901 0.074670   -2245.907231 72.21 
53.0     -2245.980019 0.072557   -2245.907463 70.17 
54.0     -2245.979448 0.071743   -2245.907705 69.38 
55.0     -2245.976490 0.068635   -2245.907854 66.37 
56.0     -2245.968966 0.061139   -2245.907827 59.12 
57.0     -2245.957476 0.049867   -2245.907609 48.22 
58.0     -2245.945540 0.038256   -2245.907284 36.99 
59.0     -2245.938260 0.031252   -2245.907008 30.22 
60.0     -2245.939952 0.033035   -2245.906916 31.95 
61.0     -2245.952057 0.045009   -2245.907048 43.53 
62.0     -2245.972555 0.065231   -2245.907325 63.08 
63.0     -2245.997120 0.089506   -2245.907614 86.56 
64.0     -2246.021142 0.113335   -2245.907807 109.60
65.0     -2246.041427 0.133562   -2245.907864 129.16
66.0     -2246.056895 0.149088   -2245.907807 144.17
67.0     -2246.068307 0.160617   -2245.907690 155.32
68.0     -2246.077413 0.169838   -2245.907575 164.24
69.0     -2246.085980 0.178468   -2245.907512 172.59
70.0     -2246.094981 0.187451   -2245.907529 181.27
71.0     -2246.104132 0.196504   -2245.907628 190.03
72.0     -2246.111854 0.204070   -2245.907784 197.34
73.0     -2246.115682 0.207735   -2245.907947 200.89
74.0     -2246.113089 0.205040   -2245.908049 198.28
75.0     -2246.102557 0.194530   -2245.908027 188.12
76.0     -2246.084529 0.176675   -2245.907854 170.85
77.0     -2246.061783 0.154217   -2245.907566 149.13
78.0     -2246.038839 0.131579   -2245.907261 127.24
79.0     -2246.020455 0.113399   -2245.907056 109.66
80.0     -2246.009817 0.102787   -2245.907030 99.40 
81.0     -2246.007328 0.100143   -2245.907185 96.84 
82.0     -2246.010594 0.103148   -2245.907446 99.75 
83.0     -2246.015550 0.107845   -2245.907705 104.29
84.0     -2246.018113 0.110243   -2245.907870 106.61
85.0     -2246.015646 0.107759   -2245.907888 104.21
86.0     -2246.007745 0.099980   -2245.907765 96.68 
87.0     -2245.996207 0.088658   -2245.907548 85.74 
88.0     -2245.984337 0.077029   -2245.907308 74.49 
89.0     -2245.975877 0.068764   -2245.907113 66.50 
90.0     -2245.973883 0.066865   -2245.907018 64.66 
91.0     -2245.979851 0.072801   -2245.907050 70.40 
92.0     -2245.993273 0.086069   -2245.907204 83.23 
93.0     -2246.011731 0.104290   -2245.907440 100.85
94.0     -2246.031509 0.123811   -2245.907698 119.73
95.0     -2246.048592 0.140687   -2245.907904 136.05
96.0     -2246.059800 0.151802   -2245.907997 146.80
97.0     -2246.063748 0.155798   -2245.907950 150.66
98.0     -2246.061271 0.153492   -2245.907780 148.43
99.0     -2246.055098 0.147545   -2245.907552 142.68
100.0    -2246.048817 0.141460   -2245.907357 136.80
