# Step   Epot       Ekin       Total      Temp   Pressure(GPa)  Volume(Å³)  
0.0      -437.854802 0.310224   -437.544578 300.00 -0.005754      1728.0000   
1.0      -437.934590 0.413166   -437.521423 399.55 -0.039687      1728.0000   
2.0      -437.982925 0.589273   -437.393652 569.85 -0.056413      1728.0000   
3.0      -437.980746 0.466352   -437.514394 450.98 -0.059924      1728.0000   
4.0      -437.993650 0.388789   -437.604861 375.98 -0.063872      1728.0000   
5.0      -438.062071 0.390329   -437.671742 377.46 -0.032788      1728.0000   
6.0      -438.153858 0.403652   -437.750206 390.35 0.023804       1728.0000   
7.0      -438.181846 0.380373   -437.801473 367.84 0.062057       1728.0000   
8.0      -438.190081 0.375668   -437.814413 363.29 0.088096       1728.0000   
9.0      -438.210002 0.220967   -437.989035 213.68 0.075954       1728.0000   
10.0     -438.221356 0.229924   -437.991432 222.35 0.023216       1728.0000   
11.0     -438.236853 0.270817   -437.966036 261.89 -0.021009      1728.0000   
12.0     -438.244624 0.188563   -438.056062 182.35 -0.062442      1728.0000   
13.0     -438.233231 0.194151   -438.039080 187.75 -0.108507      1728.0000   
14.0     -438.252159 0.208034   -438.044124 201.18 -0.105349      1728.0000   
15.0     -438.309948 0.252645   -438.057304 244.32 -0.059998      1728.0000   
16.0     -438.355702 0.268432   -438.087270 259.59 0.009518       1728.0000   
17.0     -438.369271 0.280275   -438.088995 271.04 0.051972       1728.0000   
18.0     -438.365412 0.292978   -438.072434 283.32 0.029114       1728.0000   
19.0     -438.328472 0.323520   -438.004952 312.86 0.005378       1728.0000   
20.0     -438.291606 0.254812   -438.036794 246.41 -0.037799      1728.0000   
21.0     -438.242300 0.333850   -437.908450 322.85 -0.098786      1728.0000   
22.0     -438.202692 0.190873   -438.011819 184.58 -0.140238      1728.0000   
23.0     -438.169696 0.205638   -437.964058 198.86 -0.166852      1728.0000   
24.0     -438.138985 0.173396   -437.965589 167.68 -0.147681      1728.0000   
25.0     -438.089433 0.117989   -437.971444 114.10 -0.094367      1728.0000   
26.0     -438.088975 0.177569   -437.911406 171.72 -0.009638      1728.0000   
27.0     -438.135665 0.240003   -437.895663 232.09 0.064374       1728.0000   
28.0     -438.197954 0.293561   -437.904392 283.89 0.093384       1728.0000   
29.0     -438.227209 0.403337   -437.823872 390.04 0.110740       1728.0000   
30.0     -438.221601 0.283928   -437.937673 274.57 0.060175       1728.0000   
31.0     -438.187083 0.217823   -437.969260 210.64 -0.034514      1728.0000   
32.0     -438.191101 0.295875   -437.895226 286.12 -0.101448      1728.0000   
33.0     -438.248257 0.314060   -437.934197 303.71 -0.158172      1728.0000   
34.0     -438.277566 0.372169   -437.905397 359.90 -0.153789      1728.0000   
35.0     -438.213480 0.364941   -437.848539 352.91 -0.097242      1728.0000   
36.0     -438.124844 0.204091   -437.920753 197.36 -0.029015      1728.0000   
37.0     -438.087048 0.220241   -437.866807 212.98 -0.012912      1728.0000   
38.0     -438.096416 0.284307   -437.812109 274.94 -0.015802      1728.0000   
39.0     -438.156250 0.430392   -437.725858 416.21 -0.040494      1728.0000   
40.0     -438.171964 0.334393   -437.837571 323.37 -0.044144      1728.0000   
41.0     -438.179578 0.345589   -437.833988 334.20 -0.033202      1728.0000   
42.0     -438.194996 0.384669   -437.810328 371.99 -0.003175      1728.0000   
43.0     -438.216117 0.369872   -437.846246 357.68 0.039210       1728.0000   
44.0     -438.213368 0.422877   -437.790492 408.94 0.040567       1728.0000   
45.0     -438.196769 0.379461   -437.817308 366.96 -0.008717      1728.0000   
46.0     -438.150831 0.249562   -437.901269 241.34 -0.074652      1728.0000   
47.0     -438.118893 0.204058   -437.914835 197.33 -0.137641      1728.0000   
48.0     -438.096976 0.132911   -437.964065 128.53 -0.174132      1728.0000   
49.0     -438.102319 0.216486   -437.885833 209.35 -0.148547      1728.0000   
50.0     -438.178593 0.253471   -437.925121 245.12 -0.055676      1728.0000   
51.0     -438.256692 0.395358   -437.861334 382.33 0.073406       1728.0000   
52.0     -438.218017 0.350446   -437.867571 338.90 0.187471       1728.0000   
53.0     -438.165093 0.313413   -437.851680 303.08 0.236508       1728.0000   
54.0     -438.269873 0.369309   -437.900564 357.14 0.157853       1728.0000   
55.0     -438.293202 0.477500   -437.815702 461.76 -0.001449      1728.0000   
56.0     -438.172587 0.382850   -437.789737 370.23 -0.153313      1728.0000   
57.0     -438.073503 0.249968   -437.823535 241.73 -0.244852      1728.0000   
58.0     -438.101348 0.361701   -437.739647 349.78 -0.260511      1728.0000   
59.0     -438.191943 0.415715   -437.776228 402.01 -0.187904      1728.0000   
60.0     -438.248671 0.403450   -437.845221 390.15 -0.092448      1728.0000   
61.0     -438.273514 0.428971   -437.844543 414.83 -0.000214      1728.0000   
62.0     -438.254249 0.278523   -437.975725 269.34 0.075624       1728.0000   
63.0     -438.228023 0.326711   -437.901312 315.94 0.082343       1728.0000   
64.0     -438.236002 0.395246   -437.840756 382.22 0.064502       1728.0000   
65.0     -438.293283 0.405229   -437.888053 391.87 0.027075       1728.0000   
66.0     -438.297756 0.349963   -437.947793 338.43 -0.011828      1728.0000   
67.0     -438.226568 0.350529   -437.876039 338.98 -0.014273      1728.0000   
68.0     -438.153379 0.444426   -437.708953 429.78 -0.003474      1728.0000   
69.0     -438.168815 0.455271   -437.713544 440.27 0.001681       1728.0000   
70.0     -438.268220 0.517359   -437.750861 500.31 -0.033279      1728.0000   
71.0     -438.170081 0.613130   -437.556951 592.92 -0.035363      1728.0000   
72.0     -437.974092 0.556931   -437.417161 538.58 -0.045794      1728.0000   
73.0     -437.992027 0.576818   -437.415209 557.81 -0.099487      1728.0000   
74.0     -438.003051 0.628624   -437.374428 607.91 -0.152778      1728.0000   
75.0     -437.857914 0.450870   -437.407044 436.01 -0.155086      1728.0000   
76.0     -437.693425 0.427927   -437.265498 413.82 -0.098613      1728.0000   
77.0     -437.628567 0.380236   -437.248330 367.71 0.014962       1728.0000   
78.0     -437.613377 0.451603   -437.161773 436.72 0.120230       1728.0000   
79.0     -437.578022 0.493213   -437.084809 476.96 0.184552       1728.0000   
80.0     -437.624167 0.678491   -436.945676 656.13 0.138372       1728.0000   
81.0     -437.795221 0.805711   -436.989510 779.16 0.027305       1728.0000   
82.0     -437.907193 0.859732   -437.047461 831.40 -0.093013      1728.0000   
83.0     -437.910020 0.941471   -436.968549 910.44 -0.176532      1728.0000   
84.0     -437.840748 0.863107   -436.977641 834.66 -0.180843      1728.0000   
85.0     -437.790404 0.673270   -437.117134 651.08 -0.135012      1728.0000   
86.0     -437.875780 0.841366   -437.034414 813.64 -0.065738      1728.0000   
87.0     -437.893784 0.771297   -437.122487 745.88 0.006993       1728.0000   
88.0     -437.762390 0.714112   -437.048278 690.58 0.055295       1728.0000   
89.0     -437.698219 0.662338   -437.035881 640.51 0.027079       1728.0000   
90.0     -437.764665 0.684177   -437.080487 661.63 -0.043763      1728.0000   
91.0     -437.800730 0.632629   -437.168101 611.78 -0.095806      1728.0000   
92.0     -437.794646 0.421722   -437.372924 407.82 -0.103404      1728.0000   
93.0     -437.826174 0.354397   -437.471777 342.72 -0.017620      1728.0000   
94.0     -437.866518 0.466234   -437.400284 450.87 0.063956       1728.0000   
95.0     -438.005671 0.515657   -437.490014 498.66 0.090573       1728.0000   
96.0     -438.079731 0.534847   -437.544884 517.22 0.067748       1728.0000   
97.0     -438.050627 0.510238   -437.540389 493.42 0.012408       1728.0000   
98.0     -438.130733 0.412453   -437.718280 398.86 -0.055561      1728.0000   
99.0     -438.245537 0.597576   -437.647961 577.88 -0.111739      1728.0000   
100.0    -438.169242 0.568013   -437.601230 549.29 -0.113283      1728.0000   
