# Step   Epot       Ekin       Total      Temp   Pressure(GPa)  Volume(Å³)  
0.0      -457.926167 0.310224   -457.615943 300.00 0.210213       1728.0000   
1.0      -457.958569 0.294281   -457.664288 284.58 0.184862       1728.0000   
2.0      -457.999544 0.294870   -457.704674 285.15 0.176869       1728.0000   
3.0      -458.060573 0.244999   -457.815574 236.92 0.171917       1728.0000   
4.0      -458.133299 0.286177   -457.847122 276.75 0.166817       1728.0000   
5.0      -458.201461 0.359492   -457.841969 347.64 0.170152       1728.0000   
6.0      -458.251409 0.355088   -457.896322 343.39 0.165395       1728.0000   
7.0      -458.321556 0.442945   -457.878611 428.35 0.133620       1728.0000   
8.0      -458.381915 0.505773   -457.876142 489.10 0.075122       1728.0000   
9.0      -458.360406 0.488776   -457.871631 472.67 0.024321       1728.0000   
10.0     -458.290041 0.369501   -457.920539 357.32 -0.003236      1728.0000   
11.0     -458.277262 0.412565   -457.864697 398.97 -0.014024      1728.0000   
12.0     -458.321307 0.510027   -457.811279 493.22 -0.000098      1728.0000   
13.0     -458.371621 0.451340   -457.920281 436.46 0.006178       1728.0000   
14.0     -458.337560 0.391222   -457.946338 378.33 0.000637       1728.0000   
15.0     -458.287929 0.282154   -458.005775 272.85 -0.014465      1728.0000   
16.0     -458.272027 0.291458   -457.980569 281.85 -0.054870      1728.0000   
17.0     -458.254968 0.275740   -457.979228 266.65 -0.097629      1728.0000   
18.0     -458.229108 0.304662   -457.924446 294.62 -0.121166      1728.0000   
19.0     -458.216640 0.421657   -457.794984 407.76 -0.134699      1728.0000   
20.0     -458.218876 0.325481   -457.893395 314.75 -0.123862      1728.0000   
21.0     -458.224977 0.293211   -457.931766 283.55 -0.076495      1728.0000   
22.0     -458.220900 0.357059   -457.863842 345.29 -0.044475      1728.0000   
23.0     -458.201562 0.333796   -457.867766 322.79 -0.019908      1728.0000   
24.0     -458.159779 0.274680   -457.885099 265.63 -0.016721      1728.0000   
25.0     -458.116928 0.297796   -457.819132 287.98 -0.049476      1728.0000   
26.0     -458.043545 0.330643   -457.712903 319.75 -0.116850      1728.0000   
27.0     -457.929487 0.267749   -457.661738 258.92 -0.189913      1728.0000   
28.0     -457.871653 0.258201   -457.613452 249.69 -0.252825      1728.0000   
29.0     -457.898966 0.413552   -457.485414 399.92 -0.263857      1728.0000   
30.0     -457.966138 0.509397   -457.456741 492.61 -0.213106      1728.0000   
31.0     -457.950912 0.494948   -457.455964 478.64 -0.105131      1728.0000   
32.0     -457.822396 0.462129   -457.360267 446.90 0.029911       1728.0000   
33.0     -457.761446 0.394724   -457.366723 381.71 0.106651       1728.0000   
34.0     -457.849844 0.542053   -457.307791 524.19 0.087675       1728.0000   
35.0     -457.862782 0.468157   -457.394625 452.73 0.009513       1728.0000   
36.0     -457.828799 0.358942   -457.469857 347.11 -0.092627      1728.0000   
37.0     -457.827318 0.531829   -457.295488 514.30 -0.148625      1728.0000   
38.0     -457.862691 0.505932   -457.356759 489.26 -0.177164      1728.0000   
39.0     -457.913613 0.402048   -457.511565 388.80 -0.201387      1728.0000   
40.0     -457.927272 0.507327   -457.419944 490.61 -0.178193      1728.0000   
41.0     -457.934290 0.572249   -457.362041 553.39 -0.121607      1728.0000   
42.0     -457.990369 0.564826   -457.425543 546.21 -0.094785      1728.0000   
43.0     -458.033634 0.540901   -457.492733 523.07 -0.081006      1728.0000   
44.0     -457.969833 0.436616   -457.533217 422.23 -0.072670      1728.0000   
45.0     -457.928740 0.358521   -457.570219 346.71 -0.107485      1728.0000   
46.0     -457.990953 0.460504   -457.530449 445.33 -0.158432      1728.0000   
47.0     -458.048912 0.458144   -457.590768 443.04 -0.196336      1728.0000   
48.0     -458.047626 0.425119   -457.622507 411.11 -0.190354      1728.0000   
49.0     -458.041846 0.355349   -457.686497 343.64 -0.160099      1728.0000   
50.0     -458.111076 0.383080   -457.727997 370.45 -0.102826      1728.0000   
51.0     -458.201302 0.591450   -457.609852 571.96 -0.029617      1728.0000   
52.0     -458.218943 0.617180   -457.601763 596.84 0.028489       1728.0000   
53.0     -458.097848 0.405753   -457.692095 392.38 0.051585       1728.0000   
54.0     -458.088597 0.351468   -457.737129 339.88 -0.016427      1728.0000   
55.0     -458.103162 0.354230   -457.748932 342.56 -0.089734      1728.0000   
56.0     -458.067771 0.386777   -457.680994 374.03 -0.140829      1728.0000   
57.0     -458.019701 0.399273   -457.620428 386.11 -0.148037      1728.0000   
58.0     -457.966920 0.290396   -457.676524 280.83 -0.125530      1728.0000   
59.0     -457.952880 0.329885   -457.622994 319.01 -0.075514      1728.0000   
60.0     -457.981945 0.256672   -457.725273 248.21 -0.011572      1728.0000   
61.0     -457.997299 0.279910   -457.717389 270.69 0.066786       1728.0000   
62.0     -458.021105 0.223538   -457.797567 216.17 0.092823       1728.0000   
63.0     -458.068585 0.391445   -457.677141 378.54 0.078064       1728.0000   
64.0     -458.126963 0.507620   -457.619343 490.89 0.037806       1728.0000   
65.0     -458.189953 0.486262   -457.703691 470.24 0.005394       1728.0000   
66.0     -458.234138 0.444216   -457.789921 429.58 -0.021428      1728.0000   
67.0     -458.237694 0.453602   -457.784092 438.65 -0.033148      1728.0000   
68.0     -458.196931 0.366057   -457.830874 353.99 -0.057077      1728.0000   
69.0     -458.164457 0.375503   -457.788954 363.13 -0.073553      1728.0000   
70.0     -458.104010 0.228232   -457.875778 220.71 -0.086204      1728.0000   
71.0     -458.054894 0.217078   -457.837817 209.92 -0.070905      1728.0000   
72.0     -458.069275 0.230996   -457.838279 223.38 -0.026675      1728.0000   
73.0     -458.164480 0.167965   -457.996516 162.43 -0.013190      1728.0000   
74.0     -458.230735 0.181339   -458.049396 175.36 -0.036041      1728.0000   
75.0     -458.246591 0.168254   -458.078337 162.71 -0.083065      1728.0000   
76.0     -458.238962 0.185253   -458.053709 179.15 -0.109740      1728.0000   
77.0     -458.225873 0.140141   -458.085733 135.52 -0.130139      1728.0000   
78.0     -458.231829 0.131545   -458.100284 127.21 -0.123519      1728.0000   
79.0     -458.260534 0.168005   -458.092528 162.47 -0.085370      1728.0000   
80.0     -458.282090 0.172746   -458.109344 167.05 -0.035550      1728.0000   
81.0     -458.290778 0.200469   -458.090308 193.86 0.026381       1728.0000   
82.0     -458.290985 0.203158   -458.087827 196.46 0.049182       1728.0000   
83.0     -458.291477 0.300873   -457.990605 290.96 0.045701       1728.0000   
84.0     -458.282147 0.246518   -458.035630 238.39 0.009464       1728.0000   
85.0     -458.267620 0.413150   -457.854469 399.53 -0.034325      1728.0000   
86.0     -458.223852 0.357073   -457.866780 345.30 -0.085566      1728.0000   
87.0     -458.160457 0.254852   -457.905605 246.45 -0.099884      1728.0000   
88.0     -458.144249 0.245192   -457.899057 237.11 -0.069483      1728.0000   
89.0     -458.140062 0.232108   -457.907954 224.46 -0.050261      1728.0000   
90.0     -458.155264 0.337311   -457.817953 326.19 -0.033638      1728.0000   
91.0     -458.138291 0.206161   -457.932131 199.37 -0.018535      1728.0000   
92.0     -458.112569 0.202517   -457.910051 195.84 -0.011965      1728.0000   
93.0     -458.103431 0.259312   -457.844119 250.77 -0.036629      1728.0000   
94.0     -458.094063 0.279368   -457.814695 270.16 -0.056832      1728.0000   
95.0     -458.094752 0.344786   -457.749966 333.42 -0.053939      1728.0000   
96.0     -458.098084 0.400197   -457.697888 387.01 -0.043053      1728.0000   
97.0     -458.078939 0.282381   -457.796558 273.07 -0.026332      1728.0000   
98.0     -458.045799 0.269255   -457.776545 260.38 0.009611       1728.0000   
99.0     -458.024324 0.303636   -457.720688 293.63 0.057224       1728.0000   
100.0    -458.033361 0.276682   -457.756679 267.56 0.119744       1728.0000   
