# Step   Epot       Ekin       Total      Temp  
0.0      -2219.391041 0.310224   -2219.080817 300.00
1.0      -2219.468385 0.403900   -2219.064485 390.59
2.0      -2219.623790 0.440292   -2219.183498 425.78
3.0      -2219.796456 0.508509   -2219.287947 491.75
4.0      -2219.968306 0.681098   -2219.287208 658.65
5.0      -2219.967038 0.582620   -2219.384419 563.42
6.0      -2219.965927 0.506401   -2219.459525 489.71
7.0      -2220.109519 0.474918   -2219.634601 459.27
8.0      -2220.286570 0.574905   -2219.711665 555.96
9.0      -2220.257748 0.474540   -2219.783209 458.90
10.0     -2220.074338 0.228516   -2219.845822 220.99
11.0     -2220.116009 0.214714   -2219.901296 207.64
12.0     -2220.192679 0.245888   -2219.946791 237.78
13.0     -2220.178086 0.315095   -2219.862991 304.71
14.0     -2220.116572 0.184299   -2219.932273 178.23
15.0     -2220.134615 0.295048   -2219.839567 285.32
16.0     -2220.159762 0.269150   -2219.890612 260.28
17.0     -2220.160752 0.267293   -2219.893459 258.48
18.0     -2220.086789 0.254973   -2219.831816 246.57
19.0     -2220.127729 0.294366   -2219.833363 284.67
20.0     -2220.182211 0.437710   -2219.744501 423.28
21.0     -2220.139653 0.311384   -2219.828269 301.12
22.0     -2220.117194 0.327331   -2219.789862 316.54
23.0     -2220.133134 0.401496   -2219.731637 388.26
24.0     -2220.122329 0.290568   -2219.831761 280.99
25.0     -2220.089628 0.204115   -2219.885513 197.39
26.0     -2220.097518 0.200680   -2219.896838 194.07
27.0     -2220.198603 0.464917   -2219.733686 449.59
28.0     -2220.207079 0.415423   -2219.791656 401.73
29.0     -2220.115713 0.264757   -2219.850956 256.03
30.0     -2220.042111 0.273241   -2219.768870 264.24
31.0     -2220.036325 0.207845   -2219.828480 200.99
32.0     -2220.081471 0.284996   -2219.796474 275.60
33.0     -2220.144895 0.376245   -2219.768650 363.84
34.0     -2220.111854 0.349628   -2219.762226 338.11
35.0     -2220.006904 0.409681   -2219.597223 396.18
36.0     -2220.040114 0.474568   -2219.565546 458.93
37.0     -2220.130844 0.630376   -2219.500469 609.60
38.0     -2220.104901 0.508706   -2219.596195 491.94
39.0     -2220.030588 0.493157   -2219.537431 476.90
40.0     -2220.013083 0.325183   -2219.687899 314.47
41.0     -2220.040604 0.400909   -2219.639695 387.70
42.0     -2220.162217 0.400459   -2219.761758 387.26
43.0     -2220.177279 0.293847   -2219.883433 284.16
44.0     -2220.107984 0.407507   -2219.700477 394.08
45.0     -2220.103572 0.314240   -2219.789332 303.88
46.0     -2220.106504 0.291881   -2219.814622 282.26
47.0     -2220.077659 0.194920   -2219.882739 188.50
48.0     -2220.118184 0.275933   -2219.842251 266.84
49.0     -2220.213895 0.441684   -2219.772211 427.13
50.0     -2220.251972 0.715666   -2219.536305 692.08
51.0     -2220.154044 0.589813   -2219.564231 570.38
52.0     -2220.056979 0.358032   -2219.698947 346.23
53.0     -2220.033222 0.425134   -2219.608089 411.12
54.0     -2220.012483 0.363909   -2219.648574 351.92
55.0     -2219.939735 0.242641   -2219.697094 234.64
56.0     -2219.846968 0.278367   -2219.568602 269.19
57.0     -2219.798901 0.194598   -2219.604303 188.18
58.0     -2219.863594 0.261931   -2219.601664 253.30
59.0     -2219.955293 0.368612   -2219.586681 356.46
60.0     -2219.924875 0.313018   -2219.611857 302.70
61.0     -2219.937446 0.222738   -2219.714708 215.40
62.0     -2220.057877 0.513087   -2219.544790 496.18
63.0     -2220.118090 0.459282   -2219.658808 444.15
64.0     -2220.094317 0.230017   -2219.864300 222.44
65.0     -2220.129503 0.318434   -2219.811070 307.94
66.0     -2220.223020 0.524440   -2219.698579 507.16
67.0     -2220.246040 0.518882   -2219.727157 501.78
68.0     -2220.177594 0.499950   -2219.677644 483.47
69.0     -2220.106657 0.487451   -2219.619206 471.39
70.0     -2220.100282 0.512831   -2219.587450 495.93
71.0     -2220.046514 0.491455   -2219.555058 475.26
72.0     -2219.965752 0.376475   -2219.589277 364.07
73.0     -2219.894417 0.373303   -2219.521114 361.00
74.0     -2219.916838 0.531427   -2219.385411 513.91
75.0     -2219.931454 0.526380   -2219.405074 509.03
76.0     -2219.901658 0.485820   -2219.415838 469.81
77.0     -2219.778284 0.300716   -2219.477569 290.81
78.0     -2219.676134 0.248876   -2219.427258 240.67
79.0     -2219.753877 0.302986   -2219.450891 293.00
80.0     -2219.922939 0.464974   -2219.457965 449.65
81.0     -2220.016778 0.526977   -2219.489801 509.61
82.0     -2220.020681 0.417488   -2219.603194 403.73
83.0     -2220.042859 0.592570   -2219.450288 573.04
84.0     -2220.054410 0.540891   -2219.513519 523.07
85.0     -2219.985135 0.433417   -2219.551718 419.13
86.0     -2219.963083 0.403878   -2219.559205 390.57
87.0     -2220.021574 0.395260   -2219.626313 382.23
88.0     -2220.034336 0.317733   -2219.716603 307.26
89.0     -2220.055550 0.382407   -2219.673143 369.80
90.0     -2220.062116 0.303214   -2219.758902 293.22
91.0     -2220.078514 0.423304   -2219.655210 409.35
92.0     -2220.064426 0.406337   -2219.658089 392.95
93.0     -2220.014050 0.427502   -2219.586548 413.41
94.0     -2219.920047 0.412029   -2219.508018 398.45
95.0     -2219.938815 0.332960   -2219.605855 321.99
96.0     -2220.081000 0.400107   -2219.680893 386.92
97.0     -2220.180876 0.584881   -2219.595995 565.61
98.0     -2220.173181 0.442671   -2219.730510 428.08
99.0     -2220.199823 0.446061   -2219.753762 431.36
100.0    -2220.222100 0.546283   -2219.675817 528.28
