# Step   Epot       Ekin       Total      Temp   Pressure(GPa)  Volume(Å³)  
0.0      -439.677561 0.361928   -439.315633 350.00 0.309558       1728.0000   
200.0    -440.469505 0.428404   -440.041101 414.28 -0.174671      1728.0000   
400.0    -440.415530 0.366755   -440.048775 354.67 0.118421       1728.0000   
600.0    -440.476172 0.508825   -439.967346 492.06 -0.234977      1728.0000   
800.0    -440.540451 0.503922   -440.036529 487.31 0.009276       1728.0000   
1000.0   -439.980929 0.297209   -439.683719 287.41 -0.160993      1728.0000   
1200.0   -440.276244 0.164661   -440.111583 159.23 -0.251665      1728.0000   
1400.0   -440.202216 0.517025   -439.685190 499.99 0.081665       1728.0000   
1600.0   -440.480348 0.329488   -440.150859 318.63 -0.188060      1728.0000   
1800.0   -440.162038 0.338836   -439.823202 327.67 -0.191238      1728.0000   
2000.0   -440.587400 0.373749   -440.213652 361.43 0.140931       1728.0000   
2200.0   -440.255565 0.357591   -439.897974 345.81 -0.156522      1728.0000   
2400.0   -440.633604 0.367673   -440.265931 355.56 0.094576       1728.0000   
2600.0   -440.584384 0.559404   -440.024980 540.97 -0.067524      1728.0000   
2800.0   -440.302096 0.293244   -440.008852 283.58 0.088592       1728.0000   
3000.0   -440.524874 0.322711   -440.202162 312.08 0.052139       1728.0000   
3200.0   -440.407180 0.436611   -439.970569 422.22 0.067911       1728.0000   
3400.0   -440.373489 0.219436   -440.154052 212.20 0.190598       1728.0000   
3600.0   -440.233963 0.309143   -439.924820 298.95 0.124225       1728.0000   
3800.0   -440.486499 0.445830   -440.040669 431.14 -0.010742      1728.0000   
4000.0   -440.445474 0.157526   -440.287948 152.33 0.204642       1728.0000   
4200.0   -440.456290 0.494190   -439.962100 477.90 0.000323       1728.0000   
4400.0   -440.522584 0.393767   -440.128817 380.79 -0.008999      1728.0000   
4600.0   -440.546579 0.417256   -440.129322 403.51 0.004951       1728.0000   
4800.0   -440.329394 0.356485   -439.972909 344.74 0.145042       1728.0000   
5000.0   -440.632459 0.603211   -440.029248 583.33 -0.082912      1728.0000   
# Step   Epot       Ekin       Total      Temp   Pressure(GPa)  Volume(Å³)  
0.0      -439.677561 0.361928   -439.315633 350.00 0.309558       1728.0000   
200.0    -440.434696 0.404461   -440.030235 391.13 -0.090216      1728.0000   
400.0    -440.434436 0.486027   -439.948408 470.01 0.016974       1728.0000   
600.0    -440.404789 0.217255   -440.187534 210.09 -0.244737      1728.0000   
800.0    -440.506618 0.488970   -440.017647 472.86 0.070999       1728.0000   
1000.0   -440.531580 0.263462   -440.268118 254.78 0.218004       1728.0000   
1200.0   -440.360947 0.351167   -440.009780 339.59 -0.132942      1728.0000   
1400.0   -440.585642 0.248968   -440.336673 240.76 0.058278       1728.0000   
1600.0   -440.461710 0.367711   -440.093999 355.59 -0.053250      1728.0000   
1800.0   -440.495709 0.131162   -440.364547 126.84 -0.224812      1728.0000   
2000.0   -440.281497 0.258890   -440.022607 250.36 -0.093120      1728.0000   
2200.0   -440.472597 0.234987   -440.237610 227.24 0.075526       1728.0000   
2400.0   -440.539118 0.478112   -440.061006 462.35 -0.126140      1728.0000   
2600.0   -440.565837 0.462765   -440.103072 447.51 -0.006508      1728.0000   
2800.0   -440.515002 0.285743   -440.229259 276.33 0.196821       1728.0000   
3000.0   -440.533943 0.550733   -439.983210 532.58 -0.155195      1728.0000   
3200.0   -440.486532 0.188402   -440.298129 182.19 0.065043       1728.0000   
3400.0   -440.398332 0.314372   -440.083960 304.01 -0.118676      1728.0000   
3600.0   -440.489948 0.147207   -440.342742 142.36 -0.139259      1728.0000   
3800.0   -440.489189 0.404104   -440.085085 390.79 0.024949       1728.0000   
4000.0   -440.533527 0.255159   -440.278368 246.75 0.038156       1728.0000   
4200.0   -440.549748 0.569605   -439.980143 550.83 0.042128       1728.0000   
4400.0   -440.526044 0.261285   -440.264759 252.67 -0.035422      1728.0000   
4600.0   -440.494846 0.394072   -440.100774 381.09 -0.117877      1728.0000   
4800.0   -440.624252 0.447465   -440.176787 432.72 0.019041       1728.0000   
5000.0   -440.476923 0.375106   -440.101817 362.74 -0.040637      1728.0000   
