# Step   Epot       Ekin       Total      Temp  
0.0      -194.706314 0.310224   -194.396090 300.00
20.0     -194.756021 0.302524   -194.453497 292.55
40.0     -194.886170 0.201232   -194.684937 194.60
60.0     -194.869391 0.303147   -194.566244 293.16
80.0     -194.459836 0.538251   -193.921585 520.51
100.0    -194.818638 0.268322   -194.550316 259.48
120.0    -194.724430 0.328316   -194.396114 317.50
140.0    -194.859717 0.453199   -194.406518 438.26
160.0    -194.712171 0.641510   -194.070661 620.37
180.0    -194.679466 0.463382   -194.216084 448.11
200.0    -194.739130 0.413337   -194.325793 399.72
220.0    -194.752583 0.288397   -194.464186 278.89
240.0    -194.880164 0.356323   -194.523841 344.58
260.0    -194.877751 0.337113   -194.540638 326.00
280.0    -194.918543 0.303966   -194.614577 293.95
300.0    -194.847432 0.374088   -194.473344 361.76
320.0    -194.753351 0.380348   -194.373003 367.81
340.0    -194.784507 0.188977   -194.595530 182.75
360.0    -194.645822 0.269093   -194.376729 260.22
380.0    -194.833774 0.165941   -194.667833 160.47
400.0    -194.788301 0.314899   -194.473403 304.52
420.0    -194.809393 0.245537   -194.563855 237.45
440.0    -194.844231 0.260947   -194.583284 252.35
460.0    -194.858498 0.345470   -194.513029 334.08
480.0    -194.761067 0.227208   -194.533859 219.72
500.0    -194.877306 0.558271   -194.319036 539.87
520.0    -194.901781 0.466229   -194.435552 450.86
540.0    -194.705496 0.454690   -194.250806 439.71
560.0    -194.855425 0.265946   -194.589478 257.18
580.0    -194.909558 0.310750   -194.598808 300.51
600.0    -194.849344 0.319036   -194.530309 308.52
620.0    -194.765237 0.239129   -194.526108 231.25
640.0    -194.787834 0.163586   -194.624248 158.19
660.0    -194.836373 0.200061   -194.636312 193.47
680.0    -194.837095 0.472783   -194.364312 457.20
700.0    -194.580015 0.222917   -194.357098 215.57
720.0    -194.659017 0.366067   -194.292950 354.00
740.0    -194.612686 0.365396   -194.247290 353.35
760.0    -194.634350 0.521137   -194.113213 503.96
780.0    -194.861334 0.327740   -194.533594 316.94
800.0    -194.650413 0.192663   -194.457751 186.31
820.0    -194.868398 0.432589   -194.435808 418.33
840.0    -194.824348 0.235681   -194.588667 227.91
860.0    -194.740246 0.422443   -194.317803 408.52
880.0    -194.605670 0.524521   -194.081149 507.23
900.0    -194.794131 0.295844   -194.498287 286.09
920.0    -194.785225 0.359074   -194.426152 347.24
940.0    -194.713346 0.258744   -194.454601 250.22
960.0    -194.931265 0.199134   -194.732131 192.57
980.0    -194.652231 0.294681   -194.357549 284.97
1000.0   -194.874849 0.379021   -194.495829 366.53
1020.0   -194.771889 0.399040   -194.372848 385.89
1040.0   -194.770158 0.199056   -194.571102 192.50
1060.0   -194.723718 0.415320   -194.308398 401.63
1080.0   -194.800675 0.214730   -194.585945 207.65
1100.0   -194.742776 0.319430   -194.423346 308.90
1120.0   -194.732330 0.365613   -194.366717 353.56
1140.0   -194.800467 0.180172   -194.620295 174.23
1160.0   -194.675492 0.315090   -194.360401 304.71
1180.0   -194.646985 0.331194   -194.315791 320.28
1200.0   -194.727163 0.402480   -194.324683 389.22
1220.0   -194.809702 0.388950   -194.420752 376.13
1240.0   -194.611989 0.538645   -194.073344 520.89
1260.0   -194.835100 0.361727   -194.473373 349.81
1280.0   -194.839052 0.311952   -194.527100 301.67
1300.0   -194.699762 0.235551   -194.464211 227.79
1320.0   -194.544166 0.345530   -194.198636 334.14
1340.0   -194.888581 0.331145   -194.557436 320.23
1360.0   -194.808566 0.318838   -194.489729 308.33
1380.0   -194.706351 0.273837   -194.432514 264.81
1400.0   -194.836097 0.416267   -194.419830 402.55
1420.0   -194.504848 0.203796   -194.301052 197.08
1440.0   -194.709727 0.222059   -194.487667 214.74
1460.0   -194.853603 0.430893   -194.422710 416.69
1480.0   -194.878650 0.324143   -194.554507 313.46
1500.0   -194.884312 0.498670   -194.385642 482.24
1520.0   -194.858512 0.361781   -194.496730 349.86
1540.0   -194.871278 0.192565   -194.678713 186.22
1560.0   -194.868757 0.258061   -194.610696 249.56
1580.0   -194.781524 0.346081   -194.435442 334.68
1600.0   -194.803796 0.187927   -194.615868 181.73
1620.0   -194.650434 0.273827   -194.376607 264.80
1640.0   -194.603051 0.270243   -194.332808 261.34
1660.0   -194.813933 0.419843   -194.394091 406.01
1680.0   -194.701156 0.276496   -194.424660 267.38
1700.0   -194.901461 0.279447   -194.622014 270.24
1720.0   -194.935077 0.339281   -194.595796 328.10
1740.0   -194.783528 0.428667   -194.354861 414.54
1760.0   -194.687253 0.334362   -194.352891 323.34
1780.0   -194.574053 0.183516   -194.390537 177.47
1800.0   -194.785664 0.241353   -194.544311 233.40
1820.0   -194.728317 0.312744   -194.415572 302.44
1840.0   -194.823777 0.325694   -194.498083 314.96
1860.0   -194.750468 0.279634   -194.470833 270.42
1880.0   -194.875809 0.151306   -194.724503 146.32
1900.0   -194.775988 0.578957   -194.197031 559.88
1920.0   -194.694930 0.397764   -194.297166 384.65
1940.0   -194.658071 0.466719   -194.191353 451.34
1960.0   -194.762497 0.344041   -194.418456 332.70
1980.0   -194.797395 0.212868   -194.584527 205.85
2000.0   -194.855648 0.165425   -194.690223 159.97
2020.0   -194.781007 0.475688   -194.305319 460.01
2040.0   -194.843362 0.400712   -194.442650 387.51
2060.0   -194.890679 0.370688   -194.519991 358.47
2080.0   -194.869650 0.303001   -194.566649 293.02
2100.0   -194.637646 0.349071   -194.288575 337.57
2120.0   -194.883892 0.307115   -194.576777 296.99
2140.0   -194.888326 0.469624   -194.418702 454.15
2160.0   -194.835369 0.303369   -194.532000 293.37
2180.0   -194.740425 0.290538   -194.449887 280.96
2200.0   -194.759386 0.501704   -194.257682 485.17
2220.0   -194.838679 0.302935   -194.535744 292.95
2240.0   -194.933766 0.490743   -194.443022 474.57
2260.0   -194.667022 0.321981   -194.345040 311.37
2280.0   -194.734598 0.343899   -194.390699 332.57
2300.0   -194.869714 0.346343   -194.523371 334.93
2320.0   -194.774982 0.305385   -194.469596 295.32
2340.0   -194.493766 0.290809   -194.202957 281.23
2360.0   -194.762601 0.364925   -194.397676 352.90
2380.0   -194.836917 0.408109   -194.428808 394.66
2400.0   -194.948173 0.262654   -194.685519 254.00
2420.0   -194.890004 0.287811   -194.602192 278.33
2440.0   -194.979589 0.331818   -194.647771 320.88
2460.0   -194.807652 0.304938   -194.502714 294.89
2480.0   -194.792073 0.261121   -194.530952 252.52
2500.0   -194.814844 0.318804   -194.496040 308.30
2520.0   -194.899306 0.348131   -194.551175 336.66
2540.0   -194.738643 0.255989   -194.482654 247.55
2560.0   -194.900239 0.245148   -194.655091 237.07
2580.0   -194.901106 0.408478   -194.492628 395.02
2600.0   -194.938573 0.174791   -194.763782 169.03
2620.0   -194.800995 0.360103   -194.440892 348.24
2640.0   -194.828949 0.351694   -194.477255 340.10
2660.0   -194.841015 0.501058   -194.339957 484.54
2680.0   -194.735470 0.260720   -194.474750 252.13
2700.0   -194.940919 0.279167   -194.661752 269.97
2720.0   -194.796144 0.465387   -194.330757 450.05
2740.0   -194.839343 0.281102   -194.558241 271.84
2760.0   -194.698735 0.408059   -194.290677 394.61
2780.0   -194.715752 0.239601   -194.476151 231.70
2800.0   -194.790090 0.419439   -194.370651 405.62
2820.0   -194.722339 0.249426   -194.472912 241.21
2840.0   -194.895195 0.271297   -194.623898 262.36
2860.0   -194.680127 0.124954   -194.555173 120.84
2880.0   -194.855503 0.206120   -194.649384 199.33
2900.0   -194.672720 0.297612   -194.375109 287.80
2920.0   -194.741192 0.538146   -194.203046 520.41
2940.0   -194.874309 0.298251   -194.576058 288.42
2960.0   -194.886395 0.252266   -194.634129 243.95
2980.0   -194.718752 0.224097   -194.494655 216.71
3000.0   -194.774516 0.238685   -194.535830 230.82
3020.0   -194.925240 0.319982   -194.605258 309.44
3040.0   -194.893050 0.486820   -194.406230 470.78
3060.0   -194.597273 0.726302   -193.870972 702.37
3080.0   -194.596400 0.428028   -194.168372 413.92
3100.0   -194.835760 0.471156   -194.364603 455.63
3120.0   -194.761923 0.250553   -194.511370 242.30
3140.0   -194.664139 0.423110   -194.241029 409.17
3160.0   -194.768722 0.457165   -194.311557 442.10
3180.0   -194.803919 0.387973   -194.415946 375.19
3200.0   -194.928799 0.579074   -194.349725 559.99
3220.0   -194.763205 0.281059   -194.482146 271.80
3240.0   -194.683388 0.315936   -194.367452 305.52
3260.0   -194.933628 0.309661   -194.623968 299.46
3280.0   -194.877709 0.473611   -194.404098 458.00
3300.0   -194.834132 0.277656   -194.556476 268.51
3320.0   -194.665119 0.593197   -194.071922 573.65
3340.0   -194.859656 0.178875   -194.680781 172.98
3360.0   -194.727442 0.254641   -194.472801 246.25
3380.0   -194.797152 0.501101   -194.296051 484.59
3400.0   -194.797831 0.303845   -194.493986 293.83
3420.0   -194.624249 0.419567   -194.204682 405.74
3440.0   -194.904136 0.247601   -194.656535 239.44
3460.0   -194.588297 0.218684   -194.369613 211.48
3480.0   -194.889461 0.367114   -194.522347 355.02
3500.0   -194.895369 0.479443   -194.415926 463.64
3520.0   -194.912669 0.418911   -194.493758 405.10
3540.0   -194.888606 0.534468   -194.354138 516.85
3560.0   -194.852631 0.371051   -194.481580 358.82
3580.0   -194.756239 0.389825   -194.366414 376.98
3600.0   -194.851769 0.271742   -194.580026 262.79
3620.0   -194.858457 0.237127   -194.621330 229.31
3640.0   -194.756877 0.313414   -194.443464 303.08
3660.0   -194.695956 0.287082   -194.408873 277.62
3680.0   -194.867938 0.316250   -194.551689 305.83
3700.0   -194.786389 0.205948   -194.580441 199.16
3720.0   -194.929852 0.361828   -194.568024 349.90
3740.0   -194.783250 0.377572   -194.405678 365.13
3760.0   -194.656595 0.347278   -194.309317 335.83
3780.0   -194.827882 0.547640   -194.280242 529.59
3800.0   -194.810443 0.166898   -194.643545 161.40
3820.0   -194.919190 0.172170   -194.747020 166.50
3840.0   -194.796214 0.228071   -194.568143 220.55
3860.0   -194.836507 0.266119   -194.570388 257.35
3880.0   -194.841681 0.422144   -194.419536 408.23
3900.0   -194.858245 0.285308   -194.572938 275.90
3920.0   -194.855349 0.379443   -194.475906 366.94
3940.0   -194.853000 0.264666   -194.588334 255.94
3960.0   -194.814197 0.290589   -194.523608 281.01
3980.0   -194.773664 0.420688   -194.352977 406.82
4000.0   -194.544629 0.443685   -194.100945 429.06
4020.0   -194.622463 0.335732   -194.286732 324.67
4040.0   -194.803911 0.455638   -194.348274 440.62
4060.0   -194.815174 0.386651   -194.428524 373.91
4080.0   -194.768513 0.378126   -194.390387 365.66
4100.0   -194.798295 0.368525   -194.429770 356.38
4120.0   -194.809322 0.213705   -194.595617 206.66
4140.0   -194.620389 0.449195   -194.171195 434.39
4160.0   -194.450170 0.299771   -194.150400 289.89
4180.0   -194.861178 0.174127   -194.687052 168.39
4200.0   -194.865273 0.351328   -194.513945 339.75
4220.0   -194.633935 0.258910   -194.375025 250.38
4240.0   -194.601305 0.250543   -194.350762 242.29
4260.0   -194.581188 0.421130   -194.160059 407.25
4280.0   -194.865062 0.354750   -194.510313 343.06
4300.0   -194.602480 0.220485   -194.381996 213.22
4320.0   -194.573036 0.427493   -194.145544 413.40
4340.0   -194.777544 0.295056   -194.482488 285.33
4360.0   -194.808506 0.273964   -194.534543 264.93
4380.0   -194.910795 0.329075   -194.581720 318.23
4400.0   -194.741329 0.427061   -194.314267 412.99
4420.0   -194.821768 0.464988   -194.356780 449.66
4440.0   -194.666166 0.409605   -194.256561 396.11
4460.0   -194.922545 0.515618   -194.406927 498.63
4480.0   -194.825877 0.314816   -194.511061 304.44
4500.0   -194.742466 0.611405   -194.131061 591.25
4520.0   -194.807450 0.359136   -194.448315 347.30
4540.0   -194.810391 0.385494   -194.424897 372.79
4560.0   -194.830349 0.376484   -194.453866 364.08
4580.0   -194.484685 0.296849   -194.187836 287.07
4600.0   -194.737071 0.214245   -194.522826 207.18
4620.0   -194.817975 0.446116   -194.371859 431.41
4640.0   -194.716356 0.321776   -194.394580 311.17
4660.0   -194.630894 0.368055   -194.262839 355.93
4680.0   -194.781558 0.235429   -194.546129 227.67
4700.0   -194.880370 0.502361   -194.378009 485.81
4720.0   -194.844457 0.255406   -194.589051 246.99
4740.0   -194.586906 0.233981   -194.352925 226.27
4760.0   -194.759067 0.166253   -194.592814 160.77
4780.0   -194.513174 0.219019   -194.294155 211.80
4800.0   -194.694888 0.537892   -194.156995 520.17
4820.0   -194.838488 0.541722   -194.296767 523.87
4840.0   -194.914848 0.279954   -194.634894 270.73
4860.0   -194.801262 0.435895   -194.365367 421.53
4880.0   -194.878121 0.307619   -194.570502 297.48
4900.0   -194.825485 0.153514   -194.671971 148.45
4920.0   -194.797256 0.446687   -194.350569 431.97
4940.0   -194.624827 0.384470   -194.240358 371.80
4960.0   -194.853961 0.177272   -194.676690 171.43
4980.0   -194.786297 0.272438   -194.513859 263.46
5000.0   -194.694941 0.247205   -194.447737 239.06
