PLUMED: PLUMED is starting
PLUMED: Version: 2.9.3 (git: Unknown) compiled on Jan 20 2026 at 17:14:13
PLUMED: Please cite these papers when using PLUMED [1][2]
PLUMED: For further information see the PLUMED web page at http://www.plumed.org
PLUMED: Root: /home/rverma7/anaconda3/envs/sparcGNN/lib/plumed
PLUMED: For installed feature, see /home/rverma7/anaconda3/envs/sparcGNN/lib/plumed/src/config/config.txt
PLUMED: Molecular dynamics engine: ASE
PLUMED: Precision of reals: 8
PLUMED: Running over 1 node
PLUMED: Number of threads: 1
PLUMED: Cache line size: 512
PLUMED: Number of atoms: 8
PLUMED: File suffix: 
PLUMED: Timestep: 0.001000
PLUMED: KbT: 2.494146
PLUMED: Relevant bibliography:
PLUMED:   [1] The PLUMED consortium, Nat. Methods 16, 670 (2019)
PLUMED:   [2] Tribello, Bonomi, Branduardi, Camilloni, and Bussi, Comput. Phys. Commun. 185, 604 (2014)
PLUMED: Please read and cite where appropriate!
PLUMED: Finished setup
PLUMED: Action DISTANCE
PLUMED:   with label d1
PLUMED:   between atoms 1 8
PLUMED:   using periodic boundary conditions
PLUMED: Action UPPER_WALLS
PLUMED:   with label uwall
PLUMED:   with arguments d1
PLUMED:   added component to this action:  uwall.bias 
PLUMED:   at 0.550000
PLUMED:   with an offset 0.000000
PLUMED:   with force constant 100000.000000
PLUMED:   and exponent 2.000000
PLUMED:   rescaled 1.000000
PLUMED:   added component to this action:  uwall.force2 
PLUMED: Action DENSITY
PLUMED:   with label B
PLUMED:   keyword SPECIES takes atoms : 1 
PLUMED: Action DENSITY
PLUMED:   with label H
PLUMED:   keyword SPECIES takes atoms : 2 3 4 5 6 7 
PLUMED: Action DENSITY
PLUMED:   with label N
PLUMED:   keyword SPECIES takes atoms : 8 
PLUMED: Action CONTACT_MATRIX
PLUMED:   with label contact_mat
PLUMED:   Bibliography [1]
PLUMED:   keyword ATOMS takes dynamic groups of atoms constructed from multicolvars labelled : B H N 
PLUMED:   1 th and 1 th multicolvar groups must be within 0.8.  Using rational switching function with parameters d0=0 nn=6 mm=12
PLUMED:   1 th and 2 th multicolvar groups must be within 0.125.  Using rational switching function with parameters d0=0 nn=6 mm=12
PLUMED:   1 th and 3 th multicolvar groups must be within 0.222.  Using rational switching function with parameters d0=0 nn=6 mm=12
PLUMED:   2 th and 2 th multicolvar groups must be within 0.5.  Using rational switching function with parameters d0=0 nn=6 mm=12
PLUMED:   2 th and 3 th multicolvar groups must be within 0.125.  Using rational switching function with parameters d0=0 nn=6 mm=12
PLUMED:   3 th and 3 th multicolvar groups must be within 0.8.  Using rational switching function with parameters d0=0 nn=6 mm=12
PLUMED: Relevant bibliography:
PLUMED:   [1] Tribello, Giberti, Sosso, Salvalaglio and Parrinello, J. Chem. Theory Comput. 13, 1317 (2017)
PLUMED: Please read and cite where appropriate!
PLUMED: Action SPRINT
PLUMED:   with label ss
PLUMED:   keyword MATRIX takes dynamic groups of atoms constructed from multicolvars labelled : contact_mat 
PLUMED:   added component to this action:  ss.coord-0 
PLUMED:   added component to this action:  ss.coord-1 
PLUMED:   added component to this action:  ss.coord-2 
PLUMED:   added component to this action:  ss.coord-3 
PLUMED:   added component to this action:  ss.coord-4 
PLUMED:   added component to this action:  ss.coord-5 
PLUMED:   added component to this action:  ss.coord-6 
PLUMED:   added component to this action:  ss.coord-7 
PLUMED: Action PBMETAD
PLUMED:   with label pb
PLUMED:   with arguments ss.coord-0 ss.coord-7
PLUMED:   added component to this action:  pb.bias 
PLUMED:   Gaussian width  0.100000 0.100000  Gaussian height 4.000000
PLUMED:   Gaussian deposition pace 500
PLUMED:   Gaussian files iter_000000/00.dft/HILLS_0 iter_000000/00.dft/HILLS_1 
PLUMED:   Bibliography [1]
PLUMED: Relevant bibliography:
PLUMED:   [1] Pfaendtner and Bonomi. J. Chem. Theory Comput. 11, 5062 (2015)
PLUMED: Please read and cite where appropriate!
PLUMED: Action FLUSH
PLUMED:   with label @8
PLUMED:   with stride 250
PLUMED: Action PRINT
PLUMED:   with label @9
PLUMED:   with stride 3
PLUMED:   with arguments d1 ss.coord-0 ss.coord-1 ss.coord-2 ss.coord-3 ss.coord-4 ss.coord-5 ss.coord-6 ss.coord-7 pb.bias
PLUMED:   on file iter_000000/00.dft/COLVAR
PLUMED:   with format  %f
PLUMED:                                               Cycles        Total      Average      Minimum      Maximum
PLUMED:                                                    1     9.155927     9.155927     9.155927     9.155927
PLUMED: 1 Prepare dependencies                         55002     0.083600     0.000002     0.000001     0.000021
PLUMED: 2 Sharing data                                 55002     0.105460     0.000002     0.000001     0.000016
PLUMED: 3 Waiting for data                             55002     0.008116     0.000000     0.000000     0.000008
PLUMED: 4 Calculating (forward loop)                   55002     8.329010     0.000151     0.000138     0.000730
PLUMED: 5 Applying (backward loop)                     55002     0.178531     0.000003     0.000003     0.000019
PLUMED: 6 Update                                       55002     0.174991     0.000003     0.000000     0.000076
