
Iteration 000000
Training data from: iter_000000/02.dpmd/dpmd.traj
Model deviation range: [0.100, 0.350] eV/Å
Candidates found: 4
--------------------------------------------------------------------------------

Iteration 000001
Training data from: iter_000001/02.dpmd/dpmd.traj
Model deviation range: [0.100, 0.350] eV/Å
Candidates found: 2
--------------------------------------------------------------------------------

Iteration 000002
Training data from: iter_000002/02.dpmd/dpmd.traj
Model deviation range: [0.100, 0.350] eV/Å
Candidates found: 3
--------------------------------------------------------------------------------

Iteration 000003
Training data from: iter_000003/02.dpmd/dpmd.traj
Model deviation range: [0.100, 0.350] eV/Å
Candidates found: 4
--------------------------------------------------------------------------------

Iteration 000004
Training data from: iter_000004/02.dpmd/dpmd.traj
Model deviation range: [0.100, 0.350] eV/Å
Candidates found: 2
--------------------------------------------------------------------------------
