================================================================================
BEGIN CALCULATION - 2026-04-20 12:20:35
================================================================================


         ######  ########     ###    ########   ######  
        ##    ## ##     ##   ## ##   ##     ## ##    ## 
        ##       ##     ##  ##   ##  ##     ## ##       
         ######  ########  ##     ## ########  ##       
              ## ##        ######### ##   ##   ##       
        ##    ## ##        ##     ## ##    ##  ##    ## 
         ######  ##        ##     ## ##     ##  ###### 
         --v0.2.0

[SPARC][INFO] SPARC: Smart Potential with Atomistic Rare Events & Continuous Learning
[SPARC][INFO] Version: 0.2.0

[SPARC][INFO] ================================================================================
[SPARC][INFO] Working directory: /home/rverma7/My_Program/0.3_sparc/examples/VASP
[SPARC][INFO] Configuration file: input.yaml
[SPARC][INFO] 
[SPARC][INFO] ================================================================================
[SPARC][INFO]                     YAML configuration loaded successfully!                     
[SPARC][INFO] ================================================================================
[SPARC][INFO] Using structure file: AmmoniaBorate.xyz
[SPARC][INFO] WORKFLOW PARAMETERS :
[SPARC][INFO] ---------------------
[SPARC][INFO] Structure FileName/s           AmmoniaBorate.xyz
[SPARC][INFO] Number of Atoms                8
[SPARC][INFO] Chemical Formula               H6BN
[SPARC][INFO] 
[SPARC][INFO] DFT Engine                     VASP
[SPARC][INFO] DFT Tempelate File             INCAR
[SPARC][INFO] DFT Executable                 mpirun -np 4 vasp_std
[SPARC][INFO] 
[SPARC][INFO] Active Learning                Disabled
[SPARC][INFO] ================================================================================
[SPARC][INFO] 
[SPARC][INFO] Creating Directories for Iteration: 000000
[SPARC][INFO] ================================================================================
[SPARC][INFO] ├── iter_000000
[SPARC][INFO] │   ├── 00.dft
[SPARC][INFO] │   ├── 01.train
[SPARC][INFO] │   └── 02.dpmd
[SPARC][INFO] 
[SPARC][INFO] Setting up VASP calculator...
[SPARC][INFO] --------------------------------------------------
[SPARC][INFO]               VASP INPUT PARAMETERS               
[SPARC][INFO] --------------------------------------------------
[SPARC][INFO] | SYSTEM : 13-Butadiene
[SPARC][INFO] | ISTART : 0
[SPARC][INFO] | ICHARG : 2
[SPARC][INFO] | ISPIN  : 1
[SPARC][INFO] | ENCUT  : 300.0
[SPARC][INFO] | LCHARG : False
[SPARC][INFO] | LWAVE  : False
[SPARC][INFO] | ISMEAR : 0
[SPARC][INFO] | SIGMA  : 0.05
[SPARC][INFO] | EDIFF  : 1e-05
[SPARC][INFO] | LPLANE : True
[SPARC][INFO] | NCORE  : 2
[SPARC][INFO] | LSCALU : False
[SPARC][INFO] | NSIM   : 4
[SPARC][INFO] | NWRITE : 2
[SPARC][INFO] --------------------------------------------------
[SPARC][INFO] VASP Calculator Setup Successfully!
[SPARC][INFO] ================================================================================
[SPARC][INFO]                     Ab-initio MD using NVT-Langevin at 300K                     
[SPARC][INFO] MD Ensemble                    NVT
[SPARC][INFO] Temperature                    300.0 K
[SPARC][INFO] MD Thermostat                  Langevin
[SPARC][INFO] Timestep                       1.00 fs
[SPARC][INFO] AIMD Steps                     100
[SPARC][INFO] Output Trajectory              AseMD.traj
[SPARC][INFO] Output Logfile                 AseMD.log
[SPARC][INFO] 
[SPARC][INFO] ================================================================================
[SPARC][INFO] PLUMED ENABLED FOR MD SIMULATION
[SPARC][INFO] ================================================================================
[SPARC][INFO] PLUMED output files will be written in iter_000000/00.dft
[SPARC][INFO] 
[SPARC][INFO] --------------------------------------------------------------------------------
[SPARC][INFO] Step     Epot (eV)    Ekin (eV)    Temp (K)   P (GPa)    V (Ang.^3)
[SPARC][INFO] --------------------------------------------------------------------------------
[SPARC][INFO] 0           -36.0932      0.3102    300.00
[SPARC][INFO] 1           -36.0892      0.2877    278.18
[SPARC][INFO] 2           -36.0801      0.2828    273.44
[SPARC][INFO] 3           -36.1229      0.3306    319.66
[SPARC][INFO] 4           -36.2257      0.4655    450.17
[SPARC][INFO] 5           -36.2975      0.4800    464.19
[SPARC][INFO] 6           -36.3391      0.5659    547.26
[SPARC][INFO] 7           -36.3871      0.5931    573.57
[SPARC][INFO] 8           -36.4049      0.7032    680.00
[SPARC][INFO] 9           -36.4267      0.7643    739.08
[SPARC][INFO] 10          -36.3747      0.7160    692.37
[SPARC][INFO] 11          -36.3257      0.7943    768.09
[SPARC][INFO] 12          -36.2899      0.7096    686.23
[SPARC][INFO] 13          -36.2508      0.6158    595.54
[SPARC][INFO] 14          -36.2241      0.4440    429.36
[SPARC][INFO] 15          -36.2183      0.5610    542.51
[SPARC][INFO] 16          -36.2228      0.5541    535.86
[SPARC][INFO] 17          -36.2151      0.4539    438.93
[SPARC][INFO] 18          -36.1821      0.3739    361.54
[SPARC][INFO] 19          -36.1284      0.2682    259.38
[SPARC][INFO] 20          -36.1091      0.3398    328.56
[SPARC][INFO] 21          -36.1097      0.3695    357.36
[SPARC][INFO] 22          -36.0843      0.3582    346.42
[SPARC][INFO] 23          -36.0150      0.3346    323.55
[SPARC][INFO] 24          -35.9512      0.3256    314.91
[SPARC][INFO] 25          -35.9576      0.2831    273.77
[SPARC][INFO] 26          -35.9785      0.4544    439.43
[SPARC][INFO] 27          -35.9541      0.3532    341.58
[SPARC][INFO] 28          -35.9073      0.3467    335.29
[SPARC][INFO] 29          -35.8365      0.2893    279.74
[SPARC][INFO] 30          -35.8038      0.3327    321.72
[SPARC][INFO] 31          -35.7966      0.3478    336.29
[SPARC][INFO] 32          -35.7792      0.3825    369.88
[SPARC][INFO] 33          -35.7331      0.3198    309.25
[SPARC][INFO] 34          -35.7387      0.4225    408.57
[SPARC][INFO] 35          -35.7498      0.4406    426.04
[SPARC][INFO] 36          -35.7465      0.4607    445.48
[SPARC][INFO] 37          -35.7037      0.3435    332.16
[SPARC][INFO] 38          -35.6369      0.3666    354.54
[SPARC][INFO] 39          -35.5704      0.3116    301.32
[SPARC][INFO] 40          -35.5711      0.3950    382.00
[SPARC][INFO] 41          -35.6028      0.4798    463.96
[SPARC][INFO] 42          -35.6129      0.4646    449.30
[SPARC][INFO] 43          -35.5688      0.5907    571.25
[SPARC][INFO] 44          -35.4479      0.4914    475.23
[SPARC][INFO] 45          -35.3691      0.4631    447.81
[SPARC][INFO] 46          -35.3711      0.4517    436.84
[SPARC][INFO] 47          -35.4164      0.5903    570.86
[SPARC][INFO] 48          -35.4695      0.5366    518.94
[SPARC][INFO] 49          -35.4744      0.5798    560.72
[SPARC][INFO] 50          -35.4679      0.5018    485.27
[SPARC][INFO] 51          -35.4178      0.4900    473.88
[SPARC][INFO] 52          -35.3658      0.4836    467.63
[SPARC][INFO] 53          -35.3215      0.5427    524.81
[SPARC][INFO] 54          -35.2844      0.6402    619.10
[SPARC][INFO] 55          -35.3056      0.6394    618.35
[SPARC][INFO] 56          -35.3341      0.6839    661.40
[SPARC][INFO] 57          -35.3097      0.6851    662.56
[SPARC][INFO] 58          -35.2279      0.6554    633.76
[SPARC][INFO] 59          -35.1823      0.6386    617.53
[SPARC][INFO] 60          -35.1942      0.5326    515.04
[SPARC][INFO] 61          -35.2261      0.5840    564.75
[SPARC][INFO] 62          -35.2540      0.6623    640.44
[SPARC][INFO] 63          -35.2399      0.7006    677.53
[SPARC][INFO] 64          -35.2371      0.8255    798.32
[SPARC][INFO] 65          -35.2238      0.7379    713.60
[SPARC][INFO] 66          -35.2821      0.9006    870.91
[SPARC][INFO] 67          -35.3064      0.8211    794.00
[SPARC][INFO] 68          -35.2150      0.6413    620.20
[SPARC][INFO] 69          -35.0903      0.5362    518.58
[SPARC][INFO] 70          -35.0333      0.5211    503.94
[SPARC][INFO] 71          -35.0741      0.4553    440.27
[SPARC][INFO] 72          -35.1148      0.4354    421.06
[SPARC][INFO] 73          -35.1048      0.4013    388.09
[SPARC][INFO] 74          -35.0432      0.3939    380.89
[SPARC][INFO] 75          -35.0429      0.5004    483.90
[SPARC][INFO] 76          -35.1059      0.4649    449.60
[SPARC][INFO] 77          -35.1349      0.4884    472.26
[SPARC][INFO] 78          -35.0874      0.4448    430.11
[SPARC][INFO] 79          -35.0550      0.2460    237.91
[SPARC][INFO] 80          -35.0648      0.3586    346.76
[SPARC][INFO] 81          -35.0618      0.3073    297.19
[SPARC][INFO] 82          -35.0623      0.3904    377.51
[SPARC][INFO] 83          -35.0152      0.4059    392.51
[SPARC][INFO] 84          -34.9273      0.2640    255.30
[SPARC][INFO] 85          -34.9878      0.4363    421.96
[SPARC][INFO] 86          -35.0874      0.6428    621.60
[SPARC][INFO] 87          -35.0173      0.6986    675.54
[SPARC][INFO] 88          -34.9183      0.4329    418.63
[SPARC][INFO] 89          -34.9430      0.5341    516.53
[SPARC][INFO] 90          -35.0071      0.6755    653.24
[SPARC][INFO] 91          -35.0453      0.6060    586.07
[SPARC][INFO] 92          -35.0010      0.4470    432.28
[SPARC][INFO] 93          -34.9583      0.4693    453.82
[SPARC][INFO] 94          -35.0039      0.5567    538.37
[SPARC][INFO] 95          -35.0565      0.7230    699.19
[SPARC][INFO] 96          -35.0302      0.6086    588.58
[SPARC][INFO] 97          -34.9359      0.4682    452.75
[SPARC][INFO] 98          -34.8662      0.3375    326.35
[SPARC][INFO] 99          -34.8583      0.4601    444.89
[SPARC][INFO] 100         -34.8388      0.3931    380.11
[SPARC][INFO] 
[SPARC][INFO] ============================================================
[SPARC][INFO] PLUMED Bias Force Correction
[SPARC][INFO]   Trajectory   : iter_000000/00.dft/AseMD.traj
[SPARC][INFO]   CV forces    : iter_000000/00.dft/cv_force
[SPARC][INFO]   CV derivs    : iter_000000/00.dft/cv_derivs
[SPARC][INFO]   CVs (1): [[1, 8]]
[SPARC][INFO]   Trajectory   : 101 frames, 8 atoms
[SPARC][INFO]   Parsed 101 derivative frames x 1 CVs from cv_derivs (6 atomic params + 9 cell params ignored)
[SPARC][INFO]   --- Validation ---
[SPARC][INFO]   Net force |ΣF| (should be ~0 after correction):
[SPARC][INFO]     Biased    — mean: 0.0000  max: 0.0000 eV/Å
[SPARC][INFO]     Corrected — mean: 0.0000  max: 0.0000 eV/Å
[SPARC][INFO]     PASS: net force is negligible after correction
[SPARC][INFO]   ------------------
[SPARC][INFO]   |F_bias|  mean=3.2454  max=9.7854 eV/Å
[SPARC][INFO]   |F_total| mean=4.7507  max=10.5543 eV/Å
[SPARC][INFO]   Bias/Total ratio : 0.7137
[SPARC][INFO]   Most affected atoms (1-based):
[SPARC][INFO]     atom    8 : 6.8887 eV/Å
[SPARC][INFO]     atom    1 : 6.8887 eV/Å
[SPARC][INFO]   Corrected trajectory written -> iter_000000/00.dft/AseMD.traj
[SPARC][INFO] ============================================================
[SPARC][INFO] 
[SPARC][INFO] PyTorch backend is functional
[SPARC][INFO] Detected DeePMD-kit v3 with PYTORCH backend
[SPARC][INFO] 
[SPARC][INFO] --------------------------------------------------------------------------------
[SPARC][INFO]                         ACTIVE LEARNING CYCLE : DISABLED                        
[SPARC][INFO] --------------------------------------------------------------------------------
[SPARC][INFO] ================================================================================
[SPARC][INFO] 

================================================================================
END CALCULATION - 2026-04-20 12:25:44
Total Runtime: 0:05:09.476735
================================================================================
