================================================================================
BEGIN CALCULATION - 2026-04-15 16:10:17
================================================================================


         ######  ########     ###    ########   ######  
        ##    ## ##     ##   ## ##   ##     ## ##    ## 
        ##       ##     ##  ##   ##  ##     ## ##       
         ######  ########  ##     ## ########  ##       
              ## ##        ######### ##   ##   ##       
        ##    ## ##        ##     ## ##    ##  ##    ## 
         ######  ##        ##     ## ##     ##  ###### 
         --v0.2.0

[SPARC][INFO] SPARC: Smart Potential with Atomistic Rare Events & Continuous Learning
[SPARC][INFO] Version: 0.2.0

[SPARC][INFO] ================================================================================
[SPARC][INFO] Working directory: /home/rverma7/My_Program/0.3_sparc/examples/xTB/MD/NVT/Nose
[SPARC][INFO] Configuration file: input.yaml
[SPARC][INFO] 
[SPARC][INFO] ================================================================================
[SPARC][INFO]                     YAML configuration loaded successfully!                     
[SPARC][INFO] ================================================================================
[SPARC][INFO] Using structure file: AmmoniaBorate.xyz
[SPARC][INFO] WORKFLOW PARAMETERS :
[SPARC][INFO] ---------------------
[SPARC][INFO] Structure FileName/s           AmmoniaBorate.xyz
[SPARC][INFO] Number of Atoms                8
[SPARC][INFO] Chemical Formula               H6BN
[SPARC][INFO] 
[SPARC][INFO] DFT Engine                     xTB
[SPARC][INFO] DFT Tempelate File             xtb_template.inp
[SPARC][INFO] DFT Executable                 OMP_NUM_THREADS=2 /home/rverma7/anaconda3/envs/sparcGNN/bin/xtb
[SPARC][INFO] 
[SPARC][INFO] Active Learning                Disabled
[SPARC][INFO] ================================================================================
[SPARC][INFO] 
[SPARC][INFO] Creating Directories for Iteration: 000000
[SPARC][INFO] ================================================================================
[SPARC][INFO] ├── iter_000000
[SPARC][INFO] │   ├── 00.dft
[SPARC][INFO] │   ├── 01.train
[SPARC][INFO] │   └── 02.dpmd
[SPARC][INFO] 
[SPARC][INFO] Setting up xTB calculator...
[SPARC][INFO] --------------------------------------------------
[SPARC][INFO]                   xTB CALCULATOR                  
[SPARC][INFO] --------------------------------------------------
[SPARC][INFO]  Executable           OMP_NUM_THREADS=2 /home/rverma7/anaconda3/envs/sparcGNN/bin/xtb
[SPARC][INFO]  Method               GFN2-xTB
[SPARC][INFO]  Charge, Mult         0, 1 (UHF=0)
[SPARC][INFO]  Accuracy             1.0
[SPARC][INFO]  Elec. Temp (K)       300.0
[SPARC][INFO]  Max Iter             250
[SPARC][INFO]  Solvent              None
[SPARC][INFO]  xTB workdir, Label   xtb_run, xtb
[SPARC][INFO] --------------------------------------------------
[SPARC][INFO] xTB calculator setup successfully
[SPARC][INFO] ================================================================================
[SPARC][INFO]                       Ab-initio MD using NVT-Nose at 300K                       
[SPARC][INFO] MD Ensemble                    NVT
[SPARC][INFO] Temperature                    300.0 K
[SPARC][INFO] MD Thermostat                  Nose
[SPARC][INFO] Timestep                       1.00 fs
[SPARC][INFO] AIMD Steps                     25000
[SPARC][INFO] Output Trajectory              AseMD.traj
[SPARC][INFO] Output Logfile                 AseMD.log
[SPARC][INFO] 
[SPARC][INFO] 
[SPARC][INFO] --------------------------------------------------------------------------------
[SPARC][INFO] Step     Epot (eV)    Ekin (eV)    Temp (K)   P (GPa)    V (Ang.^3)
[SPARC][INFO] --------------------------------------------------------------------------------
[SPARC][INFO] 0          -194.7063      0.3102    300.00
[SPARC][INFO] 20         -194.8634      0.4545    439.49
[SPARC][INFO] 40         -194.7993      0.3716    359.39
[SPARC][INFO] 60         -194.8623      0.4023    389.02
[SPARC][INFO] 80         -194.8378      0.3368    325.66
[SPARC][INFO] 100        -194.7929      0.2501    241.83
[SPARC][INFO] 120        -194.8104      0.2242    216.85
[SPARC][INFO] 140        -194.8540      0.2296    222.04
[SPARC][INFO] 160        -194.8873      0.2310    223.38
[SPARC][INFO] 180        -194.8458      0.1728    167.10
[SPARC][INFO] 200        -194.8580      0.1789    173.04
[SPARC][INFO] 220        -194.8211      0.1434    138.71
[SPARC][INFO] 240        -194.8667      0.2022    195.55
[SPARC][INFO] 260        -194.9388      0.3268    316.07
[SPARC][INFO] 280        -194.7862      0.2677    258.90
[SPARC][INFO] 300        -194.7908      0.3609    348.99
[SPARC][INFO] 320        -194.7726      0.3973    384.25
[SPARC][INFO] 340        -194.6438      0.2945    284.78
[SPARC][INFO] 360        -194.8364      0.4910    474.82
[SPARC][INFO] 380        -194.7678      0.4108    397.28
[SPARC][INFO] 400        -194.7511      0.3664    354.37
[SPARC][INFO] 420        -194.7812      0.3577    345.96
[SPARC][INFO] 440        -194.7417      0.2772    268.11
[SPARC][INFO] 460        -194.8479      0.3367    325.61
[SPARC][INFO] 480        -194.8487      0.2995    289.59
[SPARC][INFO] 500        -194.9210      0.3410    329.79
[SPARC][INFO] 520        -194.8532      0.2547    246.28
[SPARC][INFO] 540        -194.7952      0.1876    181.38
[SPARC][INFO] 560        -194.8969      0.2801    270.83
[SPARC][INFO] 580        -194.8272      0.2097    202.80
[SPARC][INFO] 600        -194.9199      0.3094    299.16
[SPARC][INFO] 620        -194.8974      0.3087    298.56
[SPARC][INFO] 640        -194.7622      0.2161    208.95
[SPARC][INFO] 660        -194.9115      0.4330    418.73
[SPARC][INFO] 680        -194.7816      0.3924    379.51
[SPARC][INFO] 700        -194.8038      0.4863    470.31
[SPARC][INFO] 720        -194.8754      0.5998    579.99
[SPARC][INFO] 740        -194.6887      0.4215    407.63
[SPARC][INFO] 760        -194.7106      0.4216    407.72
[SPARC][INFO] 780        -194.6621      0.3315    320.53
[SPARC][INFO] 800        -194.7332      0.3493    337.80
[SPARC][INFO] 820        -194.8025      0.3680    355.88
[SPARC][INFO] 840        -194.8479      0.3704    358.17
[SPARC][INFO] 860        -194.8602      0.3594    347.60
[SPARC][INFO] 880        -194.7728      0.2598    251.21
[SPARC][INFO] 900        -194.8047      0.2831    273.77
[SPARC][INFO] 920        -194.8381      0.3107    300.46
[SPARC][INFO] 940        -194.8041      0.2746    265.59
[SPARC][INFO] 960        -194.8715      0.3432    331.88
[SPARC][INFO] 980        -194.7993      0.2764    267.28
[SPARC][INFO] 1000       -194.7482      0.2309    223.26
[SPARC][INFO] 1020       -194.8230      0.3139    303.51
[SPARC][INFO] 1040       -194.7655      0.2665    257.74
[SPARC][INFO] 1060       -194.8676      0.3787    366.26
[SPARC][INFO] 1080       -194.8371      0.3694    357.23
[SPARC][INFO] 1100       -194.7507      0.3107    300.47
[SPARC][INFO] 1120       -194.7585      0.3566    344.85
[SPARC][INFO] 1140       -194.7264      0.3660    353.97
[SPARC][INFO] 1160       -194.7811      0.4546    439.62
[SPARC][INFO] 1180       -194.7668      0.4630    447.76
[SPARC][INFO] 1200       -194.8038      0.4973    480.88
[SPARC][INFO] 1220       -194.7249      0.3878    375.05
[SPARC][INFO] 1240       -194.7428      0.3445    333.15
[SPARC][INFO] 1260       -194.7748      0.3022    292.27
[SPARC][INFO] 1280       -194.8217      0.2864    276.93
[SPARC][INFO] 1300       -194.8403      0.2624    253.73
[SPARC][INFO] 1320       -194.8519      0.2494    241.17
[SPARC][INFO] 1340       -194.8178      0.2060    199.18
[SPARC][INFO] 1360       -194.8140      0.2019    195.21
[SPARC][INFO] 1380       -194.8298      0.2232    215.81
[SPARC][INFO] 1400       -194.8300      0.2350    227.22
[SPARC][INFO] 1420       -194.9028      0.3303    319.46
[SPARC][INFO] 1440       -194.7902      0.2523    243.98
[SPARC][INFO] 1460       -194.7780      0.2823    273.00
[SPARC][INFO] 1480       -194.7782      0.3283    317.43
[SPARC][INFO] 1500       -194.6988      0.2906    280.99
[SPARC][INFO] 1520       -194.8535      0.4766    460.91
[SPARC][INFO] 1540       -194.7501      0.3907    377.81
[SPARC][INFO] 1560       -194.7624      0.4019    388.68
[SPARC][INFO] 1580       -194.7635      0.3873    374.53
[SPARC][INFO] 1600       -194.7568      0.3527    341.09
[SPARC][INFO] 1620       -194.8020      0.3634    351.41
[SPARC][INFO] 1640       -194.8060      0.3411    329.83
[SPARC][INFO] 1660       -194.8465      0.3639    351.89
[SPARC][INFO] 1680       -194.7910      0.3030    293.04
[SPARC][INFO] 1700       -194.7668      0.2774    268.25
[SPARC][INFO] 1720       -194.7825      0.2876    278.11
[SPARC][INFO] 1740       -194.7979      0.2975    287.73
[SPARC][INFO] 1760       -194.9069      0.4005    387.27
[SPARC][INFO] 1780       -194.8475      0.3390    327.84
[SPARC][INFO] 1800       -194.7942      0.2869    277.46
[SPARC][INFO] 1820       -194.8632      0.3543    342.59
[SPARC][INFO] 1840       -194.7443      0.2366    228.83
[SPARC][INFO] 1860       -194.8534      0.3447    333.39
[SPARC][INFO] 1880       -194.8260      0.3188    308.32
[SPARC][INFO] 1900       -194.7820      0.2803    271.04
[SPARC][INFO] 1920       -194.8520      0.3572    345.43
[SPARC][INFO] 1940       -194.7027      0.2192    212.00
[SPARC][INFO] 1960       -194.8357      0.3586    346.81
[SPARC][INFO] 1980       -194.8296      0.3610    349.11
[SPARC][INFO] 2000       -194.8370      0.3797    367.19
[SPARC][INFO] 2020       -194.8199      0.3736    361.30
[SPARC][INFO] 2040       -194.7407      0.3052    295.13
[SPARC][INFO] 2060       -194.7708      0.3387    327.56
[SPARC][INFO] 2080       -194.7092      0.2720    263.00
[SPARC][INFO] 2100       -194.8476      0.3946    381.60
[SPARC][INFO] 2120       -194.7779      0.3042    294.15
[SPARC][INFO] 2140       -194.8031      0.3021    292.10
[SPARC][INFO] 2160       -194.8470      0.3146    304.26
[SPARC][INFO] 2180       -194.7500      0.1885    182.25
[SPARC][INFO] 2200       -194.8677      0.2758    266.67
[SPARC][INFO] 2220       -194.8699      0.2549    246.51
[SPARC][INFO] 2240       -194.8508      0.2211    213.78
[SPARC][INFO] 2260       -194.8782      0.2426    234.65
[SPARC][INFO] 2280       -194.8031      0.1712    165.57
[SPARC][INFO] 2300       -194.8548      0.2335    225.84
[SPARC][INFO] 2320       -194.8745      0.2838    274.43
[SPARC][INFO] 2340       -194.8185      0.2834    274.07
[SPARC][INFO] 2360       -194.8522      0.3904    377.58
[SPARC][INFO] 2380       -194.7397      0.3539    342.19
[SPARC][INFO] 2400       -194.7591      0.4175    403.77
[SPARC][INFO] 2420       -194.7072      0.3837    371.04
[SPARC][INFO] 2440       -194.7894      0.4537    438.71
[SPARC][INFO] 2460       -194.8377      0.4755    459.80
[SPARC][INFO] 2480       -194.7602      0.3628    350.87
[SPARC][INFO] 2500       -194.8494      0.4100    396.52
[SPARC][INFO] 2520       -194.7287      0.2525    244.21
[SPARC][INFO] 2540       -194.8548      0.3430    331.65
[SPARC][INFO] 2560       -194.8371      0.2990    289.15
[SPARC][INFO] 2580       -194.7990      0.2466    238.44
[SPARC][INFO] 2600       -194.8929      0.3323    321.40
[SPARC][INFO] 2620       -194.7523      0.1936    187.20
[SPARC][INFO] 2640       -194.8117      0.2558    247.35
[SPARC][INFO] 2660       -194.8227      0.2729    263.95
[SPARC][INFO] 2680       -194.8268      0.2859    276.47
[SPARC][INFO] 2700       -194.8898      0.3598    347.96
[SPARC][INFO] 2720       -194.8095      0.2943    284.64
[SPARC][INFO] 2740       -194.7613      0.2588    250.23
[SPARC][INFO] 2760       -194.7714      0.2763    267.24
[SPARC][INFO] 2780       -194.7980      0.3064    296.33
[SPARC][INFO] 2800       -194.7753      0.2852    275.82
[SPARC][INFO] 2820       -194.8086      0.3199    309.35
[SPARC][INFO] 2840       -194.7864      0.3010    291.07
[SPARC][INFO] 2860       -194.7563      0.2709    261.96
[SPARC][INFO] 2880       -194.7932      0.3060    295.93
[SPARC][INFO] 2900       -194.8078      0.3176    307.13
[SPARC][INFO] 2920       -194.8207      0.3263    315.52
[SPARC][INFO] 2940       -194.8705      0.3734    361.13
[SPARC][INFO] 2960       -194.7666      0.2687    259.80
[SPARC][INFO] 2980       -194.7427      0.2408    232.91
[SPARC][INFO] 3000       -194.8247      0.3146    304.25
[SPARC][INFO] 3020       -194.7832      0.2630    254.34
[SPARC][INFO] 3040       -194.8529      0.3204    309.82
[SPARC][INFO] 3060       -194.8329      0.2865    277.10
[SPARC][INFO] 3080       -194.8260      0.2678    258.95
[SPARC][INFO] 3100       -194.8508      0.2841    274.72
[SPARC][INFO] 3120       -194.8094      0.2373    229.46
[SPARC][INFO] 3140       -194.8510      0.2772    268.08
[SPARC][INFO] 3160       -194.8779      0.3106    300.35
[SPARC][INFO] 3180       -194.8376      0.2856    276.21
[SPARC][INFO] 3200       -194.7636      0.2392    231.29
[SPARC][INFO] 3220       -194.7962      0.3045    294.47
[SPARC][INFO] 3240       -194.7675      0.3143    303.97
[SPARC][INFO] 3260       -194.8276      0.4156    401.94
[SPARC][INFO] 3280       -194.8254      0.4483    433.55
[SPARC][INFO] 3300       -194.7395      0.3937    380.72
[SPARC][INFO] 3320       -194.7814      0.4465    431.74
[SPARC][INFO] 3340       -194.7339      0.3906    377.75
[SPARC][INFO] 3360       -194.7491      0.3679    355.74
[SPARC][INFO] 3380       -194.7755      0.3322    321.23
[SPARC][INFO] 3400       -194.8677      0.3475    336.04
[SPARC][INFO] 3420       -194.8033      0.2226    215.25
[SPARC][INFO] 3440       -194.8480      0.2304    222.78
[SPARC][INFO] 3460       -194.8259      0.1906    184.30
[SPARC][INFO] 3480       -194.8176      0.1764    170.59
[SPARC][INFO] 3500       -194.9167      0.2784    269.27
[SPARC][INFO] 3520       -194.8124      0.1889    182.68
[SPARC][INFO] 3540       -194.8301      0.2259    218.42
[SPARC][INFO] 3560       -194.8344      0.2555    247.12
[SPARC][INFO] 3580       -194.7838      0.2334    225.74
[SPARC][INFO] 3600       -194.8468      0.3249    314.21
[SPARC][INFO] 3620       -194.8014      0.3066    296.46
[SPARC][INFO] 3640       -194.8291      0.3548    343.13
[SPARC][INFO] 3660       -194.8343      0.3771    364.71
[SPARC][INFO] 3680       -194.7203      0.2772    268.04
[SPARC][INFO] 3700       -194.7619      0.3213    310.66
[SPARC][INFO] 3720       -194.7931      0.3469    335.50
[SPARC][INFO] 3740       -194.8158      0.3595    347.67
[SPARC][INFO] 3760       -194.8262      0.3608    348.95
[SPARC][INFO] 3780       -194.7974      0.3238    313.13
[SPARC][INFO] 3800       -194.8270      0.3414    330.10
[SPARC][INFO] 3820       -194.7912      0.2951    285.34
[SPARC][INFO] 3840       -194.8861      0.3796    367.11
[SPARC][INFO] 3860       -194.8291      0.3177    307.22
[SPARC][INFO] 3880       -194.8166      0.3032    293.16
[SPARC][INFO] 3900       -194.8725      0.3573    345.53
[SPARC][INFO] 3920       -194.7171      0.2066    199.78
[SPARC][INFO] 3940       -194.8267      0.3179    307.45
[SPARC][INFO] 3960       -194.8042      0.2955    285.77
[SPARC][INFO] 3980       -194.8258      0.3169    306.50
[SPARC][INFO] 4000       -194.8928      0.3871    374.33
[SPARC][INFO] 4020       -194.7634      0.2660    257.24
[SPARC][INFO] 4040       -194.8026      0.3088    298.64
[SPARC][INFO] 4060       -194.8001      0.3086    298.44
[SPARC][INFO] 4080       -194.8105      0.3230    312.39
[SPARC][INFO] 4100       -194.7774      0.2942    284.49
[SPARC][INFO] 4120       -194.7843      0.3059    295.81
[SPARC][INFO] 4140       -194.7772      0.3028    292.85
[SPARC][INFO] 4160       -194.7426      0.2741    265.05
[SPARC][INFO] 4180       -194.7925      0.3287    317.89
[SPARC][INFO] 4200       -194.7664      0.3013    291.35
[SPARC][INFO] 4220       -194.8345      0.3635    351.54
[SPARC][INFO] 4240       -194.8505      0.3751    362.71
[SPARC][INFO] 4260       -194.7500      0.2698    260.86
[SPARC][INFO] 4280       -194.7580      0.2668    257.97
[SPARC][INFO] 4300       -194.7839      0.2744    265.36
[SPARC][INFO] 4320       -194.8144      0.2863    276.87
[SPARC][INFO] 4340       -194.8576      0.3159    305.52
[SPARC][INFO] 4360       -194.7843      0.2301    222.51
[SPARC][INFO] 4380       -194.8181      0.2525    244.21
[SPARC][INFO] 4400       -194.8558      0.2837    274.35
[SPARC][INFO] 4420       -194.8101      0.2382    230.35
[SPARC][INFO] 4440       -194.8426      0.2751    266.06
[SPARC][INFO] 4460       -194.8596      0.3034    293.42
[SPARC][INFO] 4480       -194.8481      0.3175    307.01
[SPARC][INFO] 4500       -194.7851      0.2991    289.26
[SPARC][INFO] 4520       -194.7704      0.3365    325.44
[SPARC][INFO] 4540       -194.7415      0.3591    347.24
[SPARC][INFO] 4560       -194.8680      0.5287    511.25
[SPARC][INFO] 4580       -194.8239      0.5159    498.90
[SPARC][INFO] 4600       -194.6949      0.3972    384.09
[SPARC][INFO] 4620       -194.8028      0.4780    462.24
[SPARC][INFO] 4640       -194.7395      0.3612    349.32
[SPARC][INFO] 4660       -194.8125      0.3585    346.64
[SPARC][INFO] 4680       -194.8063      0.2796    270.38
[SPARC][INFO] 4700       -194.8634      0.2827    273.34
[SPARC][INFO] 4720       -194.8696      0.2628    254.18
[SPARC][INFO] 4740       -194.8475      0.2340    226.28
[SPARC][INFO] 4760       -194.8202      0.2100    203.04
[SPARC][INFO] 4780       -194.8018      0.1977    191.14
[SPARC][INFO] 4800       -194.8885      0.2952    285.46
[SPARC][INFO] 4820       -194.8192      0.2466    238.51
[SPARC][INFO] 4840       -194.7724      0.2282    220.64
[SPARC][INFO] 4860       -194.7644      0.2492    241.01
[SPARC][INFO] 4880       -194.7557      0.2681    259.25
[SPARC][INFO] 4900       -194.8294      0.3721    359.84
[SPARC][INFO] 4920       -194.7510      0.3210    310.42
[SPARC][INFO] 4940       -194.7768      0.3641    352.12
[SPARC][INFO] 4960       -194.8635      0.4614    446.18
[SPARC][INFO] 4980       -194.7391      0.3405    329.28
[SPARC][INFO] 5000       -194.7370      0.3288    318.01
[SPARC][INFO] 5020       -194.7728      0.3303    319.44
[SPARC][INFO] 5040       -194.8098      0.3003    290.40
[SPARC][INFO] 5060       -194.8815      0.2972    287.43
[SPARC][INFO] 5080       -194.8303      0.1875    181.36
[SPARC][INFO] 5100       -194.8443      0.1705    164.91
[SPARC][INFO] 5120       -194.8968      0.2075    200.69
[SPARC][INFO] 5140       -194.8973      0.2067    199.92
[SPARC][INFO] 5160       -194.8876      0.2086    201.72
[SPARC][INFO] 5180       -194.8600      0.2023    195.68
[SPARC][INFO] 5200       -194.8919      0.2632    254.52
[SPARC][INFO] 5220       -194.8215      0.2355    227.70
[SPARC][INFO] 5240       -194.7924      0.2506    242.33
[SPARC][INFO] 5260       -194.8015      0.2970    287.23
[SPARC][INFO] 5280       -194.8170      0.3381    326.97
[SPARC][INFO] 5300       -194.8654      0.4061    392.71
[SPARC][INFO] 5320       -194.7176      0.2777    268.58
[SPARC][INFO] 5340       -194.7685      0.3323    321.37
[SPARC][INFO] 5360       -194.8335      0.3917    378.80
[SPARC][INFO] 5380       -194.8001      0.3516    340.02
[SPARC][INFO] 5400       -194.7659      0.3073    297.19
[SPARC][INFO] 5420       -194.7726      0.2977    287.88
[SPARC][INFO] 5440       -194.7806      0.2829    273.62
[SPARC][INFO] 5460       -194.8078      0.2844    275.00
[SPARC][INFO] 5480       -194.7765      0.2222    214.88
[SPARC][INFO] 5500       -194.7980      0.2046    197.82
[SPARC][INFO] 5520       -194.9135      0.2703    261.37
[SPARC][INFO] 5540       -194.8552      0.1726    166.87
[SPARC][INFO] 5560       -194.8696      0.1616    156.26
[SPARC][INFO] 5580       -194.8825      0.1576    152.45
[SPARC][INFO] 5600       -194.8839      0.1533    148.23
[SPARC][INFO] 5620       -194.9184      0.1947    188.24
[SPARC][INFO] 5640       -194.8368      0.1372    132.64
[SPARC][INFO] 5660       -194.8518      0.1924    186.04
[SPARC][INFO] 5680       -194.8685      0.2685    259.60
[SPARC][INFO] 5700       -194.8181      0.2730    263.99
[SPARC][INFO] 5720       -194.8142      0.3030    293.05
[SPARC][INFO] 5740       -194.8294      0.3374    326.25
[SPARC][INFO] 5760       -194.8361      0.3580    346.17
[SPARC][INFO] 5780       -194.7864      0.3194    308.91
[SPARC][INFO] 5800       -194.7767      0.3194    308.84
[SPARC][INFO] 5820       -194.7989      0.3439    332.57
[SPARC][INFO] 5840       -194.8192      0.3619    349.97
[SPARC][INFO] 5860       -194.8270      0.3658    353.71
[SPARC][INFO] 5880       -194.7880      0.3178    307.33
[SPARC][INFO] 5900       -194.7957      0.3132    302.88
[SPARC][INFO] 5920       -194.8613      0.3583    346.46
[SPARC][INFO] 5940       -194.7686      0.2460    237.85
[SPARC][INFO] 5960       -194.8411      0.2969    287.11
[SPARC][INFO] 5980       -194.8244      0.2581    249.56
[SPARC][INFO] 6000       -194.7917      0.2060    199.23
[SPARC][INFO] 6020       -194.8849      0.2789    269.66
[SPARC][INFO] 6040       -194.7844      0.1673    161.76
[SPARC][INFO] 6060       -194.8817      0.2560    247.59
[SPARC][INFO] 6080       -194.8802      0.2543    245.93
[SPARC][INFO] 6100       -194.8200      0.2067    199.85
[SPARC][INFO] 6120       -194.8661      0.2806    271.30
[SPARC][INFO] 6140       -194.7815      0.2437    235.62
[SPARC][INFO] 6160       -194.8061      0.3298    318.97
[SPARC][INFO] 6180       -194.7353      0.3246    313.90
[SPARC][INFO] 6200       -194.7464      0.3838    371.12
[SPARC][INFO] 6220       -194.7214      0.3888    375.97
[SPARC][INFO] 6240       -194.7584      0.4288    414.62
[SPARC][INFO] 6260       -194.7967      0.4478    433.05
[SPARC][INFO] 6280       -194.7418      0.3598    347.90
[SPARC][INFO] 6300       -194.8352      0.4079    394.48
[SPARC][INFO] 6320       -194.8105      0.3387    327.54
[SPARC][INFO] 6340       -194.7989      0.2845    275.09
[SPARC][INFO] 6360       -194.8465      0.3008    290.87
[SPARC][INFO] 6380       -194.8032      0.2393    231.44
[SPARC][INFO] 6400       -194.8068      0.2330    225.37
[SPARC][INFO] 6420       -194.8592      0.2834    274.02
[SPARC][INFO] 6440       -194.8138      0.2419    233.97
[SPARC][INFO] 6460       -194.8666      0.3029    292.91
[SPARC][INFO] 6480       -194.8501      0.2970    287.26
[SPARC][INFO] 6500       -194.8189      0.2756    266.54
[SPARC][INFO] 6520       -194.8637      0.3332    322.24
[SPARC][INFO] 6540       -194.7941      0.2779    268.79
[SPARC][INFO] 6560       -194.8281      0.3240    313.29
[SPARC][INFO] 6580       -194.8026      0.3120    301.76
[SPARC][INFO] 6600       -194.7858      0.3066    296.47
[SPARC][INFO] 6620       -194.7962      0.3297    318.82
[SPARC][INFO] 6640       -194.7791      0.3239    313.23
[SPARC][INFO] 6660       -194.7588      0.3118    301.57
[SPARC][INFO] 6680       -194.7949      0.3514    339.84
[SPARC][INFO] 6700       -194.8103      0.3675    355.39
[SPARC][INFO] 6720       -194.7477      0.3007    290.77
[SPARC][INFO] 6740       -194.7932      0.3292    318.34
[SPARC][INFO] 6760       -194.7798      0.2899    280.37
[SPARC][INFO] 6780       -194.7730      0.2528    244.47
[SPARC][INFO] 6800       -194.7978      0.2468    238.69
[SPARC][INFO] 6820       -194.8413      0.2616    252.96
[SPARC][INFO] 6840       -194.8195      0.2193    212.09
[SPARC][INFO] 6860       -194.8486      0.2353    227.52
[SPARC][INFO] 6880       -194.8507      0.2322    224.53
[SPARC][INFO] 6900       -194.8115      0.1966    190.12
[SPARC][INFO] 6920       -194.8804      0.2781    268.89
[SPARC][INFO] 6940       -194.8124      0.2361    228.31
[SPARC][INFO] 6960       -194.8360      0.3001    290.25
[SPARC][INFO] 6980       -194.8295      0.3499    338.38
[SPARC][INFO] 7000       -194.7393      0.3188    308.33
[SPARC][INFO] 7020       -194.8361      0.4624    447.19
[SPARC][INFO] 7040       -194.7528      0.4106    397.03
[SPARC][INFO] 7060       -194.7903      0.4540    439.08
[SPARC][INFO] 7080       -194.8196      0.4678    452.38
[SPARC][INFO] 7100       -194.7853      0.4047    391.41
[SPARC][INFO] 7120       -194.7551      0.3370    325.89
[SPARC][INFO] 7140       -194.7987      0.3425    331.23
[SPARC][INFO] 7160       -194.8271      0.3337    322.70
[SPARC][INFO] 7180       -194.8186      0.3007    290.76
[SPARC][INFO] 7200       -194.8377      0.3064    296.28
[SPARC][INFO] 7220       -194.8273      0.2893    279.72
[SPARC][INFO] 7240       -194.8133      0.2759    266.84
[SPARC][INFO] 7260       -194.8213      0.2869    277.44
[SPARC][INFO] 7280       -194.7947      0.2642    255.48
[SPARC][INFO] 7300       -194.8075      0.2842    274.79
[SPARC][INFO] 7320       -194.8226      0.3086    298.42
[SPARC][INFO] 7340       -194.7347      0.2330    225.34
[SPARC][INFO] 7360       -194.7959      0.3059    295.78
[SPARC][INFO] 7380       -194.7924      0.3162    305.73
[SPARC][INFO] 7400       -194.7872      0.3244    313.70
[SPARC][INFO] 7420       -194.8368      0.3868    374.03
[SPARC][INFO] 7440       -194.7903      0.3574    345.64
[SPARC][INFO] 7460       -194.7834      0.3693    357.13
[SPARC][INFO] 7480       -194.7353      0.3407    329.44
[SPARC][INFO] 7500       -194.7606      0.3782    365.75
[SPARC][INFO] 7520       -194.6714      0.2906    280.99
[SPARC][INFO] 7540       -194.8024      0.4050    391.68
[SPARC][INFO] 7560       -194.7879      0.3629    350.90
[SPARC][INFO] 7580       -194.7614      0.2964    286.63
[SPARC][INFO] 7600       -194.8388      0.3270    316.23
[SPARC][INFO] 7620       -194.8081      0.2552    246.82
[SPARC][INFO] 7640       -194.8878      0.3010    291.05
[SPARC][INFO] 7660       -194.8444      0.2354    227.62
[SPARC][INFO] 7680       -194.8472      0.2239    216.55
[SPARC][INFO] 7700       -194.8699      0.2419    233.95
[SPARC][INFO] 7720       -194.8230      0.2015    194.88
[SPARC][INFO] 7740       -194.8273      0.2213    214.01
[SPARC][INFO] 7760       -194.8293      0.2511    242.87
[SPARC][INFO] 7780       -194.8650      0.3375    326.33
[SPARC][INFO] 7800       -194.8446      0.3882    375.37
[SPARC][INFO] 7820       -194.7858      0.4049    391.53
[SPARC][INFO] 7840       -194.7670      0.4337    419.42
[SPARC][INFO] 7860       -194.7601      0.4443    429.67
[SPARC][INFO] 7880       -194.7907      0.4651    449.80
[SPARC][INFO] 7900       -194.7657      0.4149    401.27
[SPARC][INFO] 7920       -194.7366      0.3539    342.27
[SPARC][INFO] 7940       -194.8266      0.4079    394.44
[SPARC][INFO] 7960       -194.7488      0.2977    287.87
[SPARC][INFO] 7980       -194.7753      0.2978    287.94
[SPARC][INFO] 8000       -194.8269      0.3242    313.54
[SPARC][INFO] 8020       -194.7811      0.2605    251.88
[SPARC][INFO] 8040       -194.8740      0.3405    329.32
[SPARC][INFO] 8060       -194.7841      0.2451    237.05
[SPARC][INFO] 8080       -194.7710      0.2293    221.72
[SPARC][INFO] 8100       -194.8200      0.2772    268.02
[SPARC][INFO] 8120       -194.7981      0.2606    252.05
[SPARC][INFO] 8140       -194.8011      0.2757    266.60
[SPARC][INFO] 8160       -194.7966      0.2919    282.24
[SPARC][INFO] 8180       -194.8096      0.3458    334.43
[SPARC][INFO] 8200       -194.7298      0.3448    333.42
[SPARC][INFO] 8220       -194.7260      0.4442    429.55
[SPARC][INFO] 8240       -194.6651      0.4671    451.72
[SPARC][INFO] 8260       -194.7510      0.5836    564.40
[SPARC][INFO] 8280       -194.7126      0.5283    510.86
[SPARC][INFO] 8300       -194.7519      0.4962    479.83
[SPARC][INFO] 8320       -194.7518      0.4070    393.58
[SPARC][INFO] 8340       -194.8162      0.3943    381.30
[SPARC][INFO] 8360       -194.7727      0.2991    289.23
[SPARC][INFO] 8380       -194.7830      0.2803    271.07
[SPARC][INFO] 8400       -194.8917      0.3665    354.47
[SPARC][INFO] 8420       -194.7755      0.2400    232.10
[SPARC][INFO] 8440       -194.8456      0.3032    293.23
[SPARC][INFO] 8460       -194.7990      0.2549    246.53
[SPARC][INFO] 8480       -194.7829      0.2417    233.73
[SPARC][INFO] 8500       -194.8904      0.3529    341.24
[SPARC][INFO] 8520       -194.8094      0.2826    273.31
[SPARC][INFO] 8540       -194.8545      0.3464    335.02
[SPARC][INFO] 8560       -194.8457      0.3626    350.64
[SPARC][INFO] 8580       -194.7468      0.3029    292.90
[SPARC][INFO] 8600       -194.7753      0.3800    367.43
[SPARC][INFO] 8620       -194.7293      0.3894    376.52
[SPARC][INFO] 8640       -194.7355      0.4491    434.32
[SPARC][INFO] 8660       -194.7828      0.5277    510.30
[SPARC][INFO] 8680       -194.7235      0.4780    462.29
[SPARC][INFO] 8700       -194.7440      0.4641    448.81
[SPARC][INFO] 8720       -194.7032      0.3431    331.83
[SPARC][INFO] 8740       -194.8976      0.4350    420.63
[SPARC][INFO] 8760       -194.8115      0.2733    264.33
[SPARC][INFO] 8780       -194.8295      0.2542    245.87
[SPARC][INFO] 8800       -194.8777      0.2839    274.58
[SPARC][INFO] 8820       -194.7522      0.1531    148.08
[SPARC][INFO] 8840       -194.8604      0.2627    254.01
[SPARC][INFO] 8860       -194.7741      0.1861    179.94
[SPARC][INFO] 8880       -194.8297      0.2546    246.23
[SPARC][INFO] 8900       -194.8973      0.3471    335.69
[SPARC][INFO] 8920       -194.7494      0.2335    225.82
[SPARC][INFO] 8940       -194.8289      0.3519    340.28
[SPARC][INFO] 8960       -194.7581      0.3239    313.20
[SPARC][INFO] 8980       -194.8042      0.4026    389.31
[SPARC][INFO] 9000       -194.7930      0.4210    407.16
[SPARC][INFO] 9020       -194.7790      0.4248    410.83
[SPARC][INFO] 9040       -194.7493      0.3990    385.90
[SPARC][INFO] 9060       -194.7103      0.3367    325.62
[SPARC][INFO] 9080       -194.7987      0.3655    353.41
[SPARC][INFO] 9100       -194.8082      0.2867    277.27
[SPARC][INFO] 9120       -194.8513      0.2471    238.92
[SPARC][INFO] 9140       -194.8861      0.2376    229.73
[SPARC][INFO] 9160       -194.8614      0.1941    187.69
[SPARC][INFO] 9180       -194.8651      0.1952    188.76
[SPARC][INFO] 9200       -194.8480      0.1860    179.87
[SPARC][INFO] 9220       -194.8471      0.1989    192.34
[SPARC][INFO] 9240       -194.9139      0.2896    280.09
[SPARC][INFO] 9260       -194.8203      0.2364    228.62
[SPARC][INFO] 9280       -194.8212      0.2797    270.45
[SPARC][INFO] 9300       -194.8074      0.3105    300.27
[SPARC][INFO] 9320       -194.7399      0.2776    268.42
[SPARC][INFO] 9340       -194.8525      0.4145    400.86
[SPARC][INFO] 9360       -194.7817      0.3627    350.77
[SPARC][INFO] 9380       -194.7696      0.3570    345.19
[SPARC][INFO] 9400       -194.7603      0.3446    333.23
[SPARC][INFO] 9420       -194.7609      0.3323    321.35
[SPARC][INFO] 9440       -194.7556      0.3082    298.01
[SPARC][INFO] 9460       -194.8166      0.3434    332.06
[SPARC][INFO] 9480       -194.8327      0.3316    320.68
[SPARC][INFO] 9500       -194.8099      0.2792    270.03
[SPARC][INFO] 9520       -194.8202      0.2574    248.95
[SPARC][INFO] 9540       -194.7669      0.1646    159.14
[SPARC][INFO] 9560       -194.8564      0.2048    198.00
[SPARC][INFO] 9580       -194.8906      0.1905    184.26
[SPARC][INFO] 9600       -194.8779      0.1436    138.88
[SPARC][INFO] 9620       -194.8929      0.1410    136.34
[SPARC][INFO] 9640       -194.8880      0.1301    125.84
[SPARC][INFO] 9660       -194.8958      0.1430    138.33
[SPARC][INFO] 9680       -194.9032      0.1662    160.68
[SPARC][INFO] 9700       -194.8990      0.1866    180.48
[SPARC][INFO] 9720       -194.8713      0.1882    182.00
[SPARC][INFO] 9740       -194.8498      0.1948    188.40
[SPARC][INFO] 9760       -194.8236      0.1907    184.40
[SPARC][INFO] 9780       -194.8352      0.2227    215.32
[SPARC][INFO] 9800       -194.8809      0.2922    282.53
[SPARC][INFO] 9820       -194.8309      0.2691    260.27
[SPARC][INFO] 9840       -194.8584      0.3314    320.44
[SPARC][INFO] 9860       -194.8199      0.3291    318.22
[SPARC][INFO] 9880       -194.7695      0.3142    303.88
[SPARC][INFO] 9900       -194.8562      0.4316    417.42
[SPARC][INFO] 9920       -194.8026      0.4019    388.64
[SPARC][INFO] 9940       -194.7502      0.3666    354.54
[SPARC][INFO] 9960       -194.7698      0.3856    372.89
[SPARC][INFO] 9980       -194.7187      0.3235    312.87
[SPARC][INFO] 10000      -194.7392      0.3156    305.19
[SPARC][INFO] 10020      -194.8143      0.3451    333.71
[SPARC][INFO] 10040      -194.8190      0.2942    284.53
[SPARC][INFO] 10060      -194.8730      0.2946    284.92
[SPARC][INFO] 10080      -194.8380      0.2191    211.91
[SPARC][INFO] 10100      -194.8205      0.1771    171.27
[SPARC][INFO] 10120      -194.8650      0.2072    200.34
[SPARC][INFO] 10140      -194.8548      0.1942    187.81
[SPARC][INFO] 10160      -194.8571      0.2038    197.09
[SPARC][INFO] 10180      -194.8462      0.2110    204.06
[SPARC][INFO] 10200      -194.8189      0.2104    203.42
[SPARC][INFO] 10220      -194.7924      0.2145    207.42
[SPARC][INFO] 10240      -194.8616      0.3089    298.76
[SPARC][INFO] 10260      -194.8190      0.2883    278.84
[SPARC][INFO] 10280      -194.8237      0.3082    298.06
[SPARC][INFO] 10300      -194.8438      0.3376    326.47
[SPARC][INFO] 10320      -194.7350      0.2376    229.80
[SPARC][INFO] 10340      -194.8423      0.3488    337.35
[SPARC][INFO] 10360      -194.8059      0.3209    310.32
[SPARC][INFO] 10380      -194.8244      0.3427    331.43
[SPARC][INFO] 10400      -194.8417      0.3640    351.98
[SPARC][INFO] 10420      -194.7961      0.3220    311.43
[SPARC][INFO] 10440      -194.7868      0.3136    303.27
[SPARC][INFO] 10460      -194.7945      0.3209    310.35
[SPARC][INFO] 10480      -194.8345      0.3520    340.39
[SPARC][INFO] 10500      -194.7869      0.2964    286.68
[SPARC][INFO] 10520      -194.8643      0.3608    348.86
[SPARC][INFO] 10540      -194.7937      0.2732    264.16
[SPARC][INFO] 10560      -194.7977      0.2569    248.44
[SPARC][INFO] 10580      -194.8648      0.2988    288.99
[SPARC][INFO] 10600      -194.8370      0.2518    243.47
[SPARC][INFO] 10620      -194.8785      0.2763    267.18
[SPARC][INFO] 10640      -194.8311      0.2177    210.50
[SPARC][INFO] 10660      -194.8126      0.1954    188.93
[SPARC][INFO] 10680      -194.8377      0.2241    216.76
[SPARC][INFO] 10700      -194.8120      0.2135    206.49
[SPARC][INFO] 10720      -194.8236      0.2533    244.97
[SPARC][INFO] 10740      -194.8502      0.3243    313.64
[SPARC][INFO] 10760      -194.7780      0.3165    306.07
[SPARC][INFO] 10780      -194.7602      0.3605    348.63
[SPARC][INFO] 10800      -194.7440      0.3887    375.93
[SPARC][INFO] 10820      -194.7727      0.4389    424.41
[SPARC][INFO] 10840      -194.7724      0.4426    427.99
[SPARC][INFO] 10860      -194.7707      0.4221    408.20
[SPARC][INFO] 10880      -194.7220      0.3370    325.86
[SPARC][INFO] 10900      -194.7062      0.2768    267.66
[SPARC][INFO] 10920      -194.8241      0.3481    336.63
[SPARC][INFO] 10940      -194.7465      0.2337    225.96
[SPARC][INFO] 10960      -194.8765      0.3339    322.87
[SPARC][INFO] 10980      -194.8637      0.3052    295.12
[SPARC][INFO] 11000      -194.8047      0.2429    234.87
[SPARC][INFO] 11020      -194.8798      0.3195    308.94
[SPARC][INFO] 11040      -194.7496      0.1956    189.18
[SPARC][INFO] 11060      -194.8565      0.3060    295.90
[SPARC][INFO] 11080      -194.8539      0.3137    303.33
[SPARC][INFO] 11100      -194.8115      0.2852    275.81
[SPARC][INFO] 11120      -194.8115      0.2996    289.77
[SPARC][INFO] 11140      -194.7629      0.2666    257.84
[SPARC][INFO] 11160      -194.8633      0.3793    366.80
[SPARC][INFO] 11180      -194.8121      0.3470    335.60
[SPARC][INFO] 11200      -194.8299      0.3821    369.48
[SPARC][INFO] 11220      -194.7893      0.3560    344.30
[SPARC][INFO] 11240      -194.7766      0.3588    347.01
[SPARC][INFO] 11260      -194.7903      0.3847    372.05
[SPARC][INFO] 11280      -194.6929      0.2963    286.51
[SPARC][INFO] 11300      -194.8297      0.4255    411.48
[SPARC][INFO] 11320      -194.8393      0.4157    402.03
[SPARC][INFO] 11340      -194.7577      0.3042    294.14
[SPARC][INFO] 11360      -194.8303      0.3362    325.17
[SPARC][INFO] 11380      -194.7569      0.2218    214.44
[SPARC][INFO] 11400      -194.8324      0.2596    251.02
[SPARC][INFO] 11420      -194.8945      0.2936    283.94
[SPARC][INFO] 11440      -194.8109      0.1937    187.34
[SPARC][INFO] 11460      -194.8794      0.2517    243.41
[SPARC][INFO] 11480      -194.8325      0.2054    198.64
[SPARC][INFO] 11500      -194.8344      0.2162    209.10
[SPARC][INFO] 11520      -194.8509      0.2547    246.30
[SPARC][INFO] 11540      -194.8241      0.2656    256.89
[SPARC][INFO] 11560      -194.8419      0.3396    328.43
[SPARC][INFO] 11580      -194.7443      0.3140    303.62
[SPARC][INFO] 11600      -194.7354      0.3668    354.74
[SPARC][INFO] 11620      -194.6408      0.3060    295.93
[SPARC][INFO] 11640      -194.8392      0.5048    488.14
[SPARC][INFO] 11660      -194.8035      0.4578    442.71
[SPARC][INFO] 11680      -194.7531      0.3831    370.51
[SPARC][INFO] 11700      -194.8395      0.4370    422.62
[SPARC][INFO] 11720      -194.7364      0.3013    291.39
[SPARC][INFO] 11740      -194.8155      0.3493    337.82
[SPARC][INFO] 11760      -194.7886      0.3008    290.91
[SPARC][INFO] 11780      -194.8099      0.3039    293.90
[SPARC][INFO] 11800      -194.8197      0.3004    290.47
[SPARC][INFO] 11820      -194.8019      0.2752    266.17
[SPARC][INFO] 11840      -194.7892      0.2599    251.36
[SPARC][INFO] 11860      -194.8000      0.2709    261.98
[SPARC][INFO] 11880      -194.8671      0.3359    324.87
[SPARC][INFO] 11900      -194.8622      0.3354    324.31
[SPARC][INFO] 11920      -194.8445      0.3292    318.34
[SPARC][INFO] 11940      -194.7960      0.2940    284.29
[SPARC][INFO] 11960      -194.7544      0.2713    262.40
[SPARC][INFO] 11980      -194.8019      0.3469    335.44
[SPARC][INFO] 12000      -194.7769      0.3832    370.60
[SPARC][INFO] 12020      -194.7482      0.4499    435.03
[SPARC][INFO] 12040      -194.8384      0.6290    608.23
[SPARC][INFO] 12060      -194.6300      0.4813    465.41
[SPARC][INFO] 12080      -194.7580      0.6021    582.25
[SPARC][INFO] 12100      -194.7209      0.5009    484.38
[SPARC][INFO] 12120      -194.7424      0.4212    407.36
[SPARC][INFO] 12140      -194.8420      0.4281    414.00
[SPARC][INFO] 12160      -194.7957      0.3221    311.53
[SPARC][INFO] 12180      -194.8398      0.3305    319.56
[SPARC][INFO] 12200      -194.7483      0.2196    212.34
[SPARC][INFO] 12220      -194.8174      0.2738    264.76
[SPARC][INFO] 12240      -194.8173      0.2640    255.30
[SPARC][INFO] 12260      -194.8636      0.3062    296.09
[SPARC][INFO] 12280      -194.8795      0.3241    313.39
[SPARC][INFO] 12300      -194.7525      0.2082    201.30
[SPARC][INFO] 12320      -194.8269      0.2970    287.19
[SPARC][INFO] 12340      -194.7786      0.2711    262.16
[SPARC][INFO] 12360      -194.7997      0.3205    309.97
[SPARC][INFO] 12380      -194.8432      0.4026    389.32
[SPARC][INFO] 12400      -194.7541      0.3671    354.99
[SPARC][INFO] 12420      -194.7501      0.4195    405.63
[SPARC][INFO] 12440      -194.6876      0.4069    393.48
[SPARC][INFO] 12460      -194.6574      0.4021    388.85
[SPARC][INFO] 12480      -194.7367      0.4739    458.25
[SPARC][INFO] 12500      -194.7860      0.4682    452.81
[SPARC][INFO] 12520      -194.7761      0.3732    360.95
[SPARC][INFO] 12540      -194.7939      0.2941    284.38
[SPARC][INFO] 12560      -194.8006      0.2383    230.40
[SPARC][INFO] 12580      -194.8482      0.2532    244.87
[SPARC][INFO] 12600      -194.8477      0.2367    228.86
[SPARC][INFO] 12620      -194.8927      0.2786    269.37
[SPARC][INFO] 12640      -194.8415      0.2348    227.06
[SPARC][INFO] 12660      -194.8150      0.2233    215.97
[SPARC][INFO] 12680      -194.8055      0.2368    229.03
[SPARC][INFO] 12700      -194.7624      0.2221    214.81
[SPARC][INFO] 12720      -194.8698      0.3630    351.02
[SPARC][INFO] 12740      -194.8076      0.3449    333.50
[SPARC][INFO] 12760      -194.7973      0.3732    360.89
[SPARC][INFO] 12780      -194.8011      0.4127    399.10
[SPARC][INFO] 12800      -194.7492      0.3804    367.85
[SPARC][INFO] 12820      -194.7910      0.4254    411.40
[SPARC][INFO] 12840      -194.8454      0.4660    450.61
[SPARC][INFO] 12860      -194.7574      0.3462    334.74
[SPARC][INFO] 12880      -194.7855      0.3192    308.73
[SPARC][INFO] 12900      -194.7979      0.2489    240.72
[SPARC][INFO] 12920      -194.7942      0.1712    165.55
[SPARC][INFO] 12940      -194.8895      0.2213    214.04
[SPARC][INFO] 12960      -194.8726      0.1884    182.15
[SPARC][INFO] 12980      -194.9033      0.2180    210.79
[SPARC][INFO] 13000      -194.8675      0.1931    186.73
[SPARC][INFO] 13020      -194.8222      0.1668    161.34
[SPARC][INFO] 13040      -194.8605      0.2293    221.73
[SPARC][INFO] 13060      -194.8328      0.2340    226.29
[SPARC][INFO] 13080      -194.8410      0.2823    273.04
[SPARC][INFO] 13100      -194.7510      0.2333    225.58
[SPARC][INFO] 13120      -194.7742      0.2926    282.96
[SPARC][INFO] 13140      -194.7555      0.3031    293.13
[SPARC][INFO] 13160      -194.7459      0.3139    303.59
[SPARC][INFO] 13180      -194.8516      0.4302    416.07
[SPARC][INFO] 13200      -194.7661      0.3482    336.71
[SPARC][INFO] 13220      -194.8269      0.4018    388.58
[SPARC][INFO] 13240      -194.7649      0.3259    315.13
[SPARC][INFO] 13260      -194.7416      0.2834    274.04
[SPARC][INFO] 13280      -194.8599      0.3664    354.28
[SPARC][INFO] 13300      -194.8091      0.2761    267.01
[SPARC][INFO] 13320      -194.8719      0.2898    280.25
[SPARC][INFO] 13340      -194.8727      0.2397    231.80
[SPARC][INFO] 13360      -194.8209      0.1459    141.09
[SPARC][INFO] 13380      -194.9071      0.2003    193.73
[SPARC][INFO] 13400      -194.9003      0.1788    172.94
[SPARC][INFO] 13420      -194.8853      0.1638    158.38
[SPARC][INFO] 13440      -194.8988      0.1867    180.53
[SPARC][INFO] 13460      -194.8528      0.1600    154.71
[SPARC][INFO] 13480      -194.8737      0.2067    199.86
[SPARC][INFO] 13500      -194.8492      0.2111    204.18
[SPARC][INFO] 13520      -194.8747      0.2585    249.96
[SPARC][INFO] 13540      -194.8685      0.2703    261.41
[SPARC][INFO] 13560      -194.8009      0.2245    217.07
[SPARC][INFO] 13580      -194.8076      0.2547    246.35
[SPARC][INFO] 13600      -194.7472      0.2170    209.85
[SPARC][INFO] 13620      -194.8577      0.3508    339.20
[SPARC][INFO] 13640      -194.7919      0.3127    302.42
[SPARC][INFO] 13660      -194.7761      0.3281    317.25
[SPARC][INFO] 13680      -194.7799      0.3609    348.98
[SPARC][INFO] 13700      -194.6727      0.2709    262.00
[SPARC][INFO] 13720      -194.8659      0.4703    454.83
[SPARC][INFO] 13740      -194.7522      0.3574    345.61
[SPARC][INFO] 13760      -194.8075      0.3972    384.06
[SPARC][INFO] 13780      -194.8023      0.3596    347.78
[SPARC][INFO] 13800      -194.7505      0.2625    253.88
[SPARC][INFO] 13820      -194.8275      0.2846    275.20
[SPARC][INFO] 13840      -194.8000      0.2062    199.40
[SPARC][INFO] 13860      -194.8850      0.2489    240.71
[SPARC][INFO] 13880      -194.9015      0.2426    234.64
[SPARC][INFO] 13900      -194.8766      0.2109    203.97
[SPARC][INFO] 13920      -194.8642      0.2016    194.99
[SPARC][INFO] 13940      -194.8484      0.1963    189.83
[SPARC][INFO] 13960      -194.9016      0.2684    259.52
[SPARC][INFO] 13980      -194.8609      0.2608    252.21
[SPARC][INFO] 14000      -194.8138      0.2559    247.48
[SPARC][INFO] 14020      -194.8135      0.2943    284.56
[SPARC][INFO] 14040      -194.7329      0.2416    233.61
[SPARC][INFO] 14060      -194.8462      0.3675    355.43
[SPARC][INFO] 14080      -194.8203      0.3490    337.54
[SPARC][INFO] 14100      -194.7886      0.3202    309.63
[SPARC][INFO] 14120      -194.9114      0.4392    424.70
[SPARC][INFO] 14140      -194.7408      0.2702    261.30
[SPARC][INFO] 14160      -194.8074      0.3334    322.43
[SPARC][INFO] 14180      -194.7680      0.2843    274.88
[SPARC][INFO] 14200      -194.7934      0.2962    286.46
[SPARC][INFO] 14220      -194.8917      0.3818    369.20
[SPARC][INFO] 14240      -194.7347      0.2177    210.51
[SPARC][INFO] 14260      -194.8033      0.2735    264.44
[SPARC][INFO] 14280      -194.7886      0.2422    234.17
[SPARC][INFO] 14300      -194.8533      0.2897    280.19
[SPARC][INFO] 14320      -194.8549      0.2787    269.51
[SPARC][INFO] 14340      -194.8254      0.2384    230.53
[SPARC][INFO] 14360      -194.8621      0.2673    258.46
[SPARC][INFO] 14380      -194.7980      0.2027    196.00
[SPARC][INFO] 14400      -194.8479      0.2596    251.05
[SPARC][INFO] 14420      -194.8021      0.2308    223.22
[SPARC][INFO] 14440      -194.8380      0.2935    283.82
[SPARC][INFO] 14460      -194.8851      0.3846    371.94
[SPARC][INFO] 14480      -194.7204      0.2772    268.04
[SPARC][INFO] 14500      -194.7419      0.3520    340.43
[SPARC][INFO] 14520      -194.7584      0.4079    394.44
[SPARC][INFO] 14540      -194.7580      0.4253    411.28
[SPARC][INFO] 14560      -194.8391      0.5091    492.29
[SPARC][INFO] 14580      -194.7511      0.4018    388.59
[SPARC][INFO] 14600      -194.7388      0.3476    336.14
[SPARC][INFO] 14620      -194.8317      0.3763    363.94
[SPARC][INFO] 14640      -194.7731      0.2551    246.69
[SPARC][INFO] 14660      -194.8436      0.2768    267.68
[SPARC][INFO] 14680      -194.8540      0.2514    243.12
[SPARC][INFO] 14700      -194.8680      0.2497    241.43
[SPARC][INFO] 14720      -194.8478      0.2288    221.25
[SPARC][INFO] 14740      -194.7786      0.1672    161.69
[SPARC][INFO] 14760      -194.8342      0.2318    224.13
[SPARC][INFO] 14780      -194.8582      0.2668    258.04
[SPARC][INFO] 14800      -194.8843      0.3106    300.40
[SPARC][INFO] 14820      -194.8044      0.2572    248.68
[SPARC][INFO] 14840      -194.7779      0.2545    246.15
[SPARC][INFO] 14860      -194.8075      0.3075    297.37
[SPARC][INFO] 14880      -194.7950      0.3185    308.02
[SPARC][INFO] 14900      -194.8023      0.3485    336.98
[SPARC][INFO] 14920      -194.7616      0.3293    318.41
[SPARC][INFO] 14940      -194.7456      0.3250    314.30
[SPARC][INFO] 14960      -194.7571      0.3427    331.43
[SPARC][INFO] 14980      -194.7290      0.3130    302.66
[SPARC][INFO] 15000      -194.7493      0.3174    306.96
[SPARC][INFO] 15020      -194.8958      0.4205    406.63
[SPARC][INFO] 15040      -194.8071      0.2726    263.64
[SPARC][INFO] 15060      -194.8741      0.2779    268.75
[SPARC][INFO] 15080      -194.8342      0.1917    185.39
[SPARC][INFO] 15100      -194.8103      0.1408    136.16
[SPARC][INFO] 15120      -194.9263      0.2408    232.84
[SPARC][INFO] 15140      -194.8442      0.1602    154.95
[SPARC][INFO] 15160      -194.8618      0.1898    183.53
[SPARC][INFO] 15180      -194.8367      0.1882    181.95
[SPARC][INFO] 15200      -194.8171      0.2008    194.15
[SPARC][INFO] 15220      -194.8716      0.3007    290.79
[SPARC][INFO] 15240      -194.8027      0.2792    270.03
[SPARC][INFO] 15260      -194.8692      0.3816    369.06
[SPARC][INFO] 15280      -194.8142      0.3519    340.29
[SPARC][INFO] 15300      -194.7665      0.3242    313.50
[SPARC][INFO] 15320      -194.7549      0.3223    311.70
[SPARC][INFO] 15340      -194.7371      0.3016    291.62
[SPARC][INFO] 15360      -194.8754      0.4266    412.56
[SPARC][INFO] 15380      -194.8105      0.3517    340.08
[SPARC][INFO] 15400      -194.8041      0.3348    323.74
[SPARC][INFO] 15420      -194.8103      0.3234    312.78
[SPARC][INFO] 15440      -194.7560      0.2473    239.17
[SPARC][INFO] 15460      -194.8996      0.3633    351.31
[SPARC][INFO] 15480      -194.8363      0.2756    266.53
[SPARC][INFO] 15500      -194.8255      0.2352    227.43
[SPARC][INFO] 15520      -194.9090      0.2806    271.38
[SPARC][INFO] 15540      -194.8194      0.1564    151.22
[SPARC][INFO] 15560      -194.8849      0.1919    185.61
[SPARC][INFO] 15580      -194.8737      0.1573    152.13
[SPARC][INFO] 15600      -194.8896      0.1593    154.02
[SPARC][INFO] 15620      -194.9419      0.2095    202.60
[SPARC][INFO] 15640      -194.8293      0.1126    108.87
[SPARC][INFO] 15660      -194.8611      0.1733    167.60
[SPARC][INFO] 15680      -194.8531      0.2176    210.40
[SPARC][INFO] 15700      -194.8409      0.2673    258.47
[SPARC][INFO] 15720      -194.8411      0.3188    308.31
[SPARC][INFO] 15740      -194.7470      0.2596    251.07
[SPARC][INFO] 15760      -194.8247      0.3563    344.52
[SPARC][INFO] 15780      -194.7538      0.3003    290.43
[SPARC][INFO] 15800      -194.8270      0.3823    369.68
[SPARC][INFO] 15820      -194.7664      0.3268    316.00
[SPARC][INFO] 15840      -194.7967      0.3522    340.64
[SPARC][INFO] 15860      -194.8385      0.3845    371.84
[SPARC][INFO] 15880      -194.7130      0.2497    241.45
[SPARC][INFO] 15900      -194.7843      0.3012    291.30
[SPARC][INFO] 15920      -194.7834      0.2741    265.04
[SPARC][INFO] 15940      -194.8719      0.3307    319.75
[SPARC][INFO] 15960      -194.8930      0.3260    315.29
[SPARC][INFO] 15980      -194.8053      0.2150    207.89
[SPARC][INFO] 16000      -194.8361      0.2223    214.99
[SPARC][INFO] 16020      -194.8763      0.2433    235.30
[SPARC][INFO] 16040      -194.8363      0.1913    185.04
[SPARC][INFO] 16060      -194.8600      0.2105    203.52
[SPARC][INFO] 16080      -194.8628      0.2166    209.48
[SPARC][INFO] 16100      -194.8395      0.2102    203.25
[SPARC][INFO] 16120      -194.8471      0.2597    251.17
[SPARC][INFO] 16140      -194.7869      0.2634    254.76
[SPARC][INFO] 16160      -194.8234      0.3654    353.39
[SPARC][INFO] 16180      -194.8556      0.4561    441.04
[SPARC][INFO] 16200      -194.8172      0.4539    438.98
[SPARC][INFO] 16220      -194.6810      0.3379    326.78
[SPARC][INFO] 16240      -194.7343      0.3834    370.79
[SPARC][INFO] 16260      -194.7603      0.3841    371.46
[SPARC][INFO] 16280      -194.7526      0.3402    329.01
[SPARC][INFO] 16300      -194.8145      0.3592    347.33
[SPARC][INFO] 16320      -194.7683      0.2708    261.84
[SPARC][INFO] 16340      -194.8530      0.3166    306.21
[SPARC][INFO] 16360      -194.8231      0.2593    250.76
[SPARC][INFO] 16380      -194.8005      0.2206    213.28
[SPARC][INFO] 16400      -194.8398      0.2487    240.53
[SPARC][INFO] 16420      -194.8645      0.2691    260.19
[SPARC][INFO] 16440      -194.8324      0.2425    234.52
[SPARC][INFO] 16460      -194.7680      0.1948    188.42
[SPARC][INFO] 16480      -194.7808      0.2296    222.03
[SPARC][INFO] 16500      -194.7917      0.2707    261.73
[SPARC][INFO] 16520      -194.8576      0.3923    379.34
[SPARC][INFO] 16540      -194.7413      0.3801    367.53
[SPARC][INFO] 16560      -194.7046      0.4952    478.86
[SPARC][INFO] 16580      -194.7472      0.6490    627.60
[SPARC][INFO] 16600      -194.6419      0.5564    538.08
[SPARC][INFO] 16620      -194.6735      0.5374    519.74
[SPARC][INFO] 16640      -194.6855      0.4752    459.53
[SPARC][INFO] 16660      -194.7991      0.4997    483.24
[SPARC][INFO] 16680      -194.7789      0.4082    394.76
[SPARC][INFO] 16700      -194.8184      0.3884    375.56
[SPARC][INFO] 16720      -194.7167      0.2410    233.07
[SPARC][INFO] 16740      -194.7883      0.2720    263.03
[SPARC][INFO] 16760      -194.8872      0.3348    323.78
[SPARC][INFO] 16780      -194.8207      0.2492    241.03
[SPARC][INFO] 16800      -194.8526      0.2697    260.81
[SPARC][INFO] 16820      -194.8317      0.2424    234.38
[SPARC][INFO] 16840      -194.8199      0.2292    221.67
[SPARC][INFO] 16860      -194.8817      0.2978    288.01
[SPARC][INFO] 16880      -194.8255      0.2603    251.74
[SPARC][INFO] 16900      -194.8512      0.3142    303.86
[SPARC][INFO] 16920      -194.8717      0.3756    363.19
[SPARC][INFO] 16940      -194.7220      0.2865    277.03
[SPARC][INFO] 16960      -194.7474      0.3738    361.51
[SPARC][INFO] 16980      -194.6825      0.3584    346.63
[SPARC][INFO] 17000      -194.7979      0.4954    479.06
[SPARC][INFO] 17020      -194.7796      0.4763    460.61
[SPARC][INFO] 17040      -194.7978      0.4702    454.66
[SPARC][INFO] 17060      -194.8036      0.4206    406.78
[SPARC][INFO] 17080      -194.7200      0.2665    257.73
[SPARC][INFO] 17100      -194.9129      0.3787    366.19
[SPARC][INFO] 17120      -194.7961      0.2111    204.12
[SPARC][INFO] 17140      -194.8621      0.2531    244.72
[SPARC][INFO] 17160      -194.8485      0.2321    224.41
[SPARC][INFO] 17180      -194.7844      0.1720    166.34
[SPARC][INFO] 17200      -194.8738      0.2715    262.59
[SPARC][INFO] 17220      -194.7490      0.1637    158.26
[SPARC][INFO] 17240      -194.8617      0.2930    283.33
[SPARC][INFO] 17260      -194.9033      0.3603    348.41
[SPARC][INFO] 17280      -194.7819      0.2752    266.17
[SPARC][INFO] 17300      -194.8168      0.3487    337.20
[SPARC][INFO] 17320      -194.7442      0.3093    299.14
[SPARC][INFO] 17340      -194.8003      0.3895    376.64
[SPARC][INFO] 17360      -194.8061      0.4188    404.99
[SPARC][INFO] 17380      -194.7383      0.3625    350.59
[SPARC][INFO] 17400      -194.7499      0.3704    358.22
[SPARC][INFO] 17420      -194.7417      0.3380    326.84
[SPARC][INFO] 17440      -194.8565      0.4073    393.86
[SPARC][INFO] 17460      -194.7871      0.2752    266.11
[SPARC][INFO] 17480      -194.8454      0.2642    255.54
[SPARC][INFO] 17500      -194.9380      0.3049    294.86
[SPARC][INFO] 17520      -194.8278      0.1681    162.55
[SPARC][INFO] 17540      -194.8841      0.2154    208.30
[SPARC][INFO] 17560      -194.8294      0.1620    156.69
[SPARC][INFO] 17580      -194.8511      0.1896    183.38
[SPARC][INFO] 17600      -194.9445      0.3000    290.14
[SPARC][INFO] 17620      -194.7737      0.1590    153.73
[SPARC][INFO] 17640      -194.8471      0.2598    251.22
[SPARC][INFO] 17660      -194.8265      0.2695    260.61
[SPARC][INFO] 17680      -194.8005      0.2689    260.06
[SPARC][INFO] 17700      -194.8708      0.3626    350.61
[SPARC][INFO] 17720      -194.7582      0.2712    262.31
[SPARC][INFO] 17740      -194.8352      0.3590    347.15
[SPARC][INFO] 17760      -194.7987      0.3336    322.61
[SPARC][INFO] 17780      -194.7344      0.2774    268.22
[SPARC][INFO] 17800      -194.7706      0.3137    303.40
[SPARC][INFO] 17820      -194.8249      0.3612    349.30
[SPARC][INFO] 17840      -194.8272      0.3573    345.49
[SPARC][INFO] 17860      -194.7784      0.3019    291.92
[SPARC][INFO] 17880      -194.7388      0.2511    242.83
[SPARC][INFO] 17900      -194.7642      0.2528    244.44
[SPARC][INFO] 17920      -194.8152      0.2681    259.27
[SPARC][INFO] 17940      -194.8547      0.2633    254.66
[SPARC][INFO] 17960      -194.8352      0.1962    189.69
[SPARC][INFO] 17980      -194.8518      0.1764    170.55
[SPARC][INFO] 18000      -194.9034      0.2020    195.35
[SPARC][INFO] 18020      -194.8403      0.1294    125.16
[SPARC][INFO] 18040      -194.8898      0.1797    173.80
[SPARC][INFO] 18060      -194.8889      0.1908    184.52
[SPARC][INFO] 18080      -194.8499      0.1771    171.28
[SPARC][INFO] 18100      -194.8714      0.2439    235.89
[SPARC][INFO] 18120      -194.7435      0.1698    164.25
[SPARC][INFO] 18140      -194.8332      0.3010    291.12
[SPARC][INFO] 18160      -194.8723      0.3710    358.74
[SPARC][INFO] 18180      -194.7829      0.3021    292.14
[SPARC][INFO] 18200      -194.8434      0.3784    365.91
[SPARC][INFO] 18220      -194.7873      0.3298    318.92
[SPARC][INFO] 18240      -194.7947      0.3404    329.20
[SPARC][INFO] 18260      -194.8398      0.3836    370.94
[SPARC][INFO] 18280      -194.7664      0.3060    295.89
[SPARC][INFO] 18300      -194.8056      0.3357    324.66
[SPARC][INFO] 18320      -194.8358      0.3488    337.32
[SPARC][INFO] 18340      -194.7584      0.2560    247.60
[SPARC][INFO] 18360      -194.8084      0.2848    275.45
[SPARC][INFO] 18380      -194.8192      0.2691    260.22
[SPARC][INFO] 18400      -194.8830      0.3003    290.44
[SPARC][INFO] 18420      -194.8684      0.2556    247.14
[SPARC][INFO] 18440      -194.8405      0.2058    199.02
[SPARC][INFO] 18460      -194.8537      0.1983    191.81
[SPARC][INFO] 18480      -194.8431      0.1729    167.19
[SPARC][INFO] 18500      -194.8800      0.2041    197.39
[SPARC][INFO] 18520      -194.8107      0.1410    136.40
[SPARC][INFO] 18540      -194.8661      0.2152    208.14
[SPARC][INFO] 18560      -194.8463      0.2389    230.98
[SPARC][INFO] 18580      -194.7463      0.2007    194.07
[SPARC][INFO] 18600      -194.8684      0.3898    376.97
[SPARC][INFO] 18620      -194.7600      0.3360    324.92
[SPARC][INFO] 18640      -194.8380      0.4429    428.27
[SPARC][INFO] 18660      -194.8036      0.4208    406.90
[SPARC][INFO] 18680      -194.7056      0.3247    313.97
[SPARC][INFO] 18700      -194.7872      0.3916    378.66
[SPARC][INFO] 18720      -194.7350      0.3148    304.42
[SPARC][INFO] 18740      -194.8060      0.3496    338.04
[SPARC][INFO] 18760      -194.8160      0.3242    313.47
[SPARC][INFO] 18780      -194.8297      0.3017    291.72
[SPARC][INFO] 18800      -194.8447      0.2853    275.90
[SPARC][INFO] 18820      -194.8435      0.2590    250.49
[SPARC][INFO] 18840      -194.8525      0.2485    240.29
[SPARC][INFO] 18860      -194.8516      0.2358    228.05
[SPARC][INFO] 18880      -194.8792      0.2549    246.53
[SPARC][INFO] 18900      -194.8561      0.2324    224.77
[SPARC][INFO] 18920      -194.8163      0.2085    201.61
[SPARC][INFO] 18940      -194.8631      0.2927    283.06
[SPARC][INFO] 18960      -194.7958      0.2931    283.41
[SPARC][INFO] 18980      -194.7816      0.3571    345.33
[SPARC][INFO] 19000      -194.8362      0.4763    460.62
[SPARC][INFO] 19020      -194.6924      0.3777    365.30
[SPARC][INFO] 19040      -194.8121      0.5094    492.58
[SPARC][INFO] 19060      -194.6932      0.3789    366.40
[SPARC][INFO] 19080      -194.7181      0.3679    355.76
[SPARC][INFO] 19100      -194.8100      0.4034    390.13
[SPARC][INFO] 19120      -194.7960      0.3319    320.98
[SPARC][INFO] 19140      -194.8345      0.3189    308.36
[SPARC][INFO] 19160      -194.8071      0.2568    248.32
[SPARC][INFO] 19180      -194.8242      0.2510    242.75
[SPARC][INFO] 19200      -194.7872      0.2008    194.22
[SPARC][INFO] 19220      -194.8532      0.2611    252.53
[SPARC][INFO] 19240      -194.8145      0.2254    217.97
[SPARC][INFO] 19260      -194.8076      0.2281    220.54
[SPARC][INFO] 19280      -194.8517      0.2895    279.95
[SPARC][INFO] 19300      -194.7606      0.2250    217.61
[SPARC][INFO] 19320      -194.8266      0.3232    312.57
[SPARC][INFO] 19340      -194.8118      0.3531    341.49
[SPARC][INFO] 19360      -194.7733      0.3712    358.95
[SPARC][INFO] 19380      -194.7993      0.4676    452.20
[SPARC][INFO] 19400      -194.6953      0.4483    433.48
[SPARC][INFO] 19420      -194.6305      0.4650    449.67
[SPARC][INFO] 19440      -194.6889      0.5910    571.53
[SPARC][INFO] 19460      -194.6618      0.5848    565.56
[SPARC][INFO] 19480      -194.7501      0.6077    587.68
[SPARC][INFO] 19500      -194.7664      0.4666    451.27
[SPARC][INFO] 19520      -194.8346      0.4043    390.93
[SPARC][INFO] 19540      -194.8320      0.3293    318.49
[SPARC][INFO] 19560      -194.8295      0.2860    276.57
[SPARC][INFO] 19580      -194.8625      0.2916    282.01
[SPARC][INFO] 19600      -194.8212      0.2333    225.61
[SPARC][INFO] 19620      -194.8842      0.2882    278.65
[SPARC][INFO] 19640      -194.8122      0.2170    209.82
[SPARC][INFO] 19660      -194.8049      0.2168    209.67
[SPARC][INFO] 19680      -194.8520      0.2787    269.51
[SPARC][INFO] 19700      -194.7878      0.2392    231.33
[SPARC][INFO] 19720      -194.8519      0.3348    323.79
[SPARC][INFO] 19740      -194.8255      0.3509    339.29
[SPARC][INFO] 19760      -194.7587      0.3258    315.06
[SPARC][INFO] 19780      -194.7865      0.3959    382.86
[SPARC][INFO] 19800      -194.7229      0.3635    351.52
[SPARC][INFO] 19820      -194.6705      0.3227    312.11
[SPARC][INFO] 19840      -194.8060      0.4516    436.70
[SPARC][INFO] 19860      -194.7458      0.3677    355.55
[SPARC][INFO] 19880      -194.7562      0.3327    321.71
[SPARC][INFO] 19900      -194.7658      0.2773    268.12
[SPARC][INFO] 19920      -194.8273      0.2716    262.67
[SPARC][INFO] 19940      -194.8649      0.2574    248.88
[SPARC][INFO] 19960      -194.8248      0.1901    183.84
[SPARC][INFO] 19980      -194.8818      0.2325    224.86
[SPARC][INFO] 20000      -194.8423      0.1938    187.38
[SPARC][INFO] 20020      -194.8581      0.2198    212.58
[SPARC][INFO] 20040      -194.8088      0.1866    180.44
[SPARC][INFO] 20060      -194.8244      0.2180    210.81
[SPARC][INFO] 20080      -194.9083      0.3228    312.20
[SPARC][INFO] 20100      -194.7987      0.2408    232.87
[SPARC][INFO] 20120      -194.8399      0.3089    298.74
[SPARC][INFO] 20140      -194.8082      0.3004    290.51
[SPARC][INFO] 20160      -194.7980      0.3112    300.95
[SPARC][INFO] 20180      -194.8718      0.4045    391.13
[SPARC][INFO] 20200      -194.7391      0.2877    278.26
[SPARC][INFO] 20220      -194.8227      0.3757    363.36
[SPARC][INFO] 20240      -194.8715      0.4233    409.31
[SPARC][INFO] 20260      -194.7488      0.3024    292.40
[SPARC][INFO] 20280      -194.8300      0.3760    363.56
[SPARC][INFO] 20300      -194.7874      0.3151    304.74
[SPARC][INFO] 20320      -194.8411      0.3416    330.36
[SPARC][INFO] 20340      -194.8664      0.3268    316.04
[SPARC][INFO] 20360      -194.7691      0.1747    168.96
[SPARC][INFO] 20380      -194.8755      0.2193    212.11
[SPARC][INFO] 20400      -194.8780      0.1808    174.84
[SPARC][INFO] 20420      -194.8837      0.1689    163.30
[SPARC][INFO] 20440      -194.8744      0.1553    150.21
[SPARC][INFO] 20460      -194.8792      0.1649    159.46
[SPARC][INFO] 20480      -194.9124      0.2143    207.25
[SPARC][INFO] 20500      -194.8199      0.1530    147.96
[SPARC][INFO] 20520      -194.8646      0.2338    226.14
[SPARC][INFO] 20540      -194.8228      0.2324    224.74
[SPARC][INFO] 20560      -194.8142      0.2584    249.84
[SPARC][INFO] 20580      -194.8027      0.2787    269.50
[SPARC][INFO] 20600      -194.6985      0.1973    190.79
[SPARC][INFO] 20620      -194.8725      0.3840    371.33
[SPARC][INFO] 20640      -194.7981      0.3253    314.56
[SPARC][INFO] 20660      -194.8083      0.3475    336.04
[SPARC][INFO] 20680      -194.8424      0.3909    378.06
[SPARC][INFO] 20700      -194.7636      0.3141    303.79
[SPARC][INFO] 20720      -194.8492      0.3967    383.62
[SPARC][INFO] 20740      -194.7798      0.3234    312.78
[SPARC][INFO] 20760      -194.7573      0.2865    277.07
[SPARC][INFO] 20780      -194.8440      0.3492    337.72
[SPARC][INFO] 20800      -194.8249      0.2983    288.45
[SPARC][INFO] 20820      -194.8271      0.2631    254.39
[SPARC][INFO] 20840      -194.8496      0.2442    236.20
[SPARC][INFO] 20860      -194.8778      0.2353    227.52
[SPARC][INFO] 20880      -194.9002      0.2324    224.71
[SPARC][INFO] 20900      -194.8773      0.1955    189.03
[SPARC][INFO] 20920      -194.8886      0.2027    196.01
[SPARC][INFO] 20940      -194.8533      0.1748    169.07
[SPARC][INFO] 20960      -194.8425      0.1848    178.71
[SPARC][INFO] 20980      -194.8347      0.2196    212.34
[SPARC][INFO] 21000      -194.7944      0.2433    235.28
[SPARC][INFO] 21020      -194.8449      0.3611    349.19
[SPARC][INFO] 21040      -194.7322      0.3003    290.37
[SPARC][INFO] 21060      -194.7770      0.3688    356.64
[SPARC][INFO] 21080      -194.7696      0.3679    355.77
[SPARC][INFO] 21100      -194.7539      0.3486    337.14
[SPARC][INFO] 21120      -194.8204      0.4007    387.45
[SPARC][INFO] 21140      -194.7454      0.3055    295.46
[SPARC][INFO] 21160      -194.7743      0.3106    300.36
[SPARC][INFO] 21180      -194.7814      0.2886    279.05
[SPARC][INFO] 21200      -194.7780      0.2567    248.21
[SPARC][INFO] 21220      -194.7919      0.2427    234.75
[SPARC][INFO] 21240      -194.8535      0.2774    268.27
[SPARC][INFO] 21260      -194.8455      0.2514    243.15
[SPARC][INFO] 21280      -194.8340      0.2265    219.00
[SPARC][INFO] 21300      -194.8445      0.2260    218.52
[SPARC][INFO] 21320      -194.8334      0.2086    201.69
[SPARC][INFO] 21340      -194.8799      0.2574    248.92
[SPARC][INFO] 21360      -194.8643      0.2589    250.32
[SPARC][INFO] 21380      -194.8365      0.2674    258.54
[SPARC][INFO] 21400      -194.8490      0.3345    323.45
[SPARC][INFO] 21420      -194.8041      0.3593    347.47
[SPARC][INFO] 21440      -194.7463      0.3621    350.17
[SPARC][INFO] 21460      -194.7942      0.4498    434.98
[SPARC][INFO] 21480      -194.7921      0.4641    448.84
[SPARC][INFO] 21500      -194.7623      0.4299    415.78
[SPARC][INFO] 21520      -194.7994      0.4432    428.58
[SPARC][INFO] 21540      -194.6974      0.2994    289.56
[SPARC][INFO] 21560      -194.7985      0.3458    334.37
[SPARC][INFO] 21580      -194.8530      0.3455    334.13
[SPARC][INFO] 21600      -194.8332      0.2864    277.01
[SPARC][INFO] 21620      -194.8412      0.2663    257.48
[SPARC][INFO] 21640      -194.8275      0.2364    228.62
[SPARC][INFO] 21660      -194.8303      0.2340    226.33
[SPARC][INFO] 21680      -194.8003      0.2084    201.51
[SPARC][INFO] 21700      -194.7962      0.2116    204.61
[SPARC][INFO] 21720      -194.8273      0.2529    244.53
[SPARC][INFO] 21740      -194.8474      0.2888    279.23
[SPARC][INFO] 21760      -194.7890      0.2513    242.98
[SPARC][INFO] 21780      -194.7586      0.2374    229.61
[SPARC][INFO] 21800      -194.8207      0.3081    297.96
[SPARC][INFO] 21820      -194.8606      0.3566    344.81
[SPARC][INFO] 21840      -194.7899      0.2952    285.47
[SPARC][INFO] 21860      -194.8128      0.3241    313.45
[SPARC][INFO] 21880      -194.7624      0.2783    269.09
[SPARC][INFO] 21900      -194.7645      0.2831    273.80
[SPARC][INFO] 21920      -194.8231      0.3435    332.18
[SPARC][INFO] 21940      -194.7051      0.2254    218.01
[SPARC][INFO] 21960      -194.8948      0.4074    393.96
[SPARC][INFO] 21980      -194.8523      0.3618    349.91
[SPARC][INFO] 22000      -194.7862      0.2948    285.04
[SPARC][INFO] 22020      -194.8284      0.3290    318.17
[SPARC][INFO] 22040      -194.7778      0.2620    253.36
[SPARC][INFO] 22060      -194.9048      0.3629    350.95
[SPARC][INFO] 22080      -194.8207      0.2539    245.50
[SPARC][INFO] 22100      -194.8179      0.2256    218.14
[SPARC][INFO] 22120      -194.8445      0.2267    219.23
[SPARC][INFO] 22140      -194.8379      0.2043    197.57
[SPARC][INFO] 22160      -194.8783      0.2374    229.60
[SPARC][INFO] 22180      -194.8270      0.1874    181.20
[SPARC][INFO] 22200      -194.9022      0.2723    263.37
[SPARC][INFO] 22220      -194.8841      0.2791    269.86
[SPARC][INFO] 22240      -194.7829      0.2221    214.81
[SPARC][INFO] 22260      -194.8144      0.3090    298.79
[SPARC][INFO] 22280      -194.7607      0.3069    296.78
[SPARC][INFO] 22300      -194.8360      0.4274    413.34
[SPARC][INFO] 22320      -194.7955      0.4180    404.18
[SPARC][INFO] 22340      -194.6529      0.2931    283.47
[SPARC][INFO] 22360      -194.8330      0.4661    450.73
[SPARC][INFO] 22380      -194.7034      0.3161    305.67
[SPARC][INFO] 22400      -194.8120      0.3945    381.47
[SPARC][INFO] 22420      -194.8296      0.3757    363.33
[SPARC][INFO] 22440      -194.7498      0.2609    252.26
[SPARC][INFO] 22460      -194.8935      0.3708    358.59
[SPARC][INFO] 22480      -194.7571      0.2116    204.63
[SPARC][INFO] 22500      -194.8106      0.2490    240.79
[SPARC][INFO] 22520      -194.8296      0.2562    247.78
[SPARC][INFO] 22540      -194.8617      0.2823    272.96
[SPARC][INFO] 22560      -194.8814      0.3071    297.00
[SPARC][INFO] 22580      -194.7489      0.1868    180.61
[SPARC][INFO] 22600      -194.8599      0.3052    295.18
[SPARC][INFO] 22620      -194.7981      0.2507    242.41
[SPARC][INFO] 22640      -194.8482      0.3063    296.20
[SPARC][INFO] 22660      -194.8680      0.3356    324.59
[SPARC][INFO] 22680      -194.7628      0.2423    234.29
[SPARC][INFO] 22700      -194.8856      0.3747    362.34
[SPARC][INFO] 22720      -194.7599      0.2646    255.91
[SPARC][INFO] 22740      -194.7936      0.3109    300.65
[SPARC][INFO] 22760      -194.8807      0.4128    399.23
[SPARC][INFO] 22780      -194.7601      0.3059    295.85
[SPARC][INFO] 22800      -194.8466      0.4037    390.42
[SPARC][INFO] 22820      -194.7585      0.3297    318.86
[SPARC][INFO] 22840      -194.7030      0.2786    269.42
[SPARC][INFO] 22860      -194.8394      0.4084    394.98
[SPARC][INFO] 22880      -194.7730      0.3252    314.44
[SPARC][INFO] 22900      -194.8598      0.3878    375.01
[SPARC][INFO] 22920      -194.8094      0.3036    293.58
[SPARC][INFO] 22940      -194.7839      0.2378    229.95
[SPARC][INFO] 22960      -194.8551      0.2672    258.36
[SPARC][INFO] 22980      -194.8130      0.1944    188.04
[SPARC][INFO] 23000      -194.8751      0.2347    226.96
[SPARC][INFO] 23020      -194.8319      0.1800    174.05
[SPARC][INFO] 23040      -194.8416      0.1875    181.33
[SPARC][INFO] 23060      -194.8333      0.1885    182.32
[SPARC][INFO] 23080      -194.8009      0.1791    173.22
[SPARC][INFO] 23100      -194.8944      0.3133    302.96
[SPARC][INFO] 23120      -194.8010      0.2890    279.49
[SPARC][INFO] 23140      -194.8304      0.3895    376.66
[SPARC][INFO] 23160      -194.7718      0.3915    378.63
[SPARC][INFO] 23180      -194.6523      0.2990    289.15
[SPARC][INFO] 23200      -194.7518      0.3962    383.10
[SPARC][INFO] 23220      -194.7926      0.4200    406.17
[SPARC][INFO] 23240      -194.7274      0.3341    323.08
[SPARC][INFO] 23260      -194.7861      0.3606    348.69
[SPARC][INFO] 23280      -194.7144      0.2561    247.65
[SPARC][INFO] 23300      -194.7962      0.3043    294.28
[SPARC][INFO] 23320      -194.8502      0.3273    316.50
[SPARC][INFO] 23340      -194.7866      0.2425    234.51
[SPARC][INFO] 23360      -194.9027      0.3379    326.75
[SPARC][INFO] 23380      -194.8260      0.2507    242.43
[SPARC][INFO] 23400      -194.8174      0.2402    232.33
[SPARC][INFO] 23420      -194.7849      0.2102    203.30
[SPARC][INFO] 23440      -194.7882      0.2198    212.59
[SPARC][INFO] 23460      -194.8971      0.3520    340.44
[SPARC][INFO] 23480      -194.7993      0.3137    303.35
[SPARC][INFO] 23500      -194.7799      0.3958    382.75
[SPARC][INFO] 23520      -194.6789      0.3904    377.50
[SPARC][INFO] 23540      -194.7314      0.4963    479.95
[SPARC][INFO] 23560      -194.8216      0.5948    575.22
[SPARC][INFO] 23580      -194.6829      0.4314    417.21
[SPARC][INFO] 23600      -194.8399      0.5237    506.46
[SPARC][INFO] 23620      -194.7895      0.3995    386.33
[SPARC][INFO] 23640      -194.7376      0.2897    280.16
[SPARC][INFO] 23660      -194.8491      0.3530    341.34
[SPARC][INFO] 23680      -194.7539      0.2273    219.85
[SPARC][INFO] 23700      -194.8951      0.3466    335.15
[SPARC][INFO] 23720      -194.8805      0.3216    311.04
[SPARC][INFO] 23740      -194.7716      0.2130    205.94
[SPARC][INFO] 23760      -194.8604      0.3031    293.11
[SPARC][INFO] 23780      -194.7695      0.2191    211.89
[SPARC][INFO] 23800      -194.8731      0.3316    320.68
[SPARC][INFO] 23820      -194.8455      0.3234    312.72
[SPARC][INFO] 23840      -194.8166      0.3224    311.82
[SPARC][INFO] 23860      -194.8345      0.3782    365.71
[SPARC][INFO] 23880      -194.7114      0.3112    300.90
[SPARC][INFO] 23900      -194.8125      0.4836    467.70
[SPARC][INFO] 23920      -194.6544      0.4032    389.96
[SPARC][INFO] 23940      -194.7987      0.6069    586.93
[SPARC][INFO] 23960      -194.7154      0.5486    530.51
[SPARC][INFO] 23980      -194.6282      0.4316    417.41
[SPARC][INFO] 24000      -194.8117      0.5133    496.40
[SPARC][INFO] 24020      -194.7212      0.2932    283.55
[SPARC][INFO] 24040      -194.8191      0.3062    296.16
[SPARC][INFO] 24060      -194.8731      0.3212    310.61
[SPARC][INFO] 24080      -194.8174      0.2482    240.01
[SPARC][INFO] 24100      -194.8672      0.2895    279.94
[SPARC][INFO] 24120      -194.7831      0.2072    200.39
[SPARC][INFO] 24140      -194.7878      0.2171    209.99
[SPARC][INFO] 24160      -194.8336      0.2761    266.99
[SPARC][INFO] 24180      -194.8087      0.2703    261.38
[SPARC][INFO] 24200      -194.8329      0.3210    310.40
[SPARC][INFO] 24220      -194.7791      0.3028    292.84
[SPARC][INFO] 24240      -194.8272      0.3869    374.17
[SPARC][INFO] 24260      -194.7528      0.3509    339.30
[SPARC][INFO] 24280      -194.8053      0.4308    416.56
[SPARC][INFO] 24300      -194.8069      0.4546    439.64
[SPARC][INFO] 24320      -194.7179      0.3715    359.22
[SPARC][INFO] 24340      -194.8405      0.4745    458.85
[SPARC][INFO] 24360      -194.6826      0.2748    265.71
[SPARC][INFO] 24380      -194.7961      0.3186    308.08
[SPARC][INFO] 24400      -194.8661      0.3125    302.18
[SPARC][INFO] 24420      -194.8466      0.2359    228.13
[SPARC][INFO] 24440      -194.8967      0.2565    248.08
[SPARC][INFO] 24460      -194.8572      0.2070    200.18
[SPARC][INFO] 24480      -194.8415      0.1910    184.73
[SPARC][INFO] 24500      -194.8669      0.2249    217.53
[SPARC][INFO] 24520      -194.8529      0.2274    219.89
[SPARC][INFO] 24540      -194.8416      0.2410    233.03
[SPARC][INFO] 24560      -194.8292      0.2639    255.21
[SPARC][INFO] 24580      -194.7758      0.2461    237.95
[SPARC][INFO] 24600      -194.7679      0.2704    261.51
[SPARC][INFO] 24620      -194.8342      0.3633    351.32
[SPARC][INFO] 24640      -194.8237      0.3728    360.47
[SPARC][INFO] 24660      -194.7815      0.3420    330.74
[SPARC][INFO] 24680      -194.7619      0.3250    314.30
[SPARC][INFO] 24700      -194.7370      0.2964    286.62
[SPARC][INFO] 24720      -194.7435      0.2954    285.71
[SPARC][INFO] 24740      -194.8061      0.3463    334.93
[SPARC][INFO] 24760      -194.7698      0.2961    286.37
[SPARC][INFO] 24780      -194.8278      0.3409    329.64
[SPARC][INFO] 24800      -194.7974      0.2997    289.83
[SPARC][INFO] 24820      -194.7463      0.2400    232.05
[SPARC][INFO] 24840      -194.8122      0.2954    285.67
[SPARC][INFO] 24860      -194.8103      0.2844    274.98
[SPARC][INFO] 24880      -194.8191      0.2889    279.38
[SPARC][INFO] 24900      -194.8305      0.2976    287.80
[SPARC][INFO] 24920      -194.7818      0.2485    240.29
[SPARC][INFO] 24940      -194.7933      0.2606    251.99
[SPARC][INFO] 24960      -194.8531      0.3245    313.81
[SPARC][INFO] 24980      -194.7989      0.2848    275.45
[SPARC][INFO] 25000      -194.8572      0.3605    348.63
[SPARC][INFO] PyTorch backend is functional
[SPARC][INFO] Detected DeePMD-kit v3 with PYTORCH backend
[SPARC][INFO] 
[SPARC][INFO] --------------------------------------------------------------------------------
[SPARC][INFO]                         ACTIVE LEARNING CYCLE : DISABLED                        
[SPARC][INFO] --------------------------------------------------------------------------------
[SPARC][INFO] ================================================================================
[SPARC][INFO] 

================================================================================
END CALCULATION - 2026-04-15 16:10:48
Total Runtime: 0:00:30.677387
================================================================================
