# Step   Epot       Ekin       Total      Temp  
0.0      -2245.906692 0.310224   -2245.596468 300.00
1.0      -2245.890870 0.298122   -2245.592749 288.30
2.0      -2245.919148 0.325088   -2245.594061 314.37
3.0      -2245.973551 0.375267   -2245.598284 362.90
4.0      -2245.996150 0.397848   -2245.598302 384.74
5.0      -2245.985999 0.390284   -2245.595715 377.42
6.0      -2245.985748 0.390892   -2245.594857 378.01
7.0      -2246.018214 0.420908   -2245.597307 407.04
8.0      -2246.060307 0.458171   -2245.602136 443.07
9.0      -2246.061585 0.455704   -2245.605881 440.69
10.0     -2246.001678 0.397532   -2245.604146 384.43
11.0     -2245.943457 0.342347   -2245.601110 331.06
12.0     -2245.955963 0.348156   -2245.607807 336.68
13.0     -2245.977339 0.361404   -2245.615935 349.49
14.0     -2245.926310 0.311198   -2245.615112 300.94
15.0     -2245.843644 0.232536   -2245.611108 224.87
16.0     -2245.817283 0.206745   -2245.610538 199.93
17.0     -2245.879116 0.263889   -2245.615227 255.19
18.0     -2245.979396 0.356312   -2245.623083 344.57
19.0     -2246.030391 0.402548   -2245.627843 389.28
20.0     -2246.006049 0.381373   -2245.624676 368.80
21.0     -2245.993130 0.368791   -2245.624338 356.64
22.0     -2246.034689 0.400241   -2245.634447 387.05
23.0     -2246.041730 0.401515   -2245.640215 388.28
24.0     -2245.979597 0.339892   -2245.639705 328.69
25.0     -2245.907332 0.267928   -2245.639404 259.10
26.0     -2245.879184 0.237002   -2245.642182 229.19
27.0     -2245.893799 0.245655   -2245.648144 237.56
28.0     -2245.901451 0.248081   -2245.653370 239.91
29.0     -2245.871730 0.220192   -2245.651538 212.93
30.0     -2245.869767 0.220650   -2245.649118 213.38
31.0     -2245.952571 0.294091   -2245.658480 284.40
32.0     -2246.028077 0.361361   -2245.666716 349.45
33.0     -2246.021493 0.354640   -2245.666853 342.95
34.0     -2245.979784 0.313870   -2245.665914 303.53
35.0     -2245.973445 0.304874   -2245.668571 294.83
36.0     -2246.017747 0.342011   -2245.675735 330.74
37.0     -2246.064510 0.379757   -2245.684753 367.24
38.0     -2246.052525 0.362714   -2245.689811 350.76
39.0     -2245.989972 0.301048   -2245.688924 291.13
40.0     -2245.959334 0.267266   -2245.692069 258.46
41.0     -2245.979701 0.278715   -2245.700986 269.53
42.0     -2245.990160 0.283703   -2245.706457 274.35
43.0     -2245.972484 0.263194   -2245.709290 254.52
44.0     -2245.951361 0.239066   -2245.712295 231.19
45.0     -2245.948993 0.232822   -2245.716171 225.15
46.0     -2245.970892 0.249533   -2245.721359 241.31
47.0     -2246.004200 0.276398   -2245.727802 267.29
48.0     -2246.026784 0.293192   -2245.733593 283.53
49.0     -2246.035879 0.298040   -2245.737839 288.22
50.0     -2246.051602 0.306936   -2245.744666 296.82
51.0     -2246.063985 0.310584   -2245.753401 300.35
52.0     -2246.043087 0.283711   -2245.759376 274.36
53.0     -2245.994949 0.231742   -2245.763207 224.10
54.0     -2245.949403 0.183032   -2245.766371 177.00
55.0     -2245.931524 0.161776   -2245.769748 156.44
56.0     -2245.949208 0.174527   -2245.774682 168.77
57.0     -2245.984688 0.203415   -2245.781274 196.71
58.0     -2246.004642 0.217662   -2245.786979 210.49
59.0     -2245.998714 0.209319   -2245.789395 202.42
60.0     -2246.001827 0.209584   -2245.792243 202.68
61.0     -2246.038762 0.239375   -2245.799387 231.49
62.0     -2246.080636 0.273395   -2245.807241 264.38
63.0     -2246.094052 0.280308   -2245.813744 271.07
64.0     -2246.073458 0.255115   -2245.818343 246.71
65.0     -2246.040505 0.218859   -2245.821646 211.65
66.0     -2246.024794 0.198866   -2245.825928 192.31
67.0     -2246.031552 0.199635   -2245.831917 193.06
68.0     -2246.038332 0.200991   -2245.837341 194.37
69.0     -2246.030445 0.189678   -2245.840767 183.43
70.0     -2246.016589 0.172132   -2245.844457 166.46
71.0     -2246.000033 0.152629   -2245.847404 147.60
72.0     -2245.985918 0.136482   -2245.849436 131.98
73.0     -2245.982221 0.130000   -2245.852221 125.72
74.0     -2245.984057 0.130005   -2245.854052 125.72
75.0     -2245.994619 0.139100   -2245.855520 134.52
76.0     -2246.020414 0.162075   -2245.858339 156.73
77.0     -2246.050578 0.188493   -2245.862085 182.28
78.0     -2246.064945 0.200133   -2245.864812 193.54
79.0     -2246.059585 0.193268   -2245.866316 186.90
80.0     -2246.048385 0.181265   -2245.867120 175.29
81.0     -2246.050853 0.181927   -2245.868926 175.93
82.0     -2246.064831 0.191624   -2245.873208 185.31
83.0     -2246.055519 0.180346   -2245.875174 174.40
84.0     -2246.016788 0.142916   -2245.873872 138.21
85.0     -2245.984533 0.111654   -2245.872879 107.97
86.0     -2245.986532 0.112477   -2245.874055 108.77
87.0     -2246.015391 0.139067   -2245.876324 134.48
88.0     -2246.044893 0.166893   -2245.878000 161.39
89.0     -2246.056477 0.178548   -2245.877929 172.66
90.0     -2246.057236 0.181074   -2245.876161 175.11
91.0     -2246.072475 0.195788   -2245.876687 189.34
92.0     -2246.094199 0.215439   -2245.878760 208.34
93.0     -2246.091321 0.213363   -2245.877958 206.33
94.0     -2246.067647 0.192121   -2245.875525 185.79
95.0     -2246.050420 0.176298   -2245.874122 170.49
96.0     -2246.052098 0.178008   -2245.874089 172.14
97.0     -2246.061782 0.187317   -2245.874465 181.14
98.0     -2246.058221 0.184041   -2245.874180 177.98
99.0     -2246.028521 0.156692   -2245.871829 151.53
100.0    -2245.990195 0.122447   -2245.867748 118.41
101.0    -2245.982487 0.116214   -2245.866273 112.38
102.0    -2246.007216 0.139966   -2245.867250 135.35
103.0    -2246.026452 0.160638   -2245.865814 155.34
104.0    -2246.024589 0.162993   -2245.861596 157.62
105.0    -2246.020586 0.163638   -2245.856948 158.24
106.0    -2246.037034 0.183935   -2245.853098 177.87
107.0    -2246.076229 0.226412   -2245.849817 218.95
108.0    -2246.114728 0.268799   -2245.845929 259.94
109.0    -2246.118254 0.279247   -2245.839007 270.04
110.0    -2246.084006 0.256073   -2245.827933 247.63
111.0    -2246.060567 0.241321   -2245.819246 233.37
112.0    -2246.063614 0.248385   -2245.815229 240.20
113.0    -2246.042719 0.235169   -2245.807549 227.42
114.0    -2245.987026 0.190605   -2245.796421 184.32
115.0    -2245.945331 0.157940   -2245.787390 152.73
116.0    -2245.956331 0.174612   -2245.781719 168.86
117.0    -2246.008270 0.231241   -2245.777029 223.62
118.0    -2246.047078 0.277343   -2245.769736 268.20
119.0    -2246.027873 0.272227   -2245.755646 263.26
120.0    -2245.992518 0.253628   -2245.738890 245.27
121.0    -2246.019965 0.289014   -2245.730951 279.49
122.0    -2246.071717 0.348232   -2245.723485 336.76
123.0    -2246.071919 0.362893   -2245.709027 350.93
124.0    -2246.027709 0.334518   -2245.693191 323.49
125.0    -2245.989811 0.309447   -2245.680365 299.25
126.0    -2245.991355 0.319910   -2245.671445 309.37
127.0    -2246.017788 0.352294   -2245.665494 340.68
128.0    -2246.013586 0.356122   -2245.657464 344.39
129.0    -2245.963038 0.319769   -2245.643269 309.23
130.0    -2245.944493 0.309807   -2245.634687 299.60
131.0    -2245.977267 0.343108   -2245.634159 331.80
132.0    -2245.979163 0.350965   -2245.628199 339.40
133.0    -2245.935447 0.317577   -2245.617870 307.11
134.0    -2245.910815 0.301258   -2245.609557 291.33
135.0    -2245.957786 0.351877   -2245.605909 340.28
136.0    -2246.059504 0.453459   -2245.606046 438.51
137.0    -2246.134772 0.529758   -2245.605014 512.30
138.0    -2246.122064 0.525758   -2245.596306 508.43
139.0    -2246.076586 0.489662   -2245.586925 473.52
140.0    -2246.075879 0.488202   -2245.587677 472.11
141.0    -2246.080956 0.491354   -2245.589602 475.16
142.0    -2246.038498 0.451322   -2245.587177 436.45
143.0    -2245.966556 0.383363   -2245.583193 370.73
144.0    -2245.918281 0.337525   -2245.580757 326.40
145.0    -2245.928148 0.346725   -2245.581423 335.30
146.0    -2245.983491 0.398684   -2245.584807 385.54
147.0    -2246.033216 0.445837   -2245.587379 431.14
148.0    -2246.044286 0.458567   -2245.585719 443.45
149.0    -2246.047086 0.462316   -2245.584769 447.08
150.0    -2246.069570 0.480449   -2245.589121 464.61
151.0    -2246.078714 0.485465   -2245.593248 469.47
152.0    -2246.048317 0.453977   -2245.594340 439.02
153.0    -2246.000754 0.405991   -2245.594763 392.61
154.0    -2245.972904 0.376255   -2245.596649 363.86
155.0    -2245.979435 0.378701   -2245.600735 366.22
156.0    -2246.001380 0.394981   -2245.606399 381.96
157.0    -2246.000648 0.389683   -2245.610965 376.84
158.0    -2245.961892 0.350251   -2245.611641 338.71
159.0    -2245.924023 0.312610   -2245.611414 302.31
160.0    -2245.931814 0.316505   -2245.615309 306.07
161.0    -2245.970704 0.349444   -2245.621260 337.93
162.0    -2245.997214 0.371485   -2245.625728 359.24
163.0    -2245.994445 0.366496   -2245.627949 354.42
164.0    -2245.983642 0.354343   -2245.629299 342.67
165.0    -2245.998795 0.366191   -2245.632604 354.12
166.0    -2246.045072 0.405693   -2245.639379 392.32
167.0    -2246.083267 0.436108   -2245.647159 421.74
168.0    -2246.071014 0.419269   -2245.651746 405.45
169.0    -2246.016751 0.362743   -2245.654008 350.79
170.0    -2245.960207 0.303169   -2245.657039 293.18
171.0    -2245.922913 0.262050   -2245.660863 253.41
172.0    -2245.902928 0.238229   -2245.664699 230.38
173.0    -2245.891213 0.223896   -2245.667317 216.52
174.0    -2245.890412 0.221024   -2245.669388 213.74
175.0    -2245.907265 0.234771   -2245.672494 227.03
176.0    -2245.933494 0.257296   -2245.676198 248.82
177.0    -2245.953607 0.274560   -2245.679047 265.51
178.0    -2245.964235 0.282750   -2245.681485 273.43
179.0    -2245.969540 0.285851   -2245.683689 276.43
180.0    -2245.977194 0.291078   -2245.686117 281.48
181.0    -2245.988168 0.297538   -2245.690630 287.73
182.0    -2245.978044 0.284256   -2245.693788 274.89
183.0    -2245.940610 0.247017   -2245.693593 238.88
184.0    -2245.911924 0.218392   -2245.693531 211.20
185.0    -2245.922107 0.226066   -2245.696040 218.62
186.0    -2245.959884 0.259337   -2245.700546 250.79
187.0    -2245.983897 0.279195   -2245.704701 269.99
188.0    -2245.963170 0.258194   -2245.704976 249.68
189.0    -2245.923267 0.220488   -2245.702779 213.22
190.0    -2245.916085 0.211253   -2245.704831 204.29
191.0    -2245.932761 0.224150   -2245.708612 216.76
192.0    -2245.936324 0.227273   -2245.709051 219.78
193.0    -2245.932413 0.224284   -2245.708130 216.89
194.0    -2245.947535 0.238989   -2245.708546 231.11
195.0    -2245.987318 0.276230   -2245.711087 267.13
196.0    -2246.024443 0.309998   -2245.714445 299.78
197.0    -2246.023833 0.309209   -2245.714624 299.02
198.0    -2245.999330 0.287779   -2245.711551 278.29
199.0    -2246.004724 0.291539   -2245.713185 281.93
200.0    -2246.028392 0.309984   -2245.718408 299.77
201.0    -2246.009715 0.291132   -2245.718583 281.54
202.0    -2245.954180 0.239074   -2245.715106 231.19
203.0    -2245.921377 0.208125   -2245.713252 201.27
204.0    -2245.945939 0.230531   -2245.715409 222.93
205.0    -2246.000045 0.280207   -2245.719838 270.97
206.0    -2246.024557 0.303726   -2245.720831 293.72
207.0    -2246.013328 0.296910   -2245.716418 287.12
208.0    -2246.030354 0.314344   -2245.716010 303.98
209.0    -2246.083211 0.361876   -2245.721335 349.95
210.0    -2246.102798 0.380506   -2245.722292 367.97
211.0    -2246.076521 0.357567   -2245.718955 345.78
212.0    -2246.058632 0.341608   -2245.717025 330.35
213.0    -2246.088164 0.369158   -2245.719005 356.99
214.0    -2246.147606 0.423972   -2245.723634 410.00
215.0    -2246.185346 0.458400   -2245.726946 443.29
216.0    -2246.179807 0.453746   -2245.726061 438.79
217.0    -2246.176088 0.449912   -2245.726176 435.08
218.0    -2246.208901 0.475722   -2245.733179 460.04
219.0    -2246.230403 0.490314   -2245.740090 474.15
220.0    -2246.201915 0.459435   -2245.742479 444.29
221.0    -2246.157046 0.412567   -2245.744479 398.97
222.0    -2246.143266 0.394073   -2245.749193 381.09
223.0    -2246.170719 0.414029   -2245.756691 400.38
224.0    -2246.213464 0.447750   -2245.765714 432.99
225.0    -2246.237775 0.463868   -2245.773907 448.58
226.0    -2246.240508 0.460452   -2245.780055 445.28
227.0    -2246.257902 0.469432   -2245.788470 453.96
228.0    -2246.303746 0.501227   -2245.802519 484.71
229.0    -2246.333977 0.516652   -2245.817325 499.63
230.0    -2246.314848 0.485508   -2245.829339 469.51
231.0    -2246.265645 0.425893   -2245.839752 411.86
232.0    -2246.226885 0.376676   -2245.850209 364.26
233.0    -2246.223663 0.361663   -2245.861999 349.74
234.0    -2246.250491 0.374719   -2245.875772 362.37
235.0    -2246.277024 0.387188   -2245.889836 374.43
236.0    -2246.281073 0.379701   -2245.901373 367.19
237.0    -2246.280292 0.368472   -2245.911820 356.33
238.0    -2246.301647 0.375921   -2245.925726 363.53
239.0    -2246.326638 0.385937   -2245.940701 373.22
240.0    -2246.327000 0.374495   -2245.952505 362.15
241.0    -2246.315790 0.353058   -2245.962732 341.42
242.0    -2246.319628 0.345755   -2245.973873 334.36
243.0    -2246.341002 0.354552   -2245.986450 342.87
244.0    -2246.356315 0.357235   -2245.999080 345.46
245.0    -2246.340987 0.332215   -2246.008772 321.27
246.0    -2246.304659 0.289866   -2246.014793 280.31
247.0    -2246.285618 0.263634   -2246.021984 254.95
248.0    -2246.285321 0.254172   -2246.031149 245.80
249.0    -2246.266918 0.230149   -2246.036770 222.56
250.0    -2246.227862 0.188867   -2246.038995 182.64
