# Step   Epot       Ekin       Total      Temp  
0.0      -2245.906692 0.103408   -2245.803284 100.00
1.0      -2245.921764 0.103831   -2245.817933 100.41
2.0      -2245.939588 0.146416   -2245.793172 141.59
3.0      -2245.962175 0.124738   -2245.837438 120.63
4.0      -2245.983054 0.128887   -2245.854167 124.64
5.0      -2246.000450 0.114336   -2245.886114 110.57
6.0      -2246.016988 0.142653   -2245.874335 137.95
7.0      -2246.034000 0.159978   -2245.874023 154.71
8.0      -2246.048387 0.100838   -2245.947549 97.52 
9.0      -2246.064513 0.146530   -2245.917984 141.70
10.0     -2246.078971 0.137503   -2245.941468 132.97
11.0     -2246.089445 0.128219   -2245.961226 123.99
12.0     -2246.094616 0.120450   -2245.974165 116.48
13.0     -2246.095958 0.118808   -2245.977151 114.89
14.0     -2246.094245 0.108256   -2245.985989 104.69
15.0     -2246.089787 0.117783   -2245.972004 113.90
16.0     -2246.085913 0.099006   -2245.986907 95.74 
17.0     -2246.083247 0.114997   -2245.968251 111.21
18.0     -2246.083775 0.097605   -2245.986170 94.39 
19.0     -2246.087683 0.133670   -2245.954013 129.26
20.0     -2246.093425 0.088409   -2246.005016 85.50 
21.0     -2246.103759 0.113125   -2245.990634 109.40
22.0     -2246.110855 0.166759   -2245.944096 161.26
23.0     -2246.111525 0.137824   -2245.973701 133.28
24.0     -2246.107585 0.119096   -2245.988489 115.17
25.0     -2246.099146 0.114701   -2245.984445 110.92
26.0     -2246.089861 0.092227   -2245.997634 89.19 
27.0     -2246.084125 0.133760   -2245.950365 129.35
28.0     -2246.083374 0.103370   -2245.980003 99.96 
29.0     -2246.083327 0.116772   -2245.966555 112.92
30.0     -2246.083299 0.125861   -2245.957438 121.71
31.0     -2246.080226 0.112281   -2245.967946 108.58
32.0     -2246.079500 0.113406   -2245.966094 109.67
33.0     -2246.079689 0.118470   -2245.961219 114.57
34.0     -2246.079025 0.126537   -2245.952488 122.37
35.0     -2246.079366 0.115768   -2245.963599 111.95
36.0     -2246.078172 0.106729   -2245.971443 103.21
37.0     -2246.074596 0.095044   -2245.979552 91.91 
38.0     -2246.070010 0.120414   -2245.949596 116.45
39.0     -2246.061988 0.131807   -2245.930181 127.46
40.0     -2246.052627 0.136608   -2245.916019 132.11
41.0     -2246.044262 0.103264   -2245.940998 99.86 
42.0     -2246.037524 0.139566   -2245.897958 134.97
43.0     -2246.034740 0.124735   -2245.910006 120.62
44.0     -2246.033521 0.110500   -2245.923021 106.86
45.0     -2246.029962 0.132860   -2245.897102 128.48
46.0     -2246.023810 0.111963   -2245.911846 108.27
47.0     -2246.017961 0.119412   -2245.898549 115.48
48.0     -2246.016223 0.112380   -2245.903843 108.68
49.0     -2246.021524 0.134255   -2245.887269 129.83
50.0     -2246.032592 0.130207   -2245.902385 125.92
51.0     -2246.048982 0.150615   -2245.898367 145.65
52.0     -2246.065608 0.164981   -2245.900627 159.54
53.0     -2246.075934 0.110461   -2245.965473 106.82
54.0     -2246.083378 0.134071   -2245.949307 129.65
55.0     -2246.090344 0.109033   -2245.981311 105.44
56.0     -2246.097146 0.129696   -2245.967450 125.42
57.0     -2246.097650 0.134872   -2245.962778 130.43
58.0     -2246.090430 0.122382   -2245.968048 118.35
59.0     -2246.079917 0.122067   -2245.957850 118.04
60.0     -2246.065218 0.110557   -2245.954661 106.91
61.0     -2246.055339 0.111307   -2245.944032 107.64
62.0     -2246.054135 0.124563   -2245.929571 120.46
63.0     -2246.053807 0.142030   -2245.911777 137.35
64.0     -2246.060266 0.142082   -2245.918185 137.40
65.0     -2246.072772 0.151125   -2245.921647 146.14
66.0     -2246.086786 0.141690   -2245.945096 137.02
67.0     -2246.099157 0.118730   -2245.980428 114.82
68.0     -2246.106865 0.157724   -2245.949141 152.53
69.0     -2246.109939 0.132670   -2245.977269 128.30
70.0     -2246.111839 0.137879   -2245.973960 133.33
71.0     -2246.113020 0.131511   -2245.981509 127.18
72.0     -2246.112406 0.152369   -2245.960038 147.35
73.0     -2246.112836 0.137463   -2245.975373 132.93
74.0     -2246.112960 0.131311   -2245.981649 126.98
75.0     -2246.110001 0.162006   -2245.947995 156.67
76.0     -2246.102195 0.166473   -2245.935722 160.99
77.0     -2246.092867 0.127307   -2245.965560 123.11
78.0     -2246.087464 0.169421   -2245.918042 163.84
79.0     -2246.079556 0.124036   -2245.955520 119.95
80.0     -2246.074317 0.110875   -2245.963442 107.22
81.0     -2246.074137 0.148812   -2245.925324 143.91
82.0     -2246.073212 0.150258   -2245.922955 145.31
83.0     -2246.069318 0.136392   -2245.932926 131.90
84.0     -2246.063205 0.170264   -2245.892941 164.65
85.0     -2246.053132 0.137965   -2245.915167 133.42
86.0     -2246.046488 0.125044   -2245.921443 120.92
87.0     -2246.046475 0.144411   -2245.902064 139.65
88.0     -2246.046974 0.178043   -2245.868931 172.18
89.0     -2246.051379 0.172084   -2245.879296 166.41
90.0     -2246.053048 0.148601   -2245.904447 143.70
91.0     -2246.051180 0.100937   -2245.950243 97.61 
92.0     -2246.053791 0.146992   -2245.906799 142.15
93.0     -2246.055462 0.169181   -2245.886281 163.61
94.0     -2246.058279 0.142368   -2245.915911 137.68
95.0     -2246.062127 0.129383   -2245.932743 125.12
96.0     -2246.069666 0.142163   -2245.927503 137.48
97.0     -2246.078436 0.164990   -2245.913446 159.55
98.0     -2246.083610 0.160300   -2245.923310 155.02
99.0     -2246.082725 0.139465   -2245.943260 134.87
100.0    -2246.084610 0.139537   -2245.945073 134.94
101.0    -2246.093681 0.148488   -2245.945193 143.59
102.0    -2246.104918 0.160855   -2245.944063 155.55
103.0    -2246.108810 0.180825   -2245.927986 174.87
104.0    -2246.112216 0.102063   -2246.010153 98.70 
105.0    -2246.116842 0.165051   -2245.951790 159.61
106.0    -2246.118083 0.174923   -2245.943160 169.16
107.0    -2246.121271 0.172159   -2245.949112 166.49
108.0    -2246.121976 0.134690   -2245.987286 130.25
109.0    -2246.121524 0.164045   -2245.957479 158.64
110.0    -2246.118643 0.136126   -2245.982517 131.64
111.0    -2246.116592 0.136949   -2245.979643 132.44
112.0    -2246.114413 0.133782   -2245.980631 129.37
113.0    -2246.108799 0.125941   -2245.982858 121.79
114.0    -2246.104372 0.119238   -2245.985134 115.31
115.0    -2246.103175 0.148707   -2245.954468 143.81
116.0    -2246.102474 0.156956   -2245.945518 151.78
117.0    -2246.101894 0.147604   -2245.954290 142.74
118.0    -2246.107002 0.131096   -2245.975906 126.78
119.0    -2246.119332 0.154904   -2245.964428 149.80
120.0    -2246.131888 0.154778   -2245.977110 149.68
121.0    -2246.139297 0.136412   -2246.002885 131.92
122.0    -2246.140750 0.172463   -2245.968287 166.78
123.0    -2246.133198 0.159193   -2245.974005 153.95
124.0    -2246.117230 0.107797   -2246.009434 104.24
125.0    -2246.092424 0.185110   -2245.907314 179.01
126.0    -2246.070784 0.102806   -2245.967978 99.42 
127.0    -2246.054821 0.122795   -2245.932025 118.75
128.0    -2246.048939 0.142506   -2245.906432 137.81
129.0    -2246.049131 0.150317   -2245.898815 145.36
130.0    -2246.051467 0.205904   -2245.845563 199.12
131.0    -2246.049223 0.153377   -2245.895846 148.32
132.0    -2246.047393 0.159965   -2245.887428 154.69
133.0    -2246.048623 0.187508   -2245.861115 181.33
134.0    -2246.047221 0.166123   -2245.881099 160.65
135.0    -2246.042026 0.158697   -2245.883330 153.47
136.0    -2246.035019 0.162843   -2245.872176 157.48
137.0    -2246.029094 0.120299   -2245.908795 116.33
138.0    -2246.024435 0.140617   -2245.883817 135.98
139.0    -2246.016684 0.172361   -2245.844323 166.68
140.0    -2246.011881 0.148822   -2245.863059 143.92
141.0    -2246.011039 0.151283   -2245.859756 146.30
142.0    -2246.023119 0.153268   -2245.869851 148.22
143.0    -2246.045621 0.190713   -2245.854908 184.43
144.0    -2246.075776 0.248743   -2245.827033 240.55
145.0    -2246.101843 0.129162   -2245.972681 124.91
146.0    -2246.120925 0.160493   -2245.960431 155.20
147.0    -2246.131269 0.160677   -2245.970593 155.38
148.0    -2246.128999 0.204161   -2245.924837 197.43
149.0    -2246.124013 0.187474   -2245.936540 181.30
150.0    -2246.110767 0.146981   -2245.963786 142.14
151.0    -2246.094899 0.130345   -2245.964554 126.05
152.0    -2246.079129 0.204469   -2245.874660 197.73
153.0    -2246.065775 0.139622   -2245.926153 135.02
154.0    -2246.056750 0.164704   -2245.892046 159.28
155.0    -2246.056245 0.174672   -2245.881573 168.92
156.0    -2246.064195 0.153729   -2245.910465 148.66
157.0    -2246.081223 0.196334   -2245.884889 189.86
158.0    -2246.097347 0.193162   -2245.904185 186.80
159.0    -2246.105636 0.152309   -2245.953327 147.29
160.0    -2246.108131 0.152271   -2245.955860 147.25
161.0    -2246.103500 0.190734   -2245.912766 184.45
162.0    -2246.091812 0.142665   -2245.949147 137.96
163.0    -2246.075803 0.182914   -2245.892889 176.89
164.0    -2246.062431 0.126938   -2245.935493 122.75
165.0    -2246.047786 0.204843   -2245.842943 198.09
166.0    -2246.032808 0.119449   -2245.913360 115.51
167.0    -2246.023076 0.137461   -2245.885616 132.93
168.0    -2246.008976 0.145756   -2245.863220 140.95
169.0    -2245.987856 0.176298   -2245.811558 170.49
170.0    -2245.966897 0.143090   -2245.823807 138.37
171.0    -2245.939963 0.137582   -2245.802381 133.05
172.0    -2245.924155 0.149727   -2245.774428 144.79
173.0    -2245.927788 0.154119   -2245.773669 149.04
174.0    -2245.949834 0.189435   -2245.760399 183.19
175.0    -2245.983502 0.217681   -2245.765822 210.51
176.0    -2246.014755 0.199508   -2245.815247 192.93
177.0    -2246.040018 0.167158   -2245.872861 161.65
178.0    -2246.061427 0.191210   -2245.870218 184.91
179.0    -2246.076397 0.149607   -2245.926790 144.68
180.0    -2246.082768 0.160699   -2245.922069 155.40
181.0    -2246.075642 0.222743   -2245.852899 215.40
182.0    -2246.060422 0.134446   -2245.925977 130.01
183.0    -2246.043345 0.157768   -2245.885577 152.57
184.0    -2246.039050 0.152517   -2245.886533 147.49
185.0    -2246.049432 0.225408   -2245.824024 217.98
186.0    -2246.066494 0.195835   -2245.870659 189.38
187.0    -2246.081317 0.217565   -2245.863752 210.39
188.0    -2246.088683 0.161289   -2245.927395 155.97
189.0    -2246.089450 0.191911   -2245.897540 185.59
190.0    -2246.086842 0.239352   -2245.847490 231.46
191.0    -2246.084703 0.138257   -2245.946446 133.70
192.0    -2246.084696 0.248094   -2245.836602 239.92
193.0    -2246.080311 0.239886   -2245.840425 231.98
194.0    -2246.072599 0.202657   -2245.869943 195.98
195.0    -2246.060570 0.221837   -2245.838733 214.53
196.0    -2246.044366 0.169789   -2245.874576 164.19
197.0    -2246.028098 0.109214   -2245.918883 105.61
198.0    -2246.008970 0.203005   -2245.805965 196.31
199.0    -2246.004049 0.154110   -2245.849939 149.03
200.0    -2246.005255 0.138668   -2245.866587 134.10
201.0    -2246.008227 0.137947   -2245.870280 133.40
202.0    -2246.006566 0.143522   -2245.863044 138.79
203.0    -2246.001084 0.172713   -2245.828371 167.02
204.0    -2245.999702 0.227463   -2245.772239 219.97
205.0    -2246.002748 0.196016   -2245.806732 189.56
206.0    -2246.013595 0.184405   -2245.829190 178.33
207.0    -2246.024408 0.257538   -2245.766870 249.05
208.0    -2246.034077 0.208226   -2245.825851 201.36
209.0    -2246.047202 0.151003   -2245.896199 146.03
210.0    -2246.055760 0.163260   -2245.892500 157.88
211.0    -2246.066003 0.207214   -2245.858788 200.39
212.0    -2246.075971 0.195593   -2245.880378 189.15
213.0    -2246.077247 0.189443   -2245.887804 183.20
214.0    -2246.076804 0.218134   -2245.858671 210.94
215.0    -2246.079820 0.198444   -2245.881376 191.90
216.0    -2246.089939 0.195603   -2245.894336 189.16
217.0    -2246.109082 0.243351   -2245.865731 235.33
218.0    -2246.125548 0.174368   -2245.951180 168.62
219.0    -2246.135680 0.155672   -2245.980008 150.54
220.0    -2246.142057 0.202272   -2245.939785 195.61
221.0    -2246.139698 0.164837   -2245.974861 159.40
222.0    -2246.130557 0.204953   -2245.925604 198.20
223.0    -2246.116106 0.224760   -2245.891347 217.35
224.0    -2246.097373 0.215480   -2245.881893 208.38
225.0    -2246.081315 0.194575   -2245.886740 188.16
226.0    -2246.067628 0.189197   -2245.878430 182.96
227.0    -2246.060121 0.202264   -2245.857857 195.60
228.0    -2246.058546 0.194398   -2245.864148 187.99
229.0    -2246.053196 0.221589   -2245.831608 214.29
230.0    -2246.045002 0.215820   -2245.829182 208.71
231.0    -2246.040292 0.171842   -2245.868450 166.18
232.0    -2246.042769 0.224545   -2245.818223 217.14
233.0    -2246.051793 0.199451   -2245.852343 192.88
234.0    -2246.060479 0.201218   -2245.859261 194.59
235.0    -2246.074936 0.201281   -2245.873655 194.65
236.0    -2246.084397 0.197431   -2245.886966 190.92
237.0    -2246.088764 0.183480   -2245.905285 177.43
238.0    -2246.084578 0.187408   -2245.897169 181.23
239.0    -2246.069190 0.236525   -2245.832666 228.73
240.0    -2246.047390 0.175212   -2245.872178 169.44
241.0    -2246.033587 0.235817   -2245.797770 228.05
242.0    -2246.024062 0.201061   -2245.823001 194.44
243.0    -2246.013588 0.231520   -2245.782068 223.89
244.0    -2246.005488 0.161728   -2245.843759 156.40
245.0    -2246.008212 0.233198   -2245.775014 225.51
246.0    -2246.009175 0.182837   -2245.826338 176.81
247.0    -2246.007498 0.183700   -2245.823797 177.65
248.0    -2246.006897 0.196676   -2245.810221 190.19
249.0    -2246.004765 0.226843   -2245.777922 219.37
250.0    -2245.999185 0.169802   -2245.829382 164.21
251.0    -2245.997067 0.211143   -2245.785924 204.18
252.0    -2245.996443 0.220403   -2245.776040 213.14
253.0    -2245.996086 0.269867   -2245.726220 260.97
254.0    -2245.991541 0.196278   -2245.795263 189.81
255.0    -2245.983717 0.164414   -2245.819303 159.00
256.0    -2245.966781 0.198420   -2245.768361 191.88
257.0    -2245.939459 0.207963   -2245.731496 201.11
258.0    -2245.909677 0.163454   -2245.746223 158.07
259.0    -2245.879613 0.197955   -2245.681658 191.43
260.0    -2245.861389 0.212555   -2245.648834 205.55
261.0    -2245.873685 0.252720   -2245.620965 244.39
262.0    -2245.907836 0.260098   -2245.647738 251.53
263.0    -2245.962487 0.274894   -2245.687592 265.83
264.0    -2246.018480 0.285621   -2245.732858 276.21
265.0    -2246.052608 0.250204   -2245.802404 241.96
266.0    -2246.061192 0.209375   -2245.851817 202.48
267.0    -2246.047809 0.176831   -2245.870978 171.00
268.0    -2246.012549 0.212992   -2245.799557 205.97
269.0    -2245.973300 0.204980   -2245.768320 198.22
270.0    -2245.960252 0.140967   -2245.819285 136.32
271.0    -2245.981074 0.235835   -2245.745239 228.06
272.0    -2246.020954 0.250986   -2245.769968 242.71
273.0    -2246.069159 0.311798   -2245.757360 301.52
274.0    -2246.098451 0.279230   -2245.819221 270.03
275.0    -2246.114400 0.314788   -2245.799612 304.41
276.0    -2246.116294 0.222939   -2245.893355 215.59
277.0    -2246.106596 0.188367   -2245.918229 182.16
278.0    -2246.091708 0.213893   -2245.877815 206.84
279.0    -2246.081805 0.216671   -2245.865134 209.53
280.0    -2246.071528 0.144394   -2245.927134 139.64
281.0    -2246.065749 0.210030   -2245.855719 203.11
282.0    -2246.064797 0.223153   -2245.841643 215.80
283.0    -2246.068158 0.212794   -2245.855364 205.78
284.0    -2246.075511 0.229092   -2245.846419 221.54
285.0    -2246.081782 0.267356   -2245.814426 258.55
286.0    -2246.084437 0.216762   -2245.867675 209.62
287.0    -2246.082142 0.203020   -2245.879122 196.33
288.0    -2246.071208 0.277800   -2245.793408 268.65
289.0    -2246.053801 0.240423   -2245.813378 232.50
290.0    -2246.035955 0.278629   -2245.757325 269.45
291.0    -2246.020602 0.235451   -2245.785152 227.69
292.0    -2246.007982 0.186197   -2245.821785 180.06
293.0    -2246.011394 0.224079   -2245.787315 216.69
294.0    -2246.019624 0.190673   -2245.828951 184.39
295.0    -2246.028541 0.328616   -2245.699925 317.79
296.0    -2246.038546 0.277971   -2245.760575 268.81
297.0    -2246.050467 0.253285   -2245.797183 244.94
298.0    -2246.056814 0.286809   -2245.770005 277.36
299.0    -2246.058033 0.181822   -2245.876210 175.83
300.0    -2246.054575 0.215150   -2245.839426 208.06
301.0    -2246.050651 0.201138   -2245.849513 194.51
302.0    -2246.053519 0.243071   -2245.810448 235.06
303.0    -2246.058347 0.259896   -2245.798451 251.33
304.0    -2246.061800 0.254899   -2245.806901 246.50
305.0    -2246.061374 0.191710   -2245.869664 185.39
306.0    -2246.054853 0.265073   -2245.789780 256.34
307.0    -2246.045392 0.255131   -2245.790261 246.72
308.0    -2246.036512 0.268881   -2245.767630 260.02
309.0    -2246.026544 0.250253   -2245.776291 242.01
310.0    -2246.020030 0.210164   -2245.809867 203.24
311.0    -2246.021457 0.235307   -2245.786150 227.55
312.0    -2246.021159 0.243543   -2245.777616 235.52
313.0    -2246.014908 0.213368   -2245.801540 206.34
314.0    -2246.005614 0.265122   -2245.740492 256.38
315.0    -2245.996163 0.229666   -2245.766497 222.10
316.0    -2245.992139 0.219921   -2245.772218 212.67
317.0    -2245.989663 0.188099   -2245.801564 181.90
318.0    -2245.989495 0.192359   -2245.797135 186.02
319.0    -2245.994280 0.228779   -2245.765501 221.24
320.0    -2246.002884 0.259535   -2245.743349 250.98
321.0    -2246.012470 0.224289   -2245.788180 216.90
322.0    -2246.023904 0.254127   -2245.769776 245.75
323.0    -2246.034765 0.256392   -2245.778374 247.94
324.0    -2246.045219 0.235071   -2245.810148 227.32
325.0    -2246.060597 0.285127   -2245.775470 275.73
326.0    -2246.077340 0.254077   -2245.823264 245.70
327.0    -2246.085197 0.232857   -2245.852340 225.18
328.0    -2246.084030 0.179430   -2245.904600 173.52
329.0    -2246.075783 0.234876   -2245.840907 227.14
330.0    -2246.062983 0.254518   -2245.808465 246.13
331.0    -2246.044057 0.230695   -2245.813362 223.09
332.0    -2246.024922 0.245007   -2245.779915 236.93
333.0    -2246.017535 0.201227   -2245.816307 194.60
334.0    -2246.011507 0.296053   -2245.715453 286.30
335.0    -2246.003337 0.235509   -2245.767828 227.75
336.0    -2245.996312 0.210559   -2245.785754 203.62
337.0    -2245.999204 0.210079   -2245.789124 203.16
338.0    -2246.013591 0.268357   -2245.745234 259.51
339.0    -2246.029535 0.226219   -2245.803316 218.76
340.0    -2246.043409 0.231199   -2245.812211 223.58
341.0    -2246.052851 0.261306   -2245.791545 252.69
342.0    -2246.054437 0.230869   -2245.823568 223.26
343.0    -2246.046210 0.305057   -2245.741153 295.00
344.0    -2246.032328 0.269573   -2245.762755 260.69
345.0    -2246.015998 0.260251   -2245.755747 251.67
346.0    -2245.996926 0.229448   -2245.767478 221.89
347.0    -2245.980311 0.262112   -2245.718199 253.47
348.0    -2245.969881 0.264971   -2245.704909 256.24
349.0    -2245.966180 0.208418   -2245.757762 201.55
350.0    -2245.955550 0.235735   -2245.719815 227.97
351.0    -2245.942387 0.240797   -2245.701590 232.86
352.0    -2245.940750 0.261092   -2245.679658 252.49
353.0    -2245.945132 0.214459   -2245.730673 207.39
354.0    -2245.948058 0.247727   -2245.700331 239.56
355.0    -2245.947581 0.246829   -2245.700752 238.69
356.0    -2245.944646 0.199198   -2245.745448 192.63
357.0    -2245.933872 0.219216   -2245.714657 211.99
358.0    -2245.924010 0.252144   -2245.671865 243.83
359.0    -2245.922403 0.284832   -2245.637572 275.44
360.0    -2245.914267 0.228945   -2245.685322 221.40
361.0    -2245.904829 0.261844   -2245.642985 253.21
362.0    -2245.901539 0.238870   -2245.662668 231.00
363.0    -2245.902042 0.280705   -2245.621338 271.45
364.0    -2245.897923 0.270512   -2245.627411 261.60
365.0    -2245.888218 0.268224   -2245.619993 259.38
366.0    -2245.882011 0.238835   -2245.643176 230.96
367.0    -2245.888496 0.246512   -2245.641984 238.39
368.0    -2245.894059 0.228192   -2245.665867 220.67
369.0    -2245.902394 0.279351   -2245.623042 270.14
370.0    -2245.910104 0.301876   -2245.608228 291.93
371.0    -2245.933242 0.277620   -2245.655622 268.47
372.0    -2245.960329 0.313010   -2245.647319 302.69
373.0    -2245.985567 0.291825   -2245.693741 282.21
374.0    -2246.000202 0.245434   -2245.754768 237.35
375.0    -2246.010933 0.276600   -2245.734333 267.48
376.0    -2246.021978 0.269419   -2245.752559 260.54
377.0    -2246.027681 0.207929   -2245.819752 201.08
378.0    -2246.021619 0.250508   -2245.771111 242.25
379.0    -2246.002809 0.194324   -2245.808485 187.92
380.0    -2245.975565 0.212600   -2245.762965 205.59
381.0    -2245.959052 0.230309   -2245.728743 222.72
382.0    -2245.953335 0.261162   -2245.692174 252.55
383.0    -2245.957772 0.262182   -2245.695591 253.54
384.0    -2245.962998 0.272632   -2245.690365 263.65
385.0    -2245.969422 0.231563   -2245.737859 223.93
386.0    -2245.977123 0.226350   -2245.750772 218.89
387.0    -2245.978618 0.306206   -2245.672411 296.11
388.0    -2245.973274 0.211191   -2245.762083 204.23
389.0    -2245.961563 0.280510   -2245.681053 271.27
390.0    -2245.948537 0.210287   -2245.738249 203.36
391.0    -2245.945934 0.298918   -2245.647016 289.07
392.0    -2245.952100 0.303514   -2245.648585 293.51
393.0    -2245.959076 0.284659   -2245.674417 275.28
394.0    -2245.967649 0.250949   -2245.716701 242.68
395.0    -2245.968717 0.243500   -2245.725217 235.48
396.0    -2245.960246 0.240765   -2245.719480 232.83
397.0    -2245.956468 0.236342   -2245.720126 228.55
398.0    -2245.951986 0.297852   -2245.654134 288.04
399.0    -2245.947144 0.221036   -2245.726108 213.75
400.0    -2245.940699 0.232390   -2245.708309 224.73
401.0    -2245.931345 0.249192   -2245.682153 240.98
402.0    -2245.920544 0.291609   -2245.628935 282.00
403.0    -2245.917735 0.225876   -2245.691859 218.43
404.0    -2245.916088 0.304668   -2245.611420 294.63
405.0    -2245.909591 0.242656   -2245.666935 234.66
406.0    -2245.903553 0.263352   -2245.640201 254.67
407.0    -2245.915245 0.238332   -2245.676914 230.48
408.0    -2245.928366 0.296297   -2245.632069 286.53
409.0    -2245.946226 0.318107   -2245.628119 307.62
410.0    -2245.971390 0.286141   -2245.685250 276.71
411.0    -2245.991382 0.362581   -2245.628801 350.63
412.0    -2246.003173 0.326392   -2245.676781 315.64
413.0    -2246.018880 0.290592   -2245.728288 281.02
414.0    -2246.036161 0.289552   -2245.746609 280.01
415.0    -2246.046914 0.293768   -2245.753146 284.09
416.0    -2246.044100 0.266112   -2245.777988 257.34
417.0    -2246.035101 0.279934   -2245.755167 270.71
418.0    -2246.025009 0.274944   -2245.750065 265.88
419.0    -2246.015068 0.294831   -2245.720237 285.11
420.0    -2246.003999 0.358525   -2245.645475 346.71
421.0    -2245.993664 0.225946   -2245.767718 218.50
422.0    -2245.972974 0.252465   -2245.720509 244.14
423.0    -2245.947845 0.208018   -2245.739826 201.16
424.0    -2245.927268 0.273796   -2245.653471 264.77
425.0    -2245.902878 0.281476   -2245.621402 272.20
426.0    -2245.872077 0.213020   -2245.659057 206.00
427.0    -2245.852457 0.221361   -2245.631095 214.07
428.0    -2245.855407 0.327827   -2245.527580 317.02
429.0    -2245.864519 0.335289   -2245.529230 324.24
430.0    -2245.861961 0.264963   -2245.596998 256.23
431.0    -2245.865754 0.288508   -2245.577246 279.00
432.0    -2245.867838 0.234902   -2245.632936 227.16
433.0    -2245.866837 0.262315   -2245.604522 253.67
434.0    -2245.853262 0.255444   -2245.597818 247.03
435.0    -2245.829267 0.300255   -2245.529013 290.36
436.0    -2245.806313 0.218993   -2245.587320 211.78
437.0    -2245.805076 0.245010   -2245.560066 236.93
438.0    -2245.826431 0.286949   -2245.539482 277.49
439.0    -2245.867232 0.288397   -2245.578835 278.89
440.0    -2245.908528 0.390416   -2245.518112 377.55
441.0    -2245.923871 0.196765   -2245.727106 190.28
442.0    -2245.924698 0.278496   -2245.646202 269.32
443.0    -2245.908690 0.230354   -2245.678336 222.76
444.0    -2245.886670 0.287038   -2245.599632 277.58
445.0    -2245.861828 0.269743   -2245.592085 260.85
446.0    -2245.841286 0.269407   -2245.571879 260.53
447.0    -2245.834607 0.297229   -2245.537377 287.43
448.0    -2245.861578 0.270444   -2245.591134 261.53
449.0    -2245.898132 0.309336   -2245.588796 299.14
450.0    -2245.930070 0.286405   -2245.643665 276.97
451.0    -2245.946663 0.352435   -2245.594228 340.82
452.0    -2245.932734 0.298568   -2245.634166 288.73
453.0    -2245.895023 0.248768   -2245.646255 240.57
454.0    -2245.852683 0.254744   -2245.597939 246.35
455.0    -2245.830805 0.273954   -2245.556851 264.92
456.0    -2245.850810 0.251699   -2245.599111 243.40
457.0    -2245.890901 0.313539   -2245.577362 303.21
458.0    -2245.915237 0.255847   -2245.659391 247.41
459.0    -2245.909131 0.252480   -2245.656651 244.16
460.0    -2245.885713 0.316604   -2245.569109 306.17
461.0    -2245.849285 0.279349   -2245.569935 270.14
462.0    -2245.800128 0.230809   -2245.569319 223.20
463.0    -2245.749833 0.255729   -2245.494104 247.30
464.0    -2245.709650 0.242682   -2245.466967 234.68
465.0    -2245.687690 0.309963   -2245.377728 299.75
466.0    -2245.686308 0.272578   -2245.413730 263.59
467.0    -2245.722540 0.307663   -2245.414876 297.52
468.0    -2245.803578 0.412008   -2245.391570 398.43
469.0    -2245.893005 0.365434   -2245.527571 353.39
470.0    -2245.975132 0.457881   -2245.517251 442.79
471.0    -2246.019784 0.300711   -2245.719073 290.80
472.0    -2246.031867 0.402066   -2245.629801 388.82
473.0    -2246.015312 0.286357   -2245.728955 276.92
474.0    -2245.977756 0.297594   -2245.680161 287.79
475.0    -2245.949160 0.278282   -2245.670878 269.11
476.0    -2245.935964 0.332633   -2245.603330 321.67
477.0    -2245.931966 0.255901   -2245.676066 247.47
478.0    -2245.939577 0.318045   -2245.621531 307.56
479.0    -2245.957297 0.268351   -2245.688946 259.51
480.0    -2245.974031 0.359045   -2245.614986 347.21
481.0    -2245.978460 0.328183   -2245.650277 317.37
482.0    -2245.971975 0.295835   -2245.676140 286.08
483.0    -2245.955093 0.219756   -2245.735337 212.51
484.0    -2245.934815 0.249588   -2245.685227 241.36
485.0    -2245.907748 0.314148   -2245.593600 303.80
486.0    -2245.898937 0.229317   -2245.669619 221.76
487.0    -2245.903783 0.272224   -2245.631560 263.25
488.0    -2245.915595 0.363819   -2245.551775 351.83
489.0    -2245.934915 0.293595   -2245.641321 283.92
490.0    -2245.951802 0.383408   -2245.568394 370.77
491.0    -2245.946730 0.336473   -2245.610258 325.38
492.0    -2245.931208 0.307244   -2245.623963 297.12
493.0    -2245.917707 0.164772   -2245.752935 159.34
494.0    -2245.895964 0.234693   -2245.661271 226.96
495.0    -2245.875369 0.302601   -2245.572768 292.63
496.0    -2245.874050 0.312140   -2245.561910 301.85
497.0    -2245.870465 0.329702   -2245.540762 318.84
498.0    -2245.845214 0.287270   -2245.557944 277.80
499.0    -2245.815809 0.356995   -2245.458814 345.23
500.0    -2245.791821 0.376674   -2245.415147 364.26
501.0    -2245.781477 0.322589   -2245.458889 311.96
502.0    -2245.792113 0.305041   -2245.487072 294.99
503.0    -2245.833192 0.317346   -2245.515845 306.89
504.0    -2245.881060 0.374849   -2245.506211 362.50
505.0    -2245.929940 0.416278   -2245.513662 402.56
506.0    -2245.963549 0.317732   -2245.645817 307.26
507.0    -2245.969987 0.365063   -2245.604924 353.03
508.0    -2245.955763 0.245081   -2245.710682 237.00
509.0    -2245.941240 0.326856   -2245.614384 316.08
510.0    -2245.930766 0.366211   -2245.564555 354.14
511.0    -2245.943011 0.306314   -2245.636697 296.22
512.0    -2245.977028 0.362640   -2245.614388 350.69
513.0    -2246.009559 0.393967   -2245.615592 380.98
514.0    -2246.031321 0.257656   -2245.773664 249.17
515.0    -2246.037944 0.317209   -2245.720735 306.75
516.0    -2246.026726 0.339334   -2245.687392 328.15
517.0    -2245.995076 0.298650   -2245.696426 288.81
518.0    -2245.947108 0.278441   -2245.668667 269.26
519.0    -2245.896298 0.297418   -2245.598880 287.62
520.0    -2245.846707 0.291765   -2245.554942 282.15
521.0    -2245.822824 0.270707   -2245.552117 261.79
522.0    -2245.821499 0.280295   -2245.541204 271.06
523.0    -2245.828410 0.330625   -2245.497785 319.73
524.0    -2245.832637 0.328564   -2245.504073 317.74
525.0    -2245.837001 0.300615   -2245.536386 290.71
526.0    -2245.846065 0.394352   -2245.451713 381.36
527.0    -2245.854946 0.303932   -2245.551014 293.92
528.0    -2245.866332 0.317849   -2245.548483 307.37
529.0    -2245.895342 0.387095   -2245.508247 374.34
530.0    -2245.919718 0.340376   -2245.579343 329.16
531.0    -2245.949279 0.371224   -2245.578055 358.99
532.0    -2245.979782 0.320010   -2245.659773 309.46
533.0    -2246.002458 0.317007   -2245.685451 306.56
534.0    -2246.011245 0.351496   -2245.659749 339.91
535.0    -2245.998282 0.335949   -2245.662334 324.88
536.0    -2245.971218 0.256989   -2245.714228 248.52
537.0    -2245.930215 0.271102   -2245.659113 262.17
538.0    -2245.888762 0.264849   -2245.623913 256.12
539.0    -2245.846146 0.339096   -2245.507050 327.92
540.0    -2245.816284 0.307832   -2245.508452 297.69
541.0    -2245.800970 0.315647   -2245.485324 305.24
542.0    -2245.793461 0.348589   -2245.444872 337.10
543.0    -2245.813217 0.252846   -2245.560371 244.51
544.0    -2245.857798 0.427765   -2245.430033 413.67
545.0    -2245.887153 0.411710   -2245.475442 398.14
546.0    -2245.913336 0.333216   -2245.580120 322.23
547.0    -2245.940282 0.378926   -2245.561356 366.44
548.0    -2245.959500 0.360950   -2245.598550 349.05
549.0    -2245.970332 0.335889   -2245.634443 324.82
550.0    -2245.966751 0.331550   -2245.635201 320.62
551.0    -2245.934225 0.281459   -2245.652766 272.18
552.0    -2245.890225 0.347531   -2245.542693 336.08
553.0    -2245.856181 0.352001   -2245.504180 340.40
554.0    -2245.850151 0.352886   -2245.497264 341.26
555.0    -2245.877705 0.332551   -2245.545154 321.59
556.0    -2245.924431 0.344648   -2245.579783 333.29
557.0    -2245.986435 0.440714   -2245.545721 426.19
558.0    -2246.041662 0.431057   -2245.610605 416.85
559.0    -2246.083018 0.385260   -2245.697758 372.56
560.0    -2246.098267 0.287758   -2245.810509 278.27
561.0    -2246.085494 0.322207   -2245.763286 311.59
562.0    -2246.051952 0.305535   -2245.746417 295.47
563.0    -2246.003759 0.380485   -2245.623274 367.95
564.0    -2245.958389 0.276626   -2245.681763 267.51
565.0    -2245.935480 0.268047   -2245.667433 259.21
566.0    -2245.942464 0.405014   -2245.537450 391.67
567.0    -2245.960813 0.342969   -2245.617844 331.67
568.0    -2245.994396 0.339349   -2245.655047 328.17
569.0    -2246.031650 0.430435   -2245.601215 416.25
570.0    -2246.047466 0.332813   -2245.714654 321.84
571.0    -2246.044831 0.253969   -2245.790862 245.60
572.0    -2246.017657 0.468756   -2245.548901 453.31
573.0    -2245.975300 0.280636   -2245.694664 271.39
574.0    -2245.936694 0.236732   -2245.699962 228.93
575.0    -2245.904635 0.271348   -2245.633287 262.41
576.0    -2245.901539 0.232089   -2245.669450 224.44
577.0    -2245.915385 0.284361   -2245.631025 274.99
578.0    -2245.930307 0.356156   -2245.574151 344.42
579.0    -2245.946209 0.418234   -2245.527975 404.45
580.0    -2245.965320 0.333392   -2245.631928 322.40
581.0    -2245.978536 0.357678   -2245.620858 345.89
582.0    -2245.978976 0.381465   -2245.597511 368.89
583.0    -2245.964572 0.348634   -2245.615937 337.14
584.0    -2245.948329 0.321987   -2245.626342 311.38
585.0    -2245.934378 0.332614   -2245.601764 321.65
586.0    -2245.931719 0.322997   -2245.608722 312.35
587.0    -2245.942669 0.332520   -2245.610148 321.56
588.0    -2245.974385 0.357764   -2245.616620 345.97
589.0    -2246.009317 0.319045   -2245.690272 308.53
590.0    -2246.041364 0.449120   -2245.592244 434.32
591.0    -2246.052778 0.388648   -2245.664130 375.84
592.0    -2246.049134 0.328811   -2245.720322 317.97
593.0    -2246.031856 0.332257   -2245.699600 321.31
594.0    -2246.014843 0.305774   -2245.709069 295.70
595.0    -2246.009364 0.276100   -2245.733265 267.00
596.0    -2246.009358 0.352438   -2245.656921 340.82
597.0    -2246.007197 0.324329   -2245.682868 313.64
598.0    -2245.999968 0.331597   -2245.668371 320.67
599.0    -2245.984595 0.371659   -2245.612936 359.41
600.0    -2245.967161 0.400198   -2245.566963 387.01
601.0    -2245.954220 0.298378   -2245.655842 288.54
602.0    -2245.937558 0.378348   -2245.559210 365.88
603.0    -2245.930031 0.434467   -2245.495564 420.15
604.0    -2245.932885 0.310010   -2245.622875 299.79
605.0    -2245.947419 0.381309   -2245.566109 368.74
606.0    -2245.968501 0.375831   -2245.592670 363.45
607.0    -2245.989052 0.331203   -2245.657849 320.29
608.0    -2246.001505 0.384512   -2245.616993 371.84
609.0    -2246.001670 0.444780   -2245.556889 430.12
610.0    -2245.989140 0.376395   -2245.612746 363.99
611.0    -2245.964865 0.250533   -2245.714333 242.28
612.0    -2245.938854 0.221935   -2245.716919 214.62
613.0    -2245.905645 0.337268   -2245.568376 326.15
614.0    -2245.881994 0.287866   -2245.594128 278.38
615.0    -2245.874996 0.353479   -2245.521517 341.83
616.0    -2245.880154 0.307736   -2245.572418 297.59
617.0    -2245.890469 0.392621   -2245.497848 379.68
618.0    -2245.907818 0.300587   -2245.607231 290.68
619.0    -2245.924085 0.353995   -2245.570090 342.33
620.0    -2245.930646 0.400310   -2245.530336 387.12
621.0    -2245.915826 0.399666   -2245.516160 386.49
622.0    -2245.886876 0.351521   -2245.535355 339.94
623.0    -2245.854682 0.248929   -2245.605754 240.72
624.0    -2245.811465 0.273573   -2245.537892 264.56
625.0    -2245.762989 0.282622   -2245.480367 273.31
626.0    -2245.719754 0.335158   -2245.384596 324.11
627.0    -2245.692824 0.345728   -2245.347097 334.33
628.0    -2245.684084 0.444800   -2245.239284 430.14
629.0    -2245.694839 0.442206   -2245.252633 427.63
630.0    -2245.714282 0.344845   -2245.369437 333.48
631.0    -2245.742461 0.337848   -2245.404613 326.71
632.0    -2245.777313 0.383967   -2245.393346 371.31
633.0    -2245.820921 0.375643   -2245.445278 363.26
634.0    -2245.846009 0.372310   -2245.473699 360.04
635.0    -2245.840039 0.357764   -2245.482274 345.97
636.0    -2245.829951 0.348067   -2245.481884 336.60
637.0    -2245.856196 0.428258   -2245.427938 414.14
638.0    -2245.879712 0.347987   -2245.531726 336.52
639.0    -2245.896886 0.373098   -2245.523787 360.80
640.0    -2245.906058 0.365349   -2245.540709 353.31
641.0    -2245.909164 0.349298   -2245.559866 337.79
642.0    -2245.910752 0.399616   -2245.511136 386.45
643.0    -2245.915883 0.350232   -2245.565651 338.69
644.0    -2245.930466 0.403900   -2245.526566 390.59
645.0    -2245.948199 0.361914   -2245.586285 349.99
646.0    -2245.961232 0.438190   -2245.523042 423.75
647.0    -2245.964689 0.431313   -2245.533376 417.10
648.0    -2245.973309 0.372777   -2245.600532 360.49
649.0    -2245.980135 0.336928   -2245.643207 325.82
650.0    -2245.985942 0.350251   -2245.635690 338.71
651.0    -2245.989123 0.385184   -2245.603939 372.49
652.0    -2245.986923 0.497352   -2245.489571 480.96
653.0    -2245.973758 0.410667   -2245.563091 397.13
654.0    -2245.962356 0.389673   -2245.572683 376.83
655.0    -2245.952312 0.306155   -2245.646157 296.07
656.0    -2245.946461 0.327020   -2245.619441 316.24
657.0    -2245.945582 0.281627   -2245.663955 272.35
658.0    -2245.919300 0.429212   -2245.490088 415.07
659.0    -2245.877103 0.318062   -2245.559042 307.58
660.0    -2245.819058 0.335249   -2245.483809 324.20
661.0    -2245.752613 0.355266   -2245.397348 343.56
662.0    -2245.691973 0.344059   -2245.347914 332.72
663.0    -2245.641698 0.288267   -2245.353431 278.77
664.0    -2245.615247 0.368920   -2245.246327 356.76
665.0    -2245.618269 0.413935   -2245.204335 400.29
666.0    -2245.649041 0.483234   -2245.165807 467.31
667.0    -2245.686820 0.357746   -2245.329074 345.96
668.0    -2245.729164 0.417584   -2245.311579 403.82
669.0    -2245.772604 0.471308   -2245.301296 455.78
670.0    -2245.805091 0.371025   -2245.434066 358.80
671.0    -2245.826572 0.448668   -2245.377904 433.88
672.0    -2245.834359 0.366692   -2245.467667 354.61
673.0    -2245.833944 0.369991   -2245.463953 357.80
674.0    -2245.829413 0.275736   -2245.553677 266.65
675.0    -2245.824771 0.438803   -2245.385967 424.34
676.0    -2245.826505 0.427338   -2245.399167 413.25
677.0    -2245.828397 0.338929   -2245.489468 327.76
678.0    -2245.837733 0.373870   -2245.463862 361.55
679.0    -2245.855536 0.459705   -2245.395832 444.55
680.0    -2245.867399 0.447748   -2245.419651 432.99
681.0    -2245.872399 0.451717   -2245.420682 436.83
682.0    -2245.868031 0.357184   -2245.510847 345.41
683.0    -2245.862496 0.411431   -2245.451065 397.87
684.0    -2245.868046 0.345266   -2245.522781 333.89
685.0    -2245.881597 0.413084   -2245.468513 399.47
686.0    -2245.898359 0.384277   -2245.514083 371.61
687.0    -2245.912690 0.391738   -2245.520952 378.83
688.0    -2245.924557 0.331108   -2245.593448 320.20
689.0    -2245.929126 0.355192   -2245.573934 343.49
690.0    -2245.928192 0.450916   -2245.477276 436.06
691.0    -2245.922969 0.340005   -2245.582964 328.80
692.0    -2245.897671 0.386428   -2245.511243 373.69
693.0    -2245.864880 0.383631   -2245.481250 370.99
694.0    -2245.837564 0.378977   -2245.458587 366.49
695.0    -2245.810096 0.296483   -2245.513613 286.71
696.0    -2245.770507 0.347468   -2245.423038 336.02
697.0    -2245.728671 0.301403   -2245.427268 291.47
698.0    -2245.718651 0.356898   -2245.361753 345.14
699.0    -2245.735736 0.442820   -2245.292916 428.23
700.0    -2245.772830 0.398423   -2245.374406 385.29
701.0    -2245.811476 0.472874   -2245.338602 457.29
702.0    -2245.840966 0.467270   -2245.373696 451.87
703.0    -2245.862336 0.374017   -2245.488318 361.69
704.0    -2245.880324 0.440182   -2245.440142 425.67
705.0    -2245.896345 0.450132   -2245.446213 435.30
706.0    -2245.908383 0.375906   -2245.532477 363.52
707.0    -2245.905400 0.337155   -2245.568245 326.04
708.0    -2245.874408 0.311877   -2245.562531 301.60
709.0    -2245.826501 0.292140   -2245.534361 282.51
710.0    -2245.764003 0.294253   -2245.469750 284.56
711.0    -2245.709648 0.383758   -2245.325890 371.11
712.0    -2245.674816 0.304310   -2245.370506 294.28
713.0    -2245.647747 0.368887   -2245.278860 356.73
714.0    -2245.620372 0.360689   -2245.259683 348.80
715.0    -2245.604656 0.316445   -2245.288211 306.02
716.0    -2245.605377 0.424595   -2245.180782 410.60
717.0    -2245.606847 0.393370   -2245.213477 380.41
718.0    -2245.622982 0.400941   -2245.222042 387.73
719.0    -2245.654077 0.425092   -2245.228985 411.08
720.0    -2245.707339 0.484488   -2245.222851 468.52
721.0    -2245.750371 0.380358   -2245.370012 367.82
722.0    -2245.778766 0.418659   -2245.360108 404.86
723.0    -2245.805756 0.410186   -2245.395571 396.67
724.0    -2245.833557 0.454184   -2245.379373 439.22
725.0    -2245.858911 0.493358   -2245.365554 477.10
726.0    -2245.878891 0.332271   -2245.546620 321.32
727.0    -2245.911033 0.461997   -2245.449037 446.77
728.0    -2245.935161 0.543964   -2245.391197 526.04
729.0    -2245.949304 0.423812   -2245.525493 409.84
730.0    -2245.946805 0.454722   -2245.492082 439.74
731.0    -2245.920253 0.311380   -2245.608874 301.12
732.0    -2245.874868 0.319382   -2245.555486 308.86
733.0    -2245.830341 0.379842   -2245.450499 367.32
734.0    -2245.788686 0.438320   -2245.350366 423.87
735.0    -2245.775719 0.388130   -2245.387589 375.34
736.0    -2245.792464 0.406691   -2245.385773 393.29
737.0    -2245.800589 0.386483   -2245.414107 373.75
738.0    -2245.814309 0.385862   -2245.428446 373.15
739.0    -2245.834200 0.411521   -2245.422679 397.96
740.0    -2245.848628 0.492816   -2245.355811 476.57
741.0    -2245.862959 0.385774   -2245.477185 373.06
742.0    -2245.880149 0.405648   -2245.474500 392.28
743.0    -2245.878720 0.394336   -2245.484384 381.34
744.0    -2245.846611 0.454921   -2245.391690 439.93
745.0    -2245.806931 0.403184   -2245.403747 389.90
746.0    -2245.782996 0.332610   -2245.450386 321.65
747.0    -2245.773369 0.354319   -2245.419050 342.64
748.0    -2245.766394 0.451852   -2245.314542 436.96
749.0    -2245.768082 0.419904   -2245.348178 406.07
750.0    -2245.774800 0.454433   -2245.320366 439.46
751.0    -2245.784651 0.423629   -2245.361022 409.67
752.0    -2245.789846 0.436786   -2245.353060 422.39
753.0    -2245.792159 0.509633   -2245.282526 492.84
754.0    -2245.792339 0.342533   -2245.449806 331.24
755.0    -2245.803607 0.370775   -2245.432832 358.56
756.0    -2245.830767 0.411641   -2245.419127 398.07
757.0    -2245.868116 0.480145   -2245.387971 464.32
758.0    -2245.903448 0.462027   -2245.441421 446.80
759.0    -2245.920882 0.470667   -2245.450216 455.15
760.0    -2245.931431 0.423789   -2245.507642 409.82
761.0    -2245.925057 0.420780   -2245.504276 406.91
762.0    -2245.909842 0.358771   -2245.551071 346.95
763.0    -2245.873478 0.499031   -2245.374447 482.58
764.0    -2245.819009 0.417901   -2245.401108 404.13
765.0    -2245.752978 0.470044   -2245.282934 454.55
766.0    -2245.701952 0.348664   -2245.353289 337.17
767.0    -2245.664450 0.349998   -2245.314451 338.46
768.0    -2245.637527 0.377400   -2245.260126 364.96
769.0    -2245.644742 0.387903   -2245.256839 375.12
770.0    -2245.686656 0.436925   -2245.249731 422.53
771.0    -2245.744260 0.417127   -2245.327133 403.38
772.0    -2245.784912 0.498630   -2245.286282 482.20
773.0    -2245.799223 0.456808   -2245.342415 441.75
774.0    -2245.812289 0.452204   -2245.360085 437.30
775.0    -2245.812581 0.436649   -2245.375932 422.26
776.0    -2245.813614 0.389591   -2245.424024 376.75
777.0    -2245.828124 0.480849   -2245.347275 465.00
778.0    -2245.857682 0.428155   -2245.429527 414.04
779.0    -2245.895557 0.503875   -2245.391683 487.27
780.0    -2245.912693 0.558476   -2245.354217 540.07
781.0    -2245.936781 0.404761   -2245.532021 391.42
782.0    -2245.943783 0.438556   -2245.505227 424.10
783.0    -2245.924591 0.539957   -2245.384634 522.16
784.0    -2245.880784 0.419527   -2245.461256 405.70
785.0    -2245.830303 0.316785   -2245.513519 306.34
786.0    -2245.768976 0.462681   -2245.306295 447.43
787.0    -2245.721406 0.405624   -2245.315783 392.26
788.0    -2245.675108 0.595230   -2245.079879 575.61
789.0    -2245.634239 0.323348   -2245.310891 312.69
790.0    -2245.607824 0.423829   -2245.183995 409.86
791.0    -2245.612866 0.434503   -2245.178363 420.18
792.0    -2245.649598 0.523331   -2245.126267 506.08
793.0    -2245.685307 0.455230   -2245.230076 440.23
794.0    -2245.722544 0.534048   -2245.188496 516.45
795.0    -2245.757732 0.426714   -2245.331019 412.65
796.0    -2245.774326 0.406930   -2245.367396 393.52
797.0    -2245.770303 0.377523   -2245.392780 365.08
798.0    -2245.752746 0.375524   -2245.377222 363.15
799.0    -2245.731524 0.489543   -2245.241980 473.41
800.0    -2245.750018 0.424509   -2245.325509 410.52
801.0    -2245.814536 0.373666   -2245.440870 361.35
802.0    -2245.903803 0.482097   -2245.421706 466.21
803.0    -2245.983435 0.466973   -2245.516462 451.58
804.0    -2246.036225 0.518639   -2245.517587 501.55
805.0    -2246.051692 0.515701   -2245.535991 498.70
806.0    -2246.029282 0.456062   -2245.573220 441.03
807.0    -2245.976134 0.470163   -2245.505971 454.67
808.0    -2245.918529 0.377816   -2245.540713 365.36
809.0    -2245.877329 0.309503   -2245.567826 299.30
810.0    -2245.849740 0.600622   -2245.249118 580.83
811.0    -2245.836769 0.399991   -2245.436777 386.81
812.0    -2245.828407 0.430759   -2245.397648 416.56
813.0    -2245.822763 0.475447   -2245.347315 459.78
814.0    -2245.815169 0.493392   -2245.321777 477.13
815.0    -2245.807246 0.310207   -2245.497038 299.98
816.0    -2245.796378 0.420110   -2245.376268 406.26
817.0    -2245.759000 0.374626   -2245.384374 362.28
818.0    -2245.723642 0.479046   -2245.244596 463.26
819.0    -2245.697732 0.376549   -2245.321183 364.14
820.0    -2245.667329 0.394711   -2245.272618 381.70
821.0    -2245.661485 0.524363   -2245.137122 507.08
822.0    -2245.659110 0.506871   -2245.152239 490.17
823.0    -2245.647843 0.549191   -2245.098652 531.09
824.0    -2245.626676 0.398975   -2245.227701 385.83
825.0    -2245.613407 0.474089   -2245.139317 458.46
826.0    -2245.597266 0.334646   -2245.262620 323.62
827.0    -2245.605674 0.499101   -2245.106573 482.65
828.0    -2245.636644 0.417872   -2245.218772 404.10
829.0    -2245.654504 0.407931   -2245.246573 394.49
830.0    -2245.698169 0.438020   -2245.260149 423.58
831.0    -2245.766267 0.617485   -2245.148782 597.14
832.0    -2245.844576 0.709248   -2245.135328 685.87
833.0    -2245.912841 0.564395   -2245.348446 545.79
834.0    -2245.958783 0.407446   -2245.551337 394.02
835.0    -2245.987084 0.581250   -2245.405834 562.09
836.0    -2245.986386 0.510663   -2245.475723 493.83
837.0    -2245.962413 0.613396   -2245.349017 593.18
838.0    -2245.933961 0.524442   -2245.409519 507.16
839.0    -2245.918777 0.455259   -2245.463517 440.26
840.0    -2245.913501 0.647530   -2245.265970 626.19
841.0    -2245.905977 0.488311   -2245.417666 472.22
842.0    -2245.922390 0.486009   -2245.436381 469.99
843.0    -2245.957702 0.475250   -2245.482453 459.59
844.0    -2245.978803 0.455628   -2245.523175 440.61
845.0    -2245.979292 0.447962   -2245.531331 433.20
846.0    -2245.972120 0.450615   -2245.521505 435.76
847.0    -2245.959091 0.414290   -2245.544801 400.64
848.0    -2245.948143 0.329779   -2245.618364 318.91
849.0    -2245.939092 0.442036   -2245.497056 427.47
850.0    -2245.937458 0.387032   -2245.550426 374.28
851.0    -2245.930763 0.385692   -2245.545072 372.98
852.0    -2245.908062 0.479162   -2245.428899 463.37
853.0    -2245.867304 0.316579   -2245.550725 306.15
854.0    -2245.806183 0.372814   -2245.433369 360.53
855.0    -2245.747434 0.384300   -2245.363135 371.63
856.0    -2245.721818 0.378575   -2245.343243 366.10
857.0    -2245.727970 0.507912   -2245.220058 491.17
858.0    -2245.768936 0.427773   -2245.341163 413.67
859.0    -2245.804151 0.461068   -2245.343083 445.87
860.0    -2245.824019 0.603804   -2245.220215 583.90
861.0    -2245.818334 0.564010   -2245.254323 545.42
862.0    -2245.800817 0.471870   -2245.328948 456.32
863.0    -2245.780649 0.467535   -2245.313113 452.13
864.0    -2245.771202 0.520881   -2245.250321 503.72
865.0    -2245.775538 0.460580   -2245.314959 445.40
866.0    -2245.789741 0.374010   -2245.415731 361.68
867.0    -2245.804666 0.482571   -2245.322095 466.67
868.0    -2245.833200 0.527618   -2245.305582 510.23
869.0    -2245.878580 0.479283   -2245.399297 463.49
870.0    -2245.926769 0.666962   -2245.259807 644.98
871.0    -2245.960654 0.527538   -2245.433116 510.15
872.0    -2245.986773 0.433951   -2245.552821 419.65
873.0    -2246.006563 0.553496   -2245.453067 535.26
874.0    -2246.006272 0.384201   -2245.622071 371.54
875.0    -2245.991776 0.393625   -2245.598152 380.65
876.0    -2245.963718 0.320241   -2245.643477 309.69
877.0    -2245.931035 0.397300   -2245.533735 384.21
878.0    -2245.896129 0.490359   -2245.405770 474.20
879.0    -2245.865182 0.489619   -2245.375563 473.48
880.0    -2245.835089 0.436627   -2245.398463 422.24
881.0    -2245.800367 0.402456   -2245.397910 389.19
882.0    -2245.769586 0.298505   -2245.471081 288.67
883.0    -2245.746278 0.474546   -2245.271732 458.91
884.0    -2245.725641 0.450567   -2245.275074 435.72
885.0    -2245.702324 0.450728   -2245.251595 435.87
886.0    -2245.683677 0.446747   -2245.236930 432.02
887.0    -2245.663526 0.408832   -2245.254694 395.36
888.0    -2245.638511 0.335516   -2245.302995 324.46
889.0    -2245.607739 0.504054   -2245.103685 487.44
890.0    -2245.584287 0.401114   -2245.183173 387.89
891.0    -2245.606503 0.357626   -2245.248877 345.84
892.0    -2245.681817 0.555885   -2245.125932 537.56
893.0    -2245.752283 0.510378   -2245.241905 493.56
894.0    -2245.817497 0.732592   -2245.084905 708.45
895.0    -2245.850814 0.460337   -2245.390478 445.17
896.0    -2245.872764 0.462204   -2245.410560 446.97
897.0    -2245.901632 0.469490   -2245.432143 454.02
898.0    -2245.919437 0.439765   -2245.479672 425.27
899.0    -2245.908746 0.502239   -2245.406508 485.69
900.0    -2245.870872 0.453411   -2245.417461 438.47
901.0    -2245.814697 0.368774   -2245.445922 356.62
902.0    -2245.818982 0.562749   -2245.256233 544.20
903.0    -2245.853568 0.486463   -2245.367105 470.43
904.0    -2245.904406 0.537493   -2245.366913 519.78
905.0    -2245.948994 0.545440   -2245.403554 527.46
906.0    -2245.957572 0.570726   -2245.386846 551.92
907.0    -2245.917951 0.545723   -2245.372229 527.74
908.0    -2245.851880 0.408747   -2245.443133 395.28
909.0    -2245.782882 0.529634   -2245.253248 512.18
910.0    -2245.745485 0.517298   -2245.228187 500.25
911.0    -2245.727383 0.523483   -2245.203899 506.23
912.0    -2245.720753 0.506261   -2245.214492 489.58
913.0    -2245.739721 0.602290   -2245.137431 582.44
914.0    -2245.760237 0.575922   -2245.184315 556.94
915.0    -2245.783632 0.498561   -2245.285071 482.13
916.0    -2245.813369 0.542269   -2245.271100 524.40
917.0    -2245.831717 0.405818   -2245.425898 392.44
918.0    -2245.828563 0.569830   -2245.258733 551.05
919.0    -2245.778953 0.505076   -2245.273877 488.43
920.0    -2245.719068 0.407547   -2245.311520 394.12
921.0    -2245.677411 0.487404   -2245.190007 471.34
922.0    -2245.676538 0.545181   -2245.131358 527.21
923.0    -2245.715574 0.448853   -2245.266721 434.06
924.0    -2245.777413 0.586627   -2245.190786 567.29
925.0    -2245.843418 0.613365   -2245.230053 593.15
926.0    -2245.895118 0.444555   -2245.450564 429.90
927.0    -2245.919990 0.415927   -2245.504064 402.22
928.0    -2245.914000 0.382151   -2245.531850 369.56
929.0    -2245.872021 0.405298   -2245.466723 391.94
930.0    -2245.812013 0.401783   -2245.410230 388.54
931.0    -2245.760475 0.501600   -2245.258874 485.07
932.0    -2245.746635 0.398284   -2245.348351 385.16
933.0    -2245.798887 0.410069   -2245.388817 396.55
934.0    -2245.892429 0.671370   -2245.221059 649.24
935.0    -2245.976000 0.506957   -2245.469043 490.25
936.0    -2246.021420 0.609461   -2245.411958 589.38
937.0    -2246.021852 0.399964   -2245.621888 386.78
938.0    -2245.999448 0.456257   -2245.543191 441.22
939.0    -2245.972045 0.412494   -2245.559551 398.90
940.0    -2245.953110 0.487733   -2245.465377 471.66
941.0    -2245.957346 0.458643   -2245.498703 443.53
942.0    -2245.971514 0.467672   -2245.503842 452.26
943.0    -2245.978888 0.511004   -2245.467885 494.16
944.0    -2245.974818 0.470003   -2245.504815 454.51
945.0    -2245.962496 0.519485   -2245.443011 502.36
946.0    -2245.952680 0.580740   -2245.371940 561.60
947.0    -2245.961586 0.482259   -2245.479328 466.36
948.0    -2245.970541 0.365768   -2245.604774 353.71
949.0    -2245.959945 0.584229   -2245.375716 564.98
950.0    -2245.928786 0.440261   -2245.488525 425.75
951.0    -2245.877568 0.379526   -2245.498041 367.02
952.0    -2245.826812 0.573338   -2245.253473 554.44
953.0    -2245.795967 0.464841   -2245.331126 449.52
954.0    -2245.778188 0.416245   -2245.361942 402.53
955.0    -2245.797107 0.591203   -2245.205904 571.72
956.0    -2245.836486 0.535708   -2245.300777 518.05
957.0    -2245.870203 0.560953   -2245.309251 542.47
958.0    -2245.879735 0.449240   -2245.430495 434.43
959.0    -2245.888404 0.403423   -2245.484981 390.13
960.0    -2245.899269 0.540847   -2245.358421 523.02
961.0    -2245.892310 0.558688   -2245.333622 540.28
962.0    -2245.877726 0.578596   -2245.299130 559.53
963.0    -2245.858302 0.536613   -2245.321689 518.93
964.0    -2245.854535 0.508468   -2245.346067 491.71
965.0    -2245.862052 0.561979   -2245.300073 543.46
966.0    -2245.880930 0.507208   -2245.373722 490.49
967.0    -2245.897793 0.589412   -2245.308380 569.99
968.0    -2245.896082 0.517130   -2245.378953 500.09
969.0    -2245.877081 0.575321   -2245.301760 556.36
970.0    -2245.859427 0.525625   -2245.333802 508.30
971.0    -2245.860101 0.498824   -2245.361277 482.38
972.0    -2245.869065 0.579942   -2245.289123 560.83
973.0    -2245.909905 0.452865   -2245.457040 437.94
974.0    -2245.970171 0.487397   -2245.482773 471.33
975.0    -2246.021782 0.548176   -2245.473606 530.11
976.0    -2246.058784 0.490960   -2245.567824 474.78
977.0    -2246.072779 0.514244   -2245.558535 497.30
978.0    -2246.057819 0.514621   -2245.543198 497.66
979.0    -2246.019645 0.395783   -2245.623862 382.74
980.0    -2245.958739 0.351828   -2245.606911 340.23
981.0    -2245.893998 0.473498   -2245.420500 457.89
982.0    -2245.834221 0.496404   -2245.337817 480.04
983.0    -2245.787449 0.440596   -2245.346852 426.08
984.0    -2245.772157 0.535524   -2245.236634 517.87
985.0    -2245.776531 0.500835   -2245.275697 484.33
986.0    -2245.791941 0.416474   -2245.375466 402.75
987.0    -2245.827071 0.541867   -2245.285205 524.01
988.0    -2245.855041 0.559270   -2245.295771 540.84
989.0    -2245.885938 0.610784   -2245.275154 590.65
990.0    -2245.912142 0.592534   -2245.319608 573.01
991.0    -2245.930300 0.445083   -2245.485218 430.41
992.0    -2245.945498 0.484931   -2245.460567 468.95
993.0    -2245.943343 0.553656   -2245.389687 535.41
994.0    -2245.928176 0.533275   -2245.394901 515.70
995.0    -2245.895478 0.497414   -2245.398064 481.02
996.0    -2245.859584 0.458352   -2245.401232 443.25
997.0    -2245.833266 0.368862   -2245.464404 356.71
998.0    -2245.801909 0.542458   -2245.259451 524.58
999.0    -2245.788916 0.531964   -2245.256953 514.43
1000.0   -2245.805851 0.472226   -2245.333624 456.66
