# step       rmse_val    rmse_trn    rmse_e_val  rmse_e_trn    rmse_f_val  rmse_f_trn   lr      
# If there is no available reference data, rmse_*_{val,trn} will print nan
      1      5.84e+01    3.09e+01      1.14e-01    1.15e+00      1.85e+00    9.77e-01    1.0e-03
   1000      6.03e+00    6.22e+00      3.56e-01    3.50e-01      1.91e-01    1.97e-01    1.0e-03
   2000      3.87e+00    3.85e+00      1.99e-02    3.72e-02      1.23e-01    1.22e-01    1.0e-03
   3000      4.73e+00    3.43e+00      4.42e-03    9.44e-03      1.49e-01    1.08e-01    1.0e-03
   4000      2.69e+00    3.03e+00      2.33e-02    1.79e-02      8.51e-02    9.57e-02    1.0e-03
   5000      2.72e+00    2.62e+00      3.17e-03    2.61e-03      8.61e-02    8.28e-02    1.0e-03
   6000      1.62e+00    1.89e+00      5.85e-03    3.95e-03      6.60e-02    7.71e-02    6.0e-04
   7000      2.01e+00    1.74e+00      2.99e-03    7.83e-03      8.21e-02    7.12e-02    6.0e-04
   8000      1.65e+00    1.42e+00      1.10e-02    1.63e-03      6.74e-02    5.81e-02    6.0e-04
   9000      1.59e+00    1.31e+00      1.86e-02    8.59e-03      6.48e-02    5.34e-02    6.0e-04
  10000      1.95e+00    1.77e+00      2.61e-02    1.82e-02      7.97e-02    7.22e-02    6.0e-04
  11000      1.05e+00    1.07e+00      4.07e-03    6.83e-03      5.52e-02    5.66e-02    3.6e-04
  12000      1.18e+00    1.37e+00      1.72e-02    1.13e-02      6.25e-02    7.21e-02    3.6e-04
  13000      1.13e+00    1.05e+00      6.62e-03    2.36e-03      5.98e-02    5.56e-02    3.6e-04
  14000      9.10e-01    1.03e+00      5.75e-03    9.13e-03      4.80e-02    5.41e-02    3.6e-04
  15000      1.21e+00    1.24e+00      3.27e-03    3.13e-03      6.37e-02    6.54e-02    3.6e-04
  16000      7.92e-01    7.36e-01      2.36e-03    5.84e-03      5.40e-02    5.02e-02    2.1e-04
  17000      7.33e-01    7.59e-01      1.63e-02    1.80e-02      4.98e-02    5.16e-02    2.1e-04
  18000      8.89e-01    6.77e-01      4.07e-03    6.90e-03      6.06e-02    4.61e-02    2.1e-04
  19000      6.71e-01    5.49e-01      2.47e-03    3.50e-03      4.57e-02    3.74e-02    2.1e-04
  20000      5.32e-01    5.41e-01      2.11e-03    5.15e-03      3.63e-02    3.69e-02    2.1e-04
  21000      3.45e-01    4.06e-01      2.87e-03    4.89e-03      3.03e-02    3.57e-02    1.3e-04
  22000      5.25e-01    5.24e-01      1.91e-03    2.57e-03      4.61e-02    4.61e-02    1.3e-04
  23000      3.30e-01    4.78e-01      6.15e-03    5.24e-03      2.89e-02    4.20e-02    1.3e-04
  24000      4.90e-01    3.71e-01      1.11e-02    1.18e-02      4.30e-02    3.25e-02    1.3e-04
  25000      5.66e-01    3.70e-01      1.42e-03    4.81e-04      4.97e-02    3.26e-02    1.3e-04
  26000      2.94e-01    2.44e-01      2.86e-03    3.25e-03      3.32e-02    2.77e-02    7.7e-05
  27000      4.03e-01    3.13e-01      1.41e-03    8.09e-04      4.57e-02    3.55e-02    7.7e-05
  28000      2.97e-01    3.32e-01      4.92e-03    3.79e-03      3.37e-02    3.76e-02    7.7e-05
  29000      4.98e-01    2.79e-01      2.65e-03    3.68e-03      5.64e-02    3.16e-02    7.7e-05
  30000      4.29e-01    2.65e-01      4.49e-03    3.49e-03      4.86e-02    3.01e-02    7.7e-05
  31000      2.48e-01    2.10e-01      2.37e-03    1.95e-03      3.61e-02    3.06e-02    4.6e-05
  32000      2.98e-01    2.33e-01      1.24e-03    2.10e-03      4.34e-02    3.39e-02    4.6e-05
  33000      2.66e-01    2.09e-01      3.63e-03    4.54e-03      3.88e-02    3.04e-02    4.6e-05
  34000      1.93e-01    2.10e-01      1.42e-03    1.19e-03      2.81e-02    3.06e-02    4.6e-05
  35000      1.94e-01    1.76e-01      1.88e-03    4.31e-04      2.83e-02    2.56e-02    4.6e-05
  36000      2.04e-01    1.55e-01      1.24e-03    1.14e-03      3.82e-02    2.90e-02    2.8e-05
  37000      1.41e-01    1.54e-01      3.35e-03    2.65e-03      2.64e-02    2.88e-02    2.8e-05
  38000      1.38e-01    1.65e-01      7.37e-04    1.14e-03      2.58e-02    3.08e-02    2.8e-05
  39000      8.83e-02    1.40e-01      1.19e-03    1.71e-03      1.65e-02    2.62e-02    2.8e-05
  40000      1.57e-01    1.96e-01      1.85e-03    1.68e-03      2.93e-02    3.67e-02    2.8e-05
  41000      1.23e-01    1.34e-01      1.18e-03    9.76e-04      2.93e-02    3.20e-02    1.7e-05
  42000      1.37e-01    1.17e-01      1.14e-03    7.62e-04      3.28e-02    2.79e-02    1.7e-05
  43000      1.62e-01    1.25e-01      1.99e-03    1.72e-03      3.86e-02    2.98e-02    1.7e-05
  44000      1.37e-01    9.49e-02      1.77e-03    2.01e-03      3.27e-02    2.26e-02    1.7e-05
  45000      1.34e-01    1.28e-01      3.63e-04    8.06e-04      3.21e-02    3.07e-02    1.7e-05
  46000      9.13e-02    9.59e-02      1.07e-03    1.59e-03      2.77e-02    2.90e-02    9.9e-06
  47000      9.86e-02    1.05e-01      1.16e-03    1.06e-03      2.99e-02    3.17e-02    9.9e-06
  48000      8.92e-02    9.40e-02      8.32e-04    1.21e-03      2.70e-02    2.85e-02    9.9e-06
  49000      1.27e-01    8.52e-02      1.09e-03    8.21e-04      3.86e-02    2.58e-02    9.9e-06
  50000      1.08e-01    8.12e-02      8.85e-04    3.45e-04      3.28e-02    2.46e-02    9.9e-06
  51000      1.06e-01    1.02e-01      1.02e-03    1.39e-03      4.03e-02    3.86e-02    5.9e-06
  52000      8.29e-02    7.49e-02      9.48e-04    1.00e-03      3.15e-02    2.85e-02    5.9e-06
  53000      8.42e-02    6.79e-02      3.60e-04    9.54e-04      3.20e-02    2.58e-02    5.9e-06
  54000      9.60e-02    5.15e-02      9.88e-04    4.61e-04      3.65e-02    1.96e-02    5.9e-06
  55000      6.85e-02    5.18e-02      6.60e-04    1.93e-04      2.60e-02    1.97e-02    5.9e-06
  56000      7.31e-02    4.95e-02      1.26e-03    8.30e-04      3.42e-02    2.32e-02    3.5e-06
  57000      6.50e-02    5.40e-02      6.92e-04    3.78e-04      3.05e-02    2.53e-02    3.5e-06
  58000      7.68e-02    6.07e-02      9.03e-04    8.71e-04      3.60e-02    2.85e-02    3.5e-06
  59000      7.39e-02    6.13e-02      9.60e-04    1.15e-03      3.46e-02    2.87e-02    3.5e-06
  60000      5.01e-02    5.12e-02      1.17e-03    8.54e-04      2.34e-02    2.40e-02    3.5e-06
  61000      5.33e-02    6.41e-02      7.05e-04    1.06e-03      3.02e-02    3.62e-02    2.1e-06
  62000      4.40e-02    4.27e-02      4.16e-04    6.67e-04      2.49e-02    2.41e-02    2.1e-06
  63000      6.28e-02    5.52e-02      8.50e-04    7.10e-04      3.55e-02    3.12e-02    2.1e-06
  64000      3.03e-02    7.26e-02      4.35e-04    1.37e-03      1.71e-02    4.10e-02    2.1e-06
  65000      5.12e-02    5.13e-02      7.90e-04    6.51e-04      2.90e-02    2.90e-02    2.1e-06
  66000      5.51e-02    4.79e-02      4.77e-04    1.06e-03      3.66e-02    3.17e-02    1.3e-06
  67000      5.75e-02    5.20e-02      7.69e-04    1.12e-03      3.81e-02    3.44e-02    1.3e-06
  68000      5.04e-02    2.81e-02      1.01e-03    5.94e-04      3.34e-02    1.86e-02    1.3e-06
  69000      5.81e-02    2.88e-02      1.17e-03    2.64e-04      3.85e-02    1.91e-02    1.3e-06
  70000      4.32e-02    3.24e-02      8.68e-04    2.80e-04      2.86e-02    2.15e-02    1.3e-06
  71000      3.73e-02    3.23e-02      8.80e-04    2.59e-04      2.81e-02    2.44e-02    7.6e-07
  72000      6.29e-02    4.08e-02      1.40e-03    9.83e-04      4.73e-02    3.07e-02    7.6e-07
  73000      4.66e-02    3.67e-02      1.05e-03    8.76e-04      3.50e-02    2.76e-02    7.6e-07
  74000      3.89e-02    3.57e-02      9.75e-04    4.41e-04      2.92e-02    2.69e-02    7.6e-07
  75000      2.86e-02    3.78e-02      6.93e-04    1.20e-03      2.15e-02    2.84e-02    7.6e-07
  76000      2.94e-02    4.98e-02      4.51e-04    8.57e-04      2.43e-02    4.13e-02    4.6e-07
  77000      2.88e-02    4.00e-02      3.78e-04    6.77e-04      2.39e-02    3.31e-02    4.6e-07
  78000      4.13e-02    2.70e-02      4.19e-04    8.88e-04      3.42e-02    2.23e-02    4.6e-07
  79000      4.81e-02    3.62e-02      9.66e-04    7.21e-04      3.98e-02    3.00e-02    4.6e-07
  80000      4.11e-02    3.42e-02      9.04e-04    3.60e-04      3.40e-02    2.83e-02    4.6e-07
  81000      3.20e-02    2.48e-02      1.07e-03    1.73e-04      2.82e-02    2.20e-02    2.7e-07
  82000      3.45e-02    3.28e-02      6.76e-04    6.94e-04      3.06e-02    2.90e-02    2.7e-07
  83000      3.00e-02    2.42e-02      2.54e-04    2.50e-04      2.66e-02    2.14e-02    2.7e-07
  84000      2.52e-02    3.05e-02      3.11e-04    5.71e-04      2.23e-02    2.70e-02    2.7e-07
  85000      2.74e-02    3.51e-02      3.79e-04    9.77e-04      2.43e-02    3.10e-02    2.7e-07
  86000      3.86e-02    3.61e-02      8.64e-04    6.85e-04      3.57e-02    3.34e-02    1.6e-07
  87000      3.85e-02    2.02e-02      9.78e-04    7.56e-04      3.56e-02    1.87e-02    1.6e-07
  88000      2.54e-02    2.39e-02      3.23e-04    3.13e-04      2.36e-02    2.22e-02    1.6e-07
  89000      3.57e-02    2.95e-02      4.60e-04    7.79e-04      3.30e-02    2.72e-02    1.6e-07
  90000      2.21e-02    3.34e-02      1.78e-04    1.12e-03      2.05e-02    3.08e-02    1.6e-07
  91000      3.38e-02    2.49e-02      4.92e-04    5.39e-04      3.22e-02    2.37e-02    9.8e-08
  92000      3.17e-02    3.03e-02      6.38e-04    8.79e-04      3.02e-02    2.88e-02    9.8e-08
  93000      3.33e-02    2.68e-02      8.69e-04    2.63e-04      3.17e-02    2.55e-02    9.8e-08
  94000      2.47e-02    3.00e-02      1.02e-03    1.17e-03      2.34e-02    2.84e-02    9.8e-08
  95000      3.34e-02    3.26e-02      8.31e-04    7.29e-04      3.18e-02    3.11e-02    9.8e-08
  96000      4.08e-02    3.38e-02      5.76e-04    1.02e-03      3.96e-02    3.28e-02    5.9e-08
  97000      2.34e-02    2.84e-02      8.04e-04    6.01e-04      2.27e-02    2.76e-02    5.9e-08
  98000      2.16e-02    2.18e-02      6.29e-04    5.05e-04      2.09e-02    2.12e-02    5.9e-08
  99000      2.31e-02    2.90e-02      2.90e-04    1.07e-03      2.24e-02    2.81e-02    5.9e-08
 100000      2.70e-02    2.94e-02      5.30e-04    8.18e-04      2.62e-02    2.85e-02    5.9e-08
