================================================================================
BEGIN CALCULATION - 2026-04-15 10:52:49
================================================================================


         ######  ########     ###    ########   ######  
        ##    ## ##     ##   ## ##   ##     ## ##    ## 
        ##       ##     ##  ##   ##  ##     ## ##       
         ######  ########  ##     ## ########  ##       
              ## ##        ######### ##   ##   ##       
        ##    ## ##        ##     ## ##    ##  ##    ## 
         ######  ##        ##     ## ##     ##  ###### 
         --v0.2.0

[SPARC][INFO] SPARC: Smart Potential with Atomistic Rare Events & Continuous Learning
[SPARC][INFO] Version: 0.2.0

[SPARC][INFO] ================================================================================
[SPARC][INFO] Working directory: /home/rverma7/My_Program/0.3_sparc/examples/ORCA
[SPARC][INFO] Configuration file: input.yaml
[SPARC][INFO] 
[SPARC][INFO] ================================================================================
[SPARC][INFO]                     YAML configuration loaded successfully!                     
[SPARC][INFO] ================================================================================
[SPARC][INFO] 
[SPARC][WARNING] WARNING: Structure has periodic cell/PBC but the calculator is non-periodic.
[SPARC][WARNING]          Removing cell and PBC. This will not affect the calculation.
[SPARC][INFO] 
[SPARC][INFO] Using structure file: ../AmmoniaBorate.xyz
[SPARC][INFO] WORKFLOW PARAMETERS :
[SPARC][INFO] ---------------------
[SPARC][INFO] Structure FileName/s           ../AmmoniaBorate.xyz
[SPARC][INFO] Number of Atoms                8
[SPARC][INFO] Chemical Formula               H6BN
[SPARC][INFO] 
[SPARC][INFO] DFT Engine                     ORCA
[SPARC][INFO] DFT Tempelate File             orca_template.inp
[SPARC][INFO] DFT Executable                 /home/rverma7/Softwares/ORCA/orca
[SPARC][INFO] 
[SPARC][INFO] Active Learning                Disabled
[SPARC][INFO] ================================================================================
[SPARC][INFO] 
[SPARC][INFO] Creating Directories for Iteration: 000000
[SPARC][INFO] ================================================================================
[SPARC][INFO] ├── iter_000000
[SPARC][INFO] │   ├── 00.dft
[SPARC][INFO] │   ├── 01.train
[SPARC][INFO] │   └── 02.dpmd
[SPARC][INFO] 
[SPARC][INFO] Setting up ORCA calculator...
[SPARC][INFO]  ORCA parallel requested (nprocs=4)
[SPARC][INFO]  mpirun: /home/prg/Softwares/openmpi-5.0.0/bin/mpirun
[SPARC][INFO]  Ensure load MPI libraries before proceeding.
[SPARC][INFO] --------------------------------------------------
[SPARC][INFO]                  ORCA CALCULATOR                  
[SPARC][INFO] --------------------------------------------------
[SPARC][INFO]  Executable           /home/rverma7/Softwares/ORCA/orca
[SPARC][INFO]  Charge, Mult         : 0, 1
[SPARC][INFO]  Simple Input         PBE 3-21G Engrad
[SPARC][INFO]  ORCA Blocks           
[SPARC][INFO]    %scf Convergence tight
[SPARC][INFO]     maxiter 300 end
[SPARC][INFO]     %pal nprocs 4 end
[SPARC][INFO] --------------------------------------------------
[SPARC][INFO] ORCA calculator setup successfully
[SPARC][INFO] ================================================================================
[SPARC][INFO]                     Ab-initio MD using NVT-Langevin at 300K                     
[SPARC][INFO] MD Ensemble                    NVT
[SPARC][INFO] Temperature                    300.0 K
[SPARC][INFO] MD Thermostat                  Langevin
[SPARC][INFO] Timestep                       0.50 fs
[SPARC][INFO] AIMD Steps                     100
[SPARC][INFO] Output Trajectory              AseMD.traj
[SPARC][INFO] Output Logfile                 AseMD.log
[SPARC][INFO] 
[SPARC][INFO] 
[SPARC][INFO] --------------------------------------------------------------------------------
[SPARC][INFO] Step     Epot (eV)    Ekin (eV)    Temp (K)   P (GPa)    V (Ang.^3)
[SPARC][INFO] --------------------------------------------------------------------------------
[SPARC][INFO] 0         -2245.9067      0.3102    300.00
[SPARC][INFO] 1         -2245.9063      0.3651    353.04
[SPARC][INFO] 2         -2245.8816      0.3322    321.29
[SPARC][INFO] 3         -2245.8392      0.3065    296.41
[SPARC][INFO] 4         -2245.8109      0.2788    269.58
[SPARC][INFO] 5         -2245.8055      0.2677    258.91
[SPARC][INFO] 6         -2245.8047      0.2463    238.20
[SPARC][INFO] 7         -2245.8251      0.2517    243.42
[SPARC][INFO] 8         -2245.8541      0.3183    307.79
[SPARC][INFO] 9         -2245.8904      0.4494    434.62
[SPARC][INFO] 10        -2245.9271      0.4598    444.64
[SPARC][INFO] 11        -2245.9549      0.4708    455.32
[SPARC][INFO] 12        -2245.9690      0.4274    413.34
[SPARC][INFO] 13        -2245.9832      0.4567    441.62
[SPARC][INFO] 14        -2245.9782      0.5021    485.55
[SPARC][INFO] 15        -2245.9627      0.4268    412.70
[SPARC][INFO] 16        -2245.9488      0.4357    421.35
[SPARC][INFO] 17        -2245.9232      0.3539    342.26
[SPARC][INFO] 18        -2245.9011      0.2791    269.86
[SPARC][INFO] 19        -2245.8925      0.2715    262.60
[SPARC][INFO] 20        -2245.8960      0.3317    320.80
[SPARC][INFO] 21        -2245.9029      0.3723    360.00
[SPARC][INFO] 22        -2245.9067      0.4064    393.05
[SPARC][INFO] 23        -2245.8921      0.3012    291.24
[SPARC][INFO] 24        -2245.8749      0.2652    256.44
[SPARC][INFO] 25        -2245.8919      0.2644    255.65
[SPARC][INFO] 26        -2245.9355      0.3058    295.69
[SPARC][INFO] 27        -2245.9802      0.4092    395.67
[SPARC][INFO] 28        -2246.0092      0.5064    489.73
[SPARC][INFO] 29        -2246.0078      0.5506    532.50
[SPARC][INFO] 30        -2245.9719      0.6091    589.02
[SPARC][INFO] 31        -2245.9109      0.5570    538.69
[SPARC][INFO] 32        -2245.8401      0.5004    483.93
[SPARC][INFO] 33        -2245.7769      0.4274    413.31
[SPARC][INFO] 34        -2245.7259      0.2702    261.25
[SPARC][INFO] 35        -2245.7061      0.2386    230.74
[SPARC][INFO] 36        -2245.7167      0.2703    261.35
[SPARC][INFO] 37        -2245.7502      0.2996    289.75
[SPARC][INFO] 38        -2245.7774      0.4010    387.76
[SPARC][INFO] 39        -2245.7867      0.3466    335.21
[SPARC][INFO] 40        -2245.7855      0.3761    363.72
[SPARC][INFO] 41        -2245.7809      0.3645    352.49
[SPARC][INFO] 42        -2245.7951      0.4288    414.67
[SPARC][INFO] 43        -2245.8142      0.3892    376.33
[SPARC][INFO] 44        -2245.8347      0.4114    397.80
[SPARC][INFO] 45        -2245.8527      0.4254    411.36
[SPARC][INFO] 46        -2245.8677      0.4284    414.25
[SPARC][INFO] 47        -2245.8734      0.3201    309.51
[SPARC][INFO] 48        -2245.8861      0.4354    421.06
[SPARC][INFO] 49        -2245.9018      0.4130    399.35
[SPARC][INFO] 50        -2245.9112      0.4715    455.91
[SPARC][INFO] 51        -2245.9140      0.4939    477.64
[SPARC][INFO] 52        -2245.9134      0.5184    501.33
[SPARC][INFO] 53        -2245.9089      0.3808    368.26
[SPARC][INFO] 54        -2245.9057      0.4905    474.36
[SPARC][INFO] 55        -2245.9097      0.5308    513.27
[SPARC][INFO] 56        -2245.9268      0.4815    465.59
[SPARC][INFO] 57        -2245.9498      0.4400    425.48
[SPARC][INFO] 58        -2245.9660      0.3204    309.87
[SPARC][INFO] 59        -2245.9623      0.2984    288.58
[SPARC][INFO] 60        -2245.9484      0.2902    280.66
[SPARC][INFO] 61        -2245.9374      0.2695    260.64
[SPARC][INFO] 62        -2245.9351      0.3263    315.55
[SPARC][INFO] 63        -2245.9491      0.3780    365.52
[SPARC][INFO] 64        -2245.9696      0.3389    327.74
[SPARC][INFO] 65        -2245.9885      0.4117    398.12
[SPARC][INFO] 66        -2245.9948      0.4487    433.94
[SPARC][INFO] 67        -2245.9763      0.5010    484.47
[SPARC][INFO] 68        -2245.9386      0.3100    299.75
[SPARC][INFO] 69        -2245.9014      0.2204    213.17
[SPARC][INFO] 70        -2245.8829      0.1481    143.19
[SPARC][INFO] 71        -2245.8706      0.1678    162.28
[SPARC][INFO] 72        -2245.8744      0.1865    180.35
[SPARC][INFO] 73        -2245.8918      0.1948    188.34
[SPARC][INFO] 74        -2245.9118      0.2213    214.03
[SPARC][INFO] 75        -2245.9227      0.2205    213.20
[SPARC][INFO] 76        -2245.9225      0.1528    147.73
[SPARC][INFO] 77        -2245.9296      0.1199    115.91
[SPARC][INFO] 78        -2245.9433      0.1568    151.61
[SPARC][INFO] 79        -2245.9544      0.1531    148.01
[SPARC][INFO] 80        -2245.9694      0.2017    195.02
[SPARC][INFO] 81        -2245.9960      0.1891    182.89
[SPARC][INFO] 82        -2246.0225      0.1746    168.89
[SPARC][INFO] 83        -2246.0511      0.2808    271.56
[SPARC][INFO] 84        -2246.0768      0.3275    316.73
[SPARC][INFO] 85        -2246.0871      0.3630    351.05
[SPARC][INFO] 86        -2246.0783      0.3825    369.93
[SPARC][INFO] 87        -2246.0598      0.3856    372.91
[SPARC][INFO] 88        -2246.0362      0.3448    333.41
[SPARC][INFO] 89        -2246.0111      0.3418    330.50
[SPARC][INFO] 90        -2245.9905      0.3661    354.06
[SPARC][INFO] 91        -2245.9725      0.3223    311.67
[SPARC][INFO] 92        -2245.9590      0.2632    254.48
[SPARC][INFO] 93        -2245.9471      0.2745    265.46
[SPARC][INFO] 94        -2245.9442      0.2831    273.73
[SPARC][INFO] 95        -2245.9538      0.3044    294.41
[SPARC][INFO] 96        -2245.9700      0.2997    289.79
[SPARC][INFO] 97        -2245.9869      0.3318    320.89
[SPARC][INFO] 98        -2246.0079      0.3365    325.40
[SPARC][INFO] 99        -2246.0132      0.3169    306.46
[SPARC][INFO] 100       -2246.0177      0.2739    264.83
[SPARC][INFO] PyTorch backend is functional
[SPARC][INFO] Detected DeePMD-kit v3 with PYTORCH backend
[SPARC][INFO] 
[SPARC][INFO] --------------------------------------------------------------------------------
[SPARC][INFO]                         ACTIVE LEARNING CYCLE : DISABLED                        
[SPARC][INFO] --------------------------------------------------------------------------------
[SPARC][INFO] ================================================================================
[SPARC][INFO] 

================================================================================
END CALCULATION - 2026-04-15 10:55:18
Total Runtime: 0:02:29.187968
================================================================================
