================================================================================
BEGIN CALCULATION - 2026-04-16 20:13:11
================================================================================


         ######  ########     ###    ########   ######  
        ##    ## ##     ##   ## ##   ##     ## ##    ## 
        ##       ##     ##  ##   ##  ##     ## ##       
         ######  ########  ##     ## ########  ##       
              ## ##        ######### ##   ##   ##       
        ##    ## ##        ##     ## ##    ##  ##    ## 
         ######  ##        ##     ## ##     ##  ###### 
         --v0.2.0

[SPARC][INFO] SPARC: Smart Potential with Atomistic Rare Events & Continuous Learning
[SPARC][INFO] Version: 0.2.0

[SPARC][INFO] ================================================================================
[SPARC][INFO] Working directory: /home/rverma7/My_Program/0.3_sparc/examples/CP2K/MD/NPT
[SPARC][INFO] Configuration file: input.yaml
[SPARC][INFO] 
[SPARC][INFO] ================================================================================
[SPARC][INFO]                     YAML configuration loaded successfully!                     
[SPARC][INFO] ================================================================================
[SPARC][INFO] Using structure file: ../../../AmmoniaBorate.xyz
[SPARC][INFO] WORKFLOW PARAMETERS :
[SPARC][INFO] ---------------------
[SPARC][INFO] Structure FileName/s           ../../../AmmoniaBorate.xyz
[SPARC][INFO] Number of Atoms                8
[SPARC][INFO] Chemical Formula               H6BN
[SPARC][INFO] 
[SPARC][INFO] DFT Engine                     CP2K
[SPARC][INFO] DFT Tempelate File             cp2k_template.inp
[SPARC][INFO] DFT Executable                 mpirun -np 2 /home/prg/Softwares/cp2k_gcc/exe/local/cp2k_shell.psmp
[SPARC][INFO] 
[SPARC][INFO] Active Learning                Disabled
[SPARC][INFO] ================================================================================
[SPARC][INFO] 
[SPARC][INFO] Creating Directories for Iteration: 000000
[SPARC][INFO] ================================================================================
[SPARC][INFO] ├── iter_000000
[SPARC][INFO] │   ├── 00.dft
[SPARC][INFO] │   ├── 01.train
[SPARC][INFO] │   └── 02.dpmd
[SPARC][INFO] 
[SPARC][INFO] Setting up CP2K calculator...
[SPARC][INFO] --------------------------------------------------
[SPARC][INFO]                  CP2K PARAMETERS                  
[SPARC][INFO] --------------------------------------------------
[SPARC][INFO]   Xc                           PADE
[SPARC][INFO]   Max_scf                      500
[SPARC][INFO]   Basis_set_file               BASIS_MOLOPT
[SPARC][INFO]   Potential_file               GTH_POTENTIALS
[SPARC][INFO]   Label                        cp2k/job
[SPARC][INFO]   Template_file                cp2k_template.inp
[SPARC][INFO] --------------------------------------------------
[SPARC][INFO]                CP2K TEMPLATE INPUT                
[SPARC][INFO] --------------------------------------------------
[SPARC][INFO]   &GLOBAL
[SPARC][INFO]   ECHO_INPUT
[SPARC][INFO]   &END GLOBAL
[SPARC][INFO]   &FORCE_EVAL
[SPARC][INFO]   &DFT
[SPARC][INFO]   CHARGE 0
[SPARC][INFO]   MULTIPLICITY 1
[SPARC][INFO]   &MGRID
[SPARC][INFO]   CUTOFF 400
[SPARC][INFO]   REL_CUTOFF 50
[SPARC][INFO]   NGRIDS 3
[SPARC][INFO]   &END MGRID
[SPARC][INFO]   &QS
[SPARC][INFO]   METHOD GPW #GAPW
[SPARC][INFO]   EPS_DEFAULT 1.0E-10
[SPARC][INFO]   EPS_PGF_ORB 1.0E-12
[SPARC][INFO]   EXTRAPOLATION ASPC
[SPARC][INFO]   EXTRAPOLATION_ORDER 3
[SPARC][INFO]   &END QS
[SPARC][INFO]   &SCF
[SPARC][INFO]   EPS_SCF 1.0E-4
[SPARC][INFO]   &OT
[SPARC][INFO]   PRECONDITIONER FULL_ALL
[SPARC][INFO]   &END
[SPARC][INFO]   &OUTER_SCF
[SPARC][INFO]   EPS_SCF 1.0E-4
[SPARC][INFO]   MAX_SCF 3
[SPARC][INFO]   &END
[SPARC][INFO]   SCF_GUESS RESTART
[SPARC][INFO]   &END SCF
[SPARC][INFO]   &END DFT
[SPARC][INFO]   &SUBSYS
[SPARC][INFO]   &KIND B
[SPARC][INFO]   ELEMENT B
[SPARC][INFO]   POTENTIAL GTH-PADE
[SPARC][INFO]   BASIS_SET SZV-MOLOPT-SR-GTH
[SPARC][INFO]   &END KIND
[SPARC][INFO]   &KIND N
[SPARC][INFO]   ELEMENT N
[SPARC][INFO]   POTENTIAL GTH-PADE
[SPARC][INFO]   BASIS_SET SZV-MOLOPT-SR-GTH
[SPARC][INFO]   &END KIND
[SPARC][INFO]   &KIND H
[SPARC][INFO]   ELEMENT H
[SPARC][INFO]   POTENTIAL GTH-PADE
[SPARC][INFO]   BASIS_SET SZV-MOLOPT-SR-GTH
[SPARC][INFO]   &END KIND
[SPARC][INFO]   &END SUBSYS
[SPARC][INFO]   &END FORCE_EVAL
[SPARC][INFO] --------------------------------------------------
[SPARC][INFO] CP2K calculator setup successfully
[SPARC][INFO] ================================================================================
[SPARC][INFO]                          Ab-initio MD using NPT at 300K                         
[SPARC][INFO] MD Ensemble                    NPT
[SPARC][INFO] Temperature                    300.0 K
[SPARC][INFO] MD Thermostat                  Langevin
[SPARC][INFO] Timestep                       0.50 fs
[SPARC][INFO] AIMD Steps                     500
[SPARC][INFO] Output Trajectory              AseMD.traj
[SPARC][INFO] Output Logfile                 AseMD.log
[SPARC][INFO] 
[SPARC][INFO] 
[SPARC][INFO] --------------------------------------------------------------------------------
[SPARC][INFO] Step     Epot (eV)    Ekin (eV)    Temp (K)   P (GPa)    V (Ang.^3)
[SPARC][INFO] --------------------------------------------------------------------------------
[SPARC][INFO] 0          -437.8548      0.3102    300.00   -0.0058   1728.00
[SPARC][INFO] 1          -437.9009      0.4273    413.20   -0.0159   1727.88
[SPARC][INFO] 2          -437.9486      0.4683    452.86   -0.0311   1727.76
[SPARC][INFO] 3          -437.9866      0.4979    481.49   -0.0475   1727.63
[SPARC][INFO] 4          -438.0098      0.5117    494.86   -0.0617   1727.51
[SPARC][INFO] 5          -438.0205      0.5127    495.79   -0.0714   1727.38
[SPARC][INFO] 6          -438.0259      0.5085    491.71   -0.0754   1727.26
[SPARC][INFO] 7          -438.0347      0.5077    490.94   -0.0735   1727.13
[SPARC][INFO] 8          -438.0535      0.5167    499.65   -0.0658   1727.00
[SPARC][INFO] 9          -438.0852      0.5379    520.13   -0.0527   1726.87
[SPARC][INFO] 10         -438.1284      0.5693    550.50   -0.0350   1726.75
[SPARC][INFO] 11         -438.1778      0.6051    585.18   -0.0134   1726.63
[SPARC][INFO] 12         -438.2251      0.6370    616.02    0.0109   1726.51
[SPARC][INFO] 13         -438.2610      0.6561    634.43    0.0361   1726.39
[SPARC][INFO] 14         -438.2787      0.6564    634.77    0.0591   1726.28
[SPARC][INFO] 15         -438.2775      0.6383    617.28    0.0763   1726.17
[SPARC][INFO] 16         -438.2636      0.6087    588.59    0.0834   1726.06
[SPARC][INFO] 17         -438.2467      0.5774    558.38    0.0767   1725.95
[SPARC][INFO] 18         -438.2347      0.5522    534.04    0.0546   1725.84
[SPARC][INFO] 19         -438.2294      0.5347    517.05    0.0184   1725.73
[SPARC][INFO] 20         -438.2270      0.5207    503.53   -0.0277   1725.61
[SPARC][INFO] 21         -438.2217      0.5046    488.02   -0.0781   1725.49
[SPARC][INFO] 22         -438.2101      0.4833    467.39   -0.1264   1725.36
[SPARC][INFO] 23         -438.1932      0.4580    442.89   -0.1667   1725.23
[SPARC][INFO] 24         -438.1760      0.4336    419.29   -0.1945   1725.09
[SPARC][INFO] 25         -438.1649      0.4164    402.70   -0.2070   1724.94
[SPARC][INFO] 26         -438.1654      0.4115    397.93   -0.2025   1724.80
[SPARC][INFO] 27         -438.1795      0.4202    406.34   -0.1811   1724.66
[SPARC][INFO] 28         -438.2047      0.4393    424.79   -0.1439   1724.51
[SPARC][INFO] 29         -438.2341      0.4614    446.22   -0.0935   1724.38
[SPARC][INFO] 30         -438.2585      0.4776    461.90   -0.0335   1724.25
[SPARC][INFO] 31         -438.2702      0.4807    464.87    0.0309   1724.12
[SPARC][INFO] 32         -438.2663      0.4685    453.08    0.0934   1724.01
[SPARC][INFO] 33         -438.2505      0.4454    430.73    0.1468   1723.90
[SPARC][INFO] 34         -438.2316      0.4205    406.62    0.1842   1723.80
[SPARC][INFO] 35         -438.2193      0.4032    389.88    0.2001   1723.70
[SPARC][INFO] 36         -438.2193      0.3986    385.47    0.1921   1723.61
[SPARC][INFO] 37         -438.2305      0.4050    391.68    0.1609   1723.51
[SPARC][INFO] 38         -438.2457      0.4149    401.24    0.1106   1723.41
[SPARC][INFO] 39         -438.2551      0.4187    404.88    0.0478   1723.31
[SPARC][INFO] 40         -438.2511      0.4090    395.56   -0.0200   1723.19
[SPARC][INFO] 41         -438.2308      0.3839    371.25   -0.0856   1723.07
[SPARC][INFO] 42         -438.1969      0.3467    335.25   -0.1428   1722.94
[SPARC][INFO] 43         -438.1563      0.3047    294.63   -0.1871   1722.81
[SPARC][INFO] 44         -438.1174      0.2664    257.65   -0.2157   1722.66
[SPARC][INFO] 45         -438.0878      0.2391    231.24   -0.2272   1722.52
[SPARC][INFO] 46         -438.0720      0.2267    219.22   -0.2212   1722.37
[SPARC][INFO] 47         -438.0706      0.2290    221.50   -0.1985   1722.22
[SPARC][INFO] 48         -438.0803      0.2423    234.27   -0.1608   1722.08
[SPARC][INFO] 49         -438.0950      0.2597    251.18   -0.1108   1721.94
[SPARC][INFO] 50         -438.1076      0.2744    265.34   -0.0524   1721.80
[SPARC][INFO] 51         -438.1123      0.2806    271.35    0.0095   1721.68
[SPARC][INFO] 52         -438.1063      0.2761    267.01    0.0694   1721.56
[SPARC][INFO] 53         -438.0907      0.2626    253.93    0.1215   1721.44
[SPARC][INFO] 54         -438.0702      0.2449    236.87    0.1606   1721.34
[SPARC][INFO] 55         -438.0512      0.2297    222.15    0.1825   1721.24
[SPARC][INFO] 56         -438.0399      0.2228    215.48    0.1851   1721.14
[SPARC][INFO] 57         -438.0401      0.2275    220.05    0.1681   1721.04
[SPARC][INFO] 58         -438.0519      0.2434    235.37    0.1338   1720.94
[SPARC][INFO] 59         -438.0718      0.2664    257.61    0.0863   1720.84
[SPARC][INFO] 60         -438.0943      0.2908    281.19    0.0311   1720.73
[SPARC][INFO] 61         -438.1139      0.3112    300.97   -0.0259   1720.61
[SPARC][INFO] 62         -438.1274      0.3246    313.89   -0.0791   1720.49
[SPARC][INFO] 63         -438.1342      0.3306    319.68   -0.1237   1720.36
[SPARC][INFO] 64         -438.1358      0.3312    320.27   -0.1562   1720.23
[SPARC][INFO] 65         -438.1352      0.3294    318.58   -0.1746   1720.09
[SPARC][INFO] 66         -438.1348      0.3280    317.17   -0.1778   1719.95
[SPARC][INFO] 67         -438.1359      0.3283    317.44   -0.1665   1719.80
[SPARC][INFO] 68         -438.1391      0.3305    319.63   -0.1422   1719.66
[SPARC][INFO] 69         -438.1443      0.3345    323.46   -0.1081   1719.53
[SPARC][INFO] 70         -438.1514      0.3402    328.95   -0.0685   1719.40
[SPARC][INFO] 71         -438.1613      0.3487    337.19   -0.0284   1719.27
[SPARC][INFO] 72         -438.1765      0.3622    350.22    0.0071   1719.14
[SPARC][INFO] 73         -438.1988      0.3820    369.37    0.0339   1719.03
[SPARC][INFO] 74         -438.2271      0.4064    392.98    0.0495   1718.91
[SPARC][INFO] 75         -438.2555      0.4293    415.18    0.0538   1718.80
[SPARC][INFO] 76         -438.2747      0.4420    427.44    0.0488   1718.69
[SPARC][INFO] 77         -438.2767      0.4371    422.70    0.0376   1718.57
[SPARC][INFO] 78         -438.2590      0.4133    399.71    0.0237   1718.46
[SPARC][INFO] 79         -438.2274      0.3774    364.92    0.0094   1718.34
[SPARC][INFO] 80         -438.1942      0.3417    330.44   -0.0036   1718.22
[SPARC][INFO] 81         -438.1732      0.3197    309.17   -0.0147   1718.10
[SPARC][INFO] 82         -438.1740      0.3201    309.52   -0.0235   1717.98
[SPARC][INFO] 83         -438.1982      0.3434    332.08   -0.0292   1717.86
[SPARC][INFO] 84         -438.2391      0.3821    369.48   -0.0310   1717.74
[SPARC][INFO] 85         -438.2845      0.4231    409.16   -0.0280   1717.62
[SPARC][INFO] 86         -438.3207      0.4529    438.02   -0.0202   1717.49
[SPARC][INFO] 87         -438.3374      0.4620    446.77   -0.0086   1717.37
[SPARC][INFO] 88         -438.3307      0.4478    433.05    0.0041   1717.25
[SPARC][INFO] 89         -438.3048      0.4161    402.37    0.0142   1717.13
[SPARC][INFO] 90         -438.2717      0.3789    366.38    0.0178   1717.02
[SPARC][INFO] 91         -438.2453      0.3496    338.10    0.0116   1716.90
[SPARC][INFO] 92         -438.2351      0.3374    326.31   -0.0055   1716.78
[SPARC][INFO] 93         -438.2426      0.3430    331.70   -0.0324   1716.66
[SPARC][INFO] 94         -438.2611      0.3591    347.25   -0.0648   1716.54
[SPARC][INFO] 95         -438.2801      0.3750    362.64   -0.0971   1716.41
[SPARC][INFO] 96         -438.2908      0.3820    369.45   -0.1236   1716.28
[SPARC][INFO] 97         -438.2891      0.3766    364.22   -0.1397   1716.15
[SPARC][INFO] 98         -438.2758      0.3601    348.23   -0.1426   1716.01
[SPARC][INFO] 99         -438.2552      0.3368    325.68   -0.1315   1715.87
[SPARC][INFO] 100        -438.2319      0.3120    301.76   -0.1072   1715.74
[SPARC][INFO] 101        -438.2109      0.2909    281.35   -0.0719   1715.61
[SPARC][INFO] 102        -438.1961      0.2773    268.14   -0.0290   1715.48
[SPARC][INFO] 103        -438.1899      0.2729    263.94    0.0174   1715.36
[SPARC][INFO] 104        -438.1922      0.2772    268.05    0.0632   1715.24
[SPARC][INFO] 105        -438.2001      0.2867    277.28    0.1038   1715.13
[SPARC][INFO] 106        -438.2091      0.2969    287.08    0.1351   1715.02
[SPARC][INFO] 107        -438.2154      0.3039    293.85    0.1535   1714.92
[SPARC][INFO] 108        -438.2178      0.3068    296.69    0.1559   1714.82
[SPARC][INFO] 109        -438.2177      0.3072    297.06    0.1412   1714.71
[SPARC][INFO] 110        -438.2170      0.3066    296.47    0.1098   1714.61
[SPARC][INFO] 111        -438.2145      0.3042    294.17    0.0644   1714.51
[SPARC][INFO] 112        -438.2072      0.2970    287.24    0.0100   1714.39
[SPARC][INFO] 113        -438.1917      0.2823    273.03   -0.0476   1714.28
[SPARC][INFO] 114        -438.1680      0.2603    251.73   -0.1027   1714.15
[SPARC][INFO] 115        -438.1396      0.2348    227.03   -0.1504   1714.02
[SPARC][INFO] 116        -438.1126      0.2119    204.89   -0.1870   1713.88
[SPARC][INFO] 117        -438.0934      0.1978    191.29   -0.2097   1713.74
[SPARC][INFO] 118        -438.0868      0.1967    190.19   -0.2170   1713.59
[SPARC][INFO] 119        -438.0938      0.2090    202.14   -0.2080   1713.45
[SPARC][INFO] 120        -438.1117      0.2314    223.80   -0.1828   1713.30
[SPARC][INFO] 121        -438.1341      0.2570    248.57   -0.1426   1713.16
[SPARC][INFO] 122        -438.1527      0.2776    268.48   -0.0897   1713.02
[SPARC][INFO] 123        -438.1600      0.2862    276.75   -0.0281   1712.89
[SPARC][INFO] 124        -438.1523      0.2799    270.64    0.0373   1712.77
[SPARC][INFO] 125        -438.1323      0.2620    253.34    0.0999   1712.65
[SPARC][INFO] 126        -438.1089      0.2418    233.81    0.1528   1712.55
[SPARC][INFO] 127        -438.0940      0.2311    223.50    0.1894   1712.44
[SPARC][INFO] 128        -438.0974      0.2386    230.75    0.2047   1712.35
[SPARC][INFO] 129        -438.1202      0.2644    255.73    0.1969   1712.25
[SPARC][INFO] 130        -438.1538      0.2994    289.56    0.1677   1712.16
[SPARC][INFO] 131        -438.1846      0.3300    319.11    0.1216   1712.06
[SPARC][INFO] 132        -438.2013      0.3453    333.95    0.0649   1711.95
[SPARC][INFO] 133        -438.1997      0.3421    330.87    0.0036   1711.84
[SPARC][INFO] 134        -438.1834      0.3247    314.03   -0.0564   1711.72
[SPARC][INFO] 135        -438.1608      0.3019    291.98   -0.1106   1711.60
[SPARC][INFO] 136        -438.1414      0.2833    273.98   -0.1552   1711.47
[SPARC][INFO] 137        -438.1327      0.2761    267.03   -0.1873   1711.33
[SPARC][INFO] 138        -438.1387      0.2837    274.33   -0.2045   1711.19
[SPARC][INFO] 139        -438.1589      0.3046    294.61   -0.2054   1711.04
[SPARC][INFO] 140        -438.1881      0.3335    322.54   -0.1897   1710.90
[SPARC][INFO] 141        -438.2190      0.3628    350.89   -0.1584   1710.76
[SPARC][INFO] 142        -438.2449      0.3856    372.88   -0.1143   1710.62
[SPARC][INFO] 143        -438.2610      0.3976    384.47   -0.0622   1710.49
[SPARC][INFO] 144        -438.2672      0.3999    386.73   -0.0084   1710.36
[SPARC][INFO] 145        -438.2701      0.3990    385.88    0.0403   1710.24
[SPARC][INFO] 146        -438.2771      0.4015    388.29    0.0783   1710.13
[SPARC][INFO] 147        -438.2894      0.4088    395.35    0.1015   1710.02
[SPARC][INFO] 148        -438.3028      0.4172    403.43    0.1087   1709.91
[SPARC][INFO] 149        -438.3118      0.4206    406.70    0.1017   1709.81
[SPARC][INFO] 150        -438.3111      0.4139    400.23    0.0837   1709.70
[SPARC][INFO] 151        -438.2981      0.3957    382.67    0.0581   1709.59
[SPARC][INFO] 152        -438.2757      0.3698    357.65    0.0286   1709.48
[SPARC][INFO] 153        -438.2511      0.3429    331.56   -0.0013   1709.37
[SPARC][INFO] 154        -438.2311      0.3214    310.82   -0.0287   1709.25
[SPARC][INFO] 155        -438.2207      0.3104    300.19   -0.0515   1709.12
[SPARC][INFO] 156        -438.2220      0.3116    301.29   -0.0679   1709.00
[SPARC][INFO] 157        -438.2332      0.3222    311.59   -0.0763   1708.87
[SPARC][INFO] 158        -438.2481      0.3359    324.87   -0.0759   1708.74
[SPARC][INFO] 159        -438.2588      0.3449    333.56   -0.0671   1708.62
[SPARC][INFO] 160        -438.2595      0.3437    332.41   -0.0516   1708.49
[SPARC][INFO] 161        -438.2495      0.3324    321.43   -0.0324   1708.36
[SPARC][INFO] 162        -438.2343      0.3167    306.23   -0.0140   1708.24
[SPARC][INFO] 163        -438.2227      0.3052    295.10   -0.0008   1708.12
[SPARC][INFO] 164        -438.2215      0.3043    294.30    0.0041   1708.00
[SPARC][INFO] 165        -438.2323      0.3151    304.71   -0.0004   1707.88
[SPARC][INFO] 166        -438.2506      0.3327    321.74   -0.0132   1707.76
[SPARC][INFO] 167        -438.2692      0.3498    338.30   -0.0313   1707.64
[SPARC][INFO] 168        -438.2818      0.3603    348.39   -0.0507   1707.52
[SPARC][INFO] 169        -438.2850      0.3610    349.08   -0.0676   1707.40
[SPARC][INFO] 170        -438.2789      0.3523    340.73   -0.0787   1707.27
[SPARC][INFO] 171        -438.2659      0.3374    326.31   -0.0821   1707.14
[SPARC][INFO] 172        -438.2503      0.3207    310.09   -0.0768   1707.01
[SPARC][INFO] 173        -438.2359      0.3058    295.72   -0.0629   1706.89
[SPARC][INFO] 174        -438.2248      0.2949    285.15   -0.0414   1706.76
[SPARC][INFO] 175        -438.2171      0.2878    278.32   -0.0139   1706.63
[SPARC][INFO] 176        -438.2114      0.2831    273.81    0.0169   1706.51
[SPARC][INFO] 177        -438.2060      0.2791    269.89    0.0482   1706.40
[SPARC][INFO] 178        -438.1999      0.2745    265.48    0.0765   1706.28
[SPARC][INFO] 179        -438.1928      0.2694    260.49    0.0980   1706.17
[SPARC][INFO] 180        -438.1855      0.2643    255.59    0.1096   1706.07
[SPARC][INFO] 181        -438.1789      0.2602    251.61    0.1087   1705.96
[SPARC][INFO] 182        -438.1734      0.2573    248.83    0.0943   1705.86
[SPARC][INFO] 183        -438.1686      0.2551    246.74    0.0670   1705.75
[SPARC][INFO] 184        -438.1630      0.2524    244.08    0.0292   1705.64
[SPARC][INFO] 185        -438.1553      0.2476    239.40   -0.0154   1705.52
[SPARC][INFO] 186        -438.1441      0.2396    231.67   -0.0622   1705.40
[SPARC][INFO] 187        -438.1296      0.2287    221.14   -0.1063   1705.27
[SPARC][INFO] 188        -438.1135      0.2168    209.70   -0.1434   1705.14
[SPARC][INFO] 189        -438.0994      0.2077    200.85   -0.1699   1705.00
[SPARC][INFO] 190        -438.0917      0.2053    198.54   -0.1833   1704.86
[SPARC][INFO] 191        -438.0940      0.2127    205.65   -0.1820   1704.72
[SPARC][INFO] 192        -438.1071      0.2302    222.57   -0.1658   1704.58
[SPARC][INFO] 193        -438.1284      0.2550    246.59   -0.1354   1704.44
[SPARC][INFO] 194        -438.1527      0.2816    272.29   -0.0925   1704.31
[SPARC][INFO] 195        -438.1729      0.3028    292.85   -0.0400   1704.18
[SPARC][INFO] 196        -438.1826      0.3127    302.39    0.0183   1704.05
[SPARC][INFO] 197        -438.1785      0.3087    298.51    0.0772   1703.94
[SPARC][INFO] 198        -438.1628      0.2936    283.94    0.1307   1703.83
[SPARC][INFO] 199        -438.1430      0.2754    266.28    0.1725   1703.72
[SPARC][INFO] 200        -438.1293      0.2640    255.33    0.1968   1703.63
[SPARC][INFO] 201        -438.1304      0.2678    258.98    0.1995   1703.53
[SPARC][INFO] 202        -438.1493      0.2887    279.15    0.1793   1703.44
[SPARC][INFO] 203        -438.1810      0.3208    310.19    0.1383   1703.34
[SPARC][INFO] 204        -438.2140      0.3526    340.96    0.0815   1703.24
[SPARC][INFO] 205        -438.2361      0.3722    359.89    0.0159   1703.13
[SPARC][INFO] 206        -438.2394      0.3724    360.14   -0.0507   1703.01
[SPARC][INFO] 207        -438.2236      0.3539    342.28   -0.1118   1702.89
[SPARC][INFO] 208        -438.1954      0.3241    313.42   -0.1621   1702.76
[SPARC][INFO] 209        -438.1651      0.2937    283.97   -0.1979   1702.62
[SPARC][INFO] 210        -438.1433      0.2729    263.87   -0.2173   1702.48
[SPARC][INFO] 211        -438.1372      0.2685    259.70   -0.2194   1702.33
[SPARC][INFO] 212        -438.1493      0.2824    273.08   -0.2042   1702.19
[SPARC][INFO] 213        -438.1769      0.3108    300.53   -0.1730   1702.04
[SPARC][INFO] 214        -438.2130      0.3461    334.67   -0.1282   1701.90
[SPARC][INFO] 215        -438.2483      0.3789    366.45   -0.0735   1701.77
[SPARC][INFO] 216        -438.2744      0.4011    387.93   -0.0136   1701.64
[SPARC][INFO] 217        -438.2862      0.4083    394.80    0.0454   1701.52
[SPARC][INFO] 218        -438.2836      0.4011    387.84    0.0974   1701.41
[SPARC][INFO] 219        -438.2718      0.3852    372.49    0.1364   1701.30
[SPARC][INFO] 220        -438.2581      0.3684    356.24    0.1576   1701.20
[SPARC][INFO] 221        -438.2492      0.3568    345.08    0.1592   1701.10
[SPARC][INFO] 222        -438.2474      0.3528    341.13    0.1416   1701.01
[SPARC][INFO] 223        -438.2514      0.3546    342.89    0.1082   1700.90
[SPARC][INFO] 224        -438.2579      0.3588    346.97    0.0642   1700.80
[SPARC][INFO] 225        -438.2637      0.3620    350.12    0.0153   1700.69
[SPARC][INFO] 226        -438.2666      0.3623    350.37   -0.0326   1700.57
[SPARC][INFO] 227        -438.2662      0.3593    347.49   -0.0748   1700.45
[SPARC][INFO] 228        -438.2636      0.3544    342.76   -0.1072   1700.32
[SPARC][INFO] 229        -438.2608      0.3495    337.97   -0.1276   1700.19
[SPARC][INFO] 230        -438.2590      0.3456    334.21   -0.1347   1700.06
[SPARC][INFO] 231        -438.2576      0.3422    330.88   -0.1285   1699.93
[SPARC][INFO] 232        -438.2543      0.3370    325.85   -0.1105   1699.79
[SPARC][INFO] 233        -438.2464      0.3276    316.83   -0.0832   1699.66
[SPARC][INFO] 234        -438.2333      0.3138    303.42   -0.0506   1699.53
[SPARC][INFO] 235        -438.2180      0.2987    288.86   -0.0175   1699.41
[SPARC][INFO] 236        -438.2078      0.2895    279.99    0.0108   1699.29
[SPARC][INFO] 237        -438.2108      0.2938    284.09    0.0299   1699.17
[SPARC][INFO] 238        -438.2309      0.3143    303.99    0.0373   1699.05
[SPARC][INFO] 239        -438.2633      0.3458    334.42    0.0333   1698.94
[SPARC][INFO] 240        -438.2959      0.3757    363.35    0.0208   1698.83
[SPARC][INFO] 241        -438.3147      0.3908    377.88    0.0043   1698.71
[SPARC][INFO] 242        -438.3114      0.3835    370.84   -0.0119   1698.59
[SPARC][INFO] 243        -438.2868      0.3558    344.11   -0.0248   1698.48
[SPARC][INFO] 244        -438.2505      0.3181    307.57   -0.0332   1698.35
[SPARC][INFO] 245        -438.2161      0.2839    274.58   -0.0370   1698.23
[SPARC][INFO] 246        -438.1958      0.2652    256.49   -0.0368   1698.11
[SPARC][INFO] 247        -438.1956      0.2670    258.16   -0.0331   1697.99
[SPARC][INFO] 248        -438.2127      0.2856    276.14   -0.0262   1697.86
[SPARC][INFO] 249        -438.2373      0.3106    300.32   -0.0160   1697.74
[SPARC][INFO] 250        -438.2563      0.3290    318.14   -0.0025   1697.62
[SPARC][INFO] 251        -438.2589      0.3304    319.54    0.0135   1697.50
[SPARC][INFO] 252        -438.2404      0.3109    300.62    0.0301   1697.39
[SPARC][INFO] 253        -438.2033      0.2742    265.20    0.0444   1697.27
[SPARC][INFO] 254        -438.1574      0.2311    223.52    0.0525   1697.16
[SPARC][INFO] 255        -438.1161      0.1948    188.36    0.0513   1697.05
[SPARC][INFO] 256        -438.0907      0.1756    169.83    0.0386   1696.94
[SPARC][INFO] 257        -438.0859      0.1773    171.42    0.0146   1696.82
[SPARC][INFO] 258        -438.0982      0.1957    189.22   -0.0181   1696.70
[SPARC][INFO] 259        -438.1193      0.2219    214.58   -0.0549   1696.58
[SPARC][INFO] 260        -438.1402      0.2468    238.71   -0.0903   1696.46
[SPARC][INFO] 261        -438.1551      0.2648    256.08   -0.1196   1696.33
[SPARC][INFO] 262        -438.1623      0.2743    265.29   -0.1390   1696.19
[SPARC][INFO] 263        -438.1633      0.2772    268.07   -0.1462   1696.06
[SPARC][INFO] 264        -438.1611      0.2769    267.75   -0.1405   1695.92
[SPARC][INFO] 265        -438.1595      0.2770    267.91   -0.1222   1695.79
[SPARC][INFO] 266        -438.1616      0.2808    271.53   -0.0932   1695.66
[SPARC][INFO] 267        -438.1691      0.2897    280.11   -0.0556   1695.53
[SPARC][INFO] 268        -438.1815      0.3028    292.84   -0.0125   1695.40
[SPARC][INFO] 269        -438.1954      0.3168    306.36    0.0328   1695.28
[SPARC][INFO] 270        -438.2059      0.3266    315.88    0.0764   1695.17
[SPARC][INFO] 271        -438.2087      0.3287    317.87    0.1142   1695.06
[SPARC][INFO] 272        -438.2038      0.3233    312.60    0.1418   1694.95
[SPARC][INFO] 273        -438.1956      0.3149    304.56    0.1550   1694.85
[SPARC][INFO] 274        -438.1905      0.3099    299.72    0.1509   1694.75
[SPARC][INFO] 275        -438.1923      0.3117    301.41    0.1285   1694.65
[SPARC][INFO] 276        -438.1995      0.3185    307.97    0.0897   1694.55
[SPARC][INFO] 277        -438.2064      0.3246    313.92    0.0387   1694.45
[SPARC][INFO] 278        -438.2072      0.3245    313.85   -0.0186   1694.33
[SPARC][INFO] 279        -438.1996      0.3163    305.90   -0.0763   1694.21
[SPARC][INFO] 280        -438.1861      0.3029    292.91   -0.1286   1694.08
[SPARC][INFO] 281        -438.1730      0.2905    280.97   -0.1710   1693.95
[SPARC][INFO] 282        -438.1674      0.2861    276.65   -0.2001   1693.81
[SPARC][INFO] 283        -438.1742      0.2940    284.27   -0.2133   1693.67
[SPARC][INFO] 284        -438.1945      0.3145    304.18   -0.2093   1693.53
[SPARC][INFO] 285        -438.2244      0.3435    332.19   -0.1877   1693.38
[SPARC][INFO] 286        -438.2563      0.3730    360.69   -0.1494   1693.24
[SPARC][INFO] 287        -438.2812      0.3942    381.24   -0.0972   1693.11
[SPARC][INFO] 288        -438.2926      0.4012    388.02   -0.0355   1692.98
[SPARC][INFO] 289        -438.2891      0.3935    380.54    0.0298   1692.86
[SPARC][INFO] 290        -438.2759      0.3768    364.36    0.0911   1692.74
[SPARC][INFO] 291        -438.2627      0.3608    348.96    0.1408   1692.64
[SPARC][INFO] 292        -438.2589      0.3549    343.22    0.1724   1692.54
[SPARC][INFO] 293        -438.2689      0.3627    350.78    0.1820   1692.44
[SPARC][INFO] 294        -438.2899      0.3808    368.23    0.1694   1692.34
[SPARC][INFO] 295        -438.3135      0.4005    387.28    0.1372   1692.25
[SPARC][INFO] 296        -438.3306      0.4129    399.29    0.0905   1692.15
[SPARC][INFO] 297        -438.3354      0.4128    399.17    0.0355   1692.04
[SPARC][INFO] 298        -438.3275      0.4003    387.10   -0.0219   1691.93
[SPARC][INFO] 299        -438.3112      0.3801    367.53   -0.0759   1691.81
[SPARC][INFO] 300        -438.2928      0.3587    346.83   -0.1221   1691.68
[SPARC][INFO] 301        -438.2784      0.3421    330.85   -0.1567   1691.55
[SPARC][INFO] 302        -438.2717      0.3339    322.93   -0.1773   1691.41
[SPARC][INFO] 303        -438.2731      0.3340    323.00   -0.1825   1691.28
[SPARC][INFO] 304        -438.2795      0.3389    327.77   -0.1718   1691.14
[SPARC][INFO] 305        -438.2858      0.3435    332.15   -0.1464   1691.00
[SPARC][INFO] 306        -438.2870      0.3428    331.45   -0.1091   1690.86
[SPARC][INFO] 307        -438.2806      0.3348    323.75   -0.0641   1690.73
[SPARC][INFO] 308        -438.2683      0.3215    310.92   -0.0169   1690.61
[SPARC][INFO] 309        -438.2550      0.3080    297.87    0.0266   1690.49
[SPARC][INFO] 310        -438.2466      0.2999    290.03    0.0612   1690.37
[SPARC][INFO] 311        -438.2465      0.3003    290.43    0.0834   1690.26
[SPARC][INFO] 312        -438.2543      0.3085    298.30    0.0917   1690.15
[SPARC][INFO] 313        -438.2662      0.3201    309.54    0.0869   1690.05
[SPARC][INFO] 314        -438.2767      0.3299    319.03    0.0714   1689.94
[SPARC][INFO] 315        -438.2818      0.3340    322.98    0.0486   1689.83
[SPARC][INFO] 316        -438.2804      0.3315    320.61    0.0220   1689.72
[SPARC][INFO] 317        -438.2746      0.3250    314.31   -0.0051   1689.61
[SPARC][INFO] 318        -438.2689      0.3189    308.39   -0.0303   1689.49
[SPARC][INFO] 319        -438.2678      0.3175    307.01   -0.0514   1689.37
[SPARC][INFO] 320        -438.2736      0.3228    312.15   -0.0671   1689.24
[SPARC][INFO] 321        -438.2854      0.3336    322.64   -0.0762   1689.12
[SPARC][INFO] 322        -438.2993      0.3459    334.49   -0.0782   1688.99
[SPARC][INFO] 323        -438.3095      0.3541    342.40   -0.0732   1688.86
[SPARC][INFO] 324        -438.3113      0.3535    341.85   -0.0622   1688.74
[SPARC][INFO] 325        -438.3020      0.3422    330.95   -0.0470   1688.61
[SPARC][INFO] 326        -438.2829      0.3218    311.24   -0.0304   1688.49
[SPARC][INFO] 327        -438.2583      0.2971    287.29   -0.0156   1688.37
[SPARC][INFO] 328        -438.2344      0.2741    265.07   -0.0058   1688.25
[SPARC][INFO] 329        -438.2167      0.2584    249.88   -0.0029   1688.13
[SPARC][INFO] 330        -438.2087      0.2529    244.57   -0.0080   1688.01
[SPARC][INFO] 331        -438.2105      0.2572    248.70   -0.0201   1687.89
[SPARC][INFO] 332        -438.2189      0.2678    258.95   -0.0372   1687.77
[SPARC][INFO] 333        -438.2291      0.2798    270.56   -0.0559   1687.65
[SPARC][INFO] 334        -438.2368      0.2888    279.30   -0.0728   1687.53
[SPARC][INFO] 335        -438.2394      0.2926    283.00   -0.0848   1687.40
[SPARC][INFO] 336        -438.2372      0.2915    281.91   -0.0898   1687.27
[SPARC][INFO] 337        -438.2323      0.2878    278.33   -0.0868   1687.14
[SPARC][INFO] 338        -438.2281      0.2850    275.60   -0.0760   1687.02
[SPARC][INFO] 339        -438.2283      0.2865    277.05   -0.0583   1686.89
[SPARC][INFO] 340        -438.2353      0.2947    284.96   -0.0355   1686.77
[SPARC][INFO] 341        -438.2499      0.3100    299.74   -0.0099   1686.64
[SPARC][INFO] 342        -438.2708      0.3305    319.63    0.0161   1686.52
[SPARC][INFO] 343        -438.2945      0.3528    341.21    0.0395   1686.41
[SPARC][INFO] 344        -438.3169      0.3729    360.59    0.0577   1686.30
[SPARC][INFO] 345        -438.3351      0.3878    374.97    0.0681   1686.19
[SPARC][INFO] 346        -438.3480      0.3968    383.68    0.0682   1686.08
[SPARC][INFO] 347        -438.3568      0.4014    388.16    0.0566   1685.97
[SPARC][INFO] 348        -438.3639      0.4042    390.86    0.0331   1685.86
[SPARC][INFO] 349        -438.3712      0.4068    393.41   -0.0011   1685.75
[SPARC][INFO] 350        -438.3782      0.4089    395.42   -0.0427   1685.63
[SPARC][INFO] 351        -438.3827      0.4084    394.90   -0.0874   1685.51
[SPARC][INFO] 352        -438.3827      0.4033    390.04   -0.1300   1685.38
[SPARC][INFO] 353        -438.3781      0.3941    381.15   -0.1660   1685.25
[SPARC][INFO] 354        -438.3719      0.3838    371.18   -0.1915   1685.11
[SPARC][INFO] 355        -438.3686      0.3769    364.48   -0.2040   1684.97
[SPARC][INFO] 356        -438.3723      0.3771    364.70   -0.2021   1684.83
[SPARC][INFO] 357        -438.3844      0.3855    372.84   -0.1856   1684.69
[SPARC][INFO] 358        -438.4027      0.3997    386.50   -0.1555   1684.55
[SPARC][INFO] 359        -438.4221      0.4141    400.43   -0.1136   1684.42
[SPARC][INFO] 360        -438.4360      0.4223    408.37   -0.0629   1684.29
[SPARC][INFO] 361        -438.4387      0.4192    405.43   -0.0074   1684.16
[SPARC][INFO] 362        -438.4283      0.4036    390.29    0.0476   1684.05
[SPARC][INFO] 363        -438.4077      0.3789    366.37    0.0961   1683.93
[SPARC][INFO] 364        -438.3845      0.3529    341.28    0.1321   1683.83
[SPARC][INFO] 365        -438.3685      0.3353    324.27    0.1505   1683.73
[SPARC][INFO] 366        -438.3675      0.3332    322.23    0.1478   1683.63
[SPARC][INFO] 367        -438.3831      0.3473    335.89    0.1241   1683.53
[SPARC][INFO] 368        -438.4093      0.3709    358.72    0.0823   1683.43
[SPARC][INFO] 369        -438.4349      0.3928    379.83    0.0282   1683.32
[SPARC][INFO] 370        -438.4494      0.4027    389.39   -0.0313   1683.21
[SPARC][INFO] 371        -438.4477      0.3963    383.21   -0.0892   1683.09
[SPARC][INFO] 372        -438.4319      0.3764    364.03   -0.1399   1682.96
[SPARC][INFO] 373        -438.4095      0.3511    339.54   -0.1794   1682.83
[SPARC][INFO] 374        -438.3900      0.3298    318.91   -0.2053   1682.69
[SPARC][INFO] 375        -438.3811      0.3199    309.38   -0.2162   1682.55
[SPARC][INFO] 376        -438.3869      0.3248    314.14   -0.2121   1682.40
[SPARC][INFO] 377        -438.4062      0.3428    331.52   -0.1938   1682.26
[SPARC][INFO] 378        -438.4336      0.3679    355.76   -0.1626   1682.12
[SPARC][INFO] 379        -438.4612      0.3919    378.99   -0.1213   1681.99
[SPARC][INFO] 380        -438.4813      0.4075    394.03   -0.0737   1681.86
[SPARC][INFO] 381        -438.4895      0.4107    397.13   -0.0244   1681.73
[SPARC][INFO] 382        -438.4861      0.4024    389.14    0.0212   1681.61
[SPARC][INFO] 383        -438.4754      0.3874    374.63    0.0579   1681.50
[SPARC][INFO] 384        -438.4627      0.3711    358.88    0.0819   1681.39
[SPARC][INFO] 385        -438.4514      0.3567    344.95    0.0912   1681.28
[SPARC][INFO] 386        -438.4411      0.3440    332.67    0.0859   1681.17
[SPARC][INFO] 387        -438.4300      0.3312    320.30    0.0681   1681.07
[SPARC][INFO] 388        -438.4171      0.3174    306.92    0.0412   1680.96
[SPARC][INFO] 389        -438.4035      0.3035    293.53    0.0087   1680.85
[SPARC][INFO] 390        -438.3915      0.2920    282.41   -0.0255   1680.73
[SPARC][INFO] 391        -438.3837      0.2851    275.67   -0.0581   1680.61
[SPARC][INFO] 392        -438.3811      0.2836    274.28   -0.0860   1680.49
[SPARC][INFO] 393        -438.3835      0.2872    277.73   -0.1066   1680.36
[SPARC][INFO] 394        -438.3895      0.2940    284.31   -0.1184   1680.23
[SPARC][INFO] 395        -438.3964      0.3015    291.53   -0.1203   1680.10
[SPARC][INFO] 396        -438.4016      0.3068    296.72   -0.1126   1679.97
[SPARC][INFO] 397        -438.4028      0.3081    297.92   -0.0967   1679.84
[SPARC][INFO] 398        -438.3997      0.3051    295.03   -0.0752   1679.71
[SPARC][INFO] 399        -438.3947      0.3006    290.67   -0.0517   1679.58
[SPARC][INFO] 400        -438.3930      0.2996    289.77   -0.0303   1679.46
[SPARC][INFO] 401        -438.4001      0.3075    297.32   -0.0147   1679.34
[SPARC][INFO] 402        -438.4186      0.3259    315.11   -0.0072   1679.22
[SPARC][INFO] 403        -438.4452      0.3512    339.63   -0.0081   1679.10
[SPARC][INFO] 404        -438.4721      0.3755    363.09   -0.0159   1678.99
[SPARC][INFO] 405        -438.4901      0.3899    377.07   -0.0278   1678.87
[SPARC][INFO] 406        -438.4936      0.3893    376.47   -0.0407   1678.75
[SPARC][INFO] 407        -438.4819      0.3738    361.47   -0.0519   1678.63
[SPARC][INFO] 408        -438.4595      0.3486    337.09   -0.0597   1678.50
[SPARC][INFO] 409        -438.4342      0.3217    311.06   -0.0633   1678.38
[SPARC][INFO] 410        -438.4138      0.3009    291.01   -0.0625   1678.26
[SPARC][INFO] 411        -438.4038      0.2916    281.98   -0.0574   1678.13
[SPARC][INFO] 412        -438.4058      0.2944    284.70   -0.0481   1678.01
[SPARC][INFO] 413        -438.4164      0.3054    295.35   -0.0349   1677.89
[SPARC][INFO] 414        -438.4288      0.3175    307.00   -0.0183   1677.76
[SPARC][INFO] 415        -438.4353      0.3232    312.54    0.0005   1677.65
[SPARC][INFO] 416        -438.4312      0.3184    307.90    0.0197   1677.53
[SPARC][INFO] 417        -438.4171      0.3042    294.14    0.0362   1677.41
[SPARC][INFO] 418        -438.3985      0.2865    277.03    0.0467   1677.30
[SPARC][INFO] 419        -438.3836      0.2733    264.28    0.0482   1677.19
[SPARC][INFO] 420        -438.3789      0.2707    261.75    0.0389   1677.08
[SPARC][INFO] 421        -438.3865      0.2801    270.84    0.0186   1676.97
[SPARC][INFO] 422        -438.4037      0.2984    288.53   -0.0107   1676.85
[SPARC][INFO] 423        -438.4253      0.3201    309.56   -0.0454   1676.73
[SPARC][INFO] 424        -438.4464      0.3404    329.16   -0.0812   1676.61
[SPARC][INFO] 425        -438.4641      0.3564    344.66   -0.1139   1676.49
[SPARC][INFO] 426        -438.4781      0.3681    355.92   -0.1396   1676.36
[SPARC][INFO] 427        -438.4899      0.3770    364.58   -0.1556   1676.22
[SPARC][INFO] 428        -438.5017      0.3856    372.92   -0.1601   1676.09
[SPARC][INFO] 429        -438.5157      0.3959    382.83   -0.1525   1675.95
[SPARC][INFO] 430        -438.5327      0.4085    395.00   -0.1335   1675.82
[SPARC][INFO] 431        -438.5520      0.4227    408.75   -0.1046   1675.69
[SPARC][INFO] 432        -438.5719      0.4367    422.33   -0.0684   1675.56
[SPARC][INFO] 433        -438.5901      0.4484    433.62   -0.0284   1675.44
[SPARC][INFO] 434        -438.6049      0.4561    441.05    0.0114   1675.32
[SPARC][INFO] 435        -438.6155      0.4593    444.20    0.0465   1675.20
[SPARC][INFO] 436        -438.6226      0.4590    443.89    0.0726   1675.09
[SPARC][INFO] 437        -438.6277      0.4566    441.58    0.0863   1674.99
[SPARC][INFO] 438        -438.6319      0.4536    438.67    0.0851   1674.88
[SPARC][INFO] 439        -438.6361      0.4508    435.96    0.0687   1674.77
[SPARC][INFO] 440        -438.6406      0.4484    433.60    0.0384   1674.67
[SPARC][INFO] 441        -438.6449      0.4458    431.12   -0.0028   1674.56
[SPARC][INFO] 442        -438.6483      0.4424    427.79   -0.0505   1674.44
[SPARC][INFO] 443        -438.6502      0.4377    423.24   -0.1000   1674.32
[SPARC][INFO] 444        -438.6512      0.4323    418.02   -0.1461   1674.19
[SPARC][INFO] 445        -438.6529      0.4279    413.83   -0.1846   1674.06
[SPARC][INFO] 446        -438.6580      0.4271    413.01   -0.2121   1673.92
[SPARC][INFO] 447        -438.6687      0.4319    417.62   -0.2262   1673.78
[SPARC][INFO] 448        -438.6863      0.4431    428.53   -0.2261   1673.64
[SPARC][INFO] 449        -438.7102      0.4601    444.93   -0.2121   1673.49
[SPARC][INFO] 450        -438.7385      0.4805    464.64   -0.1857   1673.35
[SPARC][INFO] 451        -438.7684      0.5015    485.02   -0.1496   1673.22
[SPARC][INFO] 452        -438.7978      0.5212    504.03   -0.1078   1673.08
[SPARC][INFO] 453        -438.8260      0.5388    521.06   -0.0647   1672.96
[SPARC][INFO] 454        -438.8537      0.5552    536.91   -0.0252   1672.83
[SPARC][INFO] 455        -438.8828      0.5721    553.22    0.0059   1672.72
[SPARC][INFO] 456        -438.9147      0.5909    571.40    0.0253   1672.60
[SPARC][INFO] 457        -438.9499      0.6120    591.85    0.0306   1672.49
[SPARC][INFO] 458        -438.9875      0.6344    613.51    0.0216   1672.38
[SPARC][INFO] 459        -439.0252      0.6558    634.19   -0.0004   1672.27
[SPARC][INFO] 460        -439.0604      0.6735    651.26   -0.0323   1672.16
[SPARC][INFO] 461        -439.0904      0.6851    662.55   -0.0705   1672.04
[SPARC][INFO] 462        -439.1144      0.6905    667.71   -0.1110   1671.92
[SPARC][INFO] 463        -439.1342      0.6914    668.64   -0.1498   1671.79
[SPARC][INFO] 464        -439.1527      0.6908    668.02   -0.1835   1671.66
[SPARC][INFO] 465        -439.1719      0.6907    667.92   -0.2098   1671.52
[SPARC][INFO] 466        -439.1929      0.6925    669.65   -0.2269   1671.38
[SPARC][INFO] 467        -439.2165      0.6967    673.77   -0.2337   1671.24
[SPARC][INFO] 468        -439.2422      0.7028    679.66   -0.2305   1671.10
[SPARC][INFO] 469        -439.2685      0.7092    685.83   -0.2180   1670.96
[SPARC][INFO] 470        -439.2937      0.7142    690.66   -0.1981   1670.82
[SPARC][INFO] 471        -439.3166      0.7166    693.03   -0.1730   1670.68
[SPARC][INFO] 472        -439.3366      0.7163    692.70   -0.1458   1670.55
[SPARC][INFO] 473        -439.3548      0.7142    690.63   -0.1198   1670.42
[SPARC][INFO] 474        -439.3729      0.7122    688.74   -0.0976   1670.29
[SPARC][INFO] 475        -439.3934      0.7126    689.13   -0.0816   1670.17
[SPARC][INFO] 476        -439.4176      0.7166    692.97   -0.0733   1670.04
[SPARC][INFO] 477        -439.4451      0.7235    699.70   -0.0728   1669.92
[SPARC][INFO] 478        -439.4737      0.7312    707.14   -0.0791   1669.80
[SPARC][INFO] 479        -439.5006      0.7369    712.59   -0.0907   1669.68
[SPARC][INFO] 480        -439.5237      0.7385    714.13   -0.1053   1669.55
[SPARC][INFO] 481        -439.5425      0.7357    711.44   -0.1210   1669.43
[SPARC][INFO] 482        -439.5580      0.7300    705.94   -0.1362   1669.30
[SPARC][INFO] 483        -439.5730      0.7242    700.33   -0.1495   1669.17
[SPARC][INFO] 484        -439.5905      0.7210    697.27   -0.1600   1669.04
[SPARC][INFO] 485        -439.6121      0.7220    698.17   -0.1671   1668.91
[SPARC][INFO] 486        -439.6378      0.7268    702.80   -0.1701   1668.78
[SPARC][INFO] 487        -439.6659      0.7337    709.49   -0.1692   1668.64
[SPARC][INFO] 488        -439.6940      0.7402    715.84   -0.1646   1668.51
[SPARC][INFO] 489        -439.7197      0.7442    719.66   -0.1567   1668.38
[SPARC][INFO] 490        -439.7418      0.7445    719.98   -0.1466   1668.25
[SPARC][INFO] 491        -439.7609      0.7420    717.54   -0.1356   1668.12
[SPARC][INFO] 492        -439.7794      0.7391    714.70   -0.1256   1667.99
[SPARC][INFO] 493        -439.8006      0.7390    714.65   -0.1181   1667.86
[SPARC][INFO] 494        -439.8277      0.7447    720.16   -0.1141   1667.73
[SPARC][INFO] 495        -439.8622      0.7574    732.47   -0.1141   1667.61
[SPARC][INFO] 496        -439.9037      0.7763    750.74   -0.1175   1667.48
[SPARC][INFO] 497        -439.9497      0.7988    772.47   -0.1233   1667.35
[SPARC][INFO] 498        -439.9973      0.8216    794.54   -0.1295   1667.23
[SPARC][INFO] 499        -440.0437      0.8421    814.39   -0.1343   1667.10
[SPARC][INFO] 500        -440.0873      0.8589    830.64   -0.1363   1666.97
[SPARC][INFO] PyTorch backend is functional
[SPARC][INFO] Detected DeePMD-kit v3 with PYTORCH backend
[SPARC][INFO] 
[SPARC][INFO] --------------------------------------------------------------------------------
[SPARC][INFO]                         ACTIVE LEARNING CYCLE : DISABLED                        
[SPARC][INFO] --------------------------------------------------------------------------------
[SPARC][INFO] ================================================================================
[SPARC][INFO] 

================================================================================
END CALCULATION - 2026-04-16 21:22:04
Total Runtime: 1:08:53.226415
================================================================================
