# Step   Epot       Ekin       Total      Temp   Pressure(GPa)  Volume(Å³)  
0.0      -439.674718 0.361928   -439.312791 350.00 0.302599       1728.0000   
200.0    -440.515704 0.501249   -440.014455 484.73 -0.128249      1728.0000   
400.0    -440.620928 0.554249   -440.066679 535.98 0.003083       1728.0000   
600.0    -440.464105 0.543737   -439.920368 525.82 0.207715       1728.0000   
800.0    -440.562833 0.541601   -440.021232 523.75 -0.153324      1728.0000   
1000.0   -440.195992 0.555831   -439.640161 537.51 -0.262293      1728.0000   
1200.0   -440.381924 0.287510   -440.094414 278.04 0.186822       1728.0000   
1400.0   -440.391405 0.645069   -439.746336 623.81 0.204178       1728.0000   
1600.0   -440.588047 0.462027   -440.126020 446.80 -0.189195      1728.0000   
1800.0   -440.335994 0.492211   -439.843783 475.99 -0.146397      1728.0000   
2000.0   -440.456517 0.252603   -440.203914 244.28 0.146550       1728.0000   
2200.0   -440.423464 0.529963   -439.893501 512.50 0.095679       1728.0000   
2400.0   -440.473254 0.484404   -439.988849 468.44 -0.178809      1728.0000   
2600.0   -440.293516 0.284234   -440.009283 274.87 -0.050928      1728.0000   
2800.0   -440.473833 0.438135   -440.035697 423.70 0.097878       1728.0000   
3000.0   -440.508487 0.597341   -439.911147 577.65 0.042219       1728.0000   
3200.0   -440.303425 0.240753   -440.062672 232.82 -0.125962      1728.0000   
3400.0   -440.447389 0.439761   -440.007628 425.27 -0.152774      1728.0000   
3600.0   -440.545539 0.589819   -439.955720 570.38 -0.116343      1728.0000   
3800.0   -440.388491 0.283992   -440.104499 274.63 0.081540       1728.0000   
4000.0   -440.215424 0.339539   -439.875886 328.35 -0.223726      1728.0000   
4200.0   -440.499666 0.429867   -440.069799 415.70 -0.288619      1728.0000   
4400.0   -440.086586 0.546941   -439.539645 528.92 -0.090044      1728.0000   
4600.0   -440.196916 0.221690   -439.975226 214.38 0.044559       1728.0000   
4800.0   -440.309736 0.195228   -440.114508 188.79 -0.146843      1728.0000   
5000.0   -439.909756 0.120271   -439.789485 116.31 -0.231891      1728.0000   
# Step   Epot       Ekin       Total      Temp   Pressure(GPa)  Volume(Å³)  
0.0      -439.674718 0.361928   -439.312791 350.00 0.302599       1728.0000   
200.0    -440.400657 0.333655   -440.067003 322.66 -0.249334      1728.0000   
400.0    -440.331828 0.284807   -440.047021 275.42 0.136132       1728.0000   
600.0    -440.471584 0.455889   -440.015695 440.86 0.185698       1728.0000   
800.0    -440.587895 0.547341   -440.040555 529.30 -0.182351      1728.0000   
1000.0   -439.918526 0.174056   -439.744470 168.32 -0.192203      1728.0000   
1200.0   -440.419136 0.268259   -440.150877 259.42 -0.135359      1728.0000   
1400.0   -439.989280 0.292950   -439.696329 283.30 0.056364       1728.0000   
1600.0   -440.430820 0.241533   -440.189287 233.57 0.009062       1728.0000   
1800.0   -440.008149 0.147482   -439.860667 142.62 -0.373058      1728.0000   
2000.0   -440.455591 0.210872   -440.244720 203.92 -0.150522      1728.0000   
2200.0   -440.087765 0.152538   -439.935226 147.51 0.131925       1728.0000   
2400.0   -440.447872 0.135931   -440.311940 131.45 -0.121296      1728.0000   
2600.0   -440.186951 0.156848   -440.030103 151.68 -0.205816      1728.0000   
2800.0   -440.339505 0.239851   -440.099654 231.95 -0.238644      1728.0000   
3000.0   -440.431062 0.272851   -440.158211 263.86 -0.061633      1728.0000   
3200.0   -440.293641 0.282351   -440.011290 273.05 0.100433       1728.0000   
3400.0   -440.406590 0.150364   -440.256226 145.41 -0.204997      1728.0000   
3600.0   -440.241415 0.331397   -439.910018 320.47 -0.221042      1728.0000   
3800.0   -440.644496 0.439844   -440.204652 425.35 0.046890       1728.0000   
4000.0   -440.635479 0.279900   -440.355579 270.68 0.073240       1728.0000   
4200.0   -440.399066 0.434951   -439.964114 420.62 0.032355       1728.0000   
4400.0   -440.411322 0.200641   -440.210682 194.03 0.069528       1728.0000   
4600.0   -440.543371 0.496135   -440.047235 479.78 -0.005766      1728.0000   
4800.0   -440.193158 0.151253   -440.041906 146.27 0.381943       1728.0000   
5000.0   -440.539940 0.346184   -440.193756 334.78 0.153629       1728.0000   
