# Step   Epot       Ekin       Total      Temp   Pressure(GPa)  Volume(Å³)  
0.0      -439.837110 0.361928   -439.475182 350.00 0.200060       1728.0000   
200.0    -440.481870 0.384305   -440.097565 371.64 -0.067289      1728.0000   
400.0    -440.445599 0.465589   -439.980010 450.24 0.258915       1728.0000   
600.0    -440.452062 0.310295   -440.141767 300.07 0.154906       1728.0000   
800.0    -440.160120 0.164603   -439.995517 159.18 0.021829       1728.0000   
1000.0   -440.557679 0.416115   -440.141563 402.40 0.126956       1728.0000   
1200.0   -440.675617 0.655692   -440.019924 634.08 -0.030388      1728.0000   
1400.0   -440.340316 0.309052   -440.031263 298.87 -0.311367      1728.0000   
1600.0   -440.402390 0.333040   -440.069350 322.06 -0.056670      1728.0000   
1800.0   -440.313140 0.317732   -439.995407 307.26 0.187792       1728.0000   
2000.0   -440.260455 0.179904   -440.080551 173.97 0.043347       1728.0000   
2200.0   -440.441174 0.439135   -440.002039 424.66 -0.005725      1728.0000   
2400.0   -440.475665 0.425256   -440.050408 411.24 0.021039       1728.0000   
2600.0   -440.347205 0.319946   -440.027260 309.40 -0.206934      1728.0000   
2800.0   -440.563738 0.425743   -440.137995 411.71 0.015198       1728.0000   
3000.0   -440.285861 0.276176   -440.009685 267.07 0.140682       1728.0000   
3200.0   -440.510425 0.293806   -440.216619 284.12 -0.180867      1728.0000   
3400.0   -440.364107 0.493174   -439.870933 476.92 -0.145660      1728.0000   
3600.0   -440.383011 0.179694   -440.203317 173.77 0.096653       1728.0000   
3800.0   -440.417282 0.401440   -440.015842 388.21 -0.162514      1728.0000   
4000.0   -440.487807 0.336572   -440.151235 325.48 -0.200655      1728.0000   
4200.0   -440.395861 0.399538   -439.996322 386.37 -0.048613      1728.0000   
4400.0   -440.449686 0.397716   -440.051971 384.61 -0.073899      1728.0000   
4600.0   -440.484279 0.412092   -440.072187 398.51 0.120992       1728.0000   
4800.0   -440.458558 0.498892   -439.959666 482.45 0.112923       1728.0000   
5000.0   -440.536983 0.367879   -440.169105 355.75 -0.082156      1728.0000   
# Step   Epot       Ekin       Total      Temp   Pressure(GPa)  Volume(Å³)  
0.0      -439.837110 0.361928   -439.475182 350.00 0.200060       1728.0000   
200.0    -440.469136 0.411326   -440.057809 397.77 -0.074011      1728.0000   
400.0    -440.223056 0.216438   -440.006618 209.30 0.366497       1728.0000   
600.0    -440.336006 0.284218   -440.051788 274.85 0.200103       1728.0000   
800.0    -440.325290 0.294783   -440.030507 285.07 0.036236       1728.0000   
1000.0   -440.139708 0.300068   -439.839640 290.18 0.358684       1728.0000   
1200.0   -440.386667 0.231213   -440.155455 223.59 -0.078654      1728.0000   
1400.0   -440.520439 0.646185   -439.874254 624.89 0.168298       1728.0000   
1600.0   -440.614949 0.548896   -440.066053 530.81 0.115281       1728.0000   
1800.0   -440.581120 0.620247   -439.960874 599.81 -0.031956      1728.0000   
2000.0   -440.289522 0.203200   -440.086322 196.50 0.201461       1728.0000   
2200.0   -440.403594 0.329390   -440.074204 318.53 -0.063050      1728.0000   
2400.0   -440.453905 0.426993   -440.026912 412.92 -0.163009      1728.0000   
2600.0   -440.516110 0.330903   -440.185207 320.00 -0.040884      1728.0000   
2800.0   -440.436838 0.600051   -439.836787 580.28 0.149230       1728.0000   
3000.0   -440.619805 0.455880   -440.163925 440.86 -0.088160      1728.0000   
3200.0   -440.332821 0.326072   -440.006749 315.33 -0.206970      1728.0000   
3400.0   -440.359820 0.301884   -440.057935 291.94 -0.230242      1728.0000   
3600.0   -440.367160 0.289271   -440.077889 279.74 -0.122129      1728.0000   
3800.0   -440.268401 0.280739   -439.987661 271.49 0.162570       1728.0000   
4000.0   -440.463930 0.195985   -440.267945 189.53 -0.088536      1728.0000   
4200.0   -440.323329 0.275042   -440.048288 265.98 0.117054       1728.0000   
4400.0   -440.284705 0.270047   -440.014658 261.15 0.306944       1728.0000   
4600.0   -440.368217 0.138208   -440.230009 133.65 -0.065569      1728.0000   
4800.0   -440.516728 0.543915   -439.972813 525.99 0.049203       1728.0000   
5000.0   -440.582593 0.359612   -440.222981 347.76 0.108858       1728.0000   
