================================================================================
BEGIN CALCULATION - 2026-04-16 12:49:34
================================================================================


         ######  ########     ###    ########   ######  
        ##    ## ##     ##   ## ##   ##     ## ##    ## 
        ##       ##     ##  ##   ##  ##     ## ##       
         ######  ########  ##     ## ########  ##       
              ## ##        ######### ##   ##   ##       
        ##    ## ##        ##     ## ##    ##  ##    ## 
         ######  ##        ##     ## ##     ##  ###### 
         --v0.2.0

[SPARC][INFO] SPARC: Smart Potential with Atomistic Rare Events & Continuous Learning
[SPARC][INFO] Version: 0.2.0

[SPARC][INFO] ================================================================================
[SPARC][INFO] Working directory: /home/rverma7/My_Program/0.3_sparc/examples/CP2K/MD/TempRamp
[SPARC][INFO] Configuration file: input.yaml
[SPARC][INFO] 
[SPARC][INFO] ================================================================================
[SPARC][INFO]                     YAML configuration loaded successfully!                     
[SPARC][INFO] ================================================================================
[SPARC][INFO] Using structure file: ../../../AmmoniaBorate.xyz
[SPARC][INFO] WORKFLOW PARAMETERS :
[SPARC][INFO] ---------------------
[SPARC][INFO] Structure FileName/s           ../../../AmmoniaBorate.xyz
[SPARC][INFO] Number of Atoms                8
[SPARC][INFO] Chemical Formula               H6BN
[SPARC][INFO] 
[SPARC][INFO] DFT Engine                     CP2K
[SPARC][INFO] DFT Tempelate File             cp2k_template.inp
[SPARC][INFO] DFT Executable                 mpirun -np 2 /home/prg/Softwares/cp2k_gcc/exe/local/cp2k_shell.psmp
[SPARC][INFO] 
[SPARC][INFO] Active Learning                Disabled
[SPARC][INFO] ================================================================================
[SPARC][INFO] 
[SPARC][INFO] Creating Directories for Iteration: 000000
[SPARC][INFO] ================================================================================
[SPARC][INFO] ├── iter_000000
[SPARC][INFO] │   ├── 00.dft
[SPARC][INFO] │   ├── 01.train
[SPARC][INFO] │   └── 02.dpmd
[SPARC][INFO] 
[SPARC][INFO] Setting up CP2K calculator...
[SPARC][INFO] --------------------------------------------------
[SPARC][INFO]                  CP2K PARAMETERS                  
[SPARC][INFO] --------------------------------------------------
[SPARC][INFO]   Xc                           PADE
[SPARC][INFO]   Max_scf                      500
[SPARC][INFO]   Basis_set_file               BASIS_MOLOPT
[SPARC][INFO]   Potential_file               GTH_POTENTIALS
[SPARC][INFO]   Label                        cp2k/job
[SPARC][INFO]   Template_file                cp2k_template.inp
[SPARC][INFO] --------------------------------------------------
[SPARC][INFO]                CP2K TEMPLATE INPUT                
[SPARC][INFO] --------------------------------------------------
[SPARC][INFO]   &GLOBAL
[SPARC][INFO]   ECHO_INPUT
[SPARC][INFO]   &END GLOBAL
[SPARC][INFO]   &FORCE_EVAL
[SPARC][INFO]   &DFT
[SPARC][INFO]   CHARGE 0
[SPARC][INFO]   MULTIPLICITY 1
[SPARC][INFO]   &MGRID
[SPARC][INFO]   CUTOFF 400
[SPARC][INFO]   REL_CUTOFF 50
[SPARC][INFO]   NGRIDS 3
[SPARC][INFO]   &END MGRID
[SPARC][INFO]   &QS
[SPARC][INFO]   METHOD GPW #GAPW
[SPARC][INFO]   EPS_DEFAULT 1.0E-10
[SPARC][INFO]   EPS_PGF_ORB 1.0E-12
[SPARC][INFO]   EXTRAPOLATION ASPC
[SPARC][INFO]   EXTRAPOLATION_ORDER 3
[SPARC][INFO]   &END QS
[SPARC][INFO]   &SCF
[SPARC][INFO]   EPS_SCF 1.0E-4
[SPARC][INFO]   &OT
[SPARC][INFO]   PRECONDITIONER FULL_ALL
[SPARC][INFO]   &END
[SPARC][INFO]   &OUTER_SCF
[SPARC][INFO]   EPS_SCF 1.0E-4
[SPARC][INFO]   MAX_SCF 3
[SPARC][INFO]   &END
[SPARC][INFO]   SCF_GUESS RESTART
[SPARC][INFO]   &END SCF
[SPARC][INFO]   &END DFT
[SPARC][INFO]   &SUBSYS
[SPARC][INFO]   &KIND B
[SPARC][INFO]   ELEMENT B
[SPARC][INFO]   POTENTIAL GTH-PADE
[SPARC][INFO]   BASIS_SET SZV-MOLOPT-SR-GTH
[SPARC][INFO]   &END KIND
[SPARC][INFO]   &KIND N
[SPARC][INFO]   ELEMENT N
[SPARC][INFO]   POTENTIAL GTH-PADE
[SPARC][INFO]   BASIS_SET SZV-MOLOPT-SR-GTH
[SPARC][INFO]   &END KIND
[SPARC][INFO]   &KIND H
[SPARC][INFO]   ELEMENT H
[SPARC][INFO]   POTENTIAL GTH-PADE
[SPARC][INFO]   BASIS_SET SZV-MOLOPT-SR-GTH
[SPARC][INFO]   &END KIND
[SPARC][INFO]   &END SUBSYS
[SPARC][INFO]   &END FORCE_EVAL
[SPARC][INFO] --------------------------------------------------
[SPARC][INFO] CP2K calculator setup successfully
[SPARC][INFO] ================================================================================
[SPARC][INFO]                     Ab-initio MD using NVT-Langevin at 100K                     
[SPARC][INFO] MD Ensemble                    NVT
[SPARC][INFO] Temperature                    100.0 K
[SPARC][INFO] Temperature Ramping            100.0 K --> 500.0 K
[SPARC][INFO] MD Thermostat                  Langevin
[SPARC][INFO] Timestep                       1.00 fs
[SPARC][INFO] AIMD Steps                     500
[SPARC][INFO] Output Trajectory              AseMD.traj
[SPARC][INFO] Output Logfile                 AseMD.log
[SPARC][INFO] 
[SPARC][INFO] 
[SPARC][INFO] --------------------------------------------------------------------------------
[SPARC][INFO] Step     Epot (eV)    Ekin (eV)    Temp (K)   P (GPa)    V (Ang.^3)
[SPARC][INFO] --------------------------------------------------------------------------------
[SPARC][INFO] 0          -437.8548      0.1034    100.00   -0.0058   1728.00
[SPARC][INFO] 1          -437.8599      0.1161    112.24   -0.0328   1728.00
[SPARC][INFO] 2          -437.9631      0.1846    178.48   -0.0676   1728.00
[SPARC][INFO] 3          -438.0793      0.1852    179.12   -0.0961   1728.00
[SPARC][INFO] 4          -438.1584      0.1922    185.90   -0.0914   1728.00
[SPARC][INFO] 5          -438.2097      0.1424    137.73   -0.0493   1728.00
[SPARC][INFO] 6          -438.2513      0.1698    164.20    0.0148   1728.00
[SPARC][INFO] 7          -438.2787      0.1494    144.49    0.0403   1728.00
[SPARC][INFO] 8          -438.2908      0.1413    136.62    0.0568   1728.00
[SPARC][INFO] 9          -438.2980      0.0829     80.18    0.0493   1728.00
[SPARC][INFO] 10         -438.3100      0.1238    119.71    0.0270   1728.00
[SPARC][INFO] 11         -438.3119      0.1343    129.90   -0.0231   1728.00
[SPARC][INFO] 12         -438.3101      0.0838     81.03   -0.0630   1728.00
[SPARC][INFO] 13         -438.3157      0.1187    114.75   -0.0770   1728.00
[SPARC][INFO] 14         -438.3100      0.1057    102.26   -0.0670   1728.00
[SPARC][INFO] 15         -438.2996      0.0706     68.26   -0.0217   1728.00
[SPARC][INFO] 16         -438.2906      0.1008     97.50    0.0265   1728.00
[SPARC][INFO] 17         -438.2746      0.1136    109.84    0.0586   1728.00
[SPARC][INFO] 18         -438.2544      0.0813     78.59    0.0627   1728.00
[SPARC][INFO] 19         -438.2489      0.1174    113.57    0.0399   1728.00
[SPARC][INFO] 20         -438.2554      0.1183    114.36   -0.0336   1728.00
[SPARC][INFO] 21         -438.2676      0.1037    100.32   -0.0626   1728.00
[SPARC][INFO] 22         -438.2929      0.1775    171.68   -0.0650   1728.00
[SPARC][INFO] 23         -438.3159      0.1674    161.92   -0.0405   1728.00
[SPARC][INFO] 24         -438.3283      0.1299    125.59    0.0042   1728.00
[SPARC][INFO] 25         -438.3321      0.1478    142.92    0.0470   1728.00
[SPARC][INFO] 26         -438.3287      0.1150    111.17    0.0719   1728.00
[SPARC][INFO] 27         -438.3248      0.1183    114.38    0.0599   1728.00
[SPARC][INFO] 28         -438.3364      0.1438    139.08    0.0135   1728.00
[SPARC][INFO] 29         -438.3323      0.0913     88.33   -0.0363   1728.00
[SPARC][INFO] 30         -438.3238      0.1350    130.53   -0.0643   1728.00
[SPARC][INFO] 31         -438.3405      0.1775    171.67   -0.0465   1728.00
[SPARC][INFO] 32         -438.3608      0.1337    129.30   -0.0107   1728.00
[SPARC][INFO] 33         -438.3669      0.1358    131.29    0.0285   1728.00
[SPARC][INFO] 34         -438.3508      0.1178    113.93    0.0414   1728.00
[SPARC][INFO] 35         -438.3452      0.0794     76.80    0.0065   1728.00
[SPARC][INFO] 36         -438.3507      0.1170    113.12   -0.0607   1728.00
[SPARC][INFO] 37         -438.3419      0.1195    115.58   -0.1066   1728.00
[SPARC][INFO] 38         -438.3352      0.1148    111.02   -0.1175   1728.00
[SPARC][INFO] 39         -438.3335      0.1207    116.76   -0.0978   1728.00
[SPARC][INFO] 40         -438.3368      0.1099    106.25   -0.0567   1728.00
[SPARC][INFO] 41         -438.3331      0.1162    112.33   -0.0131   1728.00
[SPARC][INFO] 42         -438.3127      0.1167    112.89    0.0090   1728.00
[SPARC][INFO] 43         -438.2938      0.0988     95.52    0.0145   1728.00
[SPARC][INFO] 44         -438.2738      0.1174    113.56    0.0336   1728.00
[SPARC][INFO] 45         -438.2597      0.1432    138.48    0.0398   1728.00
[SPARC][INFO] 46         -438.2835      0.1370    132.49    0.0120   1728.00
[SPARC][INFO] 47         -438.3106      0.1240    119.95   -0.0119   1728.00
[SPARC][INFO] 48         -438.3233      0.1372    132.70   -0.0353   1728.00
[SPARC][INFO] 49         -438.3327      0.1980    191.48   -0.0572   1728.00
[SPARC][INFO] 50         -438.3322      0.1311    126.74   -0.0618   1728.00
[SPARC][INFO] 51         -438.3185      0.1027     99.31   -0.0437   1728.00
[SPARC][INFO] 52         -438.3029      0.1375    132.94   -0.0447   1728.00
[SPARC][INFO] 53         -438.2956      0.1863    180.13   -0.0276   1728.00
[SPARC][INFO] 54         -438.3029      0.2011    194.50   -0.0231   1728.00
[SPARC][INFO] 55         -438.3165      0.1692    163.64   -0.0164   1728.00
[SPARC][INFO] 56         -438.3142      0.1434    138.65   -0.0007   1728.00
[SPARC][INFO] 57         -438.2873      0.1470    142.13    0.0058   1728.00
[SPARC][INFO] 58         -438.2793      0.1448    140.02    0.0098   1728.00
[SPARC][INFO] 59         -438.2717      0.1730    167.28    0.0464   1728.00
[SPARC][INFO] 60         -438.2579      0.1460    141.14    0.0552   1728.00
[SPARC][INFO] 61         -438.2972      0.1825    176.46    0.0274   1728.00
[SPARC][INFO] 62         -438.3238      0.1534    148.31    0.0133   1728.00
[SPARC][INFO] 63         -438.3205      0.1139    110.11    0.0050   1728.00
[SPARC][INFO] 64         -438.3114      0.1219    117.88   -0.0394   1728.00
[SPARC][INFO] 65         -438.3133      0.1346    130.20   -0.0842   1728.00
[SPARC][INFO] 66         -438.3390      0.1875    181.35   -0.0889   1728.00
[SPARC][INFO] 67         -438.3465      0.1346    130.17   -0.0519   1728.00
[SPARC][INFO] 68         -438.3339      0.2338    226.12    0.0185   1728.00
[SPARC][INFO] 69         -438.3105      0.1449    140.16    0.0714   1728.00
[SPARC][INFO] 70         -438.3167      0.1977    191.14    0.1040   1728.00
[SPARC][INFO] 71         -438.3336      0.2408    232.89    0.0900   1728.00
[SPARC][INFO] 72         -438.3357      0.1297    125.43    0.0661   1728.00
[SPARC][INFO] 73         -438.3388      0.1727    166.99    0.0388   1728.00
[SPARC][INFO] 74         -438.3626      0.2870    277.51   -0.0186   1728.00
[SPARC][INFO] 75         -438.3650      0.1588    153.52   -0.0708   1728.00
[SPARC][INFO] 76         -438.3692      0.2182    211.03   -0.1006   1728.00
[SPARC][INFO] 77         -438.3651      0.1837    177.63   -0.0998   1728.00
[SPARC][INFO] 78         -438.3739      0.1715    165.86   -0.0701   1728.00
[SPARC][INFO] 79         -438.3758      0.1569    151.69   -0.0363   1728.00
[SPARC][INFO] 80         -438.3539      0.1389    134.30   -0.0000   1728.00
[SPARC][INFO] 81         -438.3332      0.1257    121.51    0.0369   1728.00
[SPARC][INFO] 82         -438.3395      0.2283    220.76    0.0516   1728.00
[SPARC][INFO] 83         -438.3439      0.1764    170.60    0.0565   1728.00
[SPARC][INFO] 84         -438.3279      0.1665    161.00    0.0210   1728.00
[SPARC][INFO] 85         -438.3305      0.1269    122.76   -0.0317   1728.00
[SPARC][INFO] 86         -438.3430      0.1601    154.78   -0.0854   1728.00
[SPARC][INFO] 87         -438.3187      0.1150    111.18   -0.1082   1728.00
[SPARC][INFO] 88         -438.2700      0.1516    146.58   -0.1050   1728.00
[SPARC][INFO] 89         -438.2772      0.1902    183.94   -0.0829   1728.00
[SPARC][INFO] 90         -438.3221      0.1877    181.49   -0.0570   1728.00
[SPARC][INFO] 91         -438.3489      0.1845    178.41   -0.0174   1728.00
[SPARC][INFO] 92         -438.3236      0.1908    184.50    0.0268   1728.00
[SPARC][INFO] 93         -438.3041      0.1553    150.22    0.0339   1728.00
[SPARC][INFO] 94         -438.3020      0.1811    175.16    0.0306   1728.00
[SPARC][INFO] 95         -438.2855      0.2150    207.89    0.0163   1728.00
[SPARC][INFO] 96         -438.2914      0.1781    172.24   -0.0091   1728.00
[SPARC][INFO] 97         -438.3318      0.2145    207.44   -0.0316   1728.00
[SPARC][INFO] 98         -438.3514      0.1583    153.05   -0.0542   1728.00
[SPARC][INFO] 99         -438.3521      0.1437    138.99   -0.0714   1728.00
[SPARC][INFO] 100        -438.3391      0.1529    147.87   -0.0843   1728.00
[SPARC][INFO] 101        -438.3120      0.2035    196.84   -0.0942   1728.00
[SPARC][INFO] 102        -438.3055      0.1488    143.93   -0.1089   1728.00
[SPARC][INFO] 103        -438.3352      0.2393    231.41   -0.0869   1728.00
[SPARC][INFO] 104        -438.3517      0.1595    154.25   -0.0313   1728.00
[SPARC][INFO] 105        -438.3451      0.1457    140.95    0.0314   1728.00
[SPARC][INFO] 106        -438.3356      0.1377    133.12    0.0840   1728.00
[SPARC][INFO] 107        -438.3588      0.1989    192.31    0.0949   1728.00
[SPARC][INFO] 108        -438.3984      0.2440    235.94    0.0621   1728.00
[SPARC][INFO] 109        -438.3935      0.2406    232.71    0.0056   1728.00
[SPARC][INFO] 110        -438.3552      0.1676    162.10   -0.0597   1728.00
[SPARC][INFO] 111        -438.2957      0.1307    126.44   -0.1231   1728.00
[SPARC][INFO] 112        -438.2320      0.1318    127.48   -0.1742   1728.00
[SPARC][INFO] 113        -438.2305      0.2056    198.79   -0.1773   1728.00
[SPARC][INFO] 114        -438.2566      0.2727    263.74   -0.1262   1728.00
[SPARC][INFO] 115        -438.2775      0.2128    205.78   -0.0627   1728.00
[SPARC][INFO] 116        -438.2925      0.2373    229.50    0.0182   1728.00
[SPARC][INFO] 117        -438.2726      0.1713    165.64    0.0704   1728.00
[SPARC][INFO] 118        -438.2533      0.1952    188.78    0.0687   1728.00
[SPARC][INFO] 119        -438.2633      0.2519    243.58    0.0586   1728.00
[SPARC][INFO] 120        -438.2829      0.2677    258.87    0.0432   1728.00
[SPARC][INFO] 121        -438.2957      0.2206    213.32    0.0052   1728.00
[SPARC][INFO] 122        -438.2890      0.1750    169.20   -0.0417   1728.00
[SPARC][INFO] 123        -438.2932      0.2264    218.98   -0.0668   1728.00
[SPARC][INFO] 124        -438.3135      0.1677    162.21   -0.0657   1728.00
[SPARC][INFO] 125        -438.3297      0.2250    217.60   -0.0655   1728.00
[SPARC][INFO] 126        -438.3428      0.2015    194.90   -0.0546   1728.00
[SPARC][INFO] 127        -438.3402      0.2163    209.21   -0.0201   1728.00
[SPARC][INFO] 128        -438.3000      0.2232    215.80    0.0210   1728.00
[SPARC][INFO] 129        -438.2372      0.1621    156.74    0.0093   1728.00
[SPARC][INFO] 130        -438.1999      0.2232    215.80   -0.0047   1728.00
[SPARC][INFO] 131        -438.2092      0.2360    228.27    0.0053   1728.00
[SPARC][INFO] 132        -438.2592      0.2619    253.26    0.0230   1728.00
[SPARC][INFO] 133        -438.3057      0.2908    281.25    0.0265   1728.00
[SPARC][INFO] 134        -438.3315      0.2332    225.48    0.0194   1728.00
[SPARC][INFO] 135        -438.3264      0.2383    230.49   -0.0037   1728.00
[SPARC][INFO] 136        -438.3344      0.2070    200.13   -0.0486   1728.00
[SPARC][INFO] 137        -438.3432      0.2267    219.23   -0.0884   1728.00
[SPARC][INFO] 138        -438.3097      0.1741    168.36   -0.1161   1728.00
[SPARC][INFO] 139        -438.2797      0.3215    310.87   -0.1093   1728.00
[SPARC][INFO] 140        -438.2801      0.2374    229.61   -0.0678   1728.00
[SPARC][INFO] 141        -438.2782      0.2109    203.92   -0.0250   1728.00
[SPARC][INFO] 142        -438.2573      0.1976    191.06   -0.0006   1728.00
[SPARC][INFO] 143        -438.2177      0.1857    179.62    0.0557   1728.00
[SPARC][INFO] 144        -438.1895      0.2121    205.12    0.1109   1728.00
[SPARC][INFO] 145        -438.1714      0.1676    162.10    0.1135   1728.00
[SPARC][INFO] 146        -438.1810      0.2297    222.11    0.0726   1728.00
[SPARC][INFO] 147        -438.1989      0.2186    211.37    0.0148   1728.00
[SPARC][INFO] 148        -438.2205      0.2274    219.87   -0.0445   1728.00
[SPARC][INFO] 149        -438.2198      0.1647    159.27   -0.0964   1728.00
[SPARC][INFO] 150        -438.2172      0.2382    230.34   -0.1089   1728.00
[SPARC][INFO] 151        -438.2560      0.2679    259.04   -0.0880   1728.00
[SPARC][INFO] 152        -438.3076      0.2393    231.44   -0.0590   1728.00
[SPARC][INFO] 153        -438.3237      0.2262    218.71   -0.0150   1728.00
[SPARC][INFO] 154        -438.2937      0.1812    175.24    0.0145   1728.00
[SPARC][INFO] 155        -438.2881      0.1699    164.30    0.0066   1728.00
[SPARC][INFO] 156        -438.2915      0.1957    189.22   -0.0259   1728.00
[SPARC][INFO] 157        -438.2560      0.1842    178.17   -0.0393   1728.00
[SPARC][INFO] 158        -438.2395      0.1972    190.69   -0.0513   1728.00
[SPARC][INFO] 159        -438.2508      0.1752    169.45   -0.0450   1728.00
[SPARC][INFO] 160        -438.2901      0.2824    273.14   -0.0329   1728.00
[SPARC][INFO] 161        -438.2891      0.1189    115.02   -0.0265   1728.00
[SPARC][INFO] 162        -438.2754      0.2305    222.90    0.0144   1728.00
[SPARC][INFO] 163        -438.2623      0.1618    156.47    0.0169   1728.00
[SPARC][INFO] 164        -438.2845      0.2347    226.97   -0.0084   1728.00
[SPARC][INFO] 165        -438.3056      0.2134    206.36   -0.0130   1728.00
[SPARC][INFO] 166        -438.3189      0.2423    234.30   -0.0180   1728.00
[SPARC][INFO] 167        -438.3002      0.2739    264.87   -0.0194   1728.00
[SPARC][INFO] 168        -438.2777      0.2469    238.73   -0.0358   1728.00
[SPARC][INFO] 169        -438.2420      0.2053    198.53   -0.0570   1728.00
[SPARC][INFO] 170        -438.2279      0.2606    252.01   -0.1027   1728.00
[SPARC][INFO] 171        -438.2399      0.3032    293.18   -0.1139   1728.00
[SPARC][INFO] 172        -438.2558      0.1918    185.45   -0.0547   1728.00
[SPARC][INFO] 173        -438.2443      0.2273    219.77    0.0311   1728.00
[SPARC][INFO] 174        -438.2408      0.2830    273.63    0.0702   1728.00
[SPARC][INFO] 175        -438.2674      0.2297    222.16    0.0395   1728.00
[SPARC][INFO] 176        -438.2397      0.2355    227.78   -0.0289   1728.00
[SPARC][INFO] 177        -438.1722      0.2419    233.92   -0.0738   1728.00
[SPARC][INFO] 178        -438.1125      0.2232    215.87   -0.1159   1728.00
[SPARC][INFO] 179        -438.1089      0.2447    236.67   -0.0914   1728.00
[SPARC][INFO] 180        -438.1166      0.2746    265.51   -0.0656   1728.00
[SPARC][INFO] 181        -438.1186      0.1841    178.08   -0.0519   1728.00
[SPARC][INFO] 182        -438.1484      0.3348    323.76   -0.0434   1728.00
[SPARC][INFO] 183        -438.1448      0.2370    229.15   -0.0296   1728.00
[SPARC][INFO] 184        -438.1257      0.2302    222.59   -0.0042   1728.00
[SPARC][INFO] 185        -438.1528      0.1956    189.19    0.0346   1728.00
[SPARC][INFO] 186        -438.2033      0.2521    243.80    0.0640   1728.00
[SPARC][INFO] 187        -438.2243      0.2581    249.61    0.0930   1728.00
[SPARC][INFO] 188        -438.2171      0.2655    256.71    0.0469   1728.00
[SPARC][INFO] 189        -438.2118      0.3203    309.72   -0.0217   1728.00
[SPARC][INFO] 190        -438.2211      0.2705    261.56   -0.0857   1728.00
[SPARC][INFO] 191        -438.2647      0.3039    293.86   -0.1239   1728.00
[SPARC][INFO] 192        -438.3125      0.3576    345.85   -0.1343   1728.00
[SPARC][INFO] 193        -438.3196      0.3183    307.79   -0.1196   1728.00
[SPARC][INFO] 194        -438.3063      0.1644    159.01   -0.0779   1728.00
[SPARC][INFO] 195        -438.2774      0.2211    213.84    0.0231   1728.00
[SPARC][INFO] 196        -438.2537      0.1860    179.91    0.1236   1728.00
[SPARC][INFO] 197        -438.2807      0.3182    307.75    0.1783   1728.00
[SPARC][INFO] 198        -438.2956      0.2778    268.64    0.1572   1728.00
[SPARC][INFO] 199        -438.3074      0.1623    156.91    0.0909   1728.00
[SPARC][INFO] 200        -438.3160      0.2482    240.00    0.0210   1728.00
[SPARC][INFO] 201        -438.3033      0.3255    314.81   -0.0738   1728.00
[SPARC][INFO] 202        -438.2778      0.2449    236.87   -0.1560   1728.00
[SPARC][INFO] 203        -438.2535      0.4039    390.63   -0.1718   1728.00
[SPARC][INFO] 204        -438.1494      0.1878    181.60   -0.1328   1728.00
[SPARC][INFO] 205        -438.0759      0.1406    136.00   -0.0577   1728.00
[SPARC][INFO] 206        -438.0428      0.2361    228.29    0.0074   1728.00
[SPARC][INFO] 207        -438.1738      0.4473    432.52    0.0233   1728.00
[SPARC][INFO] 208        -438.2668      0.4243    410.29    0.0343   1728.00
[SPARC][INFO] 209        -438.2373      0.2811    271.79    0.0274   1728.00
[SPARC][INFO] 210        -438.2176      0.2988    288.92    0.0243   1728.00
[SPARC][INFO] 211        -438.2533      0.2504    242.17    0.0190   1728.00
[SPARC][INFO] 212        -438.3037      0.3837    371.10    0.0307   1728.00
[SPARC][INFO] 213        -438.3134      0.3054    295.38    0.0201   1728.00
[SPARC][INFO] 214        -438.3092      0.2117    204.76    0.0030   1728.00
[SPARC][INFO] 215        -438.2878      0.2563    247.83   -0.0215   1728.00
[SPARC][INFO] 216        -438.2532      0.2303    222.67   -0.0609   1728.00
[SPARC][INFO] 217        -438.2018      0.2267    219.27   -0.0893   1728.00
[SPARC][INFO] 218        -438.1569      0.2586    250.13   -0.0840   1728.00
[SPARC][INFO] 219        -438.2027      0.2958    286.05   -0.0564   1728.00
[SPARC][INFO] 220        -438.2672      0.4370    422.61   -0.0089   1728.00
[SPARC][INFO] 221        -438.2432      0.2637    255.04    0.0241   1728.00
[SPARC][INFO] 222        -438.1921      0.2822    272.90    0.0350   1728.00
[SPARC][INFO] 223        -438.1324      0.1873    181.11    0.0173   1728.00
[SPARC][INFO] 224        -438.1289      0.3430    331.68   -0.0426   1728.00
[SPARC][INFO] 225        -438.1752      0.3562    344.48   -0.0911   1728.00
[SPARC][INFO] 226        -438.2322      0.3016    291.66   -0.1154   1728.00
[SPARC][INFO] 227        -438.2730      0.3400    328.80   -0.1009   1728.00
[SPARC][INFO] 228        -438.3268      0.3341    323.06   -0.0505   1728.00
[SPARC][INFO] 229        -438.3658      0.2702    261.26    0.0131   1728.00
[SPARC][INFO] 230        -438.3583      0.3150    304.58    0.0619   1728.00
[SPARC][INFO] 231        -438.3327      0.3714    359.16    0.0989   1728.00
[SPARC][INFO] 232        -438.3198      0.3128    302.49    0.1070   1728.00
[SPARC][INFO] 233        -438.3055      0.2503    242.02    0.0992   1728.00
[SPARC][INFO] 234        -438.2857      0.3207    310.15    0.0361   1728.00
[SPARC][INFO] 235        -438.2460      0.2653    256.58   -0.0675   1728.00
[SPARC][INFO] 236        -438.1783      0.3428    331.46   -0.1662   1728.00
[SPARC][INFO] 237        -438.1067      0.2807    271.46   -0.2154   1728.00
[SPARC][INFO] 238        -438.0714      0.2670    258.23   -0.2152   1728.00
[SPARC][INFO] 239        -438.1039      0.3964    383.31   -0.1546   1728.00
[SPARC][INFO] 240        -438.1570      0.3168    306.32   -0.0559   1728.00
[SPARC][INFO] 241        -438.1978      0.4392    424.77    0.0249   1728.00
[SPARC][INFO] 242        -438.1667      0.2953    285.58    0.0640   1728.00
[SPARC][INFO] 243        -438.1162      0.2524    244.12    0.0560   1728.00
[SPARC][INFO] 244        -438.0963      0.4235    409.56    0.0302   1728.00
[SPARC][INFO] 245        -438.1061      0.2828    273.49   -0.0029   1728.00
[SPARC][INFO] 246        -438.1946      0.4823    466.42   -0.0537   1728.00
[SPARC][INFO] 247        -438.2417      0.3924    379.50   -0.0922   1728.00
[SPARC][INFO] 248        -438.2137      0.2800    270.75   -0.0880   1728.00
[SPARC][INFO] 249        -438.1463      0.2972    287.41   -0.0873   1728.00
[SPARC][INFO] 250        -438.0916      0.3205    309.96   -0.1178   1728.00
[SPARC][INFO] 251        -438.0764      0.2585    249.94   -0.0934   1728.00
[SPARC][INFO] 252        -438.1407      0.2834    274.02   -0.0412   1728.00
[SPARC][INFO] 253        -438.2047      0.4671    451.71    0.0161   1728.00
[SPARC][INFO] 254        -438.2159      0.3343    323.30    0.0640   1728.00
[SPARC][INFO] 255        -438.1819      0.3406    329.34    0.0891   1728.00
[SPARC][INFO] 256        -438.1327      0.3077    297.61    0.0819   1728.00
[SPARC][INFO] 257        -438.1369      0.2186    211.44    0.0172   1728.00
[SPARC][INFO] 258        -438.1932      0.3283    317.44   -0.0691   1728.00
[SPARC][INFO] 259        -438.2142      0.2762    267.07   -0.1502   1728.00
[SPARC][INFO] 260        -438.2074      0.2780    268.86   -0.1972   1728.00
[SPARC][INFO] 261        -438.1857      0.3516    339.99   -0.1718   1728.00
[SPARC][INFO] 262        -438.1256      0.3210    310.47   -0.0784   1728.00
[SPARC][INFO] 263        -438.0973      0.2210    213.76    0.0340   1728.00
[SPARC][INFO] 264        -438.0959      0.2903    280.71    0.1308   1728.00
[SPARC][INFO] 265        -438.0606      0.3855    372.83    0.1797   1728.00
[SPARC][INFO] 266        -438.0041      0.2610    252.44    0.1490   1728.00
[SPARC][INFO] 267        -437.9254      0.2159    208.79    0.0705   1728.00
[SPARC][INFO] 268        -437.8871      0.3753    362.93   -0.0565   1728.00
[SPARC][INFO] 269        -437.9101      0.2841    274.74   -0.1595   1728.00
[SPARC][INFO] 270        -438.0204      0.3885    375.66   -0.2127   1728.00
[SPARC][INFO] 271        -438.1101      0.4049    391.53   -0.1939   1728.00
[SPARC][INFO] 272        -438.1165      0.4155    401.83   -0.1180   1728.00
[SPARC][INFO] 273        -438.0537      0.4052    391.80    0.0098   1728.00
[SPARC][INFO] 274        -438.0238      0.2807    271.43    0.1028   1728.00
[SPARC][INFO] 275        -438.1643      0.5813    562.15    0.1096   1728.00
[SPARC][INFO] 276        -438.2603      0.4176    403.87    0.0444   1728.00
[SPARC][INFO] 277        -438.2430      0.3948    381.78   -0.0343   1728.00
[SPARC][INFO] 278        -438.1474      0.2198    212.56   -0.0761   1728.00
[SPARC][INFO] 279        -438.0785      0.2932    283.54   -0.0991   1728.00
[SPARC][INFO] 280        -438.1394      0.3214    310.78   -0.0912   1728.00
[SPARC][INFO] 281        -438.1929      0.3257    314.96   -0.0542   1728.00
[SPARC][INFO] 282        -438.1453      0.3238    313.14   -0.0250   1728.00
[SPARC][INFO] 283        -438.0778      0.2596    251.05   -0.0269   1728.00
[SPARC][INFO] 284        -438.0482      0.3354    324.39   -0.0228   1728.00
[SPARC][INFO] 285        -438.0593      0.3946    381.58   -0.0321   1728.00
[SPARC][INFO] 286        -438.0932      0.4664    451.02   -0.0249   1728.00
[SPARC][INFO] 287        -438.1297      0.3301    319.19   -0.0110   1728.00
[SPARC][INFO] 288        -438.1639      0.2911    281.50    0.0236   1728.00
[SPARC][INFO] 289        -438.2519      0.3286    317.80    0.0325   1728.00
[SPARC][INFO] 290        -438.2712      0.3338    322.81    0.0217   1728.00
[SPARC][INFO] 291        -438.1810      0.2247    217.31   -0.0072   1728.00
[SPARC][INFO] 292        -438.0785      0.4520    437.14   -0.0697   1728.00
[SPARC][INFO] 293        -438.0974      0.3473    335.84   -0.1556   1728.00
[SPARC][INFO] 294        -438.1674      0.4004    387.24   -0.2028   1728.00
[SPARC][INFO] 295        -438.1242      0.3901    377.27   -0.1825   1728.00
[SPARC][INFO] 296        -438.0285      0.2110    204.01   -0.0863   1728.00
[SPARC][INFO] 297        -438.0045      0.3127    302.42    0.0474   1728.00
[SPARC][INFO] 298        -438.0589      0.3716    359.34    0.1329   1728.00
[SPARC][INFO] 299        -438.1220      0.4141    400.40    0.1684   1728.00
[SPARC][INFO] 300        -438.1918      0.4049    391.54    0.1269   1728.00
[SPARC][INFO] 301        -438.2097      0.3398    328.55    0.0736   1728.00
[SPARC][INFO] 302        -438.1941      0.4000    386.77   -0.0116   1728.00
[SPARC][INFO] 303        -438.1993      0.3221    311.53   -0.1020   1728.00
[SPARC][INFO] 304        -438.2023      0.3914    378.55   -0.1552   1728.00
[SPARC][INFO] 305        -438.1895      0.3328    321.81   -0.1535   1728.00
[SPARC][INFO] 306        -438.1643      0.4227    408.79   -0.1059   1728.00
[SPARC][INFO] 307        -438.1611      0.2806    271.36   -0.0723   1728.00
[SPARC][INFO] 308        -438.1569      0.3588    347.00   -0.0251   1728.00
[SPARC][INFO] 309        -438.1404      0.3765    364.05    0.0255   1728.00
[SPARC][INFO] 310        -438.0981      0.3701    357.88    0.0677   1728.00
[SPARC][INFO] 311        -438.0136      0.2794    270.17    0.0570   1728.00
[SPARC][INFO] 312        -437.9817      0.4554    440.44    0.0310   1728.00
[SPARC][INFO] 313        -438.0758      0.5725    553.67   -0.0015   1728.00
[SPARC][INFO] 314        -438.1456      0.5111    494.28   -0.0235   1728.00
[SPARC][INFO] 315        -438.2005      0.5231    505.88   -0.0735   1728.00
[SPARC][INFO] 316        -438.2314      0.2587    250.17   -0.0912   1728.00
[SPARC][INFO] 317        -438.2558      0.4123    398.73   -0.1145   1728.00
[SPARC][INFO] 318        -438.2314      0.3546    342.87   -0.1209   1728.00
[SPARC][INFO] 319        -438.1766      0.4013    388.08   -0.0981   1728.00
[SPARC][INFO] 320        -438.1594      0.2985    288.65   -0.0677   1728.00
[SPARC][INFO] 321        -438.1634      0.3937    380.68    0.0050   1728.00
[SPARC][INFO] 322        -438.0738      0.3279    317.10    0.0680   1728.00
[SPARC][INFO] 323        -437.9333      0.3423    330.99    0.1066   1728.00
[SPARC][INFO] 324        -437.9329      0.3617    349.74    0.0695   1728.00
[SPARC][INFO] 325        -438.0496      0.4740    458.33    0.0136   1728.00
[SPARC][INFO] 326        -438.1108      0.4617    446.45   -0.0381   1728.00
[SPARC][INFO] 327        -438.0526      0.3361    325.01   -0.0364   1728.00
[SPARC][INFO] 328        -438.0117      0.3365    325.43   -0.0185   1728.00
[SPARC][INFO] 329        -438.0999      0.3047    294.65   -0.0048   1728.00
[SPARC][INFO] 330        -438.1928      0.4543    439.32    0.0063   1728.00
[SPARC][INFO] 331        -438.2699      0.4903    474.16    0.0133   1728.00
[SPARC][INFO] 332        -438.2866      0.5902    570.72    0.0247   1728.00
[SPARC][INFO] 333        -438.2386      0.4299    415.73    0.0061   1728.00
[SPARC][INFO] 334        -438.1910      0.1445    139.76   -0.0456   1728.00
[SPARC][INFO] 335        -438.1400      0.3432    331.88   -0.1128   1728.00
[SPARC][INFO] 336        -438.1786      0.4793    463.47   -0.1328   1728.00
[SPARC][INFO] 337        -438.2693      0.4026    389.29   -0.0970   1728.00
[SPARC][INFO] 338        -438.3258      0.4520    437.08   -0.0148   1728.00
[SPARC][INFO] 339        -438.2915      0.4000    386.81    0.0413   1728.00
[SPARC][INFO] 340        -438.1860      0.2372    229.40    0.0542   1728.00
[SPARC][INFO] 341        -438.0929      0.2809    271.68    0.0256   1728.00
[SPARC][INFO] 342        -438.0702      0.2918    282.21   -0.0156   1728.00
[SPARC][INFO] 343        -438.1700      0.4569    441.84   -0.0392   1728.00
[SPARC][INFO] 344        -438.1894      0.2987    288.86   -0.0414   1728.00
[SPARC][INFO] 345        -438.1799      0.3880    375.17   -0.0035   1728.00
[SPARC][INFO] 346        -438.2366      0.5097    492.92    0.0369   1728.00
[SPARC][INFO] 347        -438.2952      0.7617    736.60    0.0720   1728.00
[SPARC][INFO] 348        -438.2861      0.4221    408.20    0.0249   1728.00
[SPARC][INFO] 349        -438.2979      0.3709    358.65   -0.0509   1728.00
[SPARC][INFO] 350        -438.2889      0.4323    418.09   -0.1018   1728.00
[SPARC][INFO] 351        -438.2492      0.3613    349.43   -0.1230   1728.00
[SPARC][INFO] 352        -438.1931      0.3128    302.53   -0.0959   1728.00
[SPARC][INFO] 353        -438.1005      0.3184    307.89    0.0023   1728.00
[SPARC][INFO] 354        -437.9784      0.3255    314.77    0.0976   1728.00
[SPARC][INFO] 355        -437.9395      0.3417    330.43    0.1597   1728.00
[SPARC][INFO] 356        -438.0643      0.3579    346.14    0.1030   1728.00
[SPARC][INFO] 357        -438.1141      0.4038    390.50   -0.0409   1728.00
[SPARC][INFO] 358        -438.0965      0.3844    371.72   -0.1426   1728.00
[SPARC][INFO] 359        -438.0867      0.2476    239.46   -0.1794   1728.00
[SPARC][INFO] 360        -438.1663      0.3743    361.93   -0.1177   1728.00
[SPARC][INFO] 361        -438.2534      0.5011    484.60    0.0111   1728.00
[SPARC][INFO] 362        -438.2056      0.3025    292.50    0.1423   1728.00
[SPARC][INFO] 363        -438.0928      0.3016    291.70    0.2313   1728.00
[SPARC][INFO] 364        -438.0696      0.3599    348.06    0.2227   1728.00
[SPARC][INFO] 365        -438.0655      0.2429    234.87    0.1426   1728.00
[SPARC][INFO] 366        -438.0389      0.4303    416.12   -0.0264   1728.00
[SPARC][INFO] 367        -437.9879      0.4106    397.05   -0.1324   1728.00
[SPARC][INFO] 368        -438.0259      0.3282    317.34   -0.1623   1728.00
[SPARC][INFO] 369        -438.1175      0.4455    430.86   -0.1494   1728.00
[SPARC][INFO] 370        -438.1669      0.4099    396.41   -0.1022   1728.00
[SPARC][INFO] 371        -438.1890      0.4599    444.72   -0.0491   1728.00
[SPARC][INFO] 372        -438.2032      0.4633    448.00   -0.0392   1728.00
[SPARC][INFO] 373        -438.2560      0.5661    547.45    0.0038   1728.00
[SPARC][INFO] 374        -438.2741      0.4437    429.08    0.0402   1728.00
[SPARC][INFO] 375        -438.2682      0.2191    211.88    0.0457   1728.00
[SPARC][INFO] 376        -438.2423      0.4763    460.56   -0.0133   1728.00
[SPARC][INFO] 377        -438.1816      0.3174    306.90   -0.0436   1728.00
[SPARC][INFO] 378        -438.1991      0.2820    272.73   -0.1010   1728.00
[SPARC][INFO] 379        -438.1975      0.4036    390.34   -0.1309   1728.00
[SPARC][INFO] 380        -438.1616      0.2985    288.70   -0.1114   1728.00
[SPARC][INFO] 381        -438.1302      0.3426    331.29   -0.0847   1728.00
[SPARC][INFO] 382        -438.1218      0.3952    382.22   -0.0371   1728.00
[SPARC][INFO] 383        -438.1669      0.4470    432.30    0.0105   1728.00
[SPARC][INFO] 384        -438.1896      0.6346    613.64    0.0331   1728.00
[SPARC][INFO] 385        -438.2045      0.3434    332.04    0.0410   1728.00
[SPARC][INFO] 386        -438.2347      0.4614    446.15    0.0586   1728.00
[SPARC][INFO] 387        -438.2100      0.3593    347.46    0.0644   1728.00
[SPARC][INFO] 388        -438.1772      0.2095    202.64    0.0611   1728.00
[SPARC][INFO] 389        -438.1940      0.5265    509.12   -0.0034   1728.00
[SPARC][INFO] 390        -438.1717      0.3685    356.38   -0.0633   1728.00
[SPARC][INFO] 391        -438.1358      0.2750    265.92   -0.0816   1728.00
[SPARC][INFO] 392        -438.1534      0.3486    337.07   -0.0737   1728.00
[SPARC][INFO] 393        -438.2062      0.4945    478.20   -0.0941   1728.00
[SPARC][INFO] 394        -438.2718      0.5164    499.39   -0.1131   1728.00
[SPARC][INFO] 395        -438.2942      0.3075    297.39   -0.1035   1728.00
[SPARC][INFO] 396        -438.2474      0.4391    424.62   -0.0373   1728.00
[SPARC][INFO] 397        -438.1648      0.3582    346.42    0.0567   1728.00
[SPARC][INFO] 398        -438.1665      0.4533    438.35    0.1458   1728.00
[SPARC][INFO] 399        -438.1779      0.3768    364.36    0.2043   1728.00
[SPARC][INFO] 400        -438.1547      0.3608    348.87    0.2147   1728.00
[SPARC][INFO] 401        -438.1779      0.5763    557.31    0.1585   1728.00
[SPARC][INFO] 402        -438.2077      0.5484    530.32    0.0143   1728.00
[SPARC][INFO] 403        -438.1360      0.2403    232.35   -0.1510   1728.00
[SPARC][INFO] 404        -438.0291      0.3441    332.81   -0.2696   1728.00
[SPARC][INFO] 405        -437.9408      0.2776    268.47   -0.3172   1728.00
[SPARC][INFO] 406        -438.0382      0.4576    442.51   -0.2644   1728.00
[SPARC][INFO] 407        -438.1928      0.4685    453.02   -0.1391   1728.00
[SPARC][INFO] 408        -438.3139      0.5558    537.47   -0.0166   1728.00
[SPARC][INFO] 409        -438.3121      0.5369    519.23    0.1100   1728.00
[SPARC][INFO] 410        -438.2913      0.3950    382.01    0.1633   1728.00
[SPARC][INFO] 411        -438.2877      0.5592    540.72    0.1583   1728.00
[SPARC][INFO] 412        -438.3029      0.5009    484.34    0.1036   1728.00
[SPARC][INFO] 413        -438.3226      0.4947    478.36   -0.0015   1728.00
[SPARC][INFO] 414        -438.2859      0.4717    456.15   -0.0893   1728.00
[SPARC][INFO] 415        -438.2021      0.3842    371.54   -0.1522   1728.00
[SPARC][INFO] 416        -438.2349      0.5224    505.18   -0.1689   1728.00
[SPARC][INFO] 417        -438.3136      0.5319    514.34   -0.1212   1728.00
[SPARC][INFO] 418        -438.3160      0.4417    427.18   -0.0341   1728.00
[SPARC][INFO] 419        -438.2190      0.2617    253.11    0.0417   1728.00
[SPARC][INFO] 420        -438.2205      0.3833    370.69    0.1104   1728.00
[SPARC][INFO] 421        -438.3260      0.6015    581.66    0.1049   1728.00
[SPARC][INFO] 422        -438.3228      0.4168    403.02    0.0722   1728.00
[SPARC][INFO] 423        -438.2443      0.4166    402.87    0.0208   1728.00
[SPARC][INFO] 424        -438.0880      0.3974    384.32   -0.0086   1728.00
[SPARC][INFO] 425        -437.9728      0.3171    306.69   -0.0393   1728.00
[SPARC][INFO] 426        -437.9756      0.3726    360.30   -0.0836   1728.00
[SPARC][INFO] 427        -438.0823      0.5264    509.07   -0.1107   1728.00
[SPARC][INFO] 428        -438.1220      0.5518    533.66   -0.0963   1728.00
[SPARC][INFO] 429        -438.0646      0.4111    397.57   -0.0899   1728.00
[SPARC][INFO] 430        -437.8891      0.2539    245.50   -0.0727   1728.00
[SPARC][INFO] 431        -437.5800      0.3041    294.11    0.0131   1728.00
[SPARC][INFO] 432        -437.6642      0.5630    544.45    0.0215   1728.00
[SPARC][INFO] 433        -438.0542      0.8743    845.51   -0.0388   1728.00
[SPARC][INFO] 434        -438.0785      0.5015    484.96   -0.0314   1728.00
[SPARC][INFO] 435        -437.9728      0.4528    437.86   -0.0311   1728.00
[SPARC][INFO] 436        -437.9890      0.4342    419.92   -0.0234   1728.00
[SPARC][INFO] 437        -438.1376      0.6930    670.15   -0.0514   1728.00
[SPARC][INFO] 438        -438.2171      0.4558    440.80   -0.0623   1728.00
[SPARC][INFO] 439        -438.2625      0.4318    417.61   -0.0462   1728.00
[SPARC][INFO] 440        -438.2046      0.5391    521.38    0.0043   1728.00
[SPARC][INFO] 441        -438.0525      0.3971    384.02    0.0112   1728.00
[SPARC][INFO] 442        -437.9961      0.3220    311.39   -0.0270   1728.00
[SPARC][INFO] 443        -437.9981      0.3727    360.42   -0.0896   1728.00
[SPARC][INFO] 444        -437.9650      0.4782    462.41   -0.1149   1728.00
[SPARC][INFO] 445        -437.9819      0.6484    627.03   -0.0876   1728.00
[SPARC][INFO] 446        -437.9501      0.6638    641.96   -0.0284   1728.00
[SPARC][INFO] 447        -437.9428      0.5506    532.50   -0.0002   1728.00
[SPARC][INFO] 448        -437.9977      0.3653    353.30   -0.0167   1728.00
[SPARC][INFO] 449        -438.0380      0.4577    442.66   -0.0260   1728.00
[SPARC][INFO] 450        -438.0999      0.5227    505.44   -0.0296   1728.00
[SPARC][INFO] 451        -438.0845      0.6437    622.52   -0.0508   1728.00
[SPARC][INFO] 452        -438.0783      0.3558    344.04   -0.0755   1728.00
[SPARC][INFO] 453        -438.2135      0.6052    585.24   -0.0966   1728.00
[SPARC][INFO] 454        -438.2755      0.6261    605.42   -0.0842   1728.00
[SPARC][INFO] 455        -438.1839      0.3353    324.25   -0.0490   1728.00
[SPARC][INFO] 456        -438.1319      0.3935    380.58   -0.0037   1728.00
[SPARC][INFO] 457        -438.1604      0.4472    432.48    0.0138   1728.00
[SPARC][INFO] 458        -438.2285      0.5713    552.43    0.0356   1728.00
[SPARC][INFO] 459        -438.3120      0.7463    721.72    0.0388   1728.00
[SPARC][INFO] 460        -438.2946      0.4203    406.47    0.0275   1728.00
[SPARC][INFO] 461        -438.2311      0.3812    368.63    0.0069   1728.00
[SPARC][INFO] 462        -438.1344      0.5297    512.28   -0.0366   1728.00
[SPARC][INFO] 463        -438.0945      0.4057    392.30   -0.1411   1728.00
[SPARC][INFO] 464        -438.0809      0.4364    422.04   -0.1930   1728.00
[SPARC][INFO] 465        -438.0857      0.6159    595.64   -0.1848   1728.00
[SPARC][INFO] 466        -438.0347      0.4560    440.99   -0.1578   1728.00
[SPARC][INFO] 467        -438.0194      0.5306    513.14   -0.1056   1728.00
[SPARC][INFO] 468        -438.0239      0.4536    438.67   -0.0663   1728.00
[SPARC][INFO] 469        -438.1065      0.5331    515.49    0.0003   1728.00
[SPARC][INFO] 470        -438.1131      0.3557    343.99    0.0488   1728.00
[SPARC][INFO] 471        -438.0012      0.4067    393.25    0.1329   1728.00
[SPARC][INFO] 472        -437.8188      0.4547    439.72    0.1981   1728.00
[SPARC][INFO] 473        -437.9125      0.5667    548.01    0.1451   1728.00
[SPARC][INFO] 474        -438.1562      0.7802    754.52    0.0197   1728.00
[SPARC][INFO] 475        -438.0482      0.4685    453.05   -0.0616   1728.00
[SPARC][INFO] 476        -437.9342      0.3772    364.80   -0.1003   1728.00
[SPARC][INFO] 477        -437.9119      0.4760    460.29   -0.0793   1728.00
[SPARC][INFO] 478        -437.9892      0.5242    506.94   -0.0371   1728.00
[SPARC][INFO] 479        -438.1328      0.6329    612.03    0.0255   1728.00
[SPARC][INFO] 480        -438.1775      0.6123    592.13    0.0823   1728.00
[SPARC][INFO] 481        -438.1363      0.5572    538.84    0.0823   1728.00
[SPARC][INFO] 482        -438.1716      0.3319    320.92    0.0249   1728.00
[SPARC][INFO] 483        -438.2522      0.5587    540.26   -0.1121   1728.00
[SPARC][INFO] 484        -438.2126      0.4914    475.18   -0.1763   1728.00
[SPARC][INFO] 485        -438.1705      0.4376    423.18   -0.1644   1728.00
[SPARC][INFO] 486        -438.2050      0.7899    763.90   -0.1516   1728.00
[SPARC][INFO] 487        -438.2277      0.6430    621.79   -0.1110   1728.00
[SPARC][INFO] 488        -438.1658      0.4767    460.98   -0.0284   1728.00
[SPARC][INFO] 489        -437.9989      0.4542    439.21    0.0703   1728.00
[SPARC][INFO] 490        -437.9394      0.4294    415.27    0.1258   1728.00
[SPARC][INFO] 491        -438.0181      0.4684    452.95    0.1231   1728.00
[SPARC][INFO] 492        -438.0461      0.5879    568.49    0.0828   1728.00
[SPARC][INFO] 493        -438.0658      0.5075    490.79    0.0075   1728.00
[SPARC][INFO] 494        -438.1000      0.4483    433.50   -0.0293   1728.00
[SPARC][INFO] 495        -438.1388      0.4664    451.06   -0.0287   1728.00
[SPARC][INFO] 496        -438.1447      0.7031    679.89    0.0050   1728.00
[SPARC][INFO] 497        -438.1657      0.4524    437.53   -0.0031   1728.00
[SPARC][INFO] 498        -438.2260      0.6414    620.26   -0.0224   1728.00
[SPARC][INFO] 499        -438.2200      0.5286    511.20   -0.0499   1728.00
[SPARC][INFO] 500        -438.1949      0.4250    411.03   -0.1015   1728.00
[SPARC][INFO] PyTorch backend is functional
[SPARC][INFO] Detected DeePMD-kit v3 with PYTORCH backend
[SPARC][INFO] 
[SPARC][INFO] --------------------------------------------------------------------------------
[SPARC][INFO]                         ACTIVE LEARNING CYCLE : DISABLED                        
[SPARC][INFO] --------------------------------------------------------------------------------
[SPARC][INFO] ================================================================================
[SPARC][INFO] 

================================================================================
END CALCULATION - 2026-04-16 13:43:48
Total Runtime: 0:54:13.243478
================================================================================
