# Step   Epot       Ekin       Total      Temp   Pressure(GPa)  Volume(Å³)  
0.0      -439.672985 0.361928   -439.311058 350.00 0.306629       1728.0000   
200.0    -440.411475 0.360969   -440.050507 349.07 -0.064969      1728.0000   
400.0    -440.427056 0.369343   -440.057713 357.17 0.008795       1728.0000   
600.0    -440.250512 0.254010   -439.996503 245.64 0.021645       1728.0000   
800.0    -440.497028 0.461524   -440.035505 446.31 0.167288       1728.0000   
1000.0   -440.097180 0.375209   -439.721971 362.84 -0.166801      1728.0000   
1200.0   -440.291094 0.151315   -440.139779 146.33 -0.252197      1728.0000   
1400.0   -439.965039 0.269927   -439.695112 261.03 0.106375       1728.0000   
1600.0   -440.341356 0.167589   -440.173766 162.07 -0.069766      1728.0000   
1800.0   -440.070662 0.222463   -439.848199 215.13 -0.288875      1728.0000   
2000.0   -440.372854 0.149069   -440.223785 144.16 -0.001206      1728.0000   
2200.0   -440.200285 0.255638   -439.944647 247.21 -0.106078      1728.0000   
2400.0   -440.284657 0.233884   -440.050772 226.18 -0.273184      1728.0000   
2600.0   -440.235287 0.225057   -440.010230 217.64 -0.076869      1728.0000   
2800.0   -440.671402 0.853035   -439.818367 824.92 0.014810       1728.0000   
3000.0   -440.409662 0.248260   -440.161403 240.08 -0.009405      1728.0000   
3200.0   -439.982420 0.263713   -439.718707 255.02 0.207659       1728.0000   
3400.0   -440.447427 0.247097   -440.200330 238.95 -0.124251      1728.0000   
3600.0   -440.452404 0.590281   -439.862122 570.83 -0.111021      1728.0000   
3800.0   -440.418190 0.172635   -440.245554 166.95 0.227249       1728.0000   
4000.0   -440.322887 0.296965   -440.025922 287.18 0.038674       1728.0000   
4200.0   -440.622773 0.506755   -440.116017 490.05 -0.131059      1728.0000   
4400.0   -440.546573 0.424120   -440.122453 410.14 -0.034498      1728.0000   
4600.0   -440.549447 0.574090   -439.975357 555.17 0.014839       1728.0000   
4800.0   -440.470291 0.179826   -440.290465 173.90 0.090527       1728.0000   
5000.0   -440.429502 0.454984   -439.974518 439.99 0.090602       1728.0000   
# Step   Epot       Ekin       Total      Temp   Pressure(GPa)  Volume(Å³)  
0.0      -439.672985 0.361928   -439.311058 350.00 0.306629       1728.0000   
200.0    -440.402002 0.398590   -440.003412 385.45 -0.175621      1728.0000   
400.0    -440.435637 0.370017   -440.065620 357.82 0.040116       1728.0000   
600.0    -440.159219 0.247401   -439.911818 239.25 -0.011918      1728.0000   
800.0    -440.343562 0.309698   -440.033864 299.49 0.203705       1728.0000   
1000.0   -440.294112 0.650027   -439.644085 628.60 -0.199266      1728.0000   
1200.0   -440.339591 0.250598   -440.088992 242.34 -0.174354      1728.0000   
1400.0   -440.219029 0.439857   -439.779172 425.36 0.101963       1728.0000   
1600.0   -440.316070 0.187649   -440.128421 181.46 -0.344773      1728.0000   
1800.0   -440.309969 0.452795   -439.857173 437.87 -0.315180      1728.0000   
2000.0   -440.395265 0.200885   -440.194380 194.26 0.127044       1728.0000   
2200.0   -440.466521 0.556740   -439.909781 538.39 -0.239088      1728.0000   
2400.0   -440.368126 0.376276   -439.991850 363.88 -0.286357      1728.0000   
2600.0   -440.348992 0.345292   -440.003700 333.91 -0.017600      1728.0000   
2800.0   -440.386843 0.480602   -439.906241 464.76 -0.045400      1728.0000   
3000.0   -440.554749 0.363747   -440.191002 351.76 0.070685       1728.0000   
3200.0   -440.236678 0.423983   -439.812695 410.01 -0.342740      1728.0000   
3400.0   -440.440816 0.300398   -440.140419 290.50 0.065034       1728.0000   
3600.0   -440.523767 0.461537   -440.062231 446.33 0.189059       1728.0000   
3800.0   -440.296069 0.460843   -439.835226 445.66 -0.196208      1728.0000   
4000.0   -440.412245 0.352185   -440.060060 340.58 0.100201       1728.0000   
4200.0   -440.521606 0.563253   -439.958353 544.69 0.036145       1728.0000   
4400.0   -440.293632 0.422147   -439.871485 408.23 -0.050916      1728.0000   
4600.0   -440.453395 0.321467   -440.131928 310.87 0.133142       1728.0000   
4800.0   -440.405001 0.651339   -439.753661 629.87 -0.048919      1728.0000   
5000.0   -440.319396 0.206466   -440.112930 199.66 0.120614       1728.0000   
