# Step   Epot       Ekin       Total      Temp   Pressure(GPa)  Volume(Å³)  
0.0      -437.854802 0.103408   -437.751394 100.00 -0.005754      1728.0000   
1.0      -437.859903 0.116070   -437.743833 112.24 -0.032754      1728.0000   
2.0      -437.963057 0.184559   -437.778498 178.48 -0.067585      1728.0000   
3.0      -438.079299 0.185228   -437.894071 179.12 -0.096133      1728.0000   
4.0      -438.158420 0.192239   -437.966181 185.90 -0.091413      1728.0000   
5.0      -438.209678 0.142428   -438.067250 137.73 -0.049299      1728.0000   
6.0      -438.251331 0.169792   -438.081539 164.20 0.014803       1728.0000   
7.0      -438.278700 0.149414   -438.129285 144.49 0.040328       1728.0000   
8.0      -438.290834 0.141275   -438.149559 136.62 0.056803       1728.0000   
9.0      -438.297954 0.082912   -438.215041 80.18  0.049302       1728.0000   
10.0     -438.310040 0.123787   -438.186253 119.71 0.027017       1728.0000   
11.0     -438.311911 0.134325   -438.177586 129.90 -0.023124      1728.0000   
12.0     -438.310136 0.083787   -438.226350 81.03  -0.063046      1728.0000   
13.0     -438.315675 0.118660   -438.197015 114.75 -0.076952      1728.0000   
14.0     -438.310049 0.105742   -438.204307 102.26 -0.066969      1728.0000   
15.0     -438.299589 0.070582   -438.229007 68.26  -0.021658      1728.0000   
16.0     -438.290639 0.100820   -438.189820 97.50  0.026494       1728.0000   
17.0     -438.274620 0.113582   -438.161037 109.84 0.058556       1728.0000   
18.0     -438.254409 0.081273   -438.173136 78.59  0.062675       1728.0000   
19.0     -438.248871 0.117437   -438.131434 113.57 0.039896       1728.0000   
20.0     -438.255417 0.118260   -438.137157 114.36 -0.033624      1728.0000   
21.0     -438.267617 0.103744   -438.163874 100.32 -0.062598      1728.0000   
22.0     -438.292899 0.177535   -438.115364 171.68 -0.065029      1728.0000   
23.0     -438.315890 0.167438   -438.148452 161.92 -0.040549      1728.0000   
24.0     -438.328314 0.129873   -438.198441 125.59 0.004243       1728.0000   
25.0     -438.332076 0.147795   -438.184280 142.92 0.046972       1728.0000   
26.0     -438.328698 0.114956   -438.213743 111.17 0.071941       1728.0000   
27.0     -438.324762 0.118276   -438.206487 114.38 0.059943       1728.0000   
28.0     -438.336447 0.143824   -438.192623 139.08 0.013482       1728.0000   
29.0     -438.332260 0.091337   -438.240923 88.33  -0.036308      1728.0000   
30.0     -438.323795 0.134979   -438.188816 130.53 -0.064326      1728.0000   
31.0     -438.340495 0.177524   -438.162971 171.67 -0.046498      1728.0000   
32.0     -438.360776 0.133702   -438.227074 129.30 -0.010710      1728.0000   
33.0     -438.366891 0.135764   -438.231128 131.29 0.028499       1728.0000   
34.0     -438.350847 0.117814   -438.233033 113.93 0.041358       1728.0000   
35.0     -438.345158 0.079417   -438.265741 76.80  0.006451       1728.0000   
36.0     -438.350705 0.116972   -438.233733 113.12 -0.060737      1728.0000   
37.0     -438.341890 0.119523   -438.222367 115.58 -0.106643      1728.0000   
38.0     -438.335211 0.114806   -438.220406 111.02 -0.117468      1728.0000   
39.0     -438.333518 0.120736   -438.212782 116.76 -0.097783      1728.0000   
40.0     -438.336779 0.109875   -438.226904 106.25 -0.056704      1728.0000   
41.0     -438.333065 0.116156   -438.216909 112.33 -0.013104      1728.0000   
42.0     -438.312659 0.116742   -438.195917 112.89 0.008962       1728.0000   
43.0     -438.293819 0.098780   -438.195038 95.52  0.014491       1728.0000   
44.0     -438.273772 0.117435   -438.156336 113.56 0.033557       1728.0000   
45.0     -438.259667 0.143203   -438.116464 138.48 0.039816       1728.0000   
46.0     -438.283538 0.137005   -438.146533 132.49 0.011979       1728.0000   
47.0     -438.310627 0.124038   -438.186589 119.95 -0.011878      1728.0000   
48.0     -438.323267 0.137219   -438.186048 132.70 -0.035310      1728.0000   
49.0     -438.332658 0.198002   -438.134656 191.48 -0.057182      1728.0000   
50.0     -438.332202 0.131054   -438.201148 126.74 -0.061845      1728.0000   
51.0     -438.318502 0.102692   -438.215809 99.31  -0.043690      1728.0000   
52.0     -438.302881 0.137474   -438.165407 132.94 -0.044748      1728.0000   
53.0     -438.295588 0.186270   -438.109318 180.13 -0.027604      1728.0000   
54.0     -438.302910 0.201126   -438.101784 194.50 -0.023102      1728.0000   
55.0     -438.316464 0.169217   -438.147247 163.64 -0.016364      1728.0000   
56.0     -438.314228 0.143377   -438.170851 138.65 -0.000747      1728.0000   
57.0     -438.287308 0.146971   -438.140337 142.13 0.005781       1728.0000   
58.0     -438.279330 0.144792   -438.134538 140.02 0.009849       1728.0000   
59.0     -438.271701 0.172981   -438.098720 167.28 0.046413       1728.0000   
60.0     -438.257862 0.145950   -438.111912 141.14 0.055209       1728.0000   
61.0     -438.297151 0.182469   -438.114682 176.46 0.027407       1728.0000   
62.0     -438.323786 0.153364   -438.170423 148.31 0.013304       1728.0000   
63.0     -438.320506 0.113863   -438.206643 110.11 0.005034       1728.0000   
64.0     -438.311449 0.121900   -438.189548 117.88 -0.039390      1728.0000   
65.0     -438.313277 0.134634   -438.178643 130.20 -0.084197      1728.0000   
66.0     -438.338989 0.187534   -438.151455 181.35 -0.088941      1728.0000   
67.0     -438.346482 0.134604   -438.211878 130.17 -0.051850      1728.0000   
68.0     -438.333945 0.233828   -438.100118 226.12 0.018468       1728.0000   
69.0     -438.310519 0.144940   -438.165580 140.16 0.071368       1728.0000   
70.0     -438.316725 0.197656   -438.119069 191.14 0.103958       1728.0000   
71.0     -438.333649 0.240826   -438.092823 232.89 0.089998       1728.0000   
72.0     -438.335734 0.129705   -438.206029 125.43 0.066082       1728.0000   
73.0     -438.338848 0.172678   -438.166170 166.99 0.038779       1728.0000   
74.0     -438.362636 0.286964   -438.075672 277.51 -0.018552      1728.0000   
75.0     -438.364962 0.158755   -438.206207 153.52 -0.070847      1728.0000   
76.0     -438.369190 0.218224   -438.150965 211.03 -0.100636      1728.0000   
77.0     -438.365103 0.183682   -438.181422 177.63 -0.099805      1728.0000   
78.0     -438.373858 0.171516   -438.202341 165.86 -0.070075      1728.0000   
79.0     -438.375835 0.156862   -438.218973 151.69 -0.036338      1728.0000   
80.0     -438.353937 0.138877   -438.215060 134.30 -0.000042      1728.0000   
81.0     -438.333181 0.125652   -438.207529 121.51 0.036915       1728.0000   
82.0     -438.339531 0.228285   -438.111247 220.76 0.051567       1728.0000   
83.0     -438.343943 0.176414   -438.167529 170.60 0.056452       1728.0000   
84.0     -438.327913 0.166491   -438.161422 161.00 0.020984       1728.0000   
85.0     -438.330471 0.126947   -438.203524 122.76 -0.031745      1728.0000   
86.0     -438.342965 0.160056   -438.182910 154.78 -0.085427      1728.0000   
87.0     -438.318694 0.114965   -438.203729 111.18 -0.108170      1728.0000   
88.0     -438.270017 0.151573   -438.118444 146.58 -0.104976      1728.0000   
89.0     -438.277201 0.190208   -438.086993 183.94 -0.082904      1728.0000   
90.0     -438.322090 0.187673   -438.134417 181.49 -0.056986      1728.0000   
91.0     -438.348950 0.184490   -438.164460 178.41 -0.017386      1728.0000   
92.0     -438.323638 0.190787   -438.132851 184.50 0.026839       1728.0000   
93.0     -438.304147 0.155339   -438.148808 150.22 0.033868       1728.0000   
94.0     -438.301993 0.181133   -438.120860 175.16 0.030578       1728.0000   
95.0     -438.285464 0.214972   -438.070492 207.89 0.016294       1728.0000   
96.0     -438.291427 0.178109   -438.113317 172.24 -0.009055      1728.0000   
97.0     -438.331821 0.214513   -438.117309 207.44 -0.031639      1728.0000   
98.0     -438.351421 0.158269   -438.193153 153.05 -0.054201      1728.0000   
99.0     -438.352080 0.143732   -438.208349 138.99 -0.071391      1728.0000   
100.0    -438.339077 0.152912   -438.186166 147.87 -0.084333      1728.0000   
101.0    -438.311993 0.203550   -438.108443 196.84 -0.094184      1728.0000   
102.0    -438.305517 0.148839   -438.156677 143.93 -0.108949      1728.0000   
103.0    -438.335232 0.239296   -438.095936 231.41 -0.086915      1728.0000   
104.0    -438.351689 0.159506   -438.192184 154.25 -0.031306      1728.0000   
105.0    -438.345051 0.145749   -438.199302 140.95 0.031422       1728.0000   
106.0    -438.335598 0.137657   -438.197941 133.12 0.084028       1728.0000   
107.0    -438.358831 0.198862   -438.159969 192.31 0.094896       1728.0000   
108.0    -438.398398 0.243982   -438.154416 235.94 0.062083       1728.0000   
109.0    -438.393458 0.240646   -438.152813 232.71 0.005566       1728.0000   
110.0    -438.355155 0.167622   -438.187533 162.10 -0.059689      1728.0000   
111.0    -438.295663 0.130748   -438.164915 126.44 -0.123110      1728.0000   
112.0    -438.231999 0.131827   -438.100172 127.48 -0.174162      1728.0000   
113.0    -438.230495 0.205570   -438.024925 198.79 -0.177288      1728.0000   
114.0    -438.256600 0.272725   -437.983875 263.74 -0.126194      1728.0000   
115.0    -438.277521 0.212793   -438.064728 205.78 -0.062678      1728.0000   
116.0    -438.292509 0.237325   -438.055184 229.50 0.018166       1728.0000   
117.0    -438.272640 0.171284   -438.101356 165.64 0.070442       1728.0000   
118.0    -438.253346 0.195213   -438.058133 188.78 0.068718       1728.0000   
119.0    -438.263250 0.251884   -438.011366 243.58 0.058567       1728.0000   
120.0    -438.282944 0.267688   -438.015256 258.87 0.043166       1728.0000   
121.0    -438.295731 0.220594   -438.075137 213.32 0.005155       1728.0000   
122.0    -438.289007 0.174970   -438.114037 169.20 -0.041715      1728.0000   
123.0    -438.293175 0.226441   -438.066734 218.98 -0.066767      1728.0000   
124.0    -438.313499 0.167742   -438.145758 162.21 -0.065681      1728.0000   
125.0    -438.329739 0.225019   -438.104720 217.60 -0.065476      1728.0000   
126.0    -438.342830 0.201542   -438.141289 194.90 -0.054634      1728.0000   
127.0    -438.340222 0.216337   -438.123885 209.21 -0.020083      1728.0000   
128.0    -438.300024 0.223154   -438.076870 215.80 0.021049       1728.0000   
129.0    -438.237220 0.162079   -438.075142 156.74 0.009291       1728.0000   
130.0    -438.199860 0.223157   -437.976702 215.80 -0.004735      1728.0000   
131.0    -438.209221 0.236046   -437.973175 228.27 0.005315       1728.0000   
132.0    -438.259164 0.261891   -437.997273 253.26 0.023006       1728.0000   
133.0    -438.305688 0.290833   -438.014855 281.25 0.026541       1728.0000   
134.0    -438.331476 0.233163   -438.098314 225.48 0.019431       1728.0000   
135.0    -438.326446 0.238349   -438.088097 230.49 -0.003666      1728.0000   
136.0    -438.334404 0.206954   -438.127450 200.13 -0.048627      1728.0000   
137.0    -438.343158 0.226696   -438.116462 219.23 -0.088362      1728.0000   
138.0    -438.309733 0.174097   -438.135636 168.36 -0.116074      1728.0000   
139.0    -438.279663 0.321463   -437.958200 310.87 -0.109263      1728.0000   
140.0    -438.280079 0.237438   -438.042641 229.61 -0.067821      1728.0000   
141.0    -438.278198 0.210870   -438.067328 203.92 -0.025026      1728.0000   
142.0    -438.257301 0.197567   -438.059734 191.06 -0.000568      1728.0000   
143.0    -438.217722 0.185743   -438.031979 179.62 0.055742       1728.0000   
144.0    -438.189472 0.212111   -437.977361 205.12 0.110868       1728.0000   
145.0    -438.171383 0.167620   -438.003762 162.10 0.113519       1728.0000   
146.0    -438.181019 0.229675   -437.951344 222.11 0.072630       1728.0000   
147.0    -438.198865 0.218576   -437.980289 211.37 0.014759       1728.0000   
148.0    -438.220459 0.227364   -437.993095 219.87 -0.044491      1728.0000   
149.0    -438.219850 0.164699   -438.055151 159.27 -0.096426      1728.0000   
150.0    -438.217194 0.238189   -437.979005 230.34 -0.108914      1728.0000   
151.0    -438.256022 0.267864   -437.988158 259.04 -0.087979      1728.0000   
152.0    -438.307587 0.239324   -438.068263 231.44 -0.059048      1728.0000   
153.0    -438.323673 0.226163   -438.097510 218.71 -0.015030      1728.0000   
154.0    -438.293737 0.181208   -438.112529 175.24 0.014490       1728.0000   
155.0    -438.288103 0.169898   -438.118205 164.30 0.006637       1728.0000   
156.0    -438.291501 0.195665   -438.095837 189.22 -0.025941      1728.0000   
157.0    -438.255992 0.184239   -438.071753 178.17 -0.039280      1728.0000   
158.0    -438.239547 0.197192   -438.042355 190.69 -0.051335      1728.0000   
159.0    -438.250840 0.175227   -438.075612 169.45 -0.044957      1728.0000   
160.0    -438.290112 0.282445   -438.007667 273.14 -0.032924      1728.0000   
161.0    -438.289109 0.118936   -438.170173 115.02 -0.026502      1728.0000   
162.0    -438.275417 0.230496   -438.044920 222.90 0.014352       1728.0000   
163.0    -438.262267 0.161800   -438.100468 156.47 0.016925       1728.0000   
164.0    -438.284509 0.234708   -438.049801 226.97 -0.008443      1728.0000   
165.0    -438.305594 0.213395   -438.092199 206.36 -0.013008      1728.0000   
166.0    -438.318875 0.242283   -438.076592 234.30 -0.018018      1728.0000   
167.0    -438.300238 0.273900   -438.026338 264.87 -0.019386      1728.0000   
168.0    -438.277690 0.246865   -438.030824 238.73 -0.035834      1728.0000   
169.0    -438.241961 0.205292   -438.036670 198.53 -0.056964      1728.0000   
170.0    -438.227927 0.260595   -437.967333 252.01 -0.102656      1728.0000   
171.0    -438.239939 0.303170   -437.936769 293.18 -0.113914      1728.0000   
172.0    -438.255763 0.191772   -438.063992 185.45 -0.054736      1728.0000   
173.0    -438.244291 0.227263   -438.017028 219.77 0.031110       1728.0000   
174.0    -438.240844 0.282955   -437.957889 273.63 0.070221       1728.0000   
175.0    -438.267365 0.229728   -438.037637 222.16 0.039534       1728.0000   
176.0    -438.239670 0.235538   -438.004132 227.78 -0.028925      1728.0000   
177.0    -438.172219 0.241895   -437.930324 233.92 -0.073815      1728.0000   
178.0    -438.112520 0.223227   -437.889292 215.87 -0.115857      1728.0000   
179.0    -438.108906 0.244736   -437.864169 236.67 -0.091352      1728.0000   
180.0    -438.116566 0.274555   -437.842011 265.51 -0.065641      1728.0000   
181.0    -438.118603 0.184149   -437.934454 178.08 -0.051890      1728.0000   
182.0    -438.148395 0.334797   -437.813598 323.76 -0.043412      1728.0000   
183.0    -438.144757 0.236963   -437.907794 229.15 -0.029572      1728.0000   
184.0    -438.125712 0.230179   -437.895533 222.59 -0.004240      1728.0000   
185.0    -438.152781 0.195634   -437.957148 189.19 0.034568       1728.0000   
186.0    -438.203321 0.252114   -437.951207 243.80 0.064022       1728.0000   
187.0    -438.224339 0.258119   -437.966221 249.61 0.092976       1728.0000   
188.0    -438.217065 0.265463   -437.951602 256.71 0.046939       1728.0000   
189.0    -438.211750 0.320275   -437.891475 309.72 -0.021685      1728.0000   
190.0    -438.221100 0.270477   -437.950623 261.56 -0.085664      1728.0000   
191.0    -438.264702 0.303872   -437.960830 293.86 -0.123871      1728.0000   
192.0    -438.312477 0.357633   -437.954844 345.85 -0.134279      1728.0000   
193.0    -438.319640 0.318274   -438.001366 307.79 -0.119637      1728.0000   
194.0    -438.306322 0.164431   -438.141890 159.01 -0.077910      1728.0000   
195.0    -438.277448 0.221123   -438.056325 213.84 0.023072       1728.0000   
196.0    -438.253682 0.186039   -438.067643 179.91 0.123600       1728.0000   
197.0    -438.280704 0.318235   -437.962469 307.75 0.178281       1728.0000   
198.0    -438.295636 0.277790   -438.017846 268.64 0.157165       1728.0000   
199.0    -438.307449 0.162257   -438.145192 156.91 0.090879       1728.0000   
200.0    -438.315957 0.248175   -438.067782 240.00 0.020953       1728.0000   
201.0    -438.303289 0.325542   -437.977747 314.81 -0.073831      1728.0000   
202.0    -438.277752 0.244943   -438.032808 236.87 -0.156017      1728.0000   
203.0    -438.253464 0.403939   -437.849524 390.63 -0.171814      1728.0000   
204.0    -438.149377 0.187793   -437.961583 181.60 -0.132787      1728.0000   
205.0    -438.075921 0.140638   -437.935284 136.00 -0.057693      1728.0000   
206.0    -438.042760 0.236072   -437.806688 228.29 0.007424       1728.0000   
207.0    -438.173824 0.447259   -437.726565 432.52 0.023332       1728.0000   
208.0    -438.266822 0.424275   -437.842547 410.29 0.034279       1728.0000   
209.0    -438.237299 0.281055   -437.956244 271.79 0.027424       1728.0000   
210.0    -438.217558 0.298767   -437.918790 288.92 0.024295       1728.0000   
211.0    -438.253269 0.250424   -438.002845 242.17 0.018963       1728.0000   
212.0    -438.303662 0.383744   -437.919918 371.10 0.030729       1728.0000   
213.0    -438.313416 0.305448   -438.007968 295.38 0.020081       1728.0000   
214.0    -438.309154 0.211742   -438.097412 204.76 0.003038       1728.0000   
215.0    -438.287796 0.256277   -438.031519 247.83 -0.021528      1728.0000   
216.0    -438.253227 0.230261   -438.022966 222.67 -0.060860      1728.0000   
217.0    -438.201775 0.226744   -437.975031 219.27 -0.089325      1728.0000   
218.0    -438.156913 0.258650   -437.898264 250.13 -0.084010      1728.0000   
219.0    -438.202706 0.295795   -437.906911 286.05 -0.056376      1728.0000   
220.0    -438.267198 0.437013   -437.830185 422.61 -0.008870      1728.0000   
221.0    -438.243205 0.263731   -437.979474 255.04 0.024136       1728.0000   
222.0    -438.192122 0.282204   -437.909918 272.90 0.034963       1728.0000   
223.0    -438.132371 0.187287   -437.945084 181.11 0.017266       1728.0000   
224.0    -438.128919 0.342987   -437.785932 331.68 -0.042617      1728.0000   
225.0    -438.175240 0.356222   -437.819018 344.48 -0.091096      1728.0000   
226.0    -438.232239 0.301602   -437.930638 291.66 -0.115351      1728.0000   
227.0    -438.273002 0.340002   -437.932999 328.80 -0.100865      1728.0000   
228.0    -438.326781 0.334066   -437.992716 323.06 -0.050536      1728.0000   
229.0    -438.365845 0.270169   -438.095677 261.26 0.013102       1728.0000   
230.0    -438.358294 0.314962   -438.043333 304.58 0.061864       1728.0000   
231.0    -438.332723 0.371399   -437.961324 359.16 0.098920       1728.0000   
232.0    -438.319780 0.312794   -438.006986 302.49 0.107013       1728.0000   
233.0    -438.305529 0.250269   -438.055260 242.02 0.099182       1728.0000   
234.0    -438.285704 0.320717   -437.964987 310.15 0.036132       1728.0000   
235.0    -438.246038 0.265321   -437.980717 256.58 -0.067533      1728.0000   
236.0    -438.178269 0.342755   -437.835514 331.46 -0.166249      1728.0000   
237.0    -438.106738 0.280710   -437.826028 271.46 -0.215398      1728.0000   
238.0    -438.071419 0.267034   -437.804385 258.23 -0.215181      1728.0000   
239.0    -438.103931 0.396372   -437.707559 383.31 -0.154555      1728.0000   
240.0    -438.156987 0.316762   -437.840224 306.32 -0.055853      1728.0000   
241.0    -438.197773 0.439243   -437.758529 424.77 0.024883       1728.0000   
242.0    -438.166734 0.295317   -437.871417 285.58 0.063978       1728.0000   
243.0    -438.116170 0.252436   -437.863734 244.12 0.056022       1728.0000   
244.0    -438.096330 0.423517   -437.672814 409.56 0.030180       1728.0000   
245.0    -438.106100 0.282814   -437.823286 273.49 -0.002900      1728.0000   
246.0    -438.194638 0.482316   -437.712322 466.42 -0.053662      1728.0000   
247.0    -438.241736 0.392434   -437.849302 379.50 -0.092227      1728.0000   
248.0    -438.213741 0.279980   -437.933760 270.75 -0.087951      1728.0000   
249.0    -438.146330 0.297200   -437.849130 287.41 -0.087348      1728.0000   
250.0    -438.091624 0.320526   -437.771098 309.96 -0.117807      1728.0000   
251.0    -438.076443 0.258460   -437.817983 249.94 -0.093420      1728.0000   
252.0    -438.140733 0.283359   -437.857375 274.02 -0.041236      1728.0000   
253.0    -438.204677 0.467102   -437.737575 451.71 0.016057       1728.0000   
254.0    -438.215854 0.334321   -437.881533 323.30 0.064032       1728.0000   
255.0    -438.181909 0.340567   -437.841342 329.34 0.089105       1728.0000   
256.0    -438.132714 0.307747   -437.824966 297.61 0.081941       1728.0000   
257.0    -438.136888 0.218646   -437.918242 211.44 0.017187       1728.0000   
258.0    -438.193162 0.328260   -437.864902 317.44 -0.069071      1728.0000   
259.0    -438.214244 0.276167   -437.938077 267.07 -0.150232      1728.0000   
260.0    -438.207439 0.278021   -437.929418 268.86 -0.197178      1728.0000   
261.0    -438.185733 0.351578   -437.834155 339.99 -0.171796      1728.0000   
262.0    -438.125587 0.321046   -437.804541 310.47 -0.078426      1728.0000   
263.0    -438.097342 0.221046   -437.876296 213.76 0.034034       1728.0000   
264.0    -438.095919 0.290277   -437.805642 280.71 0.130824       1728.0000   
265.0    -438.060585 0.385535   -437.675051 372.83 0.179747       1728.0000   
266.0    -438.004118 0.261043   -437.743074 252.44 0.149046       1728.0000   
267.0    -437.925355 0.215904   -437.709451 208.79 0.070524       1728.0000   
268.0    -437.887085 0.375302   -437.511784 362.93 -0.056541      1728.0000   
269.0    -437.910146 0.284106   -437.626040 274.74 -0.159543      1728.0000   
270.0    -438.020441 0.388462   -437.631979 375.66 -0.212725      1728.0000   
271.0    -438.110098 0.404872   -437.705225 391.53 -0.193899      1728.0000   
272.0    -438.116466 0.415522   -437.700944 401.83 -0.118044      1728.0000   
273.0    -438.053747 0.405154   -437.648593 391.80 0.009771       1728.0000   
274.0    -438.023834 0.280676   -437.743158 271.43 0.102765       1728.0000   
275.0    -438.164334 0.581310   -437.583024 562.15 0.109584       1728.0000   
276.0    -438.260314 0.417631   -437.842683 403.87 0.044355       1728.0000   
277.0    -438.242978 0.394795   -437.848183 381.78 -0.034335      1728.0000   
278.0    -438.147360 0.219802   -437.927558 212.56 -0.076100      1728.0000   
279.0    -438.078525 0.293203   -437.785321 283.54 -0.099051      1728.0000   
280.0    -438.139378 0.321375   -437.818003 310.78 -0.091216      1728.0000   
281.0    -438.192922 0.325694   -437.867228 314.96 -0.054225      1728.0000   
282.0    -438.145252 0.323807   -437.821445 313.14 -0.025035      1728.0000   
283.0    -438.077772 0.259608   -437.818164 251.05 -0.026928      1728.0000   
284.0    -438.048192 0.335442   -437.712750 324.39 -0.022827      1728.0000   
285.0    -438.059309 0.394586   -437.664722 381.58 -0.032148      1728.0000   
286.0    -438.093183 0.466387   -437.626796 451.02 -0.024874      1728.0000   
287.0    -438.129696 0.330064   -437.799632 319.19 -0.010990      1728.0000   
288.0    -438.163873 0.291092   -437.872781 281.50 0.023581       1728.0000   
289.0    -438.251874 0.328628   -437.923247 317.80 0.032532       1728.0000   
290.0    -438.271156 0.333807   -437.937350 322.81 0.021748       1728.0000   
291.0    -438.180988 0.224717   -437.956271 217.31 -0.007172      1728.0000   
292.0    -438.078471 0.452036   -437.626436 437.14 -0.069683      1728.0000   
293.0    -438.097384 0.347280   -437.750103 335.84 -0.155563      1728.0000   
294.0    -438.167401 0.400440   -437.766961 387.24 -0.202828      1728.0000   
295.0    -438.124191 0.390123   -437.734068 377.27 -0.182471      1728.0000   
296.0    -438.028466 0.210965   -437.817501 204.01 -0.086333      1728.0000   
297.0    -438.004481 0.312730   -437.691751 302.42 0.047394       1728.0000   
298.0    -438.058908 0.371583   -437.687325 359.34 0.132915       1728.0000   
299.0    -438.121999 0.414050   -437.707949 400.40 0.168388       1728.0000   
300.0    -438.191840 0.404885   -437.786954 391.54 0.126925       1728.0000   
301.0    -438.209672 0.339751   -437.869921 328.55 0.073583       1728.0000   
302.0    -438.194122 0.399952   -437.794169 386.77 -0.011643      1728.0000   
303.0    -438.199332 0.322143   -437.877189 311.53 -0.102014      1728.0000   
304.0    -438.202344 0.391447   -437.810897 378.55 -0.155242      1728.0000   
305.0    -438.189525 0.332781   -437.856743 321.81 -0.153452      1728.0000   
306.0    -438.164279 0.422720   -437.741558 408.79 -0.105930      1728.0000   
307.0    -438.161133 0.280612   -437.880521 271.36 -0.072331      1728.0000   
308.0    -438.156933 0.358830   -437.798103 347.00 -0.025093      1728.0000   
309.0    -438.140398 0.376453   -437.763945 364.05 0.025459       1728.0000   
310.0    -438.098066 0.370074   -437.727992 357.88 0.067658       1728.0000   
311.0    -438.013554 0.279378   -437.734176 270.17 0.056988       1728.0000   
312.0    -437.981733 0.455449   -437.526284 440.44 0.031047       1728.0000   
313.0    -438.075826 0.572540   -437.503285 553.67 -0.001491      1728.0000   
314.0    -438.145570 0.511120   -437.634450 494.28 -0.023452      1728.0000   
315.0    -438.200458 0.523124   -437.677334 505.88 -0.073485      1728.0000   
316.0    -438.231377 0.258699   -437.972678 250.17 -0.091241      1728.0000   
317.0    -438.255818 0.412316   -437.843501 398.73 -0.114488      1728.0000   
318.0    -438.231443 0.354559   -437.876884 342.87 -0.120879      1728.0000   
319.0    -438.176624 0.401301   -437.775323 388.08 -0.098139      1728.0000   
320.0    -438.159385 0.298490   -437.860895 288.65 -0.067732      1728.0000   
321.0    -438.163402 0.393656   -437.769746 380.68 0.004951       1728.0000   
322.0    -438.073800 0.327905   -437.745895 317.10 0.067994       1728.0000   
323.0    -437.933279 0.342265   -437.591014 330.99 0.106563       1728.0000   
324.0    -437.932875 0.361662   -437.571213 349.74 0.069513       1728.0000   
325.0    -438.049571 0.473952   -437.575619 458.33 0.013581       1728.0000   
326.0    -438.110841 0.461669   -437.649173 446.45 -0.038101      1728.0000   
327.0    -438.052615 0.336084   -437.716530 325.01 -0.036418      1728.0000   
328.0    -438.011735 0.336516   -437.675218 325.43 -0.018522      1728.0000   
329.0    -438.099927 0.304689   -437.795238 294.65 -0.004826      1728.0000   
330.0    -438.192847 0.454287   -437.738560 439.32 0.006271       1728.0000   
331.0    -438.269948 0.490323   -437.779625 474.16 0.013284       1728.0000   
332.0    -438.286638 0.590166   -437.696472 570.72 0.024664       1728.0000   
333.0    -438.238603 0.429893   -437.808710 415.73 0.006123       1728.0000   
334.0    -438.191026 0.144521   -438.046505 139.76 -0.045584      1728.0000   
335.0    -438.139960 0.343186   -437.796774 331.88 -0.112826      1728.0000   
336.0    -438.178642 0.479265   -437.699377 463.47 -0.132829      1728.0000   
337.0    -438.269331 0.402554   -437.866777 389.29 -0.097013      1728.0000   
338.0    -438.325782 0.451972   -437.873810 437.08 -0.014813      1728.0000   
339.0    -438.291467 0.399993   -437.891473 386.81 0.041330       1728.0000   
340.0    -438.185968 0.237216   -437.948751 229.40 0.054211       1728.0000   
341.0    -438.092911 0.280938   -437.811972 271.68 0.025633       1728.0000   
342.0    -438.070152 0.291828   -437.778324 282.21 -0.015575      1728.0000   
343.0    -438.169980 0.456895   -437.713085 441.84 -0.039212      1728.0000   
344.0    -438.189376 0.298707   -437.890668 288.86 -0.041395      1728.0000   
345.0    -438.179889 0.387951   -437.791938 375.17 -0.003451      1728.0000   
346.0    -438.236562 0.509723   -437.726839 492.92 0.036879       1728.0000   
347.0    -438.295171 0.761705   -437.533466 736.60 0.072006       1728.0000   
348.0    -438.286060 0.422115   -437.863946 408.20 0.024921       1728.0000   
349.0    -438.297908 0.370876   -437.927032 358.65 -0.050911      1728.0000   
350.0    -438.288873 0.432333   -437.856540 418.09 -0.101780      1728.0000   
351.0    -438.249157 0.361336   -437.887821 349.43 -0.122967      1728.0000   
352.0    -438.193103 0.312843   -437.880261 302.53 -0.095930      1728.0000   
353.0    -438.100468 0.318380   -437.782089 307.89 0.002329       1728.0000   
354.0    -437.978431 0.325494   -437.652937 314.77 0.097602       1728.0000   
355.0    -437.939504 0.341686   -437.597818 330.43 0.159654       1728.0000   
356.0    -438.064334 0.357933   -437.706401 346.14 0.102997       1728.0000   
357.0    -438.114108 0.403808   -437.710300 390.50 -0.040869      1728.0000   
358.0    -438.096526 0.384391   -437.712135 371.72 -0.142612      1728.0000   
359.0    -438.086708 0.247618   -437.839089 239.46 -0.179404      1728.0000   
360.0    -438.166255 0.374266   -437.791989 361.93 -0.117691      1728.0000   
361.0    -438.253374 0.501115   -437.752260 484.60 0.011064       1728.0000   
362.0    -438.205635 0.302468   -437.903167 292.50 0.142295       1728.0000   
363.0    -438.092833 0.301645   -437.791189 291.70 0.231333       1728.0000   
364.0    -438.069637 0.359924   -437.709713 348.06 0.222683       1728.0000   
365.0    -438.065538 0.242871   -437.822667 234.87 0.142568       1728.0000   
366.0    -438.038890 0.430299   -437.608591 416.12 -0.026418      1728.0000   
367.0    -437.987855 0.410577   -437.577278 397.05 -0.132386      1728.0000   
368.0    -438.025937 0.328153   -437.697783 317.34 -0.162269      1728.0000   
369.0    -438.117536 0.445538   -437.671998 430.86 -0.149430      1728.0000   
370.0    -438.166944 0.409923   -437.757021 396.41 -0.102150      1728.0000   
371.0    -438.188976 0.459874   -437.729102 444.72 -0.049088      1728.0000   
372.0    -438.203207 0.463264   -437.739943 448.00 -0.039184      1728.0000   
373.0    -438.256049 0.566104   -437.689945 547.45 0.003814       1728.0000   
374.0    -438.274148 0.443698   -437.830450 429.08 0.040212       1728.0000   
375.0    -438.268245 0.219100   -438.049145 211.88 0.045706       1728.0000   
376.0    -438.242319 0.476253   -437.766066 460.56 -0.013289      1728.0000   
377.0    -438.181601 0.317361   -437.864240 306.90 -0.043580      1728.0000   
378.0    -438.199101 0.282026   -437.917076 272.73 -0.101031      1728.0000   
379.0    -438.197491 0.403645   -437.793845 390.34 -0.130862      1728.0000   
380.0    -438.161598 0.298539   -437.863058 288.70 -0.111360      1728.0000   
381.0    -438.130185 0.342579   -437.787606 331.29 -0.084688      1728.0000   
382.0    -438.121796 0.395241   -437.726556 382.22 -0.037101      1728.0000   
383.0    -438.166922 0.447038   -437.719885 432.30 0.010481       1728.0000   
384.0    -438.189581 0.634551   -437.555030 613.64 0.033131       1728.0000   
385.0    -438.204504 0.343356   -437.861148 332.04 0.041016       1728.0000   
386.0    -438.234714 0.461358   -437.773356 446.15 0.058597       1728.0000   
387.0    -438.210008 0.359302   -437.850706 347.46 0.064414       1728.0000   
388.0    -438.177232 0.209547   -437.967685 202.64 0.061073       1728.0000   
389.0    -438.193976 0.526469   -437.667507 509.12 -0.003394      1728.0000   
390.0    -438.171741 0.368525   -437.803217 356.38 -0.063300      1728.0000   
391.0    -438.135819 0.274986   -437.860832 265.92 -0.081618      1728.0000   
392.0    -438.153381 0.348557   -437.804824 337.07 -0.073684      1728.0000   
393.0    -438.206153 0.494499   -437.711654 478.20 -0.094127      1728.0000   
394.0    -438.271790 0.516411   -437.755379 499.39 -0.113112      1728.0000   
395.0    -438.294204 0.307522   -437.986683 297.39 -0.103462      1728.0000   
396.0    -438.247428 0.439086   -437.808341 424.62 -0.037272      1728.0000   
397.0    -438.164803 0.358228   -437.806575 346.42 0.056735       1728.0000   
398.0    -438.166530 0.453284   -437.713246 438.35 0.145786       1728.0000   
399.0    -438.177933 0.376777   -437.801155 364.36 0.204324       1728.0000   
400.0    -438.154664 0.360757   -437.793907 348.87 0.214744       1728.0000   
401.0    -438.177864 0.576308   -437.601556 557.31 0.158461       1728.0000   
402.0    -438.207668 0.548393   -437.659275 530.32 0.014313       1728.0000   
403.0    -438.136045 0.240267   -437.895778 232.35 -0.150970      1728.0000   
404.0    -438.029098 0.344147   -437.684951 332.81 -0.269630      1728.0000   
405.0    -437.940759 0.277622   -437.663137 268.47 -0.317196      1728.0000   
406.0    -438.038186 0.457590   -437.580596 442.51 -0.264372      1728.0000   
407.0    -438.192828 0.468459   -437.724370 453.02 -0.139072      1728.0000   
408.0    -438.313924 0.555785   -437.758139 537.47 -0.016599      1728.0000   
409.0    -438.312072 0.536927   -437.775145 519.23 0.110034       1728.0000   
410.0    -438.291315 0.395025   -437.896291 382.01 0.163283       1728.0000   
411.0    -438.287666 0.559152   -437.728514 540.72 0.158290       1728.0000   
412.0    -438.302921 0.500851   -437.802070 484.34 0.103627       1728.0000   
413.0    -438.322584 0.494658   -437.827926 478.36 -0.001525      1728.0000   
414.0    -438.285924 0.471695   -437.814229 456.15 -0.089294      1728.0000   
415.0    -438.202094 0.384199   -437.817895 371.54 -0.152221      1728.0000   
416.0    -438.234896 0.522395   -437.712501 505.18 -0.168884      1728.0000   
417.0    -438.313576 0.531871   -437.781705 514.34 -0.121239      1728.0000   
418.0    -438.315967 0.441742   -437.874225 427.18 -0.034141      1728.0000   
419.0    -438.218974 0.261739   -437.957235 253.11 0.041712       1728.0000   
420.0    -438.220471 0.383321   -437.837150 370.69 0.110357       1728.0000   
421.0    -438.326026 0.601486   -437.724540 581.66 0.104941       1728.0000   
422.0    -438.322799 0.416754   -437.906044 403.02 0.072222       1728.0000   
423.0    -438.244312 0.416601   -437.827711 402.87 0.020832       1728.0000   
424.0    -438.088007 0.397416   -437.690592 384.32 -0.008648      1728.0000   
425.0    -437.972803 0.317145   -437.655658 306.69 -0.039324      1728.0000   
426.0    -437.975616 0.372577   -437.603039 360.30 -0.083572      1728.0000   
427.0    -438.082291 0.526424   -437.555867 509.07 -0.110738      1728.0000   
428.0    -438.122018 0.551843   -437.570175 533.66 -0.096291      1728.0000   
429.0    -438.064632 0.411115   -437.653517 397.57 -0.089868      1728.0000   
430.0    -437.889099 0.253869   -437.635230 245.50 -0.072745      1728.0000   
431.0    -437.580007 0.304135   -437.275872 294.11 0.013122       1728.0000   
432.0    -437.664159 0.563008   -437.101151 544.45 0.021483       1728.0000   
433.0    -438.054158 0.874329   -437.179829 845.51 -0.038845      1728.0000   
434.0    -438.078478 0.501487   -437.576991 484.96 -0.031406      1728.0000   
435.0    -437.972762 0.452787   -437.519975 437.86 -0.031085      1728.0000   
436.0    -437.988976 0.434226   -437.554750 419.92 -0.023378      1728.0000   
437.0    -438.137560 0.692987   -437.444573 670.15 -0.051397      1728.0000   
438.0    -438.217119 0.455820   -437.761299 440.80 -0.062268      1728.0000   
439.0    -438.262527 0.431837   -437.830690 417.61 -0.046200      1728.0000   
440.0    -438.204637 0.539148   -437.665489 521.38 0.004330       1728.0000   
441.0    -438.052518 0.397110   -437.655409 384.02 0.011211       1728.0000   
442.0    -437.996085 0.321998   -437.674088 311.39 -0.026984      1728.0000   
443.0    -437.998059 0.372703   -437.625355 360.42 -0.089565      1728.0000   
444.0    -437.964967 0.478173   -437.486795 462.41 -0.114891      1728.0000   
445.0    -437.981869 0.648399   -437.333470 627.03 -0.087589      1728.0000   
446.0    -437.950141 0.663841   -437.286300 641.96 -0.028364      1728.0000   
447.0    -437.942779 0.550646   -437.392133 532.50 -0.000189      1728.0000   
448.0    -437.997714 0.365339   -437.632375 353.30 -0.016718      1728.0000   
449.0    -438.038023 0.457741   -437.580282 442.66 -0.026003      1728.0000   
450.0    -438.099920 0.522663   -437.577257 505.44 -0.029632      1728.0000   
451.0    -438.084452 0.643732   -437.440720 622.52 -0.050758      1728.0000   
452.0    -438.078259 0.355760   -437.722499 344.04 -0.075521      1728.0000   
453.0    -438.213489 0.605186   -437.608303 585.24 -0.096550      1728.0000   
454.0    -438.275480 0.626054   -437.649426 605.42 -0.084176      1728.0000   
455.0    -438.183940 0.335301   -437.848638 324.25 -0.049032      1728.0000   
456.0    -438.131911 0.393550   -437.738361 380.58 -0.003684      1728.0000   
457.0    -438.160417 0.447214   -437.713203 432.48 0.013758       1728.0000   
458.0    -438.228543 0.571253   -437.657290 552.43 0.035644       1728.0000   
459.0    -438.312019 0.746311   -437.565708 721.72 0.038833       1728.0000   
460.0    -438.294550 0.420325   -437.874225 406.47 0.027487       1728.0000   
461.0    -438.231056 0.381189   -437.849867 368.63 0.006897       1728.0000   
462.0    -438.134394 0.529743   -437.604651 512.28 -0.036606      1728.0000   
463.0    -438.094496 0.405668   -437.688827 392.30 -0.141054      1728.0000   
464.0    -438.080863 0.436423   -437.644440 422.04 -0.193014      1728.0000   
465.0    -438.085658 0.615942   -437.469716 595.64 -0.184759      1728.0000   
466.0    -438.034712 0.456022   -437.578691 440.99 -0.157833      1728.0000   
467.0    -438.019375 0.530631   -437.488744 513.14 -0.105634      1728.0000   
468.0    -438.023941 0.453623   -437.570319 438.67 -0.066266      1728.0000   
469.0    -438.106455 0.533061   -437.573393 515.49 0.000304       1728.0000   
470.0    -438.113061 0.355713   -437.757348 343.99 0.048832       1728.0000   
471.0    -438.001206 0.406656   -437.594550 393.25 0.132925       1728.0000   
472.0    -437.818801 0.454710   -437.364091 439.72 0.198053       1728.0000   
473.0    -437.912547 0.566683   -437.345865 548.01 0.145071       1728.0000   
474.0    -438.156211 0.780230   -437.375981 754.52 0.019710       1728.0000   
475.0    -438.048249 0.468494   -437.579755 453.05 -0.061562      1728.0000   
476.0    -437.934209 0.377233   -437.556977 364.80 -0.100328      1728.0000   
477.0    -437.911931 0.475979   -437.435952 460.29 -0.079277      1728.0000   
478.0    -437.989173 0.524219   -437.464954 506.94 -0.037072      1728.0000   
479.0    -438.132781 0.632885   -437.499896 612.03 0.025535       1728.0000   
480.0    -438.177474 0.612315   -437.565159 592.13 0.082281       1728.0000   
481.0    -438.136269 0.557202   -437.579067 538.84 0.082342       1728.0000   
482.0    -438.171587 0.331861   -437.839726 320.92 0.024896       1728.0000   
483.0    -438.252207 0.558671   -437.693536 540.26 -0.112109      1728.0000   
484.0    -438.212550 0.491369   -437.721181 475.18 -0.176312      1728.0000   
485.0    -438.170524 0.437600   -437.732923 423.18 -0.164437      1728.0000   
486.0    -438.205019 0.789938   -437.415081 763.90 -0.151599      1728.0000   
487.0    -438.227650 0.642983   -437.584667 621.79 -0.111048      1728.0000   
488.0    -438.165834 0.476690   -437.689144 460.98 -0.028443      1728.0000   
489.0    -437.998932 0.454175   -437.544758 439.21 0.070329       1728.0000   
490.0    -437.939421 0.429426   -437.509995 415.27 0.125784       1728.0000   
491.0    -438.018074 0.468388   -437.549686 452.95 0.123133       1728.0000   
492.0    -438.046091 0.587867   -437.458224 568.49 0.082845       1728.0000   
493.0    -438.065793 0.507517   -437.558276 490.79 0.007515       1728.0000   
494.0    -438.099967 0.448278   -437.651689 433.50 -0.029316      1728.0000   
495.0    -438.138765 0.466428   -437.672336 451.06 -0.028682      1728.0000   
496.0    -438.144659 0.703058   -437.441601 679.89 0.004977       1728.0000   
497.0    -438.165724 0.452440   -437.713284 437.53 -0.003144      1728.0000   
498.0    -438.226010 0.641398   -437.584612 620.26 -0.022381      1728.0000   
499.0    -438.220006 0.528617   -437.691389 511.20 -0.049903      1728.0000   
500.0    -438.194909 0.425041   -437.769868 411.03 -0.101539      1728.0000   
