================================================================================
BEGIN CALCULATION - 2026-04-15 16:11:44
================================================================================


         ######  ########     ###    ########   ######  
        ##    ## ##     ##   ## ##   ##     ## ##    ## 
        ##       ##     ##  ##   ##  ##     ## ##       
         ######  ########  ##     ## ########  ##       
              ## ##        ######### ##   ##   ##       
        ##    ## ##        ##     ## ##    ##  ##    ## 
         ######  ##        ##     ## ##     ##  ###### 
         --v0.2.0

[SPARC][INFO] SPARC: Smart Potential with Atomistic Rare Events & Continuous Learning
[SPARC][INFO] Version: 0.2.0

[SPARC][INFO] ================================================================================
[SPARC][INFO] Working directory: /home/rverma7/My_Program/0.3_sparc/examples/xTB/MD/NVE
[SPARC][INFO] Configuration file: input.yaml
[SPARC][INFO] 
[SPARC][INFO] ================================================================================
[SPARC][INFO]                     YAML configuration loaded successfully!                     
[SPARC][INFO] ================================================================================
[SPARC][INFO] Using structure file: AmmoniaBorate.xyz
[SPARC][INFO] WORKFLOW PARAMETERS :
[SPARC][INFO] ---------------------
[SPARC][INFO] Structure FileName/s           AmmoniaBorate.xyz
[SPARC][INFO] Number of Atoms                8
[SPARC][INFO] Chemical Formula               H6BN
[SPARC][INFO] 
[SPARC][INFO] DFT Engine                     xTB
[SPARC][INFO] DFT Tempelate File             xtb_template.inp
[SPARC][INFO] DFT Executable                 OMP_NUM_THREADS=2 /home/rverma7/anaconda3/envs/sparcGNN/bin/xtb
[SPARC][INFO] 
[SPARC][INFO] Active Learning                Disabled
[SPARC][INFO] ================================================================================
[SPARC][INFO] 
[SPARC][INFO] Creating Directories for Iteration: 000000
[SPARC][INFO] ================================================================================
[SPARC][INFO] ├── iter_000000
[SPARC][INFO] │   ├── 00.dft
[SPARC][INFO] │   ├── 01.train
[SPARC][INFO] │   └── 02.dpmd
[SPARC][INFO] 
[SPARC][INFO] Setting up xTB calculator...
[SPARC][INFO] --------------------------------------------------
[SPARC][INFO]                   xTB CALCULATOR                  
[SPARC][INFO] --------------------------------------------------
[SPARC][INFO]  Executable           OMP_NUM_THREADS=2 /home/rverma7/anaconda3/envs/sparcGNN/bin/xtb
[SPARC][INFO]  Method               GFN2-xTB
[SPARC][INFO]  Charge, Mult         0, 1 (UHF=0)
[SPARC][INFO]  Accuracy             1.0
[SPARC][INFO]  Elec. Temp (K)       300.0
[SPARC][INFO]  Max Iter             250
[SPARC][INFO]  Solvent              None
[SPARC][INFO]  xTB workdir, Label   xtb_run, xtb
[SPARC][INFO] --------------------------------------------------
[SPARC][INFO] xTB calculator setup successfully
[SPARC][INFO] ================================================================================
[SPARC][INFO]                         Ab-initio MD using NVE ensemble                         
[SPARC][INFO] MD Ensemble                    NVE
[SPARC][INFO] Temperature                    300.0 K
[SPARC][INFO] MD Thermostat                  Nose
[SPARC][INFO] Timestep                       1.00 fs
[SPARC][INFO] AIMD Steps                     25000
[SPARC][INFO] Output Trajectory              AseMD.traj
[SPARC][INFO] Output Logfile                 AseMD.log
[SPARC][INFO] 
[SPARC][INFO] 
[SPARC][INFO] --------------------------------------------------------------------------------
[SPARC][INFO] Step     Epot (eV)    Ekin (eV)    Temp (K)   P (GPa)    V (Ang.^3)
[SPARC][INFO] --------------------------------------------------------------------------------
[SPARC][INFO] 0          -194.7063      0.0000      0.00
[SPARC][INFO] 20         -194.9101      0.1987    192.16
[SPARC][INFO] 40         -194.8817      0.1691    163.55
[SPARC][INFO] 60         -194.8707      0.1575    152.27
[SPARC][INFO] 80         -194.9584      0.2454    237.30
[SPARC][INFO] 100        -194.7553      0.0480     46.40
[SPARC][INFO] 120        -194.8810      0.1710    165.41
[SPARC][INFO] 140        -194.9114      0.1996    192.98
[SPARC][INFO] 160        -194.8881      0.1741    168.32
[SPARC][INFO] 180        -194.9472      0.2329    225.25
[SPARC][INFO] 200        -194.7903      0.0824     79.65
[SPARC][INFO] 220        -194.8304      0.1229    118.85
[SPARC][INFO] 240        -194.8436      0.1340    129.63
[SPARC][INFO] 260        -194.9251      0.2102    203.23
[SPARC][INFO] 280        -194.9539      0.2389    231.07
[SPARC][INFO] 300        -194.8032      0.0945     91.42
[SPARC][INFO] 320        -194.8969      0.1893    183.02
[SPARC][INFO] 340        -194.8463      0.1370    132.53
[SPARC][INFO] 360        -194.9237      0.2086    201.68
[SPARC][INFO] 380        -195.0357      0.3204    309.85
[SPARC][INFO] 400        -194.8242      0.1152    111.42
[SPARC][INFO] 420        -194.9016      0.1942    187.81
[SPARC][INFO] 440        -194.9185      0.2100    203.12
[SPARC][INFO] 460        -194.9378      0.2258    218.40
[SPARC][INFO] 480        -195.1041      0.3912    378.31
[SPARC][INFO] 500        -195.5706      0.8570    828.74
[SPARC][INFO] 520        -195.2421      0.5311    513.63
[SPARC][INFO] 540        -195.3537      0.6389    617.88
[SPARC][INFO] 560        -195.0896      0.3747    362.39
[SPARC][INFO] 580        -195.0462      0.3332    322.18
[SPARC][INFO] 600        -195.3810      0.6690    646.94
[SPARC][INFO] 620        -195.1476      0.4376    423.13
[SPARC][INFO] 640        -195.5581      0.8397    812.03
[SPARC][INFO] 660        -195.0486      0.3360    324.89
[SPARC][INFO] 680        -195.0146      0.3007    290.75
[SPARC][INFO] 700        -194.8735      0.1659    160.39
[SPARC][INFO] 720        -194.9047      0.1999    193.28
[SPARC][INFO] 740        -194.8796      0.1719    166.27
[SPARC][INFO] 760        -195.0703      0.3561    344.37
[SPARC][INFO] 780        -195.4722      0.7585    733.53
[SPARC][INFO] 800        -195.2594      0.5461    528.06
[SPARC][INFO] 820        -195.3129      0.6028    582.98
[SPARC][INFO] 840        -194.9574      0.2437    235.68
[SPARC][INFO] 860        -195.0345      0.3213    310.71
[SPARC][INFO] 880        -195.6166      0.8958    866.26
[SPARC][INFO] 900        -195.5577      0.8420    814.24
[SPARC][INFO] 920        -195.0882      0.3791    366.56
[SPARC][INFO] 940        -195.0021      0.2909    281.33
[SPARC][INFO] 960        -195.1488      0.4344    420.11
[SPARC][INFO] 980        -195.7009      0.9883    955.71
[SPARC][INFO] 1000       -195.4154      0.7034    680.17
[SPARC][INFO] 1020       -195.0910      0.3779    365.47
[SPARC][INFO] 1040       -195.0601      0.3445    333.13
[SPARC][INFO] 1060       -194.9919      0.2786    269.43
[SPARC][INFO] 1080       -194.9341      0.2260    218.57
[SPARC][INFO] 1100       -194.9458      0.2373    229.47
[SPARC][INFO] 1120       -194.8665      0.1552    150.10
[SPARC][INFO] 1140       -195.0105      0.2944    284.68
[SPARC][INFO] 1160       -194.9345      0.2210    213.75
[SPARC][INFO] 1180       -194.9327      0.2223    214.99
[SPARC][INFO] 1200       -194.8659      0.1574    152.18
[SPARC][INFO] 1220       -194.9845      0.2753    266.21
[SPARC][INFO] 1240       -195.5713      0.8547    826.49
[SPARC][INFO] 1260       -195.1592      0.4496    434.74
[SPARC][INFO] 1280       -195.3351      0.6233    602.80
[SPARC][INFO] 1300       -194.9397      0.2314    223.78
[SPARC][INFO] 1320       -195.6890      0.9759    943.77
[SPARC][INFO] 1340       -195.4807      0.7665    741.26
[SPARC][INFO] 1360       -195.1265      0.4149    401.23
[SPARC][INFO] 1380       -195.1535      0.4462    431.46
[SPARC][INFO] 1400       -195.3360      0.6236    603.06
[SPARC][INFO] 1420       -195.4336      0.7220    698.23
[SPARC][INFO] 1440       -195.3419      0.6299    609.19
[SPARC][INFO] 1460       -195.5574      0.8469    819.00
[SPARC][INFO] 1480       -195.4778      0.7652    740.02
[SPARC][INFO] 1500       -195.0676      0.3598    347.96
[SPARC][INFO] 1520       -195.2260      0.5147    497.70
[SPARC][INFO] 1540       -195.3170      0.6088    588.74
[SPARC][INFO] 1560       -195.8341      1.1157   1078.91
[SPARC][INFO] 1580       -195.1261      0.4165    402.76
[SPARC][INFO] 1600       -195.4842      0.7664    741.18
[SPARC][INFO] 1620       -195.1554      0.4452    430.56
[SPARC][INFO] 1640       -195.6105      0.8936    864.14
[SPARC][INFO] 1660       -195.2599      0.5502    532.04
[SPARC][INFO] 1680       -195.5793      0.8654    836.93
[SPARC][INFO] 1700       -195.2996      0.5898    570.35
[SPARC][INFO] 1720       -195.2045      0.4903    474.12
[SPARC][INFO] 1740       -195.5004      0.7837    757.87
[SPARC][INFO] 1760       -195.2703      0.5585    540.05
[SPARC][INFO] 1780       -195.1754      0.4667    451.32
[SPARC][INFO] 1800       -195.2450      0.5316    514.07
[SPARC][INFO] 1820       -195.5636      0.8456    817.74
[SPARC][INFO] 1840       -195.3316      0.6200    599.58
[SPARC][INFO] 1860       -195.1027      0.3855    372.75
[SPARC][INFO] 1880       -195.2012      0.4882    472.11
[SPARC][INFO] 1900       -195.1411      0.4291    414.99
[SPARC][INFO] 1920       -195.3452      0.6311    610.29
[SPARC][INFO] 1940       -195.1704      0.4571    442.03
[SPARC][INFO] 1960       -195.4955      0.7814    755.68
[SPARC][INFO] 1980       -195.3494      0.6382    617.21
[SPARC][INFO] 2000       -195.2828      0.5677    548.94
[SPARC][INFO] 2020       -195.5295      0.8091    782.43
[SPARC][INFO] 2040       -195.4107      0.6941    671.21
[SPARC][INFO] 2060       -195.4455      0.7336    709.47
[SPARC][INFO] 2080       -195.2481      0.5397    521.95
[SPARC][INFO] 2100       -195.4285      0.7140    690.49
[SPARC][INFO] 2120       -195.2147      0.4995    483.02
[SPARC][INFO] 2140       -195.4558      0.7326    708.45
[SPARC][INFO] 2160       -195.0847      0.3752    362.84
[SPARC][INFO] 2180       -195.4443      0.7297    705.64
[SPARC][INFO] 2200       -195.3726      0.6632    641.37
[SPARC][INFO] 2220       -195.2577      0.5426    524.75
[SPARC][INFO] 2240       -195.1910      0.4794    463.61
[SPARC][INFO] 2260       -195.3293      0.6110    590.82
[SPARC][INFO] 2280       -195.4195      0.7069    683.58
[SPARC][INFO] 2300       -195.3382      0.6229    602.40
[SPARC][INFO] 2320       -195.4839      0.7677    742.37
[SPARC][INFO] 2340       -195.7270      1.0038    970.77
[SPARC][INFO] 2360       -195.3081      0.5959    576.28
[SPARC][INFO] 2380       -195.5608      0.8427    814.88
[SPARC][INFO] 2400       -195.3413      0.6249    604.29
[SPARC][INFO] 2420       -195.3608      0.6440    622.77
[SPARC][INFO] 2440       -195.2125      0.4977    481.29
[SPARC][INFO] 2460       -195.3439      0.6358    614.84
[SPARC][INFO] 2480       -195.2593      0.5545    536.24
[SPARC][INFO] 2500       -194.9884      0.2795    270.32
[SPARC][INFO] 2520       -195.0887      0.3780    365.54
[SPARC][INFO] 2540       -195.3804      0.6653    643.41
[SPARC][INFO] 2560       -195.7180      0.9994    966.43
[SPARC][INFO] 2580       -195.0600      0.3513    339.71
[SPARC][INFO] 2600       -195.3496      0.6404    619.25
[SPARC][INFO] 2620       -195.6253      0.9093    879.38
[SPARC][INFO] 2640       -195.2853      0.5755    556.56
[SPARC][INFO] 2660       -195.1492      0.4385    424.06
[SPARC][INFO] 2680       -195.3811      0.6697    647.61
[SPARC][INFO] 2700       -195.4867      0.7723    746.80
[SPARC][INFO] 2720       -195.2082      0.4955    479.21
[SPARC][INFO] 2740       -195.2130      0.5019    485.37
[SPARC][INFO] 2760       -195.2791      0.5670    548.32
[SPARC][INFO] 2780       -195.5640      0.8509    822.86
[SPARC][INFO] 2800       -195.0894      0.3765    364.08
[SPARC][INFO] 2820       -195.4071      0.6916    668.85
[SPARC][INFO] 2840       -195.5990      0.8822    853.11
[SPARC][INFO] 2860       -195.4557      0.7387    714.35
[SPARC][INFO] 2880       -195.3841      0.6704    648.35
[SPARC][INFO] 2900       -195.3610      0.6456    624.36
[SPARC][INFO] 2920       -195.4030      0.6899    667.19
[SPARC][INFO] 2940       -195.4514      0.7339    709.67
[SPARC][INFO] 2960       -195.5897      0.8779    848.93
[SPARC][INFO] 2980       -195.5286      0.8213    794.23
[SPARC][INFO] 3000       -195.1535      0.4448    430.17
[SPARC][INFO] 3020       -195.4668      0.7562    731.31
[SPARC][INFO] 3040       -195.4488      0.7347    710.50
[SPARC][INFO] 3060       -195.3783      0.6662    644.21
[SPARC][INFO] 3080       -195.2765      0.5677    548.98
[SPARC][INFO] 3100       -195.3417      0.6297    608.96
[SPARC][INFO] 3120       -195.4963      0.7804    754.68
[SPARC][INFO] 3140       -195.5418      0.8242    797.05
[SPARC][INFO] 3160       -195.4326      0.7206    696.83
[SPARC][INFO] 3180       -195.3032      0.5934    573.85
[SPARC][INFO] 3200       -195.5394      0.8242    797.02
[SPARC][INFO] 3220       -195.3032      0.5901    570.65
[SPARC][INFO] 3240       -195.3677      0.6505    629.09
[SPARC][INFO] 3260       -195.4024      0.6887    666.03
[SPARC][INFO] 3280       -195.4723      0.7560    731.09
[SPARC][INFO] 3300       -195.2043      0.4948    478.46
[SPARC][INFO] 3320       -195.1528      0.4428    428.19
[SPARC][INFO] 3340       -195.3790      0.6653    643.36
[SPARC][INFO] 3360       -195.4107      0.6971    674.09
[SPARC][INFO] 3380       -195.4438      0.7292    705.18
[SPARC][INFO] 3400       -195.4605      0.7508    726.05
[SPARC][INFO] 3420       -195.2747      0.5656    547.00
[SPARC][INFO] 3440       -195.3966      0.6850    662.42
[SPARC][INFO] 3460       -195.6505      0.9322    901.50
[SPARC][INFO] 3480       -195.1044      0.3944    381.38
[SPARC][INFO] 3500       -195.1508      0.4410    426.45
[SPARC][INFO] 3520       -195.4479      0.7371    712.84
[SPARC][INFO] 3540       -195.4496      0.7373    712.97
[SPARC][INFO] 3560       -195.1651      0.4560    440.96
[SPARC][INFO] 3580       -195.1169      0.4106    397.02
[SPARC][INFO] 3600       -195.4508      0.7396    715.25
[SPARC][INFO] 3620       -195.4958      0.7817    755.92
[SPARC][INFO] 3640       -195.1898      0.4787    462.95
[SPARC][INFO] 3660       -195.4842      0.7644    739.21
[SPARC][INFO] 3680       -195.6439      0.9231    892.72
[SPARC][INFO] 3700       -195.4389      0.7241    700.28
[SPARC][INFO] 3720       -195.2880      0.5791    560.02
[SPARC][INFO] 3740       -195.6380      0.9285    897.91
[SPARC][INFO] 3760       -195.2644      0.5542    535.95
[SPARC][INFO] 3780       -195.1908      0.4809    465.09
[SPARC][INFO] 3800       -195.5665      0.8476    819.70
[SPARC][INFO] 3820       -195.4791      0.7620    736.89
[SPARC][INFO] 3840       -195.3722      0.6583    636.65
[SPARC][INFO] 3860       -195.2150      0.5044    487.73
[SPARC][INFO] 3880       -195.4457      0.7302    706.17
[SPARC][INFO] 3900       -195.2283      0.5157    498.72
[SPARC][INFO] 3920       -195.1742      0.4601    444.89
[SPARC][INFO] 3940       -195.2768      0.5578    539.45
[SPARC][INFO] 3960       -195.4032      0.6831    660.62
[SPARC][INFO] 3980       -195.3623      0.6501    628.67
[SPARC][INFO] 4000       -195.3096      0.5934    573.81
[SPARC][INFO] 4020       -195.4658      0.7485    723.83
[SPARC][INFO] 4040       -195.4255      0.7119    688.46
[SPARC][INFO] 4060       -195.1546      0.4442    429.52
[SPARC][INFO] 4080       -195.3647      0.6545    632.96
[SPARC][INFO] 4100       -195.5369      0.8181    791.11
[SPARC][INFO] 4120       -195.2789      0.5669    548.23
[SPARC][INFO] 4140       -195.3069      0.5972    577.53
[SPARC][INFO] 4160       -195.4055      0.6939    671.02
[SPARC][INFO] 4180       -195.6535      0.9362    905.30
[SPARC][INFO] 4200       -195.3629      0.6492    627.84
[SPARC][INFO] 4220       -195.2558      0.5443    526.40
[SPARC][INFO] 4240       -195.5067      0.7895    763.46
[SPARC][INFO] 4260       -195.4870      0.7697    744.37
[SPARC][INFO] 4280       -195.1361      0.4176    403.83
[SPARC][INFO] 4300       -195.3005      0.5921    572.55
[SPARC][INFO] 4320       -195.2730      0.5669    548.19
[SPARC][INFO] 4340       -195.1238      0.4165    402.77
[SPARC][INFO] 4360       -195.2297      0.5209    503.69
[SPARC][INFO] 4380       -195.3957      0.6784    656.07
[SPARC][INFO] 4400       -195.5655      0.8463    818.39
[SPARC][INFO] 4420       -195.3258      0.6107    590.60
[SPARC][INFO] 4440       -195.6637      0.9442    913.09
[SPARC][INFO] 4460       -195.6665      0.9463    915.16
[SPARC][INFO] 4480       -195.3051      0.5857    566.43
[SPARC][INFO] 4500       -195.5391      0.8219    794.79
[SPARC][INFO] 4520       -195.4944      0.7808    755.11
[SPARC][INFO] 4540       -195.1444      0.4344    420.07
[SPARC][INFO] 4560       -195.1439      0.4353    420.98
[SPARC][INFO] 4580       -195.2483      0.5376    519.88
[SPARC][INFO] 4600       -195.2134      0.5009    484.37
[SPARC][INFO] 4620       -195.1525      0.4406    426.11
[SPARC][INFO] 4640       -195.3076      0.5991    579.37
[SPARC][INFO] 4660       -195.4346      0.7213    697.57
[SPARC][INFO] 4680       -195.1952      0.4797    463.89
[SPARC][INFO] 4700       -195.5576      0.8409    813.22
[SPARC][INFO] 4720       -195.4686      0.7542    729.34
[SPARC][INFO] 4740       -195.5041      0.7878    761.82
[SPARC][INFO] 4760       -195.4156      0.7053    682.04
[SPARC][INFO] 4780       -195.4530      0.7401    715.74
[SPARC][INFO] 4800       -195.2981      0.5863    567.01
[SPARC][INFO] 4820       -195.3738      0.6568    635.18
[SPARC][INFO] 4840       -195.2244      0.5092    492.42
[SPARC][INFO] 4860       -195.3740      0.6612    639.45
[SPARC][INFO] 4880       -195.0807      0.3751    362.74
[SPARC][INFO] 4900       -195.3659      0.6567    635.08
[SPARC][INFO] 4920       -195.4701      0.7533    728.50
[SPARC][INFO] 4940       -195.3278      0.6014    581.55
[SPARC][INFO] 4960       -195.2956      0.5818    562.65
[SPARC][INFO] 4980       -195.3824      0.6688    646.72
[SPARC][INFO] 5000       -195.3289      0.6174    597.05
[SPARC][INFO] 5020       -195.2176      0.5037    487.05
[SPARC][INFO] 5040       -195.5215      0.7980    771.74
[SPARC][INFO] 5060       -195.5024      0.7852    759.33
[SPARC][INFO] 5080       -195.1745      0.4664    451.05
[SPARC][INFO] 5100       -195.3078      0.6002    580.44
[SPARC][INFO] 5120       -195.5703      0.8552    827.03
[SPARC][INFO] 5140       -195.2487      0.5382    520.49
[SPARC][INFO] 5160       -195.5059      0.7845    758.64
[SPARC][INFO] 5180       -195.5719      0.8432    815.45
[SPARC][INFO] 5200       -195.2169      0.5021    485.56
[SPARC][INFO] 5220       -195.4147      0.7014    678.27
[SPARC][INFO] 5240       -195.1641      0.4566    441.60
[SPARC][INFO] 5260       -195.2251      0.5083    491.54
[SPARC][INFO] 5280       -195.1243      0.4063    392.88
[SPARC][INFO] 5300       -195.4104      0.6896    666.83
[SPARC][INFO] 5320       -195.2871      0.5736    554.72
[SPARC][INFO] 5340       -195.3328      0.6190    598.65
[SPARC][INFO] 5360       -195.3204      0.6077    587.64
[SPARC][INFO] 5380       -195.5623      0.8468    818.89
[SPARC][INFO] 5400       -195.1276      0.4108    397.29
[SPARC][INFO] 5420       -195.6441      0.9236    893.16
[SPARC][INFO] 5440       -195.1543      0.4417    427.14
[SPARC][INFO] 5460       -195.2389      0.5304    512.92
[SPARC][INFO] 5480       -195.1945      0.4858    469.81
[SPARC][INFO] 5500       -195.2450      0.5349    517.30
[SPARC][INFO] 5520       -195.1865      0.4719    456.36
[SPARC][INFO] 5540       -195.4252      0.6970    674.02
[SPARC][INFO] 5560       -195.3158      0.5964    576.77
[SPARC][INFO] 5580       -195.3375      0.6209    600.40
[SPARC][INFO] 5600       -195.2731      0.5566    538.22
[SPARC][INFO] 5620       -195.0267      0.3148    304.40
[SPARC][INFO] 5640       -195.5222      0.7990    772.68
[SPARC][INFO] 5660       -195.2205      0.5032    486.61
[SPARC][INFO] 5680       -195.5363      0.8148    787.97
[SPARC][INFO] 5700       -195.3288      0.6148    594.57
[SPARC][INFO] 5720       -195.3128      0.5978    578.14
[SPARC][INFO] 5740       -195.1258      0.4176    403.86
[SPARC][INFO] 5760       -195.4723      0.7627    737.56
[SPARC][INFO] 5780       -194.9661      0.2555    247.07
[SPARC][INFO] 5800       -195.4064      0.6911    668.36
[SPARC][INFO] 5820       -195.1953      0.4826    466.72
[SPARC][INFO] 5840       -195.2289      0.5143    497.35
[SPARC][INFO] 5860       -195.3124      0.5967    577.03
[SPARC][INFO] 5880       -195.4156      0.6901    667.38
[SPARC][INFO] 5900       -195.2061      0.4890    472.92
[SPARC][INFO] 5920       -195.4697      0.7532    728.37
[SPARC][INFO] 5940       -195.2371      0.5268    509.43
[SPARC][INFO] 5960       -195.4636      0.7458    721.20
[SPARC][INFO] 5980       -195.4689      0.7447    720.19
[SPARC][INFO] 6000       -195.2547      0.5333    515.74
[SPARC][INFO] 6020       -195.3586      0.6409    619.79
[SPARC][INFO] 6040       -195.2423      0.5313    513.83
[SPARC][INFO] 6060       -195.2806      0.5683    549.61
[SPARC][INFO] 6080       -195.1861      0.4776    461.85
[SPARC][INFO] 6100       -195.1517      0.4416    427.09
[SPARC][INFO] 6120       -195.2691      0.5526    534.34
[SPARC][INFO] 6140       -195.5895      0.8636    835.15
[SPARC][INFO] 6160       -195.1672      0.4493    434.51
[SPARC][INFO] 6180       -195.5104      0.7925    766.41
[SPARC][INFO] 6200       -195.4237      0.7088    685.45
[SPARC][INFO] 6220       -195.3890      0.6686    646.61
[SPARC][INFO] 6240       -195.3698      0.6559    634.26
[SPARC][INFO] 6260       -195.4451      0.7302    706.10
[SPARC][INFO] 6280       -195.0776      0.3628    350.84
[SPARC][INFO] 6300       -195.4451      0.7279    703.89
[SPARC][INFO] 6320       -195.1481      0.4376    423.14
[SPARC][INFO] 6340       -195.4541      0.7433    718.76
[SPARC][INFO] 6360       -195.1105      0.3994    386.25
[SPARC][INFO] 6380       -195.2971      0.5867    567.35
[SPARC][INFO] 6400       -195.3260      0.6191    598.65
[SPARC][INFO] 6420       -195.2544      0.5373    519.56
[SPARC][INFO] 6440       -195.3500      0.6333    612.48
[SPARC][INFO] 6460       -195.5230      0.7995    773.19
[SPARC][INFO] 6480       -195.2353      0.5194    502.28
[SPARC][INFO] 6500       -195.3198      0.6038    583.87
[SPARC][INFO] 6520       -195.5262      0.8027    776.28
[SPARC][INFO] 6540       -195.3195      0.6010    581.23
[SPARC][INFO] 6560       -195.2511      0.5356    517.97
[SPARC][INFO] 6580       -195.4413      0.7296    705.51
[SPARC][INFO] 6600       -195.4171      0.7048    681.61
[SPARC][INFO] 6620       -195.2103      0.4928    476.56
[SPARC][INFO] 6640       -195.5410      0.8208    793.77
[SPARC][INFO] 6660       -195.4229      0.7068    683.53
[SPARC][INFO] 6680       -195.3049      0.5926    573.04
[SPARC][INFO] 6700       -195.3053      0.5942    574.60
[SPARC][INFO] 6720       -195.1565      0.4463    431.61
[SPARC][INFO] 6740       -195.2744      0.5583    539.87
[SPARC][INFO] 6760       -195.3575      0.6401    618.99
[SPARC][INFO] 6780       -195.5636      0.8415    813.76
[SPARC][INFO] 6800       -195.4641      0.7482    723.58
[SPARC][INFO] 6820       -195.0147      0.3017    291.80
[SPARC][INFO] 6840       -195.4657      0.7521    727.29
[SPARC][INFO] 6860       -195.4810      0.7707    745.32
[SPARC][INFO] 6880       -195.1429      0.4348    420.46
[SPARC][INFO] 6900       -195.2620      0.5484    530.29
[SPARC][INFO] 6920       -195.4961      0.7786    752.93
[SPARC][INFO] 6940       -195.2987      0.5833    564.08
[SPARC][INFO] 6960       -195.3652      0.6495    628.10
[SPARC][INFO] 6980       -195.1020      0.3875    374.75
[SPARC][INFO] 7000       -195.5014      0.7819    756.14
[SPARC][INFO] 7020       -195.1847      0.4714    455.85
[SPARC][INFO] 7040       -195.5628      0.8480    820.08
[SPARC][INFO] 7060       -195.3015      0.5928    573.26
[SPARC][INFO] 7080       -195.1988      0.4905    474.35
[SPARC][INFO] 7100       -195.2390      0.5259    508.60
[SPARC][INFO] 7120       -195.6036      0.8796    850.56
[SPARC][INFO] 7140       -195.2110      0.4927    476.51
[SPARC][INFO] 7160       -195.3640      0.6483    626.96
[SPARC][INFO] 7180       -195.2219      0.5147    497.74
[SPARC][INFO] 7200       -195.3605      0.6516    630.12
[SPARC][INFO] 7220       -195.1848      0.4694    453.94
[SPARC][INFO] 7240       -195.2702      0.5504    532.31
[SPARC][INFO] 7260       -195.4377      0.7159    692.30
[SPARC][INFO] 7280       -195.3834      0.6655    643.60
[SPARC][INFO] 7300       -195.0875      0.3793    366.77
[SPARC][INFO] 7320       -195.2231      0.5144    497.48
[SPARC][INFO] 7340       -195.1945      0.4850    469.06
[SPARC][INFO] 7360       -195.4893      0.7722    746.75
[SPARC][INFO] 7380       -195.3743      0.6556    633.98
[SPARC][INFO] 7400       -195.1366      0.4209    407.07
[SPARC][INFO] 7420       -195.4105      0.6910    668.18
[SPARC][INFO] 7440       -195.4171      0.7008    677.67
[SPARC][INFO] 7460       -195.1813      0.4700    454.48
[SPARC][INFO] 7480       -195.2205      0.5107    493.85
[SPARC][INFO] 7500       -195.3637      0.6463    625.02
[SPARC][INFO] 7520       -195.2301      0.5123    495.39
[SPARC][INFO] 7540       -195.5214      0.8069    780.29
[SPARC][INFO] 7560       -195.3142      0.6064    586.44
[SPARC][INFO] 7580       -195.2285      0.5157    498.68
[SPARC][INFO] 7600       -195.3768      0.6570    635.34
[SPARC][INFO] 7620       -195.4690      0.7486    723.91
[SPARC][INFO] 7640       -195.3103      0.5924    572.88
[SPARC][INFO] 7660       -195.3555      0.6389    617.88
[SPARC][INFO] 7680       -195.1896      0.4772    461.44
[SPARC][INFO] 7700       -195.3633      0.6493    627.90
[SPARC][INFO] 7720       -195.0550      0.3504    338.84
[SPARC][INFO] 7740       -195.1328      0.4246    410.59
[SPARC][INFO] 7760       -195.1675      0.4545    439.52
[SPARC][INFO] 7780       -195.4711      0.7511    726.32
[SPARC][INFO] 7800       -195.3039      0.5837    564.48
[SPARC][INFO] 7820       -195.4140      0.6925    669.66
[SPARC][INFO] 7840       -194.9860      0.2792    270.00
[SPARC][INFO] 7860       -195.4539      0.7431    718.64
[SPARC][INFO] 7880       -195.1837      0.4769    461.15
[SPARC][INFO] 7900       -195.5043      0.7808    755.12
[SPARC][INFO] 7920       -195.4432      0.7161    692.48
[SPARC][INFO] 7940       -195.4276      0.7007    677.66
[SPARC][INFO] 7960       -195.2757      0.5636    545.00
[SPARC][INFO] 7980       -195.6002      0.8893    859.99
[SPARC][INFO] 8000       -195.1160      0.4157    402.00
[SPARC][INFO] 8020       -195.1082      0.3956    382.58
[SPARC][INFO] 8040       -195.5797      0.8552    827.00
[SPARC][INFO] 8060       -195.5586      0.8277    800.39
[SPARC][INFO] 8080       -195.0999      0.3810    368.43
[SPARC][INFO] 8100       -195.2781      0.5680    549.29
[SPARC][INFO] 8120       -195.2600      0.5515    533.32
[SPARC][INFO] 8140       -195.1580      0.4472    432.43
[SPARC][INFO] 8160       -195.2610      0.5364    518.69
[SPARC][INFO] 8180       -195.4046      0.6808    658.32
[SPARC][INFO] 8200       -195.4146      0.6932    670.37
[SPARC][INFO] 8220       -195.2452      0.5327    515.13
[SPARC][INFO] 8240       -195.2503      0.5436    525.68
[SPARC][INFO] 8260       -195.3085      0.6035    583.65
[SPARC][INFO] 8280       -195.4377      0.7183    694.59
[SPARC][INFO] 8300       -195.4475      0.7193    695.56
[SPARC][INFO] 8320       -195.3651      0.6393    618.19
[SPARC][INFO] 8340       -195.3167      0.6042    584.33
[SPARC][INFO] 8360       -195.2960      0.5888    569.41
[SPARC][INFO] 8380       -194.9772      0.2723    263.29
[SPARC][INFO] 8400       -195.2112      0.4955    479.12
[SPARC][INFO] 8420       -195.3657      0.6434    622.23
[SPARC][INFO] 8440       -195.1751      0.4588    443.64
[SPARC][INFO] 8460       -195.3647      0.6474    626.04
[SPARC][INFO] 8480       -195.4186      0.7053    682.08
[SPARC][INFO] 8500       -195.1910      0.4842    468.22
[SPARC][INFO] 8520       -195.2172      0.5057    488.99
[SPARC][INFO] 8540       -195.3990      0.6779    655.56
[SPARC][INFO] 8560       -195.5932      0.8671    838.52
[SPARC][INFO] 8580       -195.3908      0.6733    651.10
[SPARC][INFO] 8600       -195.0960      0.3816    368.98
[SPARC][INFO] 8620       -195.2922      0.5831    563.88
[SPARC][INFO] 8640       -195.3765      0.6706    648.45
[SPARC][INFO] 8660       -195.1428      0.4317    417.52
[SPARC][INFO] 8680       -195.4650      0.7408    716.42
[SPARC][INFO] 8700       -195.5888      0.8617    833.32
[SPARC][INFO] 8720       -195.3359      0.6118    591.66
[SPARC][INFO] 8740       -195.2970      0.5813    562.12
[SPARC][INFO] 8760       -195.3772      0.6690    646.96
[SPARC][INFO] 8780       -195.1110      0.4052    391.88
[SPARC][INFO] 8800       -195.2287      0.5111    494.25
[SPARC][INFO] 8820       -195.4505      0.7255    701.62
[SPARC][INFO] 8840       -195.4926      0.7670    741.68
[SPARC][INFO] 8860       -195.1072      0.3975    384.38
[SPARC][INFO] 8880       -195.3321      0.6243    603.73
[SPARC][INFO] 8900       -195.2953      0.5922    572.69
[SPARC][INFO] 8920       -195.2831      0.5612    542.67
[SPARC][INFO] 8940       -195.2803      0.5543    536.08
[SPARC][INFO] 8960       -195.4110      0.6864    663.82
[SPARC][INFO] 8980       -195.1834      0.4665    451.14
[SPARC][INFO] 9000       -195.3234      0.6167    596.37
[SPARC][INFO] 9020       -195.1817      0.4790    463.20
[SPARC][INFO] 9040       -195.3241      0.6045    584.58
[SPARC][INFO] 9060       -195.5426      0.8144    787.57
[SPARC][INFO] 9080       -195.5881      0.8596    831.23
[SPARC][INFO] 9100       -195.2857      0.5642    545.62
[SPARC][INFO] 9120       -195.4111      0.7027    679.56
[SPARC][INFO] 9140       -195.2257      0.5199    502.78
[SPARC][INFO] 9160       -195.1339      0.4222    408.24
[SPARC][INFO] 9180       -195.3718      0.6505    629.08
[SPARC][INFO] 9200       -195.5615      0.8361    808.53
[SPARC][INFO] 9220       -195.2997      0.5787    559.62
[SPARC][INFO] 9240       -195.2501      0.5372    519.52
[SPARC][INFO] 9260       -195.1703      0.4664    451.06
[SPARC][INFO] 9280       -195.1898      0.4819    466.05
[SPARC][INFO] 9300       -195.3241      0.5991    579.36
[SPARC][INFO] 9320       -195.5414      0.8089    782.20
[SPARC][INFO] 9340       -195.6296      0.8973    867.69
[SPARC][INFO] 9360       -195.1699      0.4662    450.81
[SPARC][INFO] 9380       -195.2298      0.5257    508.36
[SPARC][INFO] 9400       -195.1835      0.4730    457.39
[SPARC][INFO] 9420       -195.5009      0.7725    747.00
[SPARC][INFO] 9440       -195.2782      0.5558    537.49
[SPARC][INFO] 9460       -195.3026      0.5801    560.96
[SPARC][INFO] 9480       -195.2553      0.5460    528.05
[SPARC][INFO] 9500       -195.1764      0.4789    463.08
[SPARC][INFO] 9520       -195.1607      0.4554    440.42
[SPARC][INFO] 9540       -195.3170      0.5930    573.44
[SPARC][INFO] 9560       -195.5358      0.8079    781.25
[SPARC][INFO] 9580       -195.4478      0.7231    699.29
[SPARC][INFO] 9600       -195.3967      0.6797    657.32
[SPARC][INFO] 9620       -195.2490      0.5431    525.17
[SPARC][INFO] 9640       -195.4832      0.7693    743.93
[SPARC][INFO] 9660       -195.2781      0.5557    537.34
[SPARC][INFO] 9680       -195.3863      0.6645    642.60
[SPARC][INFO] 9700       -195.3489      0.6275    606.81
[SPARC][INFO] 9720       -195.4358      0.7164    692.80
[SPARC][INFO] 9740       -195.1541      0.4431    428.51
[SPARC][INFO] 9760       -195.2723      0.5635    544.89
[SPARC][INFO] 9780       -195.3498      0.6324    611.53
[SPARC][INFO] 9800       -195.4627      0.7393    714.92
[SPARC][INFO] 9820       -195.3273      0.6070    587.01
[SPARC][INFO] 9840       -195.4636      0.7438    719.28
[SPARC][INFO] 9860       -195.2945      0.5798    560.70
[SPARC][INFO] 9880       -195.2640      0.5493    531.20
[SPARC][INFO] 9900       -195.3538      0.6427    621.53
[SPARC][INFO] 9920       -195.4332      0.7172    693.53
[SPARC][INFO] 9940       -195.4291      0.7026    679.49
[SPARC][INFO] 9960       -195.4388      0.7150    691.43
[SPARC][INFO] 9980       -195.3350      0.6175    597.13
[SPARC][INFO] 10000      -195.2618      0.5553    536.99
[SPARC][INFO] 10020      -195.3041      0.5963    576.69
[SPARC][INFO] 10040      -195.1842      0.4731    457.47
[SPARC][INFO] 10060      -195.2080      0.4929    476.66
[SPARC][INFO] 10080      -195.5072      0.7824    756.65
[SPARC][INFO] 10100      -195.3390      0.6132    593.01
[SPARC][INFO] 10120      -195.3144      0.5923    572.75
[SPARC][INFO] 10140      -195.4387      0.7224    698.59
[SPARC][INFO] 10160      -195.1202      0.4155    401.80
[SPARC][INFO] 10180      -195.2045      0.4969    480.48
[SPARC][INFO] 10200      -195.4664      0.7474    722.79
[SPARC][INFO] 10220      -195.5092      0.7813    755.57
[SPARC][INFO] 10240      -195.2718      0.5459    527.95
[SPARC][INFO] 10260      -195.2849      0.5559    537.56
[SPARC][INFO] 10280      -195.4058      0.6789    656.54
[SPARC][INFO] 10300      -195.3880      0.6817    659.20
[SPARC][INFO] 10320      -195.3068      0.6005    580.74
[SPARC][INFO] 10340      -195.2753      0.5686    549.88
[SPARC][INFO] 10360      -195.5164      0.7904    764.37
[SPARC][INFO] 10380      -195.6338      0.8950    865.48
[SPARC][INFO] 10400      -195.3887      0.6529    631.42
[SPARC][INFO] 10420      -195.3512      0.6392    618.14
[SPARC][INFO] 10440      -195.1735      0.4785    462.70
[SPARC][INFO] 10460      -194.9927      0.2951    285.36
[SPARC][INFO] 10480      -195.1639      0.4531    438.21
[SPARC][INFO] 10500      -195.3712      0.6490    627.65
[SPARC][INFO] 10520      -195.3654      0.6415    620.40
[SPARC][INFO] 10540      -195.3458      0.6227    602.17
[SPARC][INFO] 10560      -195.3662      0.6416    620.49
[SPARC][INFO] 10580      -195.4639      0.7404    716.02
[SPARC][INFO] 10600      -195.1585      0.4549    439.95
[SPARC][INFO] 10620      -195.3167      0.6087    588.63
[SPARC][INFO] 10640      -195.4728      0.7563    731.35
[SPARC][INFO] 10660      -195.3358      0.6054    585.40
[SPARC][INFO] 10680      -195.5486      0.8183    791.36
[SPARC][INFO] 10700      -195.5289      0.8044    777.90
[SPARC][INFO] 10720      -195.1598      0.4430    428.39
[SPARC][INFO] 10740      -195.1294      0.4236    409.65
[SPARC][INFO] 10760      -195.1415      0.4383    423.88
[SPARC][INFO] 10780      -195.3112      0.5955    575.91
[SPARC][INFO] 10800      -195.1951      0.4793    463.53
[SPARC][INFO] 10820      -195.3925      0.6682    646.22
[SPARC][INFO] 10840      -195.5413      0.8119    785.12
[SPARC][INFO] 10860      -195.4699      0.7432    718.70
[SPARC][INFO] 10880      -195.1959      0.4754    459.69
[SPARC][INFO] 10900      -195.1400      0.4263    412.28
[SPARC][INFO] 10920      -195.3088      0.6008    581.04
[SPARC][INFO] 10940      -195.0924      0.3884    375.59
[SPARC][INFO] 10960      -195.1183      0.4046    391.27
[SPARC][INFO] 10980      -195.3657      0.6454    624.14
[SPARC][INFO] 11000      -195.5709      0.8430    815.21
[SPARC][INFO] 11020      -195.4320      0.7063    683.03
[SPARC][INFO] 11040      -195.2499      0.5321    514.56
[SPARC][INFO] 11060      -195.2608      0.5433    525.42
[SPARC][INFO] 11080      -195.4525      0.7229    699.07
[SPARC][INFO] 11100      -195.2424      0.5199    502.77
[SPARC][INFO] 11120      -195.2273      0.5161    499.06
[SPARC][INFO] 11140      -195.3334      0.6183    597.93
[SPARC][INFO] 11160      -195.3757      0.6495    628.11
[SPARC][INFO] 11180      -195.4024      0.6697    647.60
[SPARC][INFO] 11200      -195.2520      0.5265    509.18
[SPARC][INFO] 11220      -195.4161      0.7015    678.34
[SPARC][INFO] 11240      -195.3510      0.6379    616.91
[SPARC][INFO] 11260      -195.3452      0.6241    603.52
[SPARC][INFO] 11280      -195.2715      0.5561    537.82
[SPARC][INFO] 11300      -195.3250      0.6075    587.49
[SPARC][INFO] 11320      -195.3333      0.6177    597.32
[SPARC][INFO] 11340      -195.2975      0.5800    560.84
[SPARC][INFO] 11360      -195.4135      0.6961    673.20
[SPARC][INFO] 11380      -195.2537      0.5353    517.71
[SPARC][INFO] 11400      -195.2428      0.5271    509.72
[SPARC][INFO] 11420      -195.3231      0.6148    594.58
[SPARC][INFO] 11440      -195.2660      0.5618    543.25
[SPARC][INFO] 11460      -195.0882      0.3817    369.14
[SPARC][INFO] 11480      -195.4394      0.7174    693.73
[SPARC][INFO] 11500      -195.5002      0.7751    749.53
[SPARC][INFO] 11520      -195.5509      0.8229    795.83
[SPARC][INFO] 11540      -195.1717      0.4594    444.21
[SPARC][INFO] 11560      -195.2902      0.5728    553.91
[SPARC][INFO] 11580      -195.4232      0.7073    684.03
[SPARC][INFO] 11600      -195.2654      0.5547    536.38
[SPARC][INFO] 11620      -195.1215      0.4155    401.81
[SPARC][INFO] 11640      -195.1719      0.4637    448.37
[SPARC][INFO] 11660      -195.4772      0.7580    733.07
[SPARC][INFO] 11680      -195.5157      0.7934    767.28
[SPARC][INFO] 11700      -195.0530      0.3388    327.61
[SPARC][INFO] 11720      -195.3103      0.5987    578.93
[SPARC][INFO] 11740      -195.4492      0.7312    707.14
[SPARC][INFO] 11760      -195.3457      0.6188    598.42
[SPARC][INFO] 11780      -195.1934      0.4775    461.79
[SPARC][INFO] 11800      -195.2866      0.5723    553.41
[SPARC][INFO] 11820      -195.4078      0.6875    664.85
[SPARC][INFO] 11840      -195.5229      0.7929    766.73
[SPARC][INFO] 11860      -195.3051      0.5751    556.18
[SPARC][INFO] 11880      -195.3522      0.6286    607.92
[SPARC][INFO] 11900      -195.3247      0.6166    596.30
[SPARC][INFO] 11920      -195.3982      0.6869    664.31
[SPARC][INFO] 11940      -195.1146      0.4009    387.71
[SPARC][INFO] 11960      -195.2956      0.5750    556.04
[SPARC][INFO] 11980      -195.2886      0.5686    549.83
[SPARC][INFO] 12000      -195.2773      0.5619    543.37
[SPARC][INFO] 12020      -195.3290      0.6140    593.80
[SPARC][INFO] 12040      -195.5368      0.8122    785.46
[SPARC][INFO] 12060      -195.3130      0.5841    564.81
[SPARC][INFO] 12080      -195.4121      0.6967    673.74
[SPARC][INFO] 12100      -195.2454      0.5418    523.96
[SPARC][INFO] 12120      -195.4639      0.7523    727.48
[SPARC][INFO] 12140      -195.1465      0.4338    419.49
[SPARC][INFO] 12160      -195.2837      0.5615    543.00
[SPARC][INFO] 12180      -195.1769      0.4572    442.11
[SPARC][INFO] 12200      -195.3981      0.6807    658.30
[SPARC][INFO] 12220      -195.2659      0.5472    529.13
[SPARC][INFO] 12240      -195.2537      0.5425    524.62
[SPARC][INFO] 12260      -195.2834      0.5767    557.72
[SPARC][INFO] 12280      -195.5244      0.8031    776.64
[SPARC][INFO] 12300      -195.3034      0.5765    557.47
[SPARC][INFO] 12320      -195.4658      0.7374    713.05
[SPARC][INFO] 12340      -195.3050      0.5797    560.57
[SPARC][INFO] 12360      -195.4152      0.6963    673.32
[SPARC][INFO] 12380      -195.1623      0.4522    437.25
[SPARC][INFO] 12400      -195.2845      0.5736    554.74
[SPARC][INFO] 12420      -195.2558      0.5392    521.43
[SPARC][INFO] 12440      -195.4673      0.7506    725.83
[SPARC][INFO] 12460      -195.3755      0.6560    634.41
[SPARC][INFO] 12480      -195.4222      0.6921    669.32
[SPARC][INFO] 12500      -195.2649      0.5393    521.57
[SPARC][INFO] 12520      -195.4686      0.7395    715.11
[SPARC][INFO] 12540      -195.2489      0.5357    518.03
[SPARC][INFO] 12560      -195.2475      0.5390    521.19
[SPARC][INFO] 12580      -195.2391      0.5238    506.57
[SPARC][INFO] 12600      -195.5109      0.7780    752.37
[SPARC][INFO] 12620      -195.4938      0.7646    739.43
[SPARC][INFO] 12640      -195.5248      0.8019    775.43
[SPARC][INFO] 12660      -195.1869      0.4826    466.73
[SPARC][INFO] 12680      -195.1821      0.4838    467.84
[SPARC][INFO] 12700      -195.2369      0.5350    517.37
[SPARC][INFO] 12720      -195.4005      0.6877    665.02
[SPARC][INFO] 12740      -195.3536      0.6273    606.65
[SPARC][INFO] 12760      -195.5393      0.8071    780.52
[SPARC][INFO] 12780      -195.3724      0.6470    625.65
[SPARC][INFO] 12800      -195.6179      0.8969    867.35
[SPARC][INFO] 12820      -195.3912      0.6776    655.26
[SPARC][INFO] 12840      -195.2845      0.5706    551.80
[SPARC][INFO] 12860      -195.3554      0.6335    612.61
[SPARC][INFO] 12880      -195.4953      0.7694    744.01
[SPARC][INFO] 12900      -195.2956      0.5741    555.22
[SPARC][INFO] 12920      -195.3897      0.6722    650.01
[SPARC][INFO] 12940      -195.2807      0.5656    546.94
[SPARC][INFO] 12960      -195.3943      0.6712    649.05
[SPARC][INFO] 12980      -195.1734      0.4530    438.07
[SPARC][INFO] 13000      -195.3494      0.6290    608.22
[SPARC][INFO] 13020      -195.2668      0.5516    533.46
[SPARC][INFO] 13040      -195.4640      0.7469    722.31
[SPARC][INFO] 13060      -195.3528      0.6260    605.34
[SPARC][INFO] 13080      -195.4370      0.7090    685.59
[SPARC][INFO] 13100      -195.3774      0.6539    632.34
[SPARC][INFO] 13120      -195.4593      0.7426    718.08
[SPARC][INFO] 13140      -195.2089      0.4970    480.58
[SPARC][INFO] 13160      -195.4105      0.6947    671.81
[SPARC][INFO] 13180      -195.2536      0.5380    520.28
[SPARC][INFO] 13200      -195.3521      0.6460    624.67
[SPARC][INFO] 13220      -195.2213      0.5102    493.35
[SPARC][INFO] 13240      -195.3008      0.5931    573.51
[SPARC][INFO] 13260      -195.0944      0.3847    372.00
[SPARC][INFO] 13280      -195.4158      0.7004    677.30
[SPARC][INFO] 13300      -195.4114      0.6938    670.94
[SPARC][INFO] 13320      -195.4698      0.7417    717.29
[SPARC][INFO] 13340      -195.3784      0.6505    629.02
[SPARC][INFO] 13360      -195.7079      0.9795    947.25
[SPARC][INFO] 13380      -195.2707      0.5615    543.01
[SPARC][INFO] 13400      -195.2814      0.5780    558.94
[SPARC][INFO] 13420      -195.1696      0.4620    446.81
[SPARC][INFO] 13440      -195.3666      0.6489    627.55
[SPARC][INFO] 13460      -195.3605      0.6370    616.04
[SPARC][INFO] 13480      -195.4866      0.7616    736.53
[SPARC][INFO] 13500      -195.3502      0.6262    605.61
[SPARC][INFO] 13520      -195.3818      0.6609    639.15
[SPARC][INFO] 13540      -195.2792      0.5678    549.07
[SPARC][INFO] 13560      -195.2120      0.5103    493.46
[SPARC][INFO] 13580      -195.0773      0.3712    358.98
[SPARC][INFO] 13600      -195.6010      0.8743    845.50
[SPARC][INFO] 13620      -195.4903      0.7580    733.00
[SPARC][INFO] 13640      -195.4926      0.7537    728.82
[SPARC][INFO] 13660      -195.2138      0.4865    470.43
[SPARC][INFO] 13680      -195.5085      0.7834    757.60
[SPARC][INFO] 13700      -195.1896      0.4808    464.93
[SPARC][INFO] 13720      -195.2179      0.5184    501.29
[SPARC][INFO] 13740      -195.0891      0.3837    371.06
[SPARC][INFO] 13760      -195.5523      0.8232    796.11
[SPARC][INFO] 13780      -195.5067      0.7721    746.69
[SPARC][INFO] 13800      -195.7005      0.9640    932.25
[SPARC][INFO] 13820      -195.2116      0.4883    472.17
[SPARC][INFO] 13840      -195.3960      0.6769    654.61
[SPARC][INFO] 13860      -195.3187      0.6129    592.74
[SPARC][INFO] 13880      -195.3815      0.6748    652.55
[SPARC][INFO] 13900      -195.1404      0.4250    410.96
[SPARC][INFO] 13920      -195.4441      0.7166    693.02
[SPARC][INFO] 13940      -195.4696      0.7408    716.34
[SPARC][INFO] 13960      -195.5265      0.7927    766.57
[SPARC][INFO] 13980      -195.1687      0.4536    438.66
[SPARC][INFO] 14000      -195.3100      0.5979    578.16
[SPARC][INFO] 14020      -195.3289      0.6156    595.27
[SPARC][INFO] 14040      -195.4365      0.7159    692.29
[SPARC][INFO] 14060      -195.2118      0.4920    475.80
[SPARC][INFO] 14080      -195.3772      0.6621    640.31
[SPARC][INFO] 14100      -195.2558      0.5437    525.79
[SPARC][INFO] 14120      -195.4022      0.6799    657.53
[SPARC][INFO] 14140      -195.1963      0.4789    463.16
[SPARC][INFO] 14160      -195.3193      0.6008    580.98
[SPARC][INFO] 14180      -195.2255      0.5057    488.99
[SPARC][INFO] 14200      -195.3772      0.6627    640.86
[SPARC][INFO] 14220      -195.0873      0.3847    372.02
[SPARC][INFO] 14240      -195.2572      0.5473    529.26
[SPARC][INFO] 14260      -195.3615      0.6400    618.95
[SPARC][INFO] 14280      -195.6591      0.9292    898.54
[SPARC][INFO] 14300      -195.3752      0.6509    629.48
[SPARC][INFO] 14320      -195.3614      0.6381    617.11
[SPARC][INFO] 14340      -195.3004      0.5779    558.89
[SPARC][INFO] 14360      -195.5500      0.8268    799.51
[SPARC][INFO] 14380      -195.2801      0.5650    546.37
[SPARC][INFO] 14400      -195.3383      0.6180    597.66
[SPARC][INFO] 14420      -195.3644      0.6439    622.70
[SPARC][INFO] 14440      -195.6076      0.8797    850.73
[SPARC][INFO] 14460      -195.3649      0.6327    611.87
[SPARC][INFO] 14480      -195.2115      0.4889    472.82
[SPARC][INFO] 14500      -195.1857      0.4714    455.82
[SPARC][INFO] 14520      -195.4098      0.6968    673.88
[SPARC][INFO] 14540      -195.3193      0.6112    591.07
[SPARC][INFO] 14560      -195.2637      0.5518    533.62
[SPARC][INFO] 14580      -195.1963      0.4774    461.62
[SPARC][INFO] 14600      -195.5164      0.7897    763.68
[SPARC][INFO] 14620      -195.4190      0.6904    667.65
[SPARC][INFO] 14640      -195.4475      0.7141    690.60
[SPARC][INFO] 14660      -195.3540      0.6185    598.08
[SPARC][INFO] 14680      -195.6299      0.8950    865.48
[SPARC][INFO] 14700      -195.2982      0.5815    562.36
[SPARC][INFO] 14720      -195.1774      0.4718    456.21
[SPARC][INFO] 14740      -195.0379      0.3364    325.32
[SPARC][INFO] 14760      -195.4717      0.7541    729.23
[SPARC][INFO] 14780      -195.2583      0.5412    523.41
[SPARC][INFO] 14800      -195.2173      0.4999    483.39
[SPARC][INFO] 14820      -195.2640      0.5449    526.95
[SPARC][INFO] 14840      -195.4285      0.7034    680.25
[SPARC][INFO] 14860      -195.3515      0.6260    605.35
[SPARC][INFO] 14880      -195.3177      0.5928    573.27
[SPARC][INFO] 14900      -195.2155      0.4992    482.79
[SPARC][INFO] 14920      -195.2590      0.5481    530.02
[SPARC][INFO] 14940      -195.1979      0.4878    471.77
[SPARC][INFO] 14960      -195.2352      0.5204    503.28
[SPARC][INFO] 14980      -195.2599      0.5373    519.58
[SPARC][INFO] 15000      -195.5590      0.8296    802.28
[SPARC][INFO] 15020      -195.4178      0.6922    669.35
[SPARC][INFO] 15040      -195.2988      0.5701    551.27
[SPARC][INFO] 15060      -195.3334      0.6040    584.11
[SPARC][INFO] 15080      -195.4823      0.7563    731.39
[SPARC][INFO] 15100      -195.3062      0.5956    575.93
[SPARC][INFO] 15120      -195.0955      0.3902    377.30
[SPARC][INFO] 15140      -195.1078      0.4068    393.38
[SPARC][INFO] 15160      -195.4929      0.7720    746.56
[SPARC][INFO] 15180      -195.4850      0.7542    729.33
[SPARC][INFO] 15200      -195.4491      0.7163    692.67
[SPARC][INFO] 15220      -195.4526      0.7185    694.83
[SPARC][INFO] 15240      -195.5637      0.8302    802.84
[SPARC][INFO] 15260      -195.3094      0.5799    560.79
[SPARC][INFO] 15280      -195.1897      0.4703    454.85
[SPARC][INFO] 15300      -195.0944      0.3843    371.63
[SPARC][INFO] 15320      -195.1120      0.4118    398.24
[SPARC][INFO] 15340      -195.2513      0.5493    531.16
[SPARC][INFO] 15360      -195.3158      0.6014    581.53
[SPARC][INFO] 15380      -195.3952      0.6664    644.46
[SPARC][INFO] 15400      -195.4719      0.7413    716.83
[SPARC][INFO] 15420      -195.5111      0.7797    753.97
[SPARC][INFO] 15440      -195.3056      0.5796    560.48
[SPARC][INFO] 15460      -195.4434      0.7114    687.91
[SPARC][INFO] 15480      -195.4468      0.7215    697.74
[SPARC][INFO] 15500      -195.2025      0.5000    483.52
[SPARC][INFO] 15520      -195.1884      0.4894    473.28
[SPARC][INFO] 15540      -195.2189      0.5085    491.78
[SPARC][INFO] 15560      -195.3530      0.6199    599.46
[SPARC][INFO] 15580      -195.4208      0.6789    656.48
[SPARC][INFO] 15600      -195.4442      0.7118    688.32
[SPARC][INFO] 15620      -195.4143      0.6871    664.45
[SPARC][INFO] 15640      -195.4679      0.7392    714.84
[SPARC][INFO] 15660      -195.3814      0.6564    634.81
[SPARC][INFO] 15680      -195.2538      0.5371    519.37
[SPARC][INFO] 15700      -195.3705      0.6581    636.38
[SPARC][INFO] 15720      -195.4127      0.6948    671.90
[SPARC][INFO] 15740      -195.2389      0.5162    499.21
[SPARC][INFO] 15760      -195.2078      0.4851    469.12
[SPARC][INFO] 15780      -195.3576      0.6305    609.74
[SPARC][INFO] 15800      -195.5123      0.7840    758.15
[SPARC][INFO] 15820      -195.3212      0.6005    580.69
[SPARC][INFO] 15840      -195.2328      0.5168    499.77
[SPARC][INFO] 15860      -195.3443      0.6238    603.21
[SPARC][INFO] 15880      -195.5110      0.7841    758.29
[SPARC][INFO] 15900      -195.3227      0.6022    582.40
[SPARC][INFO] 15920      -195.0786      0.3707    358.45
[SPARC][INFO] 15940      -195.1461      0.4413    426.72
[SPARC][INFO] 15960      -195.2723      0.5577    539.34
[SPARC][INFO] 15980      -195.3140      0.5862    566.86
[SPARC][INFO] 16000      -195.2766      0.5507    532.56
[SPARC][INFO] 16020      -195.5257      0.7916    765.46
[SPARC][INFO] 16040      -195.5201      0.7924    766.25
[SPARC][INFO] 16060      -195.2612      0.5389    521.12
[SPARC][INFO] 16080      -195.1480      0.4306    416.41
[SPARC][INFO] 16100      -195.1973      0.4977    481.27
[SPARC][INFO] 16120      -195.2722      0.5669    548.18
[SPARC][INFO] 16140      -195.2255      0.5128    495.87
[SPARC][INFO] 16160      -195.2138      0.4902    474.08
[SPARC][INFO] 16180      -195.4304      0.6999    676.84
[SPARC][INFO] 16200      -195.5175      0.7845    758.62
[SPARC][INFO] 16220      -195.4632      0.7362    711.98
[SPARC][INFO] 16240      -195.3923      0.6713    649.15
[SPARC][INFO] 16260      -195.1766      0.4656    450.21
[SPARC][INFO] 16280      -195.1710      0.4667    451.33
[SPARC][INFO] 16300      -195.2584      0.5502    532.09
[SPARC][INFO] 16320      -195.2817      0.5581    539.71
[SPARC][INFO] 16340      -195.4139      0.6812    658.77
[SPARC][INFO] 16360      -195.4223      0.6906    667.81
[SPARC][INFO] 16380      -195.5099      0.7788    753.15
[SPARC][INFO] 16400      -195.4769      0.7471    722.46
[SPARC][INFO] 16420      -195.2218      0.4958    479.46
[SPARC][INFO] 16440      -195.2112      0.4992    482.73
[SPARC][INFO] 16460      -195.3783      0.6747    652.50
[SPARC][INFO] 16480      -195.4297      0.7212    697.44
[SPARC][INFO] 16500      -195.3692      0.6428    621.60
[SPARC][INFO] 16520      -195.4194      0.6799    657.46
[SPARC][INFO] 16540      -195.5596      0.8219    794.82
[SPARC][INFO] 16560      -195.3635      0.6403    619.20
[SPARC][INFO] 16580      -195.2204      0.5082    491.47
[SPARC][INFO] 16600      -195.2487      0.5307    513.17
[SPARC][INFO] 16620      -195.4212      0.6987    675.72
[SPARC][INFO] 16640      -195.3970      0.6834    660.92
[SPARC][INFO] 16660      -195.1876      0.4755    459.81
[SPARC][INFO] 16680      -195.3386      0.6232    602.64
[SPARC][INFO] 16700      -195.4056      0.6850    662.44
[SPARC][INFO] 16720      -195.4606      0.7351    710.87
[SPARC][INFO] 16740      -195.3291      0.6013    581.51
[SPARC][INFO] 16760      -195.3410      0.6136    593.37
[SPARC][INFO] 16780      -195.4480      0.7256    701.68
[SPARC][INFO] 16800      -195.4196      0.7006    677.48
[SPARC][INFO] 16820      -195.2423      0.5284    511.01
[SPARC][INFO] 16840      -195.2213      0.5048    488.16
[SPARC][INFO] 16860      -195.4235      0.7038    680.62
[SPARC][INFO] 16880      -195.3301      0.6124    592.26
[SPARC][INFO] 16900      -195.1690      0.4561    441.11
[SPARC][INFO] 16920      -195.2431      0.5256    508.26
[SPARC][INFO] 16940      -195.3472      0.6212    600.74
[SPARC][INFO] 16960      -195.5508      0.8235    796.39
[SPARC][INFO] 16980      -195.3326      0.6108    590.70
[SPARC][INFO] 17000      -195.3228      0.5996    579.80
[SPARC][INFO] 17020      -195.3611      0.6344    613.50
[SPARC][INFO] 17040      -195.2753      0.5578    539.37
[SPARC][INFO] 17060      -195.0774      0.3702    358.03
[SPARC][INFO] 17080      -195.0336      0.3310    320.11
[SPARC][INFO] 17100      -195.3276      0.6127    592.49
[SPARC][INFO] 17120      -195.4999      0.7731    747.65
[SPARC][INFO] 17140      -195.4288      0.6967    673.74
[SPARC][INFO] 17160      -195.6029      0.8730    844.20
[SPARC][INFO] 17180      -195.4934      0.7663    741.01
[SPARC][INFO] 17200      -195.2686      0.5471    529.02
[SPARC][INFO] 17220      -195.2364      0.5206    503.43
[SPARC][INFO] 17240      -195.0370      0.3338    322.79
[SPARC][INFO] 17260      -195.3789      0.6561    634.45
[SPARC][INFO] 17280      -195.3985      0.6680    646.03
[SPARC][INFO] 17300      -195.5199      0.7836    757.77
[SPARC][INFO] 17320      -195.5406      0.8023    775.88
[SPARC][INFO] 17340      -195.5334      0.8006    774.22
[SPARC][INFO] 17360      -195.2999      0.5920    572.46
[SPARC][INFO] 17380      -195.2450      0.5463    528.31
[SPARC][INFO] 17400      -195.1629      0.4532    438.27
[SPARC][INFO] 17420      -195.2910      0.5685    549.78
[SPARC][INFO] 17440      -195.2148      0.4849    468.93
[SPARC][INFO] 17460      -195.4702      0.7357    711.44
[SPARC][INFO] 17480      -195.3219      0.5951    575.47
[SPARC][INFO] 17500      -195.4296      0.7090    685.65
[SPARC][INFO] 17520      -195.2649      0.5636    544.99
[SPARC][INFO] 17540      -195.3818      0.6780    655.66
[SPARC][INFO] 17560      -195.1951      0.4819    466.05
[SPARC][INFO] 17580      -195.2072      0.4865    470.49
[SPARC][INFO] 17600      -195.2792      0.5553    537.00
[SPARC][INFO] 17620      -195.4478      0.7243    700.39
[SPARC][INFO] 17640      -195.2804      0.5592    540.77
[SPARC][INFO] 17660      -195.3936      0.6648    642.89
[SPARC][INFO] 17680      -195.4829      0.7526    727.77
[SPARC][INFO] 17700      -195.3462      0.6273    606.59
[SPARC][INFO] 17720      -195.1350      0.4328    418.55
[SPARC][INFO] 17740      -195.2742      0.5687    549.93
[SPARC][INFO] 17760      -195.3174      0.5995    579.77
[SPARC][INFO] 17780      -195.3226      0.5897    570.27
[SPARC][INFO] 17800      -195.3217      0.5865    567.13
[SPARC][INFO] 17820      -195.4906      0.7506    725.86
[SPARC][INFO] 17840      -195.3624      0.6467    625.43
[SPARC][INFO] 17860      -195.1145      0.4162    402.49
[SPARC][INFO] 17880      -195.2044      0.5068    490.12
[SPARC][INFO] 17900      -195.3176      0.6095    589.44
[SPARC][INFO] 17920      -195.3689      0.6433    622.14
[SPARC][INFO] 17940      -195.3898      0.6463    625.03
[SPARC][INFO] 17960      -195.4165      0.6746    652.41
[SPARC][INFO] 17980      -195.4191      0.6896    666.84
[SPARC][INFO] 18000      -195.2344      0.5214    504.26
[SPARC][INFO] 18020      -195.1281      0.4233    409.34
[SPARC][INFO] 18040      -195.3457      0.6348    613.90
[SPARC][INFO] 18060      -195.3031      0.5845    565.28
[SPARC][INFO] 18080      -195.3513      0.6269    606.24
[SPARC][INFO] 18100      -195.4774      0.7532    728.35
[SPARC][INFO] 18120      -195.4355      0.7134    689.85
[SPARC][INFO] 18140      -195.4332      0.7116    688.11
[SPARC][INFO] 18160      -195.0835      0.3699    357.74
[SPARC][INFO] 18180      -195.1961      0.4777    461.96
[SPARC][INFO] 18200      -195.2200      0.5057    489.03
[SPARC][INFO] 18220      -195.1474      0.4454    430.70
[SPARC][INFO] 18240      -195.0676      0.3642    352.19
[SPARC][INFO] 18260      -195.3658      0.6469    625.59
[SPARC][INFO] 18280      -195.4605      0.7291    705.04
[SPARC][INFO] 18300      -195.4968      0.7569    731.96
[SPARC][INFO] 18320      -195.4403      0.7011    678.00
[SPARC][INFO] 18340      -195.5767      0.8418    814.05
[SPARC][INFO] 18360      -195.3588      0.6447    623.45
[SPARC][INFO] 18380      -195.2923      0.5845    565.26
[SPARC][INFO] 18400      -195.0034      0.3072    297.10
[SPARC][INFO] 18420      -195.3213      0.6101    590.02
[SPARC][INFO] 18440      -195.3716      0.6462    624.89
[SPARC][INFO] 18460      -195.3865      0.6494    627.99
[SPARC][INFO] 18480      -195.3666      0.6260    605.39
[SPARC][INFO] 18500      -195.5516      0.8140    787.13
[SPARC][INFO] 18520      -195.3214      0.5948    575.16
[SPARC][INFO] 18540      -195.1549      0.4429    428.28
[SPARC][INFO] 18560      -195.1977      0.4887    472.55
[SPARC][INFO] 18580      -195.2588      0.5530    534.77
[SPARC][INFO] 18600      -195.1678      0.4559    440.85
[SPARC][INFO] 18620      -195.3236      0.6017    581.83
[SPARC][INFO] 18640      -195.3987      0.6718    649.65
[SPARC][INFO] 18660      -195.3903      0.6617    639.85
[SPARC][INFO] 18680      -195.4978      0.7693    743.92
[SPARC][INFO] 18700      -195.3238      0.6008    580.99
[SPARC][INFO] 18720      -195.2780      0.5570    538.64
[SPARC][INFO] 18740      -195.0969      0.3854    372.70
[SPARC][INFO] 18760      -194.9883      0.2870    277.54
[SPARC][INFO] 18780      -195.2853      0.5797    560.57
[SPARC][INFO] 18800      -195.2256      0.5195    502.41
[SPARC][INFO] 18820      -195.1467      0.4297    415.50
[SPARC][INFO] 18840      -195.3795      0.6566    634.95
[SPARC][INFO] 18860      -195.5141      0.7901    764.10
[SPARC][INFO] 18880      -195.6706      0.9438    912.73
[SPARC][INFO] 18900      -195.3866      0.6560    634.41
[SPARC][INFO] 18920      -195.3373      0.6095    589.45
[SPARC][INFO] 18940      -195.4312      0.7104    686.98
[SPARC][INFO] 18960      -195.4222      0.7120    688.53
[SPARC][INFO] 18980      -194.9335      0.2283    220.77
[SPARC][INFO] 19000      -195.0550      0.3572    345.38
[SPARC][INFO] 19020      -195.4592      0.7424    717.92
[SPARC][INFO] 19040      -195.2350      0.5124    495.55
[SPARC][INFO] 19060      -195.1794      0.4585    443.41
[SPARC][INFO] 19080      -195.3415      0.6203    599.81
[SPARC][INFO] 19100      -195.4179      0.6930    670.15
[SPARC][INFO] 19120      -195.4795      0.7545    729.68
[SPARC][INFO] 19140      -195.2873      0.5603    541.80
[SPARC][INFO] 19160      -195.2833      0.5553    536.97
[SPARC][INFO] 19180      -195.1988      0.4808    464.94
[SPARC][INFO] 19200      -195.0915      0.3834    370.75
[SPARC][INFO] 19220      -194.9729      0.2724    263.39
[SPARC][INFO] 19240      -195.3596      0.6454    624.13
[SPARC][INFO] 19260      -195.4408      0.7113    687.81
[SPARC][INFO] 19280      -195.5707      0.8282    800.93
[SPARC][INFO] 19300      -195.6408      0.9027    872.95
[SPARC][INFO] 19320      -195.6000      0.8668    838.19
[SPARC][INFO] 19340      -195.1341      0.4157    401.97
[SPARC][INFO] 19360      -195.3581      0.6318    610.95
[SPARC][INFO] 19380      -195.3368      0.6210    600.53
[SPARC][INFO] 19400      -195.1664      0.4561    441.04
[SPARC][INFO] 19420      -195.1374      0.4327    418.47
[SPARC][INFO] 19440      -195.1666      0.4580    442.92
[SPARC][INFO] 19460      -195.5268      0.8034    776.94
[SPARC][INFO] 19480      -195.6298      0.8953    865.78
[SPARC][INFO] 19500      -195.2791      0.5422    524.29
[SPARC][INFO] 19520      -195.3405      0.6161    595.83
[SPARC][INFO] 19540      -195.4187      0.7038    680.57
[SPARC][INFO] 19560      -195.2623      0.5557    537.35
[SPARC][INFO] 19580      -195.2072      0.4911    474.90
[SPARC][INFO] 19600      -195.1407      0.4318    417.59
[SPARC][INFO] 19620      -195.3653      0.6429    621.70
[SPARC][INFO] 19640      -195.5607      0.8231    795.93
[SPARC][INFO] 19660      -195.4567      0.7165    692.84
[SPARC][INFO] 19680      -195.4918      0.7582    733.25
[SPARC][INFO] 19700      -195.5814      0.8487    820.76
[SPARC][INFO] 19720      -195.4048      0.6756    653.38
[SPARC][INFO] 19740      -195.1069      0.3994    386.25
[SPARC][INFO] 19760      -195.1200      0.4125    398.90
[SPARC][INFO] 19780      -195.1363      0.4327    418.44
[SPARC][INFO] 19800      -195.1194      0.4043    391.01
[SPARC][INFO] 19820      -195.2216      0.5016    485.11
[SPARC][INFO] 19840      -195.3024      0.5797    560.62
[SPARC][INFO] 19860      -195.2636      0.5503    532.13
[SPARC][INFO] 19880      -195.2977      0.5898    570.40
[SPARC][INFO] 19900      -195.3080      0.5985    578.82
[SPARC][INFO] 19920      -195.2924      0.5698    551.06
[SPARC][INFO] 19940      -195.5087      0.7759    750.32
[SPARC][INFO] 19960      -195.4782      0.7469    722.24
[SPARC][INFO] 19980      -195.3628      0.6394    618.30
[SPARC][INFO] 20000      -195.2192      0.5060    489.35
[SPARC][INFO] 20020      -195.2630      0.5468    528.77
[SPARC][INFO] 20040      -195.3861      0.6631    641.26
[SPARC][INFO] 20060      -195.4699      0.7530    728.20
[SPARC][INFO] 20080      -195.4021      0.6815    659.07
[SPARC][INFO] 20100      -195.3692      0.6412    620.07
[SPARC][INFO] 20120      -195.3909      0.6639    642.06
[SPARC][INFO] 20140      -195.2529      0.5413    523.42
[SPARC][INFO] 20160      -194.9714      0.2685    259.60
[SPARC][INFO] 20180      -195.2804      0.5704    551.58
[SPARC][INFO] 20200      -195.3348      0.6143    594.07
[SPARC][INFO] 20220      -195.4842      0.7504    725.64
[SPARC][INFO] 20240      -195.2862      0.5573    538.97
[SPARC][INFO] 20260      -195.3760      0.6496    628.18
[SPARC][INFO] 20280      -195.4464      0.7264    702.45
[SPARC][INFO] 20300      -195.5657      0.8359    808.33
[SPARC][INFO] 20320      -195.2825      0.5485    530.41
[SPARC][INFO] 20340      -195.3854      0.6606    638.83
[SPARC][INFO] 20360      -195.4029      0.6940    671.16
[SPARC][INFO] 20380      -195.1707      0.4708    455.24
[SPARC][INFO] 20400      -195.0502      0.3420    330.69
[SPARC][INFO] 20420      -195.4611      0.7336    709.44
[SPARC][INFO] 20440      -195.4182      0.6916    668.78
[SPARC][INFO] 20460      -195.4394      0.7075    684.16
[SPARC][INFO] 20480      -195.3615      0.6337    612.80
[SPARC][INFO] 20500      -195.4024      0.6752    652.98
[SPARC][INFO] 20520      -195.5228      0.8048    778.30
[SPARC][INFO] 20540      -195.3151      0.6026    582.77
[SPARC][INFO] 20560      -195.0550      0.3497    338.17
[SPARC][INFO] 20580      -195.2158      0.5016    485.08
[SPARC][INFO] 20600      -195.3011      0.5780    558.92
[SPARC][INFO] 20620      -195.2776      0.5544    536.10
[SPARC][INFO] 20640      -195.4149      0.6889    666.23
[SPARC][INFO] 20660      -195.2056      0.4903    474.16
[SPARC][INFO] 20680      -195.2395      0.5216    504.37
[SPARC][INFO] 20700      -195.2896      0.5694    550.64
[SPARC][INFO] 20720      -195.3830      0.6675    645.47
[SPARC][INFO] 20740      -195.1593      0.4505    435.68
[SPARC][INFO] 20760      -195.2878      0.5717    552.88
[SPARC][INFO] 20780      -195.2577      0.5364    518.69
[SPARC][INFO] 20800      -195.3745      0.6491    627.75
[SPARC][INFO] 20820      -195.3955      0.6666    644.59
[SPARC][INFO] 20840      -195.5234      0.7865    760.63
[SPARC][INFO] 20860      -195.5700      0.8360    808.43
[SPARC][INFO] 20880      -195.4631      0.7332    709.03
[SPARC][INFO] 20900      -195.2669      0.5494    531.25
[SPARC][INFO] 20920      -195.2517      0.5456    527.60
[SPARC][INFO] 20940      -195.1550      0.4546    439.63
[SPARC][INFO] 20960      -195.1443      0.4417    427.19
[SPARC][INFO] 20980      -195.1164      0.4128    399.22
[SPARC][INFO] 21000      -195.3432      0.6195    599.12
[SPARC][INFO] 21020      -195.5594      0.8209    793.81
[SPARC][INFO] 21040      -195.5408      0.7956    769.41
[SPARC][INFO] 21060      -195.5080      0.7684    743.05
[SPARC][INFO] 21080      -195.3653      0.6463    625.04
[SPARC][INFO] 21100      -195.2356      0.5300    512.53
[SPARC][INFO] 21120      -195.2391      0.5276    510.25
[SPARC][INFO] 21140      -195.1800      0.4617    446.50
[SPARC][INFO] 21160      -195.2885      0.5601    541.63
[SPARC][INFO] 21180      -195.4784      0.7482    723.53
[SPARC][INFO] 21200      -195.2881      0.5636    545.02
[SPARC][INFO] 21220      -195.4386      0.7095    686.13
[SPARC][INFO] 21240      -195.6279      0.8987    869.12
[SPARC][INFO] 21260      -195.3667      0.6441    622.85
[SPARC][INFO] 21280      -195.1628      0.4471    432.39
[SPARC][INFO] 21300      -195.1852      0.4774    461.69
[SPARC][INFO] 21320      -195.3394      0.6316    610.83
[SPARC][INFO] 21340      -195.3238      0.6034    583.55
[SPARC][INFO] 21360      -195.3339      0.6103    590.20
[SPARC][INFO] 21380      -195.4441      0.7158    692.17
[SPARC][INFO] 21400      -195.4163      0.6811    658.70
[SPARC][INFO] 21420      -195.4731      0.7393    714.96
[SPARC][INFO] 21440      -195.3308      0.6033    583.40
[SPARC][INFO] 21460      -195.1326      0.4161    402.37
[SPARC][INFO] 21480      -195.1185      0.4187    404.89
[SPARC][INFO] 21500      -195.3203      0.6206    600.11
[SPARC][INFO] 21520      -195.0992      0.3830    370.33
[SPARC][INFO] 21540      -195.4094      0.6798    657.36
[SPARC][INFO] 21560      -195.5712      0.8347    807.21
[SPARC][INFO] 21580      -195.6157      0.8778    848.85
[SPARC][INFO] 21600      -195.3542      0.6288    608.07
[SPARC][INFO] 21620      -195.1679      0.4522    437.32
[SPARC][INFO] 21640      -194.9919      0.2883    278.84
[SPARC][INFO] 21660      -195.3030      0.5972    577.48
[SPARC][INFO] 21680      -195.3098      0.5929    573.40
[SPARC][INFO] 21700      -195.1961      0.4734    457.79
[SPARC][INFO] 21720      -195.3057      0.5824    563.23
[SPARC][INFO] 21740      -195.6804      0.9513    919.98
[SPARC][INFO] 21760      -195.4563      0.7250    701.12
[SPARC][INFO] 21780      -195.5476      0.8196    792.60
[SPARC][INFO] 21800      -195.4158      0.6979    674.90
[SPARC][INFO] 21820      -195.1509      0.4478    433.04
[SPARC][INFO] 21840      -195.4821      0.7701    744.69
[SPARC][INFO] 21860      -195.3108      0.5889    569.52
[SPARC][INFO] 21880      -195.4233      0.6807    658.27
[SPARC][INFO] 21900      -195.4624      0.7211    697.34
[SPARC][INFO] 21920      -195.3408      0.6087    588.62
[SPARC][INFO] 21940      -195.1564      0.4463    431.56
[SPARC][INFO] 21960      -195.1618      0.4626    447.34
[SPARC][INFO] 21980      -195.1798      0.4703    454.79
[SPARC][INFO] 22000      -195.4900      0.7629    737.74
[SPARC][INFO] 22020      -195.5215      0.7886    762.64
[SPARC][INFO] 22040      -195.5461      0.8130    786.22
[SPARC][INFO] 22060      -195.4280      0.6982    675.21
[SPARC][INFO] 22080      -195.3273      0.6072    587.17
[SPARC][INFO] 22100      -194.9536      0.2502    241.94
[SPARC][INFO] 22120      -195.1161      0.4131    399.46
[SPARC][INFO] 22140      -195.0296      0.3145    304.14
[SPARC][INFO] 22160      -195.2894      0.5676    548.93
[SPARC][INFO] 22180      -195.3164      0.5979    578.24
[SPARC][INFO] 22200      -195.3195      0.6024    582.58
[SPARC][INFO] 22220      -195.4448      0.7230    699.22
[SPARC][INFO] 22240      -195.5997      0.8725    843.70
[SPARC][INFO] 22260      -195.2933      0.5652    546.62
[SPARC][INFO] 22280      -195.3663      0.6466    625.32
[SPARC][INFO] 22300      -195.3162      0.6005    580.67
[SPARC][INFO] 22320      -195.2210      0.5097    492.95
[SPARC][INFO] 22340      -195.3598      0.6328    611.90
[SPARC][INFO] 22360      -195.2925      0.5634    544.83
[SPARC][INFO] 22380      -195.3383      0.6033    583.38
[SPARC][INFO] 22400      -195.5047      0.7803    754.60
[SPARC][INFO] 22420      -195.3760      0.6585    636.78
[SPARC][INFO] 22440      -195.0707      0.3588    346.96
[SPARC][INFO] 22460      -195.2057      0.4969    480.52
[SPARC][INFO] 22480      -195.2126      0.5049    488.22
[SPARC][INFO] 22500      -195.3552      0.6373    616.29
[SPARC][INFO] 22520      -195.1165      0.3923    379.34
[SPARC][INFO] 22540      -195.3090      0.5871    567.77
[SPARC][INFO] 22560      -195.4468      0.7252    701.28
[SPARC][INFO] 22580      -195.5048      0.7807    754.98
[SPARC][INFO] 22600      -195.3475      0.6178    597.41
[SPARC][INFO] 22620      -195.3340      0.6072    587.15
[SPARC][INFO] 22640      -195.1128      0.4036    390.29
[SPARC][INFO] 22660      -195.2225      0.5128    495.92
[SPARC][INFO] 22680      -195.1817      0.4658    450.48
[SPARC][INFO] 22700      -195.1803      0.4609    445.71
[SPARC][INFO] 22720      -195.2728      0.5534    535.19
[SPARC][INFO] 22740      -195.5917      0.8649    836.41
[SPARC][INFO] 22760      -195.3046      0.5844    565.12
[SPARC][INFO] 22780      -195.2475      0.5311    513.61
[SPARC][INFO] 22800      -195.2255      0.5121    495.24
[SPARC][INFO] 22820      -195.3329      0.6187    598.33
[SPARC][INFO] 22840      -195.4209      0.7012    678.13
[SPARC][INFO] 22860      -195.3305      0.6121    591.97
[SPARC][INFO] 22880      -195.2640      0.5477    529.66
[SPARC][INFO] 22900      -195.5840      0.8556    827.44
[SPARC][INFO] 22920      -195.4966      0.7645    739.34
[SPARC][INFO] 22940      -195.3623      0.6342    613.34
[SPARC][INFO] 22960      -195.4289      0.6999    676.82
[SPARC][INFO] 22980      -195.3241      0.5991    579.36
[SPARC][INFO] 23000      -195.4084      0.6949    672.04
[SPARC][INFO] 23020      -195.3309      0.6204    599.96
[SPARC][INFO] 23040      -195.2837      0.5694    550.63
[SPARC][INFO] 23060      -195.3098      0.5808    561.64
[SPARC][INFO] 23080      -195.5754      0.8385    810.85
[SPARC][INFO] 23100      -195.5648      0.8310    803.62
[SPARC][INFO] 23120      -195.2568      0.5388    521.02
[SPARC][INFO] 23140      -195.1638      0.4593    444.19
[SPARC][INFO] 23160      -195.4174      0.7056    682.36
[SPARC][INFO] 23180      -195.1806      0.4663    450.92
[SPARC][INFO] 23200      -195.3619      0.6353    614.35
[SPARC][INFO] 23220      -195.3375      0.6079    587.89
[SPARC][INFO] 23240      -195.4833      0.7586    733.62
[SPARC][INFO] 23260      -195.2396      0.5273    509.90
[SPARC][INFO] 23280      -195.3364      0.6200    599.59
[SPARC][INFO] 23300      -195.1995      0.4837    467.78
[SPARC][INFO] 23320      -195.4040      0.6864    663.74
[SPARC][INFO] 23340      -195.3250      0.6100    589.88
[SPARC][INFO] 23360      -195.1460      0.4332    418.95
[SPARC][INFO] 23380      -195.3271      0.6061    586.10
[SPARC][INFO] 23400      -195.5153      0.7942    768.04
[SPARC][INFO] 23420      -195.4327      0.7082    684.88
[SPARC][INFO] 23440      -195.3086      0.5861    566.83
[SPARC][INFO] 23460      -195.2493      0.5287    511.31
[SPARC][INFO] 23480      -195.3235      0.6098    589.73
[SPARC][INFO] 23500      -195.2845      0.5650    546.42
[SPARC][INFO] 23520      -195.5044      0.7800    754.30
[SPARC][INFO] 23540      -195.3201      0.5913    571.85
[SPARC][INFO] 23560      -195.3920      0.6696    647.49
[SPARC][INFO] 23580      -195.4318      0.7157    692.16
[SPARC][INFO] 23600      -195.2533      0.5449    526.95
[SPARC][INFO] 23620      -195.2586      0.5406    522.78
[SPARC][INFO] 23640      -195.4570      0.7281    704.14
[SPARC][INFO] 23660      -195.3236      0.5933    573.76
[SPARC][INFO] 23680      -195.6914      0.9562    924.71
[SPARC][INFO] 23700      -195.3418      0.6215    600.97
[SPARC][INFO] 23720      -195.2719      0.5554    537.07
[SPARC][INFO] 23740      -195.2781      0.5593    540.89
[SPARC][INFO] 23760      -195.5766      0.8560    827.81
[SPARC][INFO] 23780      -195.2731      0.5584    540.02
[SPARC][INFO] 23800      -195.2150      0.4980    481.61
[SPARC][INFO] 23820      -195.2039      0.4906    474.39
[SPARC][INFO] 23840      -195.4139      0.6990    675.93
[SPARC][INFO] 23860      -195.1756      0.4632    447.92
[SPARC][INFO] 23880      -195.2911      0.5753    556.33
[SPARC][INFO] 23900      -195.3251      0.6027    582.83
[SPARC][INFO] 23920      -195.4929      0.7705    745.11
[SPARC][INFO] 23940      -195.2413      0.5204    503.24
[SPARC][INFO] 23960      -195.3128      0.5910    571.50
[SPARC][INFO] 23980      -195.4889      0.7520    727.20
[SPARC][INFO] 24000      -195.6665      0.9165    886.28
[SPARC][INFO] 24020      -195.3740      0.6365    615.49
[SPARC][INFO] 24040      -195.4079      0.6861    663.48
[SPARC][INFO] 24060      -195.1847      0.4742    458.58
[SPARC][INFO] 24080      -195.2056      0.5147    497.75
[SPARC][INFO] 24100      -195.3090      0.6051    585.15
[SPARC][INFO] 24120      -195.4508      0.7246    700.69
[SPARC][INFO] 24140      -195.3874      0.6524    630.89
[SPARC][INFO] 24160      -195.5168      0.7801    754.42
[SPARC][INFO] 24180      -195.5707      0.8431    815.32
[SPARC][INFO] 24200      -195.4442      0.7127    689.17
[SPARC][INFO] 24220      -195.3563      0.6251    604.47
[SPARC][INFO] 24240      -195.4912      0.7635    738.37
[SPARC][INFO] 24260      -195.4277      0.7011    677.95
[SPARC][INFO] 24280      -195.3200      0.5952    575.55
[SPARC][INFO] 24300      -195.1887      0.4729    457.31
[SPARC][INFO] 24320      -195.3363      0.6230    602.47
[SPARC][INFO] 24340      -195.2414      0.5302    512.70
[SPARC][INFO] 24360      -195.2476      0.5322    514.62
[SPARC][INFO] 24380      -195.3349      0.6152    594.88
[SPARC][INFO] 24400      -195.2976      0.5784    559.36
[SPARC][INFO] 24420      -195.2186      0.4997    483.26
[SPARC][INFO] 24440      -194.9431      0.2405    232.53
[SPARC][INFO] 24460      -195.0264      0.3218    311.20
[SPARC][INFO] 24480      -195.1035      0.3861    373.40
[SPARC][INFO] 24500      -195.3171      0.5968    577.12
[SPARC][INFO] 24520      -195.4143      0.6937    670.85
[SPARC][INFO] 24540      -195.4255      0.7083    684.95
[SPARC][INFO] 24560      -195.1794      0.4689    453.40
[SPARC][INFO] 24580      -195.4232      0.7017    678.61
[SPARC][INFO] 24600      -195.2286      0.5025    485.93
[SPARC][INFO] 24620      -195.4939      0.7586    733.57
[SPARC][INFO] 24640      -195.1973      0.4687    453.21
[SPARC][INFO] 24660      -195.3584      0.6333    612.47
[SPARC][INFO] 24680      -195.1986      0.4785    462.71
[SPARC][INFO] 24700      -195.5491      0.8144    787.55
[SPARC][INFO] 24720      -195.4039      0.6632    641.31
[SPARC][INFO] 24740      -195.4857      0.7523    727.47
[SPARC][INFO] 24760      -195.1440      0.4421    427.57
[SPARC][INFO] 24780      -195.2721      0.5798    560.67
[SPARC][INFO] 24800      -194.9758      0.2866    277.18
[SPARC][INFO] 24820      -195.0887      0.3839    371.21
[SPARC][INFO] 24840      -195.2109      0.4754    459.75
[SPARC][INFO] 24860      -195.7163      0.9650    933.17
[SPARC][INFO] 24880      -195.5405      0.7977    771.39
[SPARC][INFO] 24900      -195.5130      0.7781    752.41
[SPARC][INFO] 24920      -195.3902      0.6526    631.12
[SPARC][INFO] 24940      -195.4033      0.6697    647.64
[SPARC][INFO] 24960      -195.4164      0.6858    663.23
[SPARC][INFO] 24980      -195.5517      0.8176    790.65
[SPARC][INFO] 25000      -195.4323      0.7015    678.40
[SPARC][INFO] PyTorch backend is functional
[SPARC][INFO] Detected DeePMD-kit v3 with PYTORCH backend
[SPARC][INFO] 
[SPARC][INFO] --------------------------------------------------------------------------------
[SPARC][INFO]                         ACTIVE LEARNING CYCLE : DISABLED                        
[SPARC][INFO] --------------------------------------------------------------------------------
[SPARC][INFO] ================================================================================
[SPARC][INFO] 

================================================================================
END CALCULATION - 2026-04-15 16:12:15
Total Runtime: 0:00:31.052033
================================================================================
