# Step   Epot       Ekin       Total      Temp  
0.0      -2245.906692 0.310224   -2245.596468 300.00
1.0      -2245.906295 0.365072   -2245.541222 353.04
2.0      -2245.881583 0.332243   -2245.549341 321.29
3.0      -2245.839193 0.306516   -2245.532677 296.41
4.0      -2245.810893 0.278764   -2245.532129 269.58
5.0      -2245.805458 0.267737   -2245.537721 258.91
6.0      -2245.804673 0.246315   -2245.558358 238.20
7.0      -2245.825086 0.251716   -2245.573370 243.42
8.0      -2245.854086 0.318278   -2245.535808 307.79
9.0      -2245.890393 0.449428   -2245.440965 434.62
10.0     -2245.927073 0.459796   -2245.467277 444.64
11.0     -2245.954879 0.470840   -2245.484039 455.32
12.0     -2245.968967 0.427426   -2245.541541 413.34
13.0     -2245.983238 0.456675   -2245.526563 441.62
14.0     -2245.978195 0.502102   -2245.476093 485.55
15.0     -2245.962725 0.426763   -2245.535962 412.70
16.0     -2245.948811 0.435712   -2245.513099 421.35
17.0     -2245.923226 0.353922   -2245.569304 342.26
18.0     -2245.901081 0.279061   -2245.622019 269.86
19.0     -2245.892534 0.271544   -2245.620990 262.60
20.0     -2245.895985 0.331732   -2245.564253 320.80
21.0     -2245.902904 0.372268   -2245.530636 360.00
22.0     -2245.906653 0.406449   -2245.500204 393.05
23.0     -2245.892129 0.301169   -2245.590961 291.24
24.0     -2245.874868 0.265181   -2245.609688 256.44
25.0     -2245.891919 0.264366   -2245.627553 255.65
26.0     -2245.935527 0.305763   -2245.629764 295.69
27.0     -2245.980179 0.409155   -2245.571024 395.67
28.0     -2246.009192 0.506418   -2245.502774 489.73
29.0     -2246.007795 0.550647   -2245.457148 532.50
30.0     -2245.971936 0.609092   -2245.362844 589.02
31.0     -2245.910937 0.557049   -2245.353888 538.69
32.0     -2245.840101 0.500425   -2245.339677 483.93
33.0     -2245.776929 0.427394   -2245.349534 413.31
34.0     -2245.725882 0.270158   -2245.455724 261.25
35.0     -2245.706070 0.238606   -2245.467464 230.74
36.0     -2245.716685 0.270254   -2245.446431 261.35
37.0     -2245.750161 0.299626   -2245.450534 289.75
38.0     -2245.777443 0.400977   -2245.376466 387.76
39.0     -2245.786743 0.346633   -2245.440110 335.21
40.0     -2245.785469 0.376118   -2245.409350 363.72
41.0     -2245.780924 0.364507   -2245.416417 352.49
42.0     -2245.795079 0.428801   -2245.366278 414.67
43.0     -2245.814199 0.389155   -2245.425044 376.33
44.0     -2245.834709 0.411355   -2245.423355 397.80
45.0     -2245.852716 0.425380   -2245.427336 411.36
46.0     -2245.867668 0.428365   -2245.439303 414.25
47.0     -2245.873422 0.320061   -2245.553361 309.51
48.0     -2245.886106 0.435411   -2245.450696 421.06
49.0     -2245.901758 0.412957   -2245.488801 399.35
50.0     -2245.911157 0.471451   -2245.439706 455.91
51.0     -2245.913987 0.493915   -2245.420072 477.64
52.0     -2245.913441 0.518413   -2245.395028 501.33
53.0     -2245.908898 0.380811   -2245.528087 368.26
54.0     -2245.905691 0.490527   -2245.415164 474.36
55.0     -2245.909689 0.530764   -2245.378925 513.27
56.0     -2245.926794 0.481453   -2245.445340 465.59
57.0     -2245.949821 0.439977   -2245.509844 425.48
58.0     -2245.965950 0.320431   -2245.645519 309.87
59.0     -2245.962261 0.298420   -2245.663841 288.58
60.0     -2245.948421 0.290222   -2245.658199 280.66
61.0     -2245.937413 0.269518   -2245.667895 260.64
62.0     -2245.935121 0.326301   -2245.608820 315.55
63.0     -2245.949101 0.377974   -2245.571127 365.52
64.0     -2245.969585 0.338910   -2245.630675 327.74
65.0     -2245.988531 0.411684   -2245.576846 398.12
66.0     -2245.994816 0.448723   -2245.546092 433.94
67.0     -2245.976253 0.500980   -2245.475274 484.47
68.0     -2245.938600 0.309966   -2245.628634 299.75
69.0     -2245.901370 0.220438   -2245.680932 213.17
70.0     -2245.882906 0.148072   -2245.734834 143.19
71.0     -2245.870645 0.167811   -2245.702834 162.28
72.0     -2245.874436 0.186496   -2245.687940 180.35
73.0     -2245.891829 0.194759   -2245.697069 188.34
74.0     -2245.911821 0.221320   -2245.690501 214.03
75.0     -2245.922698 0.220469   -2245.702228 213.20
76.0     -2245.922471 0.152761   -2245.769710 147.73
77.0     -2245.929583 0.119863   -2245.809721 115.91
78.0     -2245.943304 0.156773   -2245.786531 151.61
79.0     -2245.954357 0.153053   -2245.801304 148.01
80.0     -2245.969403 0.201662   -2245.767741 195.02
81.0     -2245.995958 0.189127   -2245.806831 182.89
82.0     -2246.022541 0.174645   -2245.847895 168.89
83.0     -2246.051143 0.280815   -2245.770327 271.56
84.0     -2246.076835 0.327529   -2245.749306 316.73
85.0     -2246.087138 0.363013   -2245.724125 351.05
86.0     -2246.078316 0.382536   -2245.695780 369.93
87.0     -2246.059762 0.385618   -2245.674144 372.91
88.0     -2246.036154 0.344775   -2245.691379 333.41
89.0     -2246.011075 0.341760   -2245.669315 330.50
90.0     -2245.990464 0.366131   -2245.624333 354.06
91.0     -2245.972522 0.322292   -2245.650230 311.67
92.0     -2245.959050 0.263156   -2245.695894 254.48
93.0     -2245.947109 0.274504   -2245.672605 265.46
94.0     -2245.944227 0.283056   -2245.661171 273.73
95.0     -2245.953829 0.304439   -2245.649390 294.41
96.0     -2245.969991 0.299671   -2245.670320 289.79
97.0     -2245.986871 0.331823   -2245.655048 320.89
98.0     -2246.007920 0.336487   -2245.671433 325.40
99.0     -2246.013225 0.316909   -2245.696316 306.46
100.0    -2246.017750 0.273852   -2245.743898 264.83
